******************************************************************************
                  TI ARM Linker PC v20.2.5                     
******************************************************************************
>> Linked Mon Dec 27 04:26:53 2021

OUTPUT FILE NAME:   <f2838x_cm_echoback_solution.out>
ENTRY POINT SYMBOL: "_c_int00_noargs"  address: 00205099


MEMORY CONFIGURATION

         name            origin    length      used     unused   attr    fill
----------------------  --------  ---------  --------  --------  ----  --------
  CMBANK0_RESETISR      00200000   00000008  00000006  00000002  RWIX
  CMBANK0_SECTOR0_1_2   00200008   0000bff7  0000576a  0000688d  RWIX
  CMBANK0_SECTOR3       0020c000   00004000  00000000  00004000  RWIX
  CMBANK0_SECTOR4       00210000   00010000  00000000  00010000  RWIX
  CMBANK0_SECTOR5       00220000   00010000  00000000  00010000  RWIX
  CMBANK0_SECTOR6       00230000   00010000  00000000  00010000  RWIX
  CMBANK0_SECTOR7       00240000   00010000  00000000  00010000  RWIX
  CMBANK0_SECTOR8       00250000   00010000  00000000  00010000  RWIX
  CMBANK0_SECTOR9       00260000   00010000  00000000  00010000  RWIX
  CMBANK0_SECTOR10      00270000   00004000  00000000  00004000  RWIX
  CMBANK0_SECTOR11      00274000   00004000  00000000  00004000  RWIX
  CMBANK0_SECTOR12      00278000   00004000  00000000  00004000  RWIX
  CMBANK0_SECTOR13      0027c000   00004000  00000000  00004000  RWIX
  C1RAM                 1fffc000   00001fff  00000a49  000015b6  RWIX
  C0RAM                 1fffe000   00001fff  00000000  00001fff  RWIX
  BOOT_RSVD             20000000   00000800  00000000  00000800  RWIX
  S0RAM                 20000800   000037ff  000002b2  0000354d  RWIX
  S1RAM                 20004000   00003fff  00000000  00003fff  RWIX
  S2RAM                 20008000   00003fff  00000000  00003fff  RWIX
  S3RAM                 2000c000   00003fff  00000000  00003fff  RWIX
  E0RAM                 20010000   00003fff  00000000  00003fff  RWIX
  CPU1TOCMMSGRAM0       20080000   00000400  00000000  00000400  RWIX
  CPU1TOCMMSGRAM0_ECAT  20080400   00000400  0000000c  000003f4  RWIX
  CPU1TOCMMSGRAM1       20080800   00000800  00000000  00000800  RWIX
  CMTOCPU1MSGRAM0       20082000   00000400  00000000  00000400  RWIX
  CMTOCPU1MSGRAM0_ECAT  20082400   00000400  0000000c  000003f4  RWIX
  CMTOCPU1MSGRAM1       20082800   00000800  00000000  00000800  RWIX
  CPU2TOCMMSGRAM0       20084000   00000800  00000000  00000800  RWIX
  CPU2TOCMMSGRAM1       20084800   00000800  00000000  00000800  RWIX
  CMTOCPU2MSGRAM0       20086000   00000800  00000000  00000800  RWIX
  CMTOCPU2MSGRAM1       20086800   00000800  00000000  00000800  RWIX


SEGMENT ALLOCATION MAP

run origin  load origin   length   init length attrs members
----------  ----------- ---------- ----------- ----- -------
00200000    00200000    000053e2   000053e2    r-x
  00200000    00200000    00000006   00000006    r-x .resetisr
  00200008    00200008    000006c2   000006c2    r-- .const
  002006cc    002006cc    00000134   00000134    r-x .text.1
  00200800    00200800    00000140   00000140    r-- .vftable
  00200940    00200940    00004aa2   00004aa2    r-x .text.2
00205560    00205560    00000220   00000220    r--
  00205560    00205560    00000220   00000220    r-- .cinit
1fffc000    1fffc000    00000a50   00000000    rw-
  1fffc000    1fffc000    00000404   00000000    rw- .data
  1fffc404    1fffc404    00000245   00000000    rw- .bss
  1fffc650    1fffc650    00000200   00000000    rw- .stack
  1fffc850    1fffc850    00000200   00000000    rw- .sysmem
20000800    20000800    00000140   00000000    rw-
  20000800    20000800    00000140   00000000    rw- .vtable
20000940    002053e8    00000172   00000172    r-x
  20000940    002053e8    00000172   00000172    r-x .TI.ramfunc
20080400    20080400    0000000c   00000000    rw-
  20080400    20080400    0000000c   00000000    rw- MSGRAM_CPU1_TO_CM_ECAT
20082400    20082400    0000000c   00000000    rw-
  20082400    20082400    0000000c   00000000    rw- MSGRAM_CM_TO_CPU1_ECAT


SECTION ALLOCATION MAP

 output                                  attributes/
section   page    origin      length       input sections
--------  ----  ----------  ----------   ----------------
.resetisr 
*          0    00200000    00000006     
                  00200000    00000006     startup_cm.obj (.resetisr:resetISR)

.const     0    00200008    000006c2     
                  00200008    00000100     coeappl.obj (.const:.string:aName0x1C32)
                  00200108    000000ff     coeappl.obj (.const:.string:aName0x1C33)
                  00200207    00000001     --HOLE-- [fill = 0]
                  00200208    000000c6     coeappl.obj (.const:asEntryDesc0x1C3x)
                  002002ce    00000002     --HOLE-- [fill = 0]
                  002002d0    00000078     sdoserv.obj (.const:cAbortCode)
                  00200348    00000057     coeappl.obj (.const:.string:aName0x1600)
                  0020039f    00000057     coeappl.obj (.const:.string:aName0x1A00)
                  002003f6    00000044     coeappl.obj (.const:.string:aName0xF000)
                  0020043a    0000003f     coeappl.obj (.const:.string:aName0x10F1)
                  00200479    00000039     coeappl.obj (.const:.string:aName0x1018)
                  002004b2    0000002e     coeappl.obj (.const:.string:aName0x6000)
                  002004e0    00000022     coeappl.obj (.const:.string:aName0x7000)
                  00200502    00000020     objdef.obj (.const:cBitMask)
                  00200522    0000001e     coeappl.obj (.const:asEntryDesc0x1018)
                  00200540    0000001e     coeappl.obj (.const:asEntryDesc0x1600)
                  0020055e    0000001e     coeappl.obj (.const:asEntryDesc0x1A00)
                  0020057c    0000001e     coeappl.obj (.const:asEntryDesc0x6000)
                  0020059a    0000001e     coeappl.obj (.const:asEntryDesc0x7000)
                  002005b8    0000001b     coeappl.obj (.const:.string:aName0x1C12)
                  002005d3    0000001b     coeappl.obj (.const:.string:aName0x1C13)
                  002005ee    00000013     coeappl.obj (.const:.string:aName0x10F8)
                  00200601    00000012     coeappl.obj (.const:.string:aName0x1C00)
                  00200613    00000001     --HOLE-- [fill = 0]
                  00200614    00000012     coeappl.obj (.const:asEntryDesc0x10F1)
                  00200626    00000012     coeappl.obj (.const:asEntryDesc0xF000)
                  00200638    00000011     coeappl.obj (.const:.string:aName0x1009)
                  00200649    00000011     coeappl.obj (.const:.string:aName0x100A)
                  0020065a    0000000f     coeappl.obj (.const:.string:aName0x1001)
                  00200669    0000000c     coeappl.obj (.const:.string:aName0x1000)
                  00200675    0000000c     coeappl.obj (.const:.string:aName0x1008)
                  00200681    00000001     --HOLE-- [fill = 0]
                  00200682    0000000c     coeappl.obj (.const:asEntryDesc0x1C00)
                  0020068e    0000000c     coeappl.obj (.const:asEntryDesc0x1C12)
                  0020069a    0000000c     coeappl.obj (.const:asEntryDesc0x1C13)
                  002006a6    00000006     coeappl.obj (.const:sEntryDesc0x1000)
                  002006ac    00000006     coeappl.obj (.const:sEntryDesc0x1001)
                  002006b2    00000006     coeappl.obj (.const:sEntryDesc0x1008)
                  002006b8    00000006     coeappl.obj (.const:sEntryDesc0x1009)
                  002006be    00000006     coeappl.obj (.const:sEntryDesc0x100A)
                  002006c4    00000006     coeappl.obj (.const:sEntryDesc0x10F8)

.vftable   0    00200800    00000140     
                  00200800    00000140     startup_cm.obj (.vftable:retain)

.cinit     0    00205560    00000220     
                  00205560    000001ec     (.cinit..data.load) [load image, compression = lzss]
                  0020574c    0000000c     (__TI_handler_table)
                  00205758    00000008     (.cinit..bss.load) [load image, compression = zero_init]
                  00205760    00000008     (.cinit..vtable.load) [load image, compression = zero_init]
                  00205768    00000018     (__TI_cinit_table)

.stack     0    1fffc650    00000200     UNINITIALIZED
                  1fffc650    00000004     rtsv7M4_T_le_eabi.lib : boot_cortex_m.c.obj (.stack)
                  1fffc654    000001fc     --HOLE--

.vtable    0    20000800    00000140     UNINITIALIZED
                  20000800    00000140     driverlib_cm.lib : interrupt.obj (.vtable)

.sysmem    0    1fffc850    00000200     UNINITIALIZED
                  1fffc850    00000010     rtsv7M4_T_le_eabi.lib : memory.c.obj (.sysmem)
                  1fffc860    000001f0     --HOLE--

.data      0    1fffc000    00000404     UNINITIALIZED
                  1fffc000    000001e0     coeappl.obj (.data:GenObjDic)
                  1fffc1e0    00000140     coeappl.obj (.data:ApplicationObjDic)
                  1fffc320    00000014     NEWECAT Slave.obj (.data:Vars_0x6000ProcessDataMapping0x1A00)
                  1fffc334    00000014     NEWECAT Slave.obj (.data:Vars_0x7000ProcessDataMapping0x1600)
                  1fffc348    00000014     coeappl.obj (.data:acHardwareversion)
                  1fffc35c    00000014     coeappl.obj (.data:acSoftwareversion)
                  1fffc370    00000014     coeappl.obj (.data)
                  1fffc384    00000014     coeappl.obj (.data:sIdentity)
                  1fffc398    0000000e     coeappl.obj (.data:acDevicename)
                  1fffc3a6    0000000d     objdef.obj (.data:aSubindexDesc)
                  1fffc3b3    00000001     sdoserv.obj (.data)
                  1fffc3b4    0000000c     objdef.obj (.data:sErrorSettings)
                  1fffc3c0    0000000a     NEWECAT Slave.obj (.data:Vars_0x6000)
                  1fffc3ca    0000000a     NEWECAT Slave.obj (.data:Vars_0x7000)
                  1fffc3d4    0000000a     ecatappl.obj (.data)
                  1fffc3de    00000002     ecatslv.obj (.data)
                  1fffc3e0    00000008     rtsv7M4_T_le_eabi.lib : _lock.c.obj (.data:$O1$$)
                  1fffc3e8    00000008                           : memory.c.obj (.data:$O1$$)
                  1fffc3f0    00000006     NEWECAT Slave.obj (.data:ModularDeviceProfile0xF000)
                  1fffc3f6    00000006     coeappl.obj (.data:sSyncmanagertype)
                  1fffc3fc    00000004     NEWECAT Slave.obj (.data:sRxPDOassign)
                  1fffc400    00000004     NEWECAT Slave.obj (.data:sTxPDOassign)

.bss       0    1fffc404    00000245     UNINITIALIZED
                  1fffc404    00000044     (.common:aPdInputData)
                  1fffc448    00000044     (.common:aPdOutputData)
                  1fffc48c    00000044     (.common:sSyncManInPar)
                  1fffc4d0    00000044     (.common:sSyncManOutPar)
                  1fffc514    00000034     (.common:sMbxReceiveQueue)
                  1fffc548    00000034     (.common:sMbxSendQueue)
                  1fffc57c    00000010     (.common:aSdoInfoHeader)
                  1fffc58c    00000008     (.common:SyncManInfo)
                  1fffc594    00000004     (.common:nSdoSegBytesToHandle)
                  1fffc598    00000004     (.common:nSdoSegCompleteSize)
                  1fffc59c    00000004     (.common:pAPPL_MainLoop)
                  1fffc5a0    00000004     (.common:pCoeSendStored)
                  1fffc5a4    00000004     (.common:pSdoInfoObjEntry)
                  1fffc5a8    00000004     (.common:pSdoPendFunc)
                  1fffc5ac    00000004     (.common:pSdoResStored)
                  1fffc5b0    00000004     (.common:pSdoSegData)
                  1fffc5b4    00000004     (.common:pSdoSegObjEntry)
                  1fffc5b8    00000004     (.common:pStoreData)
                  1fffc5bc    00000004     (.common:psReadMbx)
                  1fffc5c0    00000004     (.common:psRepeatMbx)
                  1fffc5c4    00000004     (.common:psStoreMbx)
                  1fffc5c8    00000004     (.common:psWriteMbx)
                  1fffc5cc    00000004     (.common:u32CheckForDcOverrunCnt)
                  1fffc5d0    00000004     (.common:u32CycleTimeStartValue)
                  1fffc5d4    00000004     (.common:u32LastDc32Value)
                  1fffc5d8    00000004     (.common:u32MinCycleTimeStartValue)
                  1fffc5dc    00000004     (.common:u32MinCycleTimeValue)
                  1fffc5e0    00000004     (.common:u32StoreDataSize)
                  1fffc5e4    00000004     (.common:u32SystemTimeReadFailure)
                  1fffc5e8    00000002     (.common:EcatWdValue)
                  1fffc5ea    00000002     (.common:EsmTimeoutCounter)
                  1fffc5ec    00000002     (.common:LatchInputSync0Counter)
                  1fffc5ee    00000002     (.common:LatchInputSync0Value)
                  1fffc5f0    00000002     (.common:Sync0WdCounter)
                  1fffc5f2    00000002     (.common:Sync0WdValue)
                  1fffc5f4    00000002     (.common:Sync1WdCounter)
                  1fffc5f6    00000002     (.common:Sync1WdValue)
                  1fffc5f8    00000002     (.common:i16WaitForPllRunningCnt)
                  1fffc5fa    00000002     (.common:i16WaitForPllRunningTimeout)
                  1fffc5fc    00000002     (.common:nEcatStateTrans)
                  1fffc5fe    00000002     (.common:nEscAddrInputData)
                  1fffc600    00000002     (.common:nEscAddrOutputData)
                  1fffc602    00000002     (.common:nMaxEscAddress)
                  1fffc604    00000002     (.common:nPdInputSize)
                  1fffc606    00000002     (.common:nPdOutputSize)
                  1fffc608    00000002     (.common:nSdoInfoFragmentsLeft)
                  1fffc60a    00000002     (.common:nSdoInfoIndex)
                  1fffc60c    00000002     (.common:nSdoSegIndex)
                  1fffc60e    00000002     (.common:sCycleDiag)
                  1fffc610    00000002     (.common:u16ALEventMask)
                  1fffc612    00000002     (.common:u16EscAddrReceiveMbx)
                  1fffc614    00000002     (.common:u16EscAddrSendMbx)
                  1fffc616    00000002     (.common:u16LocalErrorCode)
                  1fffc618    00000002     (.common:u16ReceiveMbxSize)
                  1fffc61a    00000002     (.common:u16SendMbxSize)
                  1fffc61c    00000002     (.common:u16SmSync0Counter)
                  1fffc61e    00000002     (.common:u16SmSync0Value)
                  1fffc620    00000002     (.common:u16StoreIndex)
                  1fffc622    00000001     (.common:b32BitDc)
                  1fffc623    00000001     (.common:b3BufferMode)
                  1fffc624    00000001     (.common:bApplEsmPending)
                  1fffc625    00000001     (.common:bDcRunning)
                  1fffc626    00000001     (.common:bDcSyncActive)
                  1fffc627    00000001     (.common:bEcatFirstOutputsReceived)
                  1fffc628    00000001     (.common:bEcatInputUpdateRunning)
                  1fffc629    00000001     (.common:bEcatOutputUpdateRunning)
                  1fffc62a    00000001     (.common:bEcatWaitForAlControlRes)
                  1fffc62b    00000001     (.common:bEscIntEnabled)
                  1fffc62c    00000001     (.common:bEtherCATErrorLed)
                  1fffc62d    00000001     (.common:bEtherCATRunLed)
                  1fffc62e    00000001     (.common:bLocalErrorFlag)
                  1fffc62f    00000001     (.common:bMbxRepeatToggle)
                  1fffc630    00000001     (.common:bMbxRunning)
                  1fffc631    00000001     (.common:bMinCycleTimeMeasurementStarted)
                  1fffc632    00000001     (.common:bNoMbxMemoryAvailable)
                  1fffc633    00000001     (.common:bReceiveMbxIsLocked)
                  1fffc634    00000001     (.common:bRunApplication)
                  1fffc635    00000001     (.common:bSdoSegAccess)
                  1fffc636    00000001     (.common:bSdoSegFollows)
                  1fffc637    00000001     (.common:bSdoSegLastToggle)
                  1fffc638    00000001     (.common:bSendMbxIsFull)
                  1fffc639    00000001     (.common:bSmSyncSequenceValid)
                  1fffc63a    00000001     (.common:bStoreCompleteAccess)
                  1fffc63b    00000001     (.common:bSyncSetByUser)
                  1fffc63c    00000001     (.common:bWdTrigger)
                  1fffc63d    00000001     (.common:nAlStatus)
                  1fffc63e    00000001     (.common:nMaxSyncMan)
                  1fffc63f    00000001     (.common:nSdoSegService)
                  1fffc640    00000001     (.common:nSdoSegSubindex)
                  1fffc641    00000001     (.common:u8EcatErrorLed)
                  1fffc642    00000001     (.common:u8EcatRunLed)
                  1fffc643    00000001     (.common:u8MailboxSendReqStored)
                  1fffc644    00000001     (.common:u8MbxReadCounter)
                  1fffc645    00000001     (.common:u8MbxWriteCounter)
                  1fffc646    00000001     (.common:u8PendingSdo)
                  1fffc647    00000001     (.common:u8StoreSubindex)
                  1fffc648    00000001     (.common:u8dummy)

MSGRAM_CM_TO_CPU1_ECAT 
*          0    20082400    0000000c     UNINITIALIZED
                  20082400    0000000c     NEWECAT Slave.obj (MSGRAM_CM_TO_CPU1_ECAT)

MSGRAM_CPU1_TO_CM_ECAT 
*          0    20080400    0000000c     UNINITIALIZED
                  20080400    0000000c     NEWECAT Slave.obj (MSGRAM_CPU1_TO_CM_ECAT)

.TI.ramfunc 
*          0    002053e8    00000172     RUN ADDR = 20000940
                  002053e8    00000070     driverlib_cm.lib : flash.obj (.TI.ramfunc:Flash_initModule)
                  00205458    0000000a                      : flash.obj (.tramp.Flash_unlockCtrlRegisters.1)
                  00205462    00000002     --HOLE-- [fill = 0]
                  00205464    0000000a                      : flash.obj (.tramp.Flash_unlockECCRegisters.1)
                  0020546e    00000030                      : flash.obj (.TI.ramfunc:Flash_setBankPowerMode)
                  0020549e    00000022                      : flash.obj (.TI.ramfunc:Flash_setWaitstates)
                  002054c0    00000020                      : flash.obj (.TI.ramfunc:Flash_setPumpPowerMode)
                  002054e0    0000001a                      : flash.obj (.TI.ramfunc:Flash_enableECC)
                  002054fa    00000018                      : flash.obj (.TI.ramfunc:Flash_disableDataCache)
                  00205512    00000018                      : flash.obj (.TI.ramfunc:Flash_disableProgramCache)
                  0020552a    00000018                      : flash.obj (.TI.ramfunc:Flash_enableDataCache)
                  00205542    00000018                      : flash.obj (.TI.ramfunc:Flash_enableProgramCache)

__llvm_prf_cnts 
*          0    1fffc000    00000000     UNINITIALIZED

.text.1    0    002006cc    00000134     
                  002006cc    00000130     ecatslv.obj (.text:ECAT_Init)
                  002007fc    00000004     NEWECAT Slave.obj (.text:APPL_StartInputHandler)

.text.2    0    00200940    00004aa2     
                  00200940    000004ac     ecatslv.obj (.text:StartInputHandler)
                  00200dec    0000046e     objdef.obj (.text:OBJ_Write)
                  0020125a    0000043c     sdoserv.obj (.text:SDOS_SdoInd)
                  00201696    0000040a     ecatslv.obj (.text:AL_ControlInd)
                  00201aa0    0000037a     objdef.obj (.text:OBJ_Read)
                  00201e1a    00000298     sdoserv.obj (.text:SDOS_SdoInfoInd)
                  002020b2    00000228     sdoserv.obj (.text:SdoDownloadSegmentInd)
                  002022da    00000208     ecatslv.obj (.text:CheckSmSettings)
                  002024e2    000001d2     ecatslv.obj (.text:AL_ControlRes)
                  002026b4    000001c0     ecatappl.obj (.text:ECAT_SetLedIndication)
                  00202874    00000140     ecatappl.obj (.text:PDI_Isr)
                  002029b4    0000011a     ecatappl.obj (.text:Sync0_Isr)
                  00202ace    00000002     NEWECAT Slave.obj (.text:APPL_AckErrorInd)
                  00202ad0    00000100     rtsv7M4_T_le_eabi.lib : memory.c.obj (.text:aligned_alloc)
                  00202bd0    000000fe     ecatslv.obj (.text:ECAT_Main)
                  00202cce    000000fe     ecatslv.obj (.text:StopInputHandler)
                  00202dcc    000000fc     mailbox.obj (.text:MBX_CheckAndCopyMailbox)
                  00202ec8    000000f8     coeappl.obj (.text:COE_ObjInit)
                  00202fc0    000000f8     objdef.obj (.text:OBJ_GetEntryOffset)
                  002030b8    000000f6     ecatslv.obj (.text:DC_CheckWatchdog)
                  002031ae    000000f6     mailbox.obj (.text:MBX_StopMailboxHandler)
                  002032a4    000000f2     ethercat_slave_cm_hal.obj (.text:ESC_initHW)
                  00203396    000000f0     sdoserv.obj (.text:SdoUploadSegmentInd)
                  00203486    000000ea     sdoserv.obj (.text:SDOS_SdoRes)
                  00203570    000000e6     NEWECAT Slave.obj (.text:APPL_GenerateMapping)
                  00203656    00000002     ethercat_slave_cm_hal.obj (.text:ESC_releaseHW)
                  00203658    000000e4     rtsv7M4_T_le_eabi.lib : memory.c.obj (.text:free)
                  0020373c    000000de     ecatappl.obj (.text:MainLoop)
                  0020381a    000000d8     mailbox.obj (.text:MBX_Init)
                  002038f2    000000bc     objdef.obj (.text:OBJ_GetDesc)
                  002039ae    000000ba     objdef.obj (.text:CheckSyncTypeValue)
                  00203a68    000000ba     objdef.obj (.text:OBJ_GetObjectLength)
                  00203b22    000000b8     sdoserv.obj (.text:SODS_ClearPendingResponse)
                  00203bda    000000b6     coeappl.obj (.text:COE_Main)
                  00203c90    000000b6     sdoserv.obj (.text:SdoRes)
                  00203d46    000000aa     mailbox.obj (.text:MBX_CopyToSendMailbox)
                  00203df0    000000a2     mailbox.obj (.text:MBX_StartMailboxHandler)
                  00203e92    000000a2     ecatappl.obj (.text:PDO_OutputMapping)
                  00203f34    0000009c     objdef.obj (.text:OBJ_GetObjectList)
                  00203fd0    0000009c     rtsv7M4_T_le_eabi.lib : memcpy_t2.asm.obj (.text)
                  0020406c    0000008e     ecatappl.obj (.text:ECAT_CheckTimer)
                  002040fa    00000086     mailbox.obj (.text:MBX_MailboxReadInd)
                  00204180    00000086     ecatappl.obj (.text:PDO_InputMapping)
                  00204206    00000084     mailbox.obj (.text:MBX_MailboxSendReq)
                  0020428a    00000002     rtsv7M4_T_le_eabi.lib : _lock.c.obj (.text:_nop)
                  0020428c    00000080     driverlib_cm.lib : interrupt.obj (.text:Interrupt_enable)
                  0020430c    0000007e     ecatappl.obj (.text:MainInit)
                  0020438a    0000007a     ecatslv.obj (.text:CheckIfEcatError)
                  00204404    0000007a     rtsv7M4_T_le_eabi.lib : memset_t2.asm.obj (.text)
                  0020447e    00000076     cm.obj (.text:CM_enableAllPeripherals)
                  002044f4    00000076     coeappl.obj (.text:COE_SyncTimeStamp)
                  0020456a    00000070     ecatslv.obj (.text:SetALStatus)
                  002045da    00000002     startup_cm.obj (.text:defaultISR)
                  002045dc    00000070     driverlib_cm.lib : sysctl.obj (.text:SysCtl_resetPeripheral)
                  0020464c    00000070     rtsv7M4_T_le_eabi.lib : memory.c.obj (.text:split)
                  002046bc    00000068                           : copy_decompress_lzss.c.obj (.text:decompress:lzss:__TI_decompress_lzss)
                  00204724    00000064     coeappl.obj (.text:COE_AddObjectToDic)
                  00204788    00000062     mailbox.obj (.text:MBX_MailboxRepeatReq)
                  002047ea    00000060     ecatslv.obj (.text:StartOutputHandler)
                  0020484a    0000005e     objdef.obj (.text:OBJ_GetNoOfObjects)
                  002048a8    0000005c     driverlib_cm.lib : escss.obj (.text:ESCSS_configureSync0Connections)
                  00204904    0000005c                      : escss.obj (.text:ESCSS_configureSync1Connections)
                  00204960    0000005c                      : interrupt.obj (.text:Interrupt_registerHandler)
                  002049bc    0000005c     mailbox.obj (.text:MBX_MailboxWriteInd)
                  00204a18    0000005a     cm.obj (.text:CM_init)
                  00204a72    00000050     ecatappl.obj (.text:HandleCycleTimeMeasurement)
                  00204ac2    0000004e     coeappl.obj (.text:Read0x10F8)
                  00204b10    00000048     mailbox.obj (.text:MBX_Main)
                  00204b58    00000048     driverlib_cm.lib : sysctl.obj (.text:SysCtl_enablePeripheral)
                  00204ba0    00000046     coeappl.obj (.text:COE_UpdateSyncErrorStatus)
                  00204be6    00000044     NEWECAT Slave.obj (.text:APPL_Application)
                  00204c2a    00000044     ecatappl.obj (.text:Sync1_Isr)
                  00204c6e    00000002     startup_cm.obj (.text:faultISR)
                  00204c70    00000044     rtsv7M4_T_le_eabi.lib : autoinit.c.obj (.text:__TI_auto_init_nobinit_nopinit:__TI_auto_init_nobinit_nopinit)
                  00204cb4    00000042     ecatcoe.obj (.text:COE_ContinueInd)
                  00204cf6    0000003c     coeappl.obj (.text:COE_RemoveDicEntry)
                  00204d32    0000003a     driverlib_cm.lib : escss.obj (.text:ESCSS_configureEEPROMSize)
                  00204d6c    0000003a     objdef.obj (.text:OBJ_CopyNumberToString)
                  00204da6    0000003a     objdef.obj (.text:OBJ_GetEntryDesc)
                  00204de0    00000036     rtsv7M4_T_le_eabi.lib : strncpy.c.obj (.text:strncpy)
                  00204e16    00000034     ecatappl.obj (.text:GetSystemTimeDelay)
                  00204e4a    00000032     ecatappl.obj (.text:ECAT_Application)
                  00204e7c    00000032     ethercat_slave_cm_hal.obj (.text:ESC_setLed)
                  00204eae    0000002e     ecatslv.obj (.text:DisableSyncManChannel)
                  00204edc    0000002e     ecatslv.obj (.text:EnableSyncManChannel)
                  00204f0a    0000002c     coeappl.obj (.text:COE_ObjDictionaryInit)
                  00204f36    0000002c     mailbox.obj (.text:PutInMbxQueue)
                  00204f62    00000028     ecatcoe.obj (.text:COE_ServiceInd)
                  00204f8a    00000028     ethercat_slave_cm_hal.obj (.text:ESC_loadedCheckEEPROM)
                  00204fb2    00000002     startup_cm.obj (.text:nmiISR)
                  00204fb4    00000028     rtsv7M4_T_le_eabi.lib : memory.c.obj (.text:free_list_insert)
                  00204fdc    00000026     mailbox.obj (.text:GetOutOfMbxQueue)
                  00205002    00000026     ecatslv.obj (.text:UpdateEEPROMLoadedState)
                  00205028    00000026     NEWECAT Slave.obj (.text:main)
                  0020504e    00000024     coeappl.obj (.text:AddObjectsToObjDictionary)
                  00205072    00000024     driverlib_cm.lib : escss.obj (.text:ESCSS_isConfigurationLockEnabled)
                  00205096    00000002     --HOLE-- [fill = 0]
                  00205098    00000024     rtsv7M4_T_le_eabi.lib : boot_cortex_m.c.obj (.text:_c_int00_noargs:_c_int00_noargs)
                  002050bc    00000020     NEWECAT Slave.obj (.text:APPL_InputMapping)
                  002050dc    00000020     NEWECAT Slave.obj (.text:APPL_OutputMapping)
                  002050fc    00000020     coeappl.obj (.text:COE_ClearObjDictionary)
                  0020511c    0000001e     ethercat_slave_cm_hal.obj (.text:ESC_clearTimer)
                  0020513a    0000001c     ecatslv.obj (.text:GetSyncMan)
                  00205156    0000001c     ecatslv.obj (.text:ResetALEventMask)
                  00205172    0000001c     ecatslv.obj (.text:SetALEventMask)
                  0020518e    0000001c     rtsv7M4_T_le_eabi.lib : copy_zero_init.c.obj (.text:decompress:ZI:__TI_zero_init_nomemset:__TI_zero_init_nomemset)
                  002051aa    00000002     --HOLE-- [fill = 0]
                  002051ac    0000001c                           : memory.c.obj (.text:free_list_remove)
                  002051c8    0000001a     ethercat_slave_cm_hal.obj (.text:ESC_applicationLayerHandler)
                  002051e2    0000001a     ethercat_slave_cm_hal.obj (.text:ESC_applicationSync0Handler)
                  002051fc    0000001a     ethercat_slave_cm_hal.obj (.text:ESC_applicationSync1Handler)
                  00205216    0000001a     objdef.obj (.text:OBJ_GetObjectHandle)
                  00205230    00000018     ecatcoe.obj (.text:COE_Init)
                  00205248    00000018     ecatslv.obj (.text:StopOutputHandler)
                  00205260    00000014     driverlib_cm.lib : flash.obj (.text:Flash_unlockCtrlRegisters)
                  00205274    00000014     rtsv7M4_T_le_eabi.lib : strlen.c.obj (.text:strlen)
                  00205288    00000012     driverlib_cm.lib : flash.obj (.text:Flash_unlockECCRegisters)
                  0020529a    00000012     mailbox.obj (.text:MailboxServiceInd)
                  002052ac    00000010     ethercat_slave_cm_hal.obj (.text:ESC_writeBlockISR)
                  002052bc    0000000e     ecatslv.obj (.text:BackToInitTransition)
                  002052ca    0000000e     ethercat_slave_cm_hal.obj (.text:ESC_getTimer)
                  002052d8    0000000e     rtsv7M4_T_le_eabi.lib : copy_decompress_none.c.obj (.text:decompress:none:__TI_decompress_none)
                  002052e6    0000000c     coeappl.obj (.text:COE_GetObjectDictionary)
                  002052f2    0000000c     ethercat_slave_cm_hal.obj (.text:ESC_readBlock)
                  002052fe    0000000c     ethercat_slave_cm_hal.obj (.text:ESC_readBlockISR)
                  0020530a    0000000c     ethercat_slave_cm_hal.obj (.text:ESC_readByte)
                  00205316    0000000c     ethercat_slave_cm_hal.obj (.text:ESC_readDWord)
                  00205322    0000000c     ethercat_slave_cm_hal.obj (.text:ESC_readWord)
                  0020532e    0000000c     ethercat_slave_cm_hal.obj (.text:ESC_writeBlock)
                  0020533a    0000000c     ethercat_slave_cm_hal.obj (.text:ESC_writeByte)
                  00205346    0000000c     ethercat_slave_cm_hal.obj (.text:ESC_writeDWord)
                  00205352    0000000c     ethercat_slave_cm_hal.obj (.text:ESC_writeWord)
                  0020535e    0000000a     ethercat_slave_cm_hal.obj (.text:ESC_readByteISR)
                  00205368    0000000a     ethercat_slave_cm_hal.obj (.text:ESC_readDWordISR)
                  00205372    0000000a     ethercat_slave_cm_hal.obj (.text:ESC_readWordISR)
                  0020537c    0000000a     ethercat_slave_cm_hal.obj (.text:ESC_timerIncPerMilliSec)
                  00205386    0000000a     ethercat_slave_cm_hal.obj (.text:ESC_writeByteISR)
                  00205390    0000000a     ethercat_slave_cm_hal.obj (.text:ESC_writeDWordISR)
                  0020539a    0000000a     ethercat_slave_cm_hal.obj (.text:ESC_writeWordISR)
                  002053a4    00000008     ethercat_slave_cm_hal.obj (.text:ESC_resetESC)
                  002053ac    00000008     rtsv7M4_T_le_eabi.lib : memory.c.obj (.text:malloc)
                  002053b4    00000004     NEWECAT Slave.obj (.text:APPL_StartMailboxHandler)
                  002053b8    00000004     NEWECAT Slave.obj (.text:APPL_StartOutputHandler)
                  002053bc    00000004     NEWECAT Slave.obj (.text:APPL_StopInputHandler)
                  002053c0    00000004     NEWECAT Slave.obj (.text:APPL_StopMailboxHandler)
                  002053c4    00000004     NEWECAT Slave.obj (.text:APPL_StopOutputHandler)
                  002053c8    00000004     f2838x_cm_system.obj (.text:F2838XCM_strcpy)
                  002053cc    00000004     objdef.obj (.text:OBJ_GetObjDesc)
                  002053d0    00000004     rtsv7M4_T_le_eabi.lib : pre_init.c.obj (.text:_system_pre_init)
                  002053d4    00000004                           : exit.c.obj (.text:abort:abort)
                  002053d8    0000000a     driverlib_cm.lib : flash.obj (.tramp.Flash_initModule.1)

MODULE SUMMARY

       Module                       code    ro data   rw data
       ------                       ----    -------   -------
    .\
       ethercat_slave_cm_hal.obj    658     0         0      
       startup_cm.obj               12      320       0      
    +--+----------------------------+-------+---------+---------+
       Total:                       670     320       0      
                                                             
    .\Src\
       ecatslv.obj                  4856    0         68     
       coeappl.obj                  980     1573      908    
       objdef.obj                   3228    32        164    
       sdoserv.obj                  3140    120       69     
       ecatappl.obj                 2086    0         170    
       mailbox.obj                  1674    0         136    
       NEWECAT Slave.obj            426     0         98     
       ecatcoe.obj                  130     0         4      
       f2838x_cm_system.obj         4       0         0      
    +--+----------------------------+-------+---------+---------+
       Total:                       16524   1725      1617   
                                                             
    .\device\
       cm.obj                       208     0         0      
    +--+----------------------------+-------+---------+---------+
       Total:                       208     0         0      
                                                             
    G:/ti/c2000/C2000Ware_4_00_00_00/driverlib/f2838x/driverlib_cm/ccs/Debug/driverlib_cm.lib
       flash.obj                    784     0         0      
       interrupt.obj                220     0         320    
       escss.obj                    278     0         0      
       sysctl.obj                   184     0         0      
    +--+----------------------------+-------+---------+---------+
       Total:                       1466    0         320    
                                                             
    G:\ti\ccs1100\ccs\tools\compiler\ti-cgt-arm_20.2.5.LTS\lib\rtsv7M4_T_le_eabi.lib
       memory.c.obj                 672     0         8      
       memcpy_t2.asm.obj            156     0         0      
       memset_t2.asm.obj            122     0         0      
       copy_decompress_lzss.c.obj   104     0         0      
       autoinit.c.obj               68      0         0      
       strncpy.c.obj                54      0         0      
       boot_cortex_m.c.obj          36      0         0      
       copy_zero_init.c.obj         28      0         0      
       strlen.c.obj                 20      0         0      
       copy_decompress_none.c.obj   14      0         0      
       _lock.c.obj                  2       0         8      
       exit.c.obj                   4       0         0      
       pre_init.c.obj               4       0         0      
    +--+----------------------------+-------+---------+---------+
       Total:                       1284    0         16     
                                                             
       Heap:                        0       0         512    
       Stack:                       0       0         512    
       Linker Generated:            0       544       0      
    +--+----------------------------+-------+---------+---------+
       Grand Total:                 20152   2589      2977   


LINKER GENERATED COPY TABLES

__TI_cinit_table @ 00205768 records: 3, size/record: 8, table size: 24
	.data: load addr=00205560, load size=000001ec bytes, run addr=1fffc000, run size=00000404 bytes, compression=lzss
	.bss: load addr=00205758, load size=00000008 bytes, run addr=1fffc404, run size=00000245 bytes, compression=zero_init
	.vtable: load addr=00205760, load size=00000008 bytes, run addr=20000800, run size=00000140 bytes, compression=zero_init


LINKER GENERATED HANDLER TABLE

__TI_handler_table @ 0020574c records: 3, size/record: 4, table size: 12
	index: 0, handler: __TI_zero_init
	index: 1, handler: __TI_decompress_lzss
	index: 2, handler: __TI_decompress_none


FAR CALL TRAMPOLINES

callee name               trampoline name
   callee addr  tramp addr   call addr  call info
--------------  -----------  ---------  ----------------
Flash_initModule          $Tramp$TT$L$PI$$Flash_initModule
   20000941     002053d8     00204a56   cm.obj (.text:CM_init)
Flash_unlockCtrlRegisters  $Tramp$TT$L$PI$$Flash_unlockCtrlRegisters
   00205261     200009b0     20000950   driverlib_cm.lib : flash.obj (.TI.ramfunc:Flash_initModule)
Flash_unlockECCRegisters  $Tramp$TT$L$PI$$Flash_unlockECCRegisters
   00205289     200009bc     20000956   driverlib_cm.lib : flash.obj (.TI.ramfunc:Flash_initModule)

[3 trampolines]
[3 trampoline calls]


GLOBAL SYMBOLS: SORTED ALPHABETICALLY BY Name 

address   name                               
-------   ----                               
00201697  AL_ControlInd                      
002024e3  AL_ControlRes                      
00202acf  APPL_AckErrorInd                   
00204be7  APPL_Application                   
00203571  APPL_GenerateMapping               
002050bd  APPL_InputMapping                  
002050dd  APPL_OutputMapping                 
002007fd  APPL_StartInputHandler             
002053b5  APPL_StartMailboxHandler           
002053b9  APPL_StartOutputHandler            
002053bd  APPL_StopInputHandler              
002053c1  APPL_StopMailboxHandler            
002053c5  APPL_StopOutputHandler             
0020504f  AddObjectsToObjDictionary          
1fffc1e0  ApplicationObjDic                  
002052bd  BackToInitTransition               
002053d5  C$$EXIT                            
0020447f  CM_enableAllPeripherals            
00204a19  CM_init                            
00204725  COE_AddObjectToDic                 
002050fd  COE_ClearObjDictionary             
00204cb5  COE_ContinueInd                    
002052e7  COE_GetObjectDictionary            
00205231  COE_Init                           
00203bdb  COE_Main                           
00204f0b  COE_ObjDictionaryInit              
00202ec9  COE_ObjInit                        
00204cf7  COE_RemoveDicEntry                 
00204f63  COE_ServiceInd                     
002044f5  COE_SyncTimeStamp                  
00204ba1  COE_UpdateSyncErrorStatus          
0020438b  CheckIfEcatError                   
002022db  CheckSmSettings                    
002039af  CheckSyncTypeValue                 
002030b9  DC_CheckWatchdog                   
00204eaf  DisableSyncManChannel              
00204e4b  ECAT_Application                   
0020406d  ECAT_CheckTimer                    
002006cd  ECAT_Init                          
00202bd1  ECAT_Main                          
002026b5  ECAT_SetLedIndication              
00204d33  ESCSS_configureEEPROMSize          
002048a9  ESCSS_configureSync0Connections    
00204905  ESCSS_configureSync1Connections    
002051c9  ESC_applicationLayerHandler        
002051e3  ESC_applicationSync0Handler        
002051fd  ESC_applicationSync1Handler        
0020511d  ESC_clearTimer                     
002052cb  ESC_getTimer                       
002032a5  ESC_initHW                         
00204f8b  ESC_loadedCheckEEPROM              
002052f3  ESC_readBlock                      
002052ff  ESC_readBlockISR                   
0020530b  ESC_readByte                       
0020535f  ESC_readByteISR                    
00205317  ESC_readDWord                      
00205369  ESC_readDWordISR                   
00205323  ESC_readWord                       
00205373  ESC_readWordISR                    
00203657  ESC_releaseHW                      
002053a5  ESC_resetESC                       
00204e7d  ESC_setLed                         
0020537d  ESC_timerIncPerMilliSec            
0020532f  ESC_writeBlock                     
002052ad  ESC_writeBlockISR                  
0020533b  ESC_writeByte                      
00205387  ESC_writeByteISR                   
00205347  ESC_writeDWord                     
00205391  ESC_writeDWordISR                  
00205353  ESC_writeWord                      
0020539b  ESC_writeWordISR                   
1fffc5e8  EcatWdValue                        
1fffc3df  EepromLoaded                       
00204edd  EnableSyncManChannel               
1fffc5ea  EsmTimeoutCounter                  
002053c9  F2838XCM_strcpy                    
20000941  Flash_initModule                   
1fffc000  GenObjDic                          
00204fdd  GetOutOfMbxQueue                   
0020513b  GetSyncMan                         
00204e17  GetSystemTimeDelay                 
00204a73  HandleCycleTimeMeasurement         
0020428d  Interrupt_enable                   
00204961  Interrupt_registerHandler          
1fffc5ec  LatchInputSync0Counter             
1fffc5ee  LatchInputSync0Value               
00202dcd  MBX_CheckAndCopyMailbox            
00203d47  MBX_CopyToSendMailbox              
0020381b  MBX_Init                           
002040fb  MBX_MailboxReadInd                 
00204789  MBX_MailboxRepeatReq               
00204207  MBX_MailboxSendReq                 
002049bd  MBX_MailboxWriteInd                
00204b11  MBX_Main                           
00203df1  MBX_StartMailboxHandler            
002031af  MBX_StopMailboxHandler             
0020529b  MailboxServiceInd                  
0020430d  MainInit                           
0020373d  MainLoop                           
1fffc3f0  ModularDeviceProfile0xF000         
00204d6d  OBJ_CopyNumberToString             
002038f3  OBJ_GetDesc                        
00204da7  OBJ_GetEntryDesc                   
00202fc1  OBJ_GetEntryOffset                 
0020484b  OBJ_GetNoOfObjects                 
002053cd  OBJ_GetObjDesc                     
00205217  OBJ_GetObjectHandle                
00203a69  OBJ_GetObjectLength                
00203f35  OBJ_GetObjectList                  
00201aa1  OBJ_Read                           
00200ded  OBJ_Write                          
1fffc380  ObjDicList                         
00202875  PDI_Isr                            
00204181  PDO_InputMapping                   
00203e93  PDO_OutputMapping                  
00204f37  PutInMbxQueue                      
0020555a  RamfuncsLoadEnd                    
00000172  RamfuncsLoadSize                   
002053e8  RamfuncsLoadStart                  
20000ab2  RamfuncsRunEnd                     
00000172  RamfuncsRunSize                    
20000940  RamfuncsRunStart                   
00204ac3  Read0x10F8                         
00205157  ResetALEventMask                   
0020125b  SDOS_SdoInd                        
00201e1b  SDOS_SdoInfoInd                    
00203487  SDOS_SdoRes                        
1fffc3de  SMActivate                         
00203b23  SODS_ClearPendingResponse          
00203c91  SdoRes                             
00205173  SetALEventMask                     
0020456b  SetALStatus                        
00200941  StartInputHandler                  
002047eb  StartOutputHandler                 
00202ccf  StopInputHandler                   
00205249  StopOutputHandler                  
1fffc5f0  Sync0WdCounter                     
1fffc5f2  Sync0WdValue                       
002029b5  Sync0_Isr                          
1fffc5f4  Sync1WdCounter                     
1fffc5f6  Sync1WdValue                       
00204c2b  Sync1_Isr                          
1fffc58c  SyncManInfo                        
00204b59  SysCtl_enablePeripheral            
002045dd  SysCtl_resetPeripheral             
00205003  UpdateEEPROMLoadedState            
1fffc3c0  Vars_0x6000                        
1fffc320  Vars_0x6000ProcessDataMapping0x1A00
1fffc3ca  Vars_0x7000                        
1fffc334  Vars_0x7000ProcessDataMapping0x1600
1fffc850  __STACK_END                        
00000200  __STACK_SIZE                       
00000200  __SYSMEM_SIZE                      
00205768  __TI_CINIT_Base                    
00205780  __TI_CINIT_Limit                   
0020574c  __TI_Handler_Table_Base            
00205758  __TI_Handler_Table_Limit           
00204c71  __TI_auto_init_nobinit_nopinit     
002046bd  __TI_decompress_lzss               
002052d9  __TI_decompress_none               
ffffffff  __TI_pprof_out_hndl                
ffffffff  __TI_prof_data_size                
ffffffff  __TI_prof_data_start               
00205560  __TI_static_base__                 
0020518f  __TI_zero_init_nomemset            
00204405  __aeabi_memclr                     
00204405  __aeabi_memclr4                    
00204405  __aeabi_memclr8                    
00203fd1  __aeabi_memcpy                     
00203fd1  __aeabi_memcpy4                    
00203fd1  __aeabi_memcpy8                    
00204407  __aeabi_memset                     
00204407  __aeabi_memset4                    
00204407  __aeabi_memset8                    
ffffffff  __binit__                          
ffffffff  __c_args__                         
UNDEFED   __mpu_init                         
1fffc650  __stack                            
1fffc000  __start___llvm_prf_cnts            
1fffc000  __stop___llvm_prf_cnts             
00205099  _c_int00_noargs                    
1fffc3e0  _lock                              
0020428b  _nop                               
1fffc850  _sys_memory                        
UNDEFED   _system_post_cinit                 
002053d1  _system_pre_init                   
1fffc3e4  _unlock                            
00200669  aName0x1000                        
0020065a  aName0x1001                        
00200675  aName0x1008                        
00200638  aName0x1009                        
00200649  aName0x100A                        
00200479  aName0x1018                        
0020043a  aName0x10F1                        
002005ee  aName0x10F8                        
00200348  aName0x1600                        
0020039f  aName0x1A00                        
00200601  aName0x1C00                        
002005b8  aName0x1C12                        
002005d3  aName0x1C13                        
00200008  aName0x1C32                        
00200108  aName0x1C33                        
002004b2  aName0x6000                        
002004e0  aName0x7000                        
002003f6  aName0xF000                        
1fffc404  aPdInputData                       
1fffc448  aPdOutputData                      
1fffc57c  aSdoInfoHeader                     
1fffc3a6  aSubindexDesc                      
002053d5  abort                              
1fffc398  acDevicename                       
1fffc348  acHardwareversion                  
1fffc35c  acSoftwareversion                  
00202ad1  aligned_alloc                      
00200522  asEntryDesc0x1018                  
00200614  asEntryDesc0x10F1                  
00200540  asEntryDesc0x1600                  
0020055e  asEntryDesc0x1A00                  
00200682  asEntryDesc0x1C00                  
0020068e  asEntryDesc0x1C12                  
0020069a  asEntryDesc0x1C13                  
00200208  asEntryDesc0x1C3x                  
0020057c  asEntryDesc0x6000                  
0020059a  asEntryDesc0x7000                  
00200626  asEntryDesc0xF000                  
1fffc622  b32BitDc                           
1fffc623  b3BufferMode                       
1fffc624  bApplEsmPending                    
1fffc625  bDcRunning                         
1fffc626  bDcSyncActive                      
1fffc627  bEcatFirstOutputsReceived          
1fffc628  bEcatInputUpdateRunning            
1fffc629  bEcatOutputUpdateRunning           
1fffc62a  bEcatWaitForAlControlRes           
1fffc62b  bEscIntEnabled                     
1fffc62c  bEtherCATErrorLed                  
1fffc62d  bEtherCATRunLed                    
1fffc3d4  bInitFinished                      
1fffc62e  bLocalErrorFlag                    
1fffc62f  bMbxRepeatToggle                   
1fffc630  bMbxRunning                        
1fffc631  bMinCycleTimeMeasurementStarted    
1fffc632  bNoMbxMemoryAvailable              
1fffc633  bReceiveMbxIsLocked                
1fffc634  bRunApplication                    
1fffc3b3  bSdoInWork                         
1fffc635  bSdoSegAccess                      
1fffc636  bSdoSegFollows                     
1fffc637  bSdoSegLastToggle                  
1fffc638  bSendMbxIsFull                     
1fffc639  bSmSyncSequenceValid               
1fffc63a  bStoreCompleteAccess               
1fffc63b  bSyncSetByUser                     
1fffc63c  bWdTrigger                         
ffffffff  binit                              
002002d0  cAbortCode                         
00200502  cBitMask                           
00203659  free                               
1fffc5f8  i16WaitForPllRunningCnt            
1fffc5fa  i16WaitForPllRunningTimeout        
20082400  ipcCMToCPUDataBuffer               
20080400  ipcCPUToCMDataBuffer               
00205029  main                               
002053ad  malloc                             
00202ad1  memalign                           
00203fd1  memcpy                             
0020440d  memset                             
1fffc63d  nAlStatus                          
1fffc5fc  nEcatStateTrans                    
1fffc5fe  nEscAddrInputData                  
1fffc600  nEscAddrOutputData                 
1fffc602  nMaxEscAddress                     
1fffc63e  nMaxSyncMan                        
1fffc604  nPdInputSize                       
1fffc606  nPdOutputSize                      
1fffc608  nSdoInfoFragmentsLeft              
1fffc60a  nSdoInfoIndex                      
1fffc594  nSdoSegBytesToHandle               
1fffc598  nSdoSegCompleteSize                
1fffc60c  nSdoSegIndex                       
1fffc63f  nSdoSegService                     
1fffc640  nSdoSegSubindex                    
1fffc59c  pAPPL_MainLoop                     
1fffc5a0  pCoeSendStored                     
1fffc5a4  pSdoInfoObjEntry                   
1fffc5a8  pSdoPendFunc                       
1fffc5ac  pSdoResStored                      
1fffc5b0  pSdoSegData                        
1fffc5b4  pSdoSegObjEntry                    
1fffc5b8  pStoreData                         
1fffc5bc  psReadMbx                          
1fffc5c0  psRepeatMbx                        
1fffc5c4  psStoreMbx                         
1fffc5c8  psWriteMbx                         
1fffc60e  sCycleDiag                         
002006a6  sEntryDesc0x1000                   
002006ac  sEntryDesc0x1001                   
002006b2  sEntryDesc0x1008                   
002006b8  sEntryDesc0x1009                   
002006be  sEntryDesc0x100A                   
002006c4  sEntryDesc0x10F8                   
1fffc3b4  sErrorSettings                     
1fffc384  sIdentity                          
1fffc514  sMbxReceiveQueue                   
1fffc548  sMbxSendQueue                      
1fffc3fc  sRxPDOassign                       
1fffc48c  sSyncManInPar                      
1fffc4d0  sSyncManOutPar                     
1fffc3f6  sSyncmanagertype                   
1fffc400  sTxPDOassign                       
00205275  strlen                             
00204de1  strncpy                            
1fffc610  u16ALEventMask                     
1fffc37c  u16ErrorRegister                   
1fffc612  u16EscAddrReceiveMbx               
1fffc614  u16EscAddrSendMbx                  
1fffc616  u16LocalErrorCode                  
1fffc618  u16ReceiveMbxSize                  
1fffc61a  u16SendMbxSize                     
1fffc61c  u16SmSync0Counter                  
1fffc61e  u16SmSync0Value                    
1fffc620  u16StoreIndex                      
1fffc5cc  u32CheckForDcOverrunCnt            
1fffc5d0  u32CycleTimeStartValue             
1fffc378  u32Devicetype                      
1fffc5d4  u32LastDc32Value                   
1fffc5d8  u32MinCycleTimeStartValue          
1fffc5dc  u32MinCycleTimeValue               
1fffc5e0  u32StoreDataSize                   
1fffc5e4  u32SystemTimeReadFailure           
1fffc370  u64Timestamp                       
1fffc641  u8EcatErrorLed                     
1fffc642  u8EcatRunLed                       
1fffc643  u8MailboxSendReqStored             
1fffc644  u8MbxReadCounter                   
1fffc645  u8MbxWriteCounter                  
1fffc646  u8PendingSdo                       
1fffc647  u8StoreSubindex                    
1fffc648  u8dummy                            
00200800  vectorTableFlash                   
20000800  vectorTableRAM                     


GLOBAL SYMBOLS: SORTED BY Symbol Address 

address   name                               
-------   ----                               
00000172  RamfuncsLoadSize                   
00000172  RamfuncsRunSize                    
00000200  __STACK_SIZE                       
00000200  __SYSMEM_SIZE                      
00200008  aName0x1C32                        
00200108  aName0x1C33                        
00200208  asEntryDesc0x1C3x                  
002002d0  cAbortCode                         
00200348  aName0x1600                        
0020039f  aName0x1A00                        
002003f6  aName0xF000                        
0020043a  aName0x10F1                        
00200479  aName0x1018                        
002004b2  aName0x6000                        
002004e0  aName0x7000                        
00200502  cBitMask                           
00200522  asEntryDesc0x1018                  
00200540  asEntryDesc0x1600                  
0020055e  asEntryDesc0x1A00                  
0020057c  asEntryDesc0x6000                  
0020059a  asEntryDesc0x7000                  
002005b8  aName0x1C12                        
002005d3  aName0x1C13                        
002005ee  aName0x10F8                        
00200601  aName0x1C00                        
00200614  asEntryDesc0x10F1                  
00200626  asEntryDesc0xF000                  
00200638  aName0x1009                        
00200649  aName0x100A                        
0020065a  aName0x1001                        
00200669  aName0x1000                        
00200675  aName0x1008                        
00200682  asEntryDesc0x1C00                  
0020068e  asEntryDesc0x1C12                  
0020069a  asEntryDesc0x1C13                  
002006a6  sEntryDesc0x1000                   
002006ac  sEntryDesc0x1001                   
002006b2  sEntryDesc0x1008                   
002006b8  sEntryDesc0x1009                   
002006be  sEntryDesc0x100A                   
002006c4  sEntryDesc0x10F8                   
002006cd  ECAT_Init                          
002007fd  APPL_StartInputHandler             
00200800  vectorTableFlash                   
00200941  StartInputHandler                  
00200ded  OBJ_Write                          
0020125b  SDOS_SdoInd                        
00201697  AL_ControlInd                      
00201aa1  OBJ_Read                           
00201e1b  SDOS_SdoInfoInd                    
002022db  CheckSmSettings                    
002024e3  AL_ControlRes                      
002026b5  ECAT_SetLedIndication              
00202875  PDI_Isr                            
002029b5  Sync0_Isr                          
00202acf  APPL_AckErrorInd                   
00202ad1  aligned_alloc                      
00202ad1  memalign                           
00202bd1  ECAT_Main                          
00202ccf  StopInputHandler                   
00202dcd  MBX_CheckAndCopyMailbox            
00202ec9  COE_ObjInit                        
00202fc1  OBJ_GetEntryOffset                 
002030b9  DC_CheckWatchdog                   
002031af  MBX_StopMailboxHandler             
002032a5  ESC_initHW                         
00203487  SDOS_SdoRes                        
00203571  APPL_GenerateMapping               
00203657  ESC_releaseHW                      
00203659  free                               
0020373d  MainLoop                           
0020381b  MBX_Init                           
002038f3  OBJ_GetDesc                        
002039af  CheckSyncTypeValue                 
00203a69  OBJ_GetObjectLength                
00203b23  SODS_ClearPendingResponse          
00203bdb  COE_Main                           
00203c91  SdoRes                             
00203d47  MBX_CopyToSendMailbox              
00203df1  MBX_StartMailboxHandler            
00203e93  PDO_OutputMapping                  
00203f35  OBJ_GetObjectList                  
00203fd1  __aeabi_memcpy                     
00203fd1  __aeabi_memcpy4                    
00203fd1  __aeabi_memcpy8                    
00203fd1  memcpy                             
0020406d  ECAT_CheckTimer                    
002040fb  MBX_MailboxReadInd                 
00204181  PDO_InputMapping                   
00204207  MBX_MailboxSendReq                 
0020428b  _nop                               
0020428d  Interrupt_enable                   
0020430d  MainInit                           
0020438b  CheckIfEcatError                   
00204405  __aeabi_memclr                     
00204405  __aeabi_memclr4                    
00204405  __aeabi_memclr8                    
00204407  __aeabi_memset                     
00204407  __aeabi_memset4                    
00204407  __aeabi_memset8                    
0020440d  memset                             
0020447f  CM_enableAllPeripherals            
002044f5  COE_SyncTimeStamp                  
0020456b  SetALStatus                        
002045dd  SysCtl_resetPeripheral             
002046bd  __TI_decompress_lzss               
00204725  COE_AddObjectToDic                 
00204789  MBX_MailboxRepeatReq               
002047eb  StartOutputHandler                 
0020484b  OBJ_GetNoOfObjects                 
002048a9  ESCSS_configureSync0Connections    
00204905  ESCSS_configureSync1Connections    
00204961  Interrupt_registerHandler          
002049bd  MBX_MailboxWriteInd                
00204a19  CM_init                            
00204a73  HandleCycleTimeMeasurement         
00204ac3  Read0x10F8                         
00204b11  MBX_Main                           
00204b59  SysCtl_enablePeripheral            
00204ba1  COE_UpdateSyncErrorStatus          
00204be7  APPL_Application                   
00204c2b  Sync1_Isr                          
00204c71  __TI_auto_init_nobinit_nopinit     
00204cb5  COE_ContinueInd                    
00204cf7  COE_RemoveDicEntry                 
00204d33  ESCSS_configureEEPROMSize          
00204d6d  OBJ_CopyNumberToString             
00204da7  OBJ_GetEntryDesc                   
00204de1  strncpy                            
00204e17  GetSystemTimeDelay                 
00204e4b  ECAT_Application                   
00204e7d  ESC_setLed                         
00204eaf  DisableSyncManChannel              
00204edd  EnableSyncManChannel               
00204f0b  COE_ObjDictionaryInit              
00204f37  PutInMbxQueue                      
00204f63  COE_ServiceInd                     
00204f8b  ESC_loadedCheckEEPROM              
00204fdd  GetOutOfMbxQueue                   
00205003  UpdateEEPROMLoadedState            
00205029  main                               
0020504f  AddObjectsToObjDictionary          
00205099  _c_int00_noargs                    
002050bd  APPL_InputMapping                  
002050dd  APPL_OutputMapping                 
002050fd  COE_ClearObjDictionary             
0020511d  ESC_clearTimer                     
0020513b  GetSyncMan                         
00205157  ResetALEventMask                   
00205173  SetALEventMask                     
0020518f  __TI_zero_init_nomemset            
002051c9  ESC_applicationLayerHandler        
002051e3  ESC_applicationSync0Handler        
002051fd  ESC_applicationSync1Handler        
00205217  OBJ_GetObjectHandle                
00205231  COE_Init                           
00205249  StopOutputHandler                  
00205275  strlen                             
0020529b  MailboxServiceInd                  
002052ad  ESC_writeBlockISR                  
002052bd  BackToInitTransition               
002052cb  ESC_getTimer                       
002052d9  __TI_decompress_none               
002052e7  COE_GetObjectDictionary            
002052f3  ESC_readBlock                      
002052ff  ESC_readBlockISR                   
0020530b  ESC_readByte                       
00205317  ESC_readDWord                      
00205323  ESC_readWord                       
0020532f  ESC_writeBlock                     
0020533b  ESC_writeByte                      
00205347  ESC_writeDWord                     
00205353  ESC_writeWord                      
0020535f  ESC_readByteISR                    
00205369  ESC_readDWordISR                   
00205373  ESC_readWordISR                    
0020537d  ESC_timerIncPerMilliSec            
00205387  ESC_writeByteISR                   
00205391  ESC_writeDWordISR                  
0020539b  ESC_writeWordISR                   
002053a5  ESC_resetESC                       
002053ad  malloc                             
002053b5  APPL_StartMailboxHandler           
002053b9  APPL_StartOutputHandler            
002053bd  APPL_StopInputHandler              
002053c1  APPL_StopMailboxHandler            
002053c5  APPL_StopOutputHandler             
002053c9  F2838XCM_strcpy                    
002053cd  OBJ_GetObjDesc                     
002053d1  _system_pre_init                   
002053d5  C$$EXIT                            
002053d5  abort                              
002053e8  RamfuncsLoadStart                  
0020555a  RamfuncsLoadEnd                    
00205560  __TI_static_base__                 
0020574c  __TI_Handler_Table_Base            
00205758  __TI_Handler_Table_Limit           
00205768  __TI_CINIT_Base                    
00205780  __TI_CINIT_Limit                   
1fffc000  GenObjDic                          
1fffc000  __start___llvm_prf_cnts            
1fffc000  __stop___llvm_prf_cnts             
1fffc1e0  ApplicationObjDic                  
1fffc320  Vars_0x6000ProcessDataMapping0x1A00
1fffc334  Vars_0x7000ProcessDataMapping0x1600
1fffc348  acHardwareversion                  
1fffc35c  acSoftwareversion                  
1fffc370  u64Timestamp                       
1fffc378  u32Devicetype                      
1fffc37c  u16ErrorRegister                   
1fffc380  ObjDicList                         
1fffc384  sIdentity                          
1fffc398  acDevicename                       
1fffc3a6  aSubindexDesc                      
1fffc3b3  bSdoInWork                         
1fffc3b4  sErrorSettings                     
1fffc3c0  Vars_0x6000                        
1fffc3ca  Vars_0x7000                        
1fffc3d4  bInitFinished                      
1fffc3de  SMActivate                         
1fffc3df  EepromLoaded                       
1fffc3e0  _lock                              
1fffc3e4  _unlock                            
1fffc3f0  ModularDeviceProfile0xF000         
1fffc3f6  sSyncmanagertype                   
1fffc3fc  sRxPDOassign                       
1fffc400  sTxPDOassign                       
1fffc404  aPdInputData                       
1fffc448  aPdOutputData                      
1fffc48c  sSyncManInPar                      
1fffc4d0  sSyncManOutPar                     
1fffc514  sMbxReceiveQueue                   
1fffc548  sMbxSendQueue                      
1fffc57c  aSdoInfoHeader                     
1fffc58c  SyncManInfo                        
1fffc594  nSdoSegBytesToHandle               
1fffc598  nSdoSegCompleteSize                
1fffc59c  pAPPL_MainLoop                     
1fffc5a0  pCoeSendStored                     
1fffc5a4  pSdoInfoObjEntry                   
1fffc5a8  pSdoPendFunc                       
1fffc5ac  pSdoResStored                      
1fffc5b0  pSdoSegData                        
1fffc5b4  pSdoSegObjEntry                    
1fffc5b8  pStoreData                         
1fffc5bc  psReadMbx                          
1fffc5c0  psRepeatMbx                        
1fffc5c4  psStoreMbx                         
1fffc5c8  psWriteMbx                         
1fffc5cc  u32CheckForDcOverrunCnt            
1fffc5d0  u32CycleTimeStartValue             
1fffc5d4  u32LastDc32Value                   
1fffc5d8  u32MinCycleTimeStartValue          
1fffc5dc  u32MinCycleTimeValue               
1fffc5e0  u32StoreDataSize                   
1fffc5e4  u32SystemTimeReadFailure           
1fffc5e8  EcatWdValue                        
1fffc5ea  EsmTimeoutCounter                  
1fffc5ec  LatchInputSync0Counter             
1fffc5ee  LatchInputSync0Value               
1fffc5f0  Sync0WdCounter                     
1fffc5f2  Sync0WdValue                       
1fffc5f4  Sync1WdCounter                     
1fffc5f6  Sync1WdValue                       
1fffc5f8  i16WaitForPllRunningCnt            
1fffc5fa  i16WaitForPllRunningTimeout        
1fffc5fc  nEcatStateTrans                    
1fffc5fe  nEscAddrInputData                  
1fffc600  nEscAddrOutputData                 
1fffc602  nMaxEscAddress                     
1fffc604  nPdInputSize                       
1fffc606  nPdOutputSize                      
1fffc608  nSdoInfoFragmentsLeft              
1fffc60a  nSdoInfoIndex                      
1fffc60c  nSdoSegIndex                       
1fffc60e  sCycleDiag                         
1fffc610  u16ALEventMask                     
1fffc612  u16EscAddrReceiveMbx               
1fffc614  u16EscAddrSendMbx                  
1fffc616  u16LocalErrorCode                  
1fffc618  u16ReceiveMbxSize                  
1fffc61a  u16SendMbxSize                     
1fffc61c  u16SmSync0Counter                  
1fffc61e  u16SmSync0Value                    
1fffc620  u16StoreIndex                      
1fffc622  b32BitDc                           
1fffc623  b3BufferMode                       
1fffc624  bApplEsmPending                    
1fffc625  bDcRunning                         
1fffc626  bDcSyncActive                      
1fffc627  bEcatFirstOutputsReceived          
1fffc628  bEcatInputUpdateRunning            
1fffc629  bEcatOutputUpdateRunning           
1fffc62a  bEcatWaitForAlControlRes           
1fffc62b  bEscIntEnabled                     
1fffc62c  bEtherCATErrorLed                  
1fffc62d  bEtherCATRunLed                    
1fffc62e  bLocalErrorFlag                    
1fffc62f  bMbxRepeatToggle                   
1fffc630  bMbxRunning                        
1fffc631  bMinCycleTimeMeasurementStarted    
1fffc632  bNoMbxMemoryAvailable              
1fffc633  bReceiveMbxIsLocked                
1fffc634  bRunApplication                    
1fffc635  bSdoSegAccess                      
1fffc636  bSdoSegFollows                     
1fffc637  bSdoSegLastToggle                  
1fffc638  bSendMbxIsFull                     
1fffc639  bSmSyncSequenceValid               
1fffc63a  bStoreCompleteAccess               
1fffc63b  bSyncSetByUser                     
1fffc63c  bWdTrigger                         
1fffc63d  nAlStatus                          
1fffc63e  nMaxSyncMan                        
1fffc63f  nSdoSegService                     
1fffc640  nSdoSegSubindex                    
1fffc641  u8EcatErrorLed                     
1fffc642  u8EcatRunLed                       
1fffc643  u8MailboxSendReqStored             
1fffc644  u8MbxReadCounter                   
1fffc645  u8MbxWriteCounter                  
1fffc646  u8PendingSdo                       
1fffc647  u8StoreSubindex                    
1fffc648  u8dummy                            
1fffc650  __stack                            
1fffc850  __STACK_END                        
1fffc850  _sys_memory                        
20000800  vectorTableRAM                     
20000940  RamfuncsRunStart                   
20000941  Flash_initModule                   
20000ab2  RamfuncsRunEnd                     
20080400  ipcCPUToCMDataBuffer               
20082400  ipcCMToCPUDataBuffer               
ffffffff  __TI_pprof_out_hndl                
ffffffff  __TI_prof_data_size                
ffffffff  __TI_prof_data_start               
ffffffff  __binit__                          
ffffffff  __c_args__                         
ffffffff  binit                              
UNDEFED   __mpu_init                         
UNDEFED   _system_post_cinit                 

[341 symbols]
