<?xml version="1.0" encoding="ISO-8859-1" ?>
<link_info>
   <banner>TMS320C2000 Linker PC v21.6.0.LTS</banner>
   <copyright>Copyright (c) 1996-2018 Texas Instruments Incorporated</copyright>
   <link_time>0x6237743f</link_time>
   <link_errors>0x0</link_errors>
   <output_file>f2838x_cpu1_echoback_solution.out</output_file>
   <entry_point>
      <name>code_start</name>
      <address>0x0</address>
   </entry_point>
   <input_file_list>
      <input_file id="fl-2">
         <path>.\</path>
         <kind>object</kind>
         <file>ethercat_slave_cpu1_hal.obj</file>
         <name>ethercat_slave_cpu1_hal.obj</name>
      </input_file>
      <input_file id="fl-3">
         <path>.\</path>
         <kind>object</kind>
         <file>f2838x_codestartbranch.obj</file>
         <name>f2838x_codestartbranch.obj</name>
      </input_file>
      <input_file id="fl-4">
         <path>.\Src_CPU1\</path>
         <kind>object</kind>
         <file>ADIS16364_F28388D_IMU_SLAVE_CPU1.obj</file>
         <name>ADIS16364_F28388D_IMU_SLAVE_CPU1.obj</name>
      </input_file>
      <input_file id="fl-5">
         <path>.\Src_CPU1\</path>
         <kind>object</kind>
         <file>coeappl.obj</file>
         <name>coeappl.obj</name>
      </input_file>
      <input_file id="fl-6">
         <path>.\Src_CPU1\</path>
         <kind>object</kind>
         <file>ecatappl.obj</file>
         <name>ecatappl.obj</name>
      </input_file>
      <input_file id="fl-7">
         <path>.\Src_CPU1\</path>
         <kind>object</kind>
         <file>ecatcoe.obj</file>
         <name>ecatcoe.obj</name>
      </input_file>
      <input_file id="fl-8">
         <path>.\Src_CPU1\</path>
         <kind>object</kind>
         <file>ecatslv.obj</file>
         <name>ecatslv.obj</name>
      </input_file>
      <input_file id="fl-9">
         <path>.\Src_CPU1\</path>
         <kind>object</kind>
         <file>f2838x_cpu1_hw.obj</file>
         <name>f2838x_cpu1_hw.obj</name>
      </input_file>
      <input_file id="fl-a">
         <path>.\Src_CPU1\</path>
         <kind>object</kind>
         <file>f2838x_cpu1_system.obj</file>
         <name>f2838x_cpu1_system.obj</name>
      </input_file>
      <input_file id="fl-b">
         <path>.\Src_CPU1\</path>
         <kind>object</kind>
         <file>mailbox.obj</file>
         <name>mailbox.obj</name>
      </input_file>
      <input_file id="fl-c">
         <path>.\Src_CPU1\</path>
         <kind>object</kind>
         <file>objdef.obj</file>
         <name>objdef.obj</name>
      </input_file>
      <input_file id="fl-d">
         <path>.\Src_CPU1\</path>
         <kind>object</kind>
         <file>sdoserv.obj</file>
         <name>sdoserv.obj</name>
      </input_file>
      <input_file id="fl-e">
         <path>.\device\</path>
         <kind>object</kind>
         <file>device.obj</file>
         <name>device.obj</name>
      </input_file>
      <input_file id="fl-13">
         <kind>object</kind>
         <file>&lt;internal&gt;</file>
         <name>&lt;internal&gt;</name>
      </input_file>
      <input_file id="fl-14">
         <path>C:\ti\c2000\C2000Ware_4_00_00_00\driverlib\f2838x\driverlib\ccs\Debug\</path>
         <kind>archive</kind>
         <file>driverlib.lib</file>
         <name>dcc.obj</name>
      </input_file>
      <input_file id="fl-15">
         <path>C:\ti\c2000\C2000Ware_4_00_00_00\driverlib\f2838x\driverlib\ccs\Debug\</path>
         <kind>archive</kind>
         <file>driverlib.lib</file>
         <name>escss.obj</name>
      </input_file>
      <input_file id="fl-16">
         <path>C:\ti\c2000\C2000Ware_4_00_00_00\driverlib\f2838x\driverlib\ccs\Debug\</path>
         <kind>archive</kind>
         <file>driverlib.lib</file>
         <name>gpio.obj</name>
      </input_file>
      <input_file id="fl-17">
         <path>C:\ti\c2000\C2000Ware_4_00_00_00\driverlib\f2838x\driverlib\ccs\Debug\</path>
         <kind>archive</kind>
         <file>driverlib.lib</file>
         <name>interrupt.obj</name>
      </input_file>
      <input_file id="fl-18">
         <path>C:\ti\c2000\C2000Ware_4_00_00_00\driverlib\f2838x\driverlib\ccs\Debug\</path>
         <kind>archive</kind>
         <file>driverlib.lib</file>
         <name>ipc.obj</name>
      </input_file>
      <input_file id="fl-19">
         <path>C:\ti\c2000\C2000Ware_4_00_00_00\driverlib\f2838x\driverlib\ccs\Debug\</path>
         <kind>archive</kind>
         <file>driverlib.lib</file>
         <name>sysctl.obj</name>
      </input_file>
      <input_file id="fl-25">
         <path>G:\ti\ccs1110\ccs\tools\compiler\ti-cgt-c2000_21.6.0.LTS\lib\</path>
         <kind>archive</kind>
         <file>rts2800_fpu64_eabi.lib</file>
         <name>boot28.asm.obj</name>
      </input_file>
      <input_file id="fl-26">
         <path>G:\ti\ccs1110\ccs\tools\compiler\ti-cgt-c2000_21.6.0.LTS\lib\</path>
         <kind>archive</kind>
         <file>rts2800_fpu64_eabi.lib</file>
         <name>fs_div28.asm.obj</name>
      </input_file>
      <input_file id="fl-27">
         <path>G:\ti\ccs1110\ccs\tools\compiler\ti-cgt-c2000_21.6.0.LTS\lib\</path>
         <kind>archive</kind>
         <file>rts2800_fpu64_eabi.lib</file>
         <name>ll_aox28.asm.obj</name>
      </input_file>
      <input_file id="fl-28">
         <path>G:\ti\ccs1110\ccs\tools\compiler\ti-cgt-c2000_21.6.0.LTS\lib\</path>
         <kind>archive</kind>
         <file>rts2800_fpu64_eabi.lib</file>
         <name>ll_cmp28.asm.obj</name>
      </input_file>
      <input_file id="fl-29">
         <path>G:\ti\ccs1110\ccs\tools\compiler\ti-cgt-c2000_21.6.0.LTS\lib\</path>
         <kind>archive</kind>
         <file>rts2800_fpu64_eabi.lib</file>
         <name>i_div28.asm.obj</name>
      </input_file>
      <input_file id="fl-2a">
         <path>G:\ti\ccs1110\ccs\tools\compiler\ti-cgt-c2000_21.6.0.LTS\lib\</path>
         <kind>archive</kind>
         <file>rts2800_fpu64_eabi.lib</file>
         <name>u_div28.asm.obj</name>
      </input_file>
      <input_file id="fl-2b">
         <path>G:\ti\ccs1110\ccs\tools\compiler\ti-cgt-c2000_21.6.0.LTS\lib\</path>
         <kind>archive</kind>
         <file>rts2800_fpu64_eabi.lib</file>
         <name>memcpy.c.obj</name>
      </input_file>
      <input_file id="fl-2c">
         <path>G:\ti\ccs1110\ccs\tools\compiler\ti-cgt-c2000_21.6.0.LTS\lib\</path>
         <kind>archive</kind>
         <file>rts2800_fpu64_eabi.lib</file>
         <name>pre_init.c.obj</name>
      </input_file>
      <input_file id="fl-2d">
         <path>G:\ti\ccs1110\ccs\tools\compiler\ti-cgt-c2000_21.6.0.LTS\lib\</path>
         <kind>archive</kind>
         <file>rts2800_fpu64_eabi.lib</file>
         <name>autoinit.c.obj</name>
      </input_file>
      <input_file id="fl-2e">
         <path>G:\ti\ccs1110\ccs\tools\compiler\ti-cgt-c2000_21.6.0.LTS\lib\</path>
         <kind>archive</kind>
         <file>rts2800_fpu64_eabi.lib</file>
         <name>copy_zero_init.c.obj</name>
      </input_file>
      <input_file id="fl-2f">
         <path>G:\ti\ccs1110\ccs\tools\compiler\ti-cgt-c2000_21.6.0.LTS\lib\</path>
         <kind>archive</kind>
         <file>rts2800_fpu64_eabi.lib</file>
         <name>copy_decompress_none.c.obj</name>
      </input_file>
      <input_file id="fl-30">
         <path>G:\ti\ccs1110\ccs\tools\compiler\ti-cgt-c2000_21.6.0.LTS\lib\</path>
         <kind>archive</kind>
         <file>rts2800_fpu64_eabi.lib</file>
         <name>copy_decompress_lzss.c.obj</name>
      </input_file>
      <input_file id="fl-31">
         <path>G:\ti\ccs1110\ccs\tools\compiler\ti-cgt-c2000_21.6.0.LTS\lib\</path>
         <kind>archive</kind>
         <file>rts2800_fpu64_eabi.lib</file>
         <name>exit.c.obj</name>
      </input_file>
      <input_file id="fl-32">
         <path>G:\ti\ccs1110\ccs\tools\compiler\ti-cgt-c2000_21.6.0.LTS\lib\</path>
         <kind>archive</kind>
         <file>rts2800_fpu64_eabi.lib</file>
         <name>_lock.c.obj</name>
      </input_file>
      <input_file id="fl-33">
         <path>G:\ti\ccs1110\ccs\tools\compiler\ti-cgt-c2000_21.6.0.LTS\lib\</path>
         <kind>archive</kind>
         <file>rts2800_fpu64_eabi.lib</file>
         <name>args_main.c.obj</name>
      </input_file>
      <input_file id="fl-34">
         <path>G:\ti\ccs1110\ccs\tools\compiler\ti-cgt-c2000_21.6.0.LTS\lib\</path>
         <kind>archive</kind>
         <file>rts2800_fpu64_eabi.lib</file>
         <name>memcmp.c.obj</name>
      </input_file>
      <input_file id="fl-35">
         <path>G:\ti\ccs1110\ccs\tools\compiler\ti-cgt-c2000_21.6.0.LTS\lib\</path>
         <kind>archive</kind>
         <file>rts2800_fpu64_eabi.lib</file>
         <name>memory.c.obj</name>
      </input_file>
      <input_file id="fl-36">
         <path>G:\ti\ccs1110\ccs\tools\compiler\ti-cgt-c2000_21.6.0.LTS\lib\</path>
         <kind>archive</kind>
         <file>rts2800_fpu64_eabi.lib</file>
         <name>memset.c.obj</name>
      </input_file>
      <input_file id="fl-37">
         <path>G:\ti\ccs1110\ccs\tools\compiler\ti-cgt-c2000_21.6.0.LTS\lib\</path>
         <kind>archive</kind>
         <file>rts2800_fpu64_eabi.lib</file>
         <name>strlen.c.obj</name>
      </input_file>
      <input_file id="fl-38">
         <path>G:\ti\ccs1110\ccs\tools\compiler\ti-cgt-c2000_21.6.0.LTS\lib\</path>
         <kind>archive</kind>
         <file>rts2800_fpu64_eabi.lib</file>
         <name>cpy_tbl.c.obj</name>
      </input_file>
      <input_file id="fl-39">
         <path>G:\ti\ccs1110\ccs\tools\compiler\ti-cgt-c2000_21.6.0.LTS\lib\</path>
         <kind>archive</kind>
         <file>rts2800_fpu64_eabi.lib</file>
         <name>startup.c.obj</name>
      </input_file>
   </input_file_list>
   <object_component_list>
      <object_component id="oc-29">
         <name>codestart</name>
         <load_address>0x0</load_address>
         <run_address>0x0</run_address>
         <size>0x2</size>
         <input_file_ref idref="fl-3"/>
      </object_component>
      <object_component id="oc-de">
         <name>.text</name>
         <load_address>0x816c</load_address>
         <run_address>0x816c</run_address>
         <size>0x89e</size>
         <input_file_ref idref="fl-8"/>
      </object_component>
      <object_component id="oc-1a5">
         <name>.text</name>
         <load_address>0x8a0a</load_address>
         <run_address>0x8a0a</run_address>
         <size>0x76b</size>
         <input_file_ref idref="fl-c"/>
      </object_component>
      <object_component id="oc-34">
         <name>.text</name>
         <load_address>0x9175</load_address>
         <run_address>0x9175</run_address>
         <size>0x351</size>
         <input_file_ref idref="fl-2"/>
      </object_component>
      <object_component id="oc-1d1">
         <name>.text</name>
         <load_address>0x94c6</load_address>
         <run_address>0x94c6</run_address>
         <size>0x2be</size>
         <input_file_ref idref="fl-b"/>
      </object_component>
      <object_component id="oc-1c1">
         <name>.text</name>
         <load_address>0x9784</load_address>
         <run_address>0x9784</run_address>
         <size>0x298</size>
         <input_file_ref idref="fl-35"/>
      </object_component>
      <object_component id="oc-62">
         <name>.text</name>
         <load_address>0x9a1c</load_address>
         <run_address>0x9a1c</run_address>
         <size>0x24a</size>
         <input_file_ref idref="fl-e"/>
      </object_component>
      <object_component id="oc-d5">
         <name>.text</name>
         <load_address>0x9c66</load_address>
         <run_address>0x9c66</run_address>
         <size>0x1e6</size>
         <input_file_ref idref="fl-5"/>
      </object_component>
      <object_component id="oc-6f">
         <name>.text:SysCtl_setClock</name>
         <load_address>0x9e4c</load_address>
         <run_address>0x9e4c</run_address>
         <size>0x138</size>
         <input_file_ref idref="fl-19"/>
      </object_component>
      <object_component id="oc-75">
         <name>.text:SysCtl_setAuxClock</name>
         <load_address>0x9f84</load_address>
         <run_address>0x9f84</run_address>
         <size>0x117</size>
         <input_file_ref idref="fl-19"/>
      </object_component>
      <object_component id="oc-136">
         <name>.text:SysCtl_isPLLValid</name>
         <load_address>0xa09b</load_address>
         <run_address>0xa09b</run_address>
         <size>0x110</size>
         <input_file_ref idref="fl-19"/>
      </object_component>
      <object_component id="oc-103">
         <name>.text:DCC_verifyClockFrequency</name>
         <load_address>0xa1ab</load_address>
         <run_address>0xa1ab</run_address>
         <size>0xc9</size>
         <input_file_ref idref="fl-14"/>
      </object_component>
      <object_component id="oc-2e">
         <name>.text:retain</name>
         <load_address>0xa274</load_address>
         <run_address>0xa274</run_address>
         <size>0x9c</size>
         <input_file_ref idref="fl-2"/>
      </object_component>
      <object_component id="oc-204">
         <name>.text</name>
         <load_address>0xa310</load_address>
         <run_address>0xa310</run_address>
         <size>0x88</size>
         <input_file_ref idref="fl-26"/>
      </object_component>
      <object_component id="oc-233">
         <name>.text:DCC_setCounterSeeds</name>
         <load_address>0xa398</load_address>
         <run_address>0xa398</run_address>
         <size>0x7a</size>
         <input_file_ref idref="fl-14"/>
      </object_component>
      <object_component id="oc-2bc">
         <name>.text:DCC_setCounterSeeds</name>
         <load_address>0xa412</load_address>
         <run_address>0xa412</run_address>
         <size>0x7a</size>
         <input_file_ref idref="fl-19"/>
      </object_component>
      <object_component id="oc-87">
         <name>.text:GPIO_setPadConfig</name>
         <load_address>0xa48c</load_address>
         <run_address>0xa48c</run_address>
         <size>0x52</size>
         <input_file_ref idref="fl-16"/>
      </object_component>
      <object_component id="oc-13e">
         <name>.text:SysCtl_selectOscSourceAuxPLL</name>
         <load_address>0xa4de</load_address>
         <run_address>0xa4de</run_address>
         <size>0x47</size>
         <input_file_ref idref="fl-19"/>
      </object_component>
      <object_component id="oc-1dc">
         <name>.text</name>
         <load_address>0xa525</load_address>
         <run_address>0xa525</run_address>
         <size>0x43</size>
         <input_file_ref idref="fl-7"/>
      </object_component>
      <object_component id="oc-8d">
         <name>.text:Interrupt_initModule</name>
         <load_address>0xa568</load_address>
         <run_address>0xa568</run_address>
         <size>0x3d</size>
         <input_file_ref idref="fl-17"/>
      </object_component>
      <object_component id="oc-a5">
         <name>.text:ESCSS_configureSync0Connections</name>
         <load_address>0xa5a5</load_address>
         <run_address>0xa5a5</run_address>
         <size>0x38</size>
         <input_file_ref idref="fl-15"/>
      </object_component>
      <object_component id="oc-ab">
         <name>.text:ESCSS_configureSync1Connections</name>
         <load_address>0xa5dd</load_address>
         <run_address>0xa5dd</run_address>
         <size>0x38</size>
         <input_file_ref idref="fl-15"/>
      </object_component>
      <object_component id="oc-81">
         <name>.text:GPIO_setQualificationMode</name>
         <load_address>0xa615</load_address>
         <run_address>0xa615</run_address>
         <size>0x38</size>
         <input_file_ref idref="fl-16"/>
      </object_component>
      <object_component id="oc-7b">
         <name>.text:GPIO_setPinConfig</name>
         <load_address>0xa64d</load_address>
         <run_address>0xa64d</run_address>
         <size>0x37</size>
         <input_file_ref idref="fl-16"/>
      </object_component>
      <object_component id="oc-99">
         <name>.text:Interrupt_enable</name>
         <load_address>0xa684</load_address>
         <run_address>0xa684</run_address>
         <size>0x34</size>
         <input_file_ref idref="fl-17"/>
      </object_component>
      <object_component id="oc-68">
         <name>.text:GPIO_setDirectionMode</name>
         <load_address>0xa6b8</load_address>
         <run_address>0xa6b8</run_address>
         <size>0x31</size>
         <input_file_ref idref="fl-16"/>
      </object_component>
      <object_component id="oc-1c">
         <name>.text:decompress:lzss</name>
         <load_address>0xa6e9</load_address>
         <run_address>0xa6e9</run_address>
         <size>0x31</size>
         <input_file_ref idref="fl-30"/>
      </object_component>
      <object_component id="oc-2ec">
         <name>.text:__TI_auto_init_nobinit_nopinit</name>
         <load_address>0xa71a</load_address>
         <run_address>0xa71a</run_address>
         <size>0x2b</size>
         <input_file_ref idref="fl-2d"/>
      </object_component>
      <object_component id="oc-2d2">
         <name>.text:SysCtl_pollX1Counter</name>
         <load_address>0xa745</load_address>
         <run_address>0xa745</run_address>
         <size>0x2a</size>
         <input_file_ref idref="fl-19"/>
      </object_component>
      <object_component id="oc-199">
         <name>.text</name>
         <load_address>0xa76f</load_address>
         <run_address>0xa76f</run_address>
         <size>0x29</size>
         <input_file_ref idref="fl-31"/>
      </object_component>
      <object_component id="oc-2c2">
         <name>.text:DCC_enableSingleShotMode</name>
         <load_address>0xa798</load_address>
         <run_address>0xa798</run_address>
         <size>0x25</size>
         <input_file_ref idref="fl-19"/>
      </object_component>
      <object_component id="oc-112">
         <name>.text:SysCtl_controlCMReset</name>
         <load_address>0xa7bd</load_address>
         <run_address>0xa7bd</run_address>
         <size>0x25</size>
         <input_file_ref idref="fl-19"/>
      </object_component>
      <object_component id="oc-27e">
         <name>.text:SysCtl_selectXTAL</name>
         <load_address>0xa7e2</load_address>
         <run_address>0xa7e2</run_address>
         <size>0x24</size>
         <input_file_ref idref="fl-19"/>
      </object_component>
      <object_component id="oc-9f">
         <name>.text:ESCSS_configureEEPROMSize</name>
         <load_address>0xa806</load_address>
         <run_address>0xa806</run_address>
         <size>0x22</size>
         <input_file_ref idref="fl-15"/>
      </object_component>
      <object_component id="oc-1d7">
         <name>.text</name>
         <load_address>0xa828</load_address>
         <run_address>0xa828</run_address>
         <size>0x22</size>
         <input_file_ref idref="fl-29"/>
      </object_component>
      <object_component id="oc-109">
         <name>.text:SysCtl_controlCPU2Reset</name>
         <load_address>0xa84a</load_address>
         <run_address>0xa84a</run_address>
         <size>0x21</size>
         <input_file_ref idref="fl-19"/>
      </object_component>
      <object_component id="oc-227">
         <name>.text:DCC_setCounter0ClkSource</name>
         <load_address>0xa86b</load_address>
         <run_address>0xa86b</run_address>
         <size>0x1f</size>
         <input_file_ref idref="fl-14"/>
      </object_component>
      <object_component id="oc-2b0">
         <name>.text:DCC_setCounter0ClkSource</name>
         <load_address>0xa88a</load_address>
         <run_address>0xa88a</run_address>
         <size>0x1f</size>
         <input_file_ref idref="fl-19"/>
      </object_component>
      <object_component id="oc-22d">
         <name>.text:DCC_setCounter1ClkSource</name>
         <load_address>0xa8a9</load_address>
         <run_address>0xa8a9</run_address>
         <size>0x1f</size>
         <input_file_ref idref="fl-14"/>
      </object_component>
      <object_component id="oc-2b6">
         <name>.text:DCC_setCounter1ClkSource</name>
         <load_address>0xa8c8</load_address>
         <run_address>0xa8c8</run_address>
         <size>0x1f</size>
         <input_file_ref idref="fl-19"/>
      </object_component>
      <object_component id="oc-93">
         <name>.text:Interrupt_initVectorTable</name>
         <load_address>0xa8e7</load_address>
         <run_address>0xa8e7</run_address>
         <size>0x1e</size>
         <input_file_ref idref="fl-17"/>
      </object_component>
      <object_component id="oc-e4">
         <name>.text</name>
         <load_address>0xa905</load_address>
         <run_address>0xa905</run_address>
         <size>0x1e</size>
         <input_file_ref idref="fl-28"/>
      </object_component>
      <object_component id="oc-257">
         <name>.text:DCC_getErrorStatus</name>
         <load_address>0xa923</load_address>
         <run_address>0xa923</run_address>
         <size>0x1d</size>
         <input_file_ref idref="fl-14"/>
      </object_component>
      <object_component id="oc-251">
         <name>.text:DCC_getSingleShotStatus</name>
         <load_address>0xa940</load_address>
         <run_address>0xa940</run_address>
         <size>0x1d</size>
         <input_file_ref idref="fl-14"/>
      </object_component>
      <object_component id="oc-40">
         <name>.text</name>
         <load_address>0xa95d</load_address>
         <run_address>0xa95d</run_address>
         <size>0x1d</size>
         <input_file_ref idref="fl-2b"/>
      </object_component>
      <object_component id="oc-179">
         <name>.text:ESCSS_isConfigurationLockEnabled</name>
         <load_address>0xa97a</load_address>
         <run_address>0xa97a</run_address>
         <size>0x1b</size>
         <input_file_ref idref="fl-15"/>
      </object_component>
      <object_component id="oc-1fd">
         <name>.text:DCC_isBaseValid</name>
         <load_address>0xa995</load_address>
         <run_address>0xa995</run_address>
         <size>0x1a</size>
         <input_file_ref idref="fl-14"/>
      </object_component>
      <object_component id="oc-401">
         <name>.text:DCC_isBaseValid</name>
         <load_address>0xa9af</load_address>
         <run_address>0xa9af</run_address>
         <size>0x1a</size>
         <input_file_ref idref="fl-19"/>
      </object_component>
      <object_component id="oc-284">
         <name>.text:SysCtl_selectXTALSingleEnded</name>
         <load_address>0xa9c9</load_address>
         <run_address>0xa9c9</run_address>
         <size>0x1a</size>
         <input_file_ref idref="fl-19"/>
      </object_component>
      <object_component id="oc-c6">
         <name>.text</name>
         <load_address>0xa9e3</load_address>
         <run_address>0xa9e3</run_address>
         <size>0x19</size>
         <input_file_ref idref="fl-25"/>
      </object_component>
      <object_component id="oc-1b0">
         <name>.text</name>
         <load_address>0xa9fc</load_address>
         <run_address>0xa9fc</run_address>
         <size>0x18</size>
         <input_file_ref idref="fl-27"/>
      </object_component>
      <object_component id="oc-221">
         <name>.text:DCC_disableDoneSignal</name>
         <load_address>0xaa14</load_address>
         <run_address>0xaa14</run_address>
         <size>0x17</size>
         <input_file_ref idref="fl-14"/>
      </object_component>
      <object_component id="oc-2aa">
         <name>.text:DCC_disableDoneSignal</name>
         <load_address>0xaa2b</load_address>
         <run_address>0xaa2b</run_address>
         <size>0x17</size>
         <input_file_ref idref="fl-19"/>
      </object_component>
      <object_component id="oc-245">
         <name>.text:DCC_enableDoneSignal</name>
         <load_address>0xaa42</load_address>
         <run_address>0xaa42</run_address>
         <size>0x17</size>
         <input_file_ref idref="fl-14"/>
      </object_component>
      <object_component id="oc-28c">
         <name>.text:SysCtl_enablePeripheral</name>
         <load_address>0xaa59</load_address>
         <run_address>0xaa59</run_address>
         <size>0x17</size>
         <input_file_ref idref="fl-19"/>
      </object_component>
      <object_component id="oc-20f">
         <name>.text:DCC_clearDoneFlag</name>
         <load_address>0xaa70</load_address>
         <run_address>0xaa70</run_address>
         <size>0x16</size>
         <input_file_ref idref="fl-14"/>
      </object_component>
      <object_component id="oc-298">
         <name>.text:DCC_clearDoneFlag</name>
         <load_address>0xaa86</load_address>
         <run_address>0xaa86</run_address>
         <size>0x16</size>
         <input_file_ref idref="fl-19"/>
      </object_component>
      <object_component id="oc-209">
         <name>.text:DCC_clearErrorFlag</name>
         <load_address>0xaa9c</load_address>
         <run_address>0xaa9c</run_address>
         <size>0x16</size>
         <input_file_ref idref="fl-14"/>
      </object_component>
      <object_component id="oc-292">
         <name>.text:DCC_clearErrorFlag</name>
         <load_address>0xaab2</load_address>
         <run_address>0xaab2</run_address>
         <size>0x16</size>
         <input_file_ref idref="fl-19"/>
      </object_component>
      <object_component id="oc-21b">
         <name>.text:DCC_disableErrorSignal</name>
         <load_address>0xaac8</load_address>
         <run_address>0xaac8</run_address>
         <size>0x16</size>
         <input_file_ref idref="fl-14"/>
      </object_component>
      <object_component id="oc-2a4">
         <name>.text:DCC_disableErrorSignal</name>
         <load_address>0xaade</load_address>
         <run_address>0xaade</run_address>
         <size>0x16</size>
         <input_file_ref idref="fl-19"/>
      </object_component>
      <object_component id="oc-215">
         <name>.text:DCC_disableModule</name>
         <load_address>0xaaf4</load_address>
         <run_address>0xaaf4</run_address>
         <size>0x14</size>
         <input_file_ref idref="fl-14"/>
      </object_component>
      <object_component id="oc-29e">
         <name>.text:DCC_disableModule</name>
         <load_address>0xab08</load_address>
         <run_address>0xab08</run_address>
         <size>0x14</size>
         <input_file_ref idref="fl-19"/>
      </object_component>
      <object_component id="oc-23f">
         <name>.text:DCC_enableErrorSignal</name>
         <load_address>0xab1c</load_address>
         <run_address>0xab1c</run_address>
         <size>0x14</size>
         <input_file_ref idref="fl-14"/>
      </object_component>
      <object_component id="oc-24b">
         <name>.text:DCC_enableModule</name>
         <load_address>0xab30</load_address>
         <run_address>0xab30</run_address>
         <size>0x14</size>
         <input_file_ref idref="fl-14"/>
      </object_component>
      <object_component id="oc-2c8">
         <name>.text:DCC_enableModule</name>
         <load_address>0xab44</load_address>
         <run_address>0xab44</run_address>
         <size>0x14</size>
         <input_file_ref idref="fl-19"/>
      </object_component>
      <object_component id="oc-341">
         <name>.text</name>
         <load_address>0xab58</load_address>
         <run_address>0xab58</run_address>
         <size>0x13</size>
         <input_file_ref idref="fl-34"/>
      </object_component>
      <object_component id="oc-173">
         <name>.text:ESCSS_isBaseValid</name>
         <load_address>0xab6b</load_address>
         <run_address>0xab6b</run_address>
         <size>0x10</size>
         <input_file_ref idref="fl-15"/>
      </object_component>
      <object_component id="oc-16a">
         <name>.text:ESCSS_isConfigBaseValid</name>
         <load_address>0xab7b</load_address>
         <run_address>0xab7b</run_address>
         <size>0x10</size>
         <input_file_ref idref="fl-15"/>
      </object_component>
      <object_component id="oc-11a">
         <name>.text:GPIO_isPinValid</name>
         <load_address>0xab8b</load_address>
         <run_address>0xab8b</run_address>
         <size>0xe</size>
         <input_file_ref idref="fl-16"/>
      </object_component>
      <object_component id="oc-150">
         <name>.text:Interrupt_defaultHandler</name>
         <load_address>0xab99</load_address>
         <run_address>0xab99</run_address>
         <size>0xe</size>
         <input_file_ref idref="fl-17"/>
      </object_component>
      <object_component id="oc-148">
         <name>.text:Interrupt_disableMaster</name>
         <load_address>0xaba7</load_address>
         <run_address>0xaba7</run_address>
         <size>0xd</size>
         <input_file_ref idref="fl-17"/>
      </object_component>
      <object_component id="oc-163">
         <name>.text:Interrupt_enableMaster</name>
         <load_address>0xabb4</load_address>
         <run_address>0xabb4</run_address>
         <size>0xd</size>
         <input_file_ref idref="fl-17"/>
      </object_component>
      <object_component id="oc-48">
         <name>.text:decompress:ZI:__TI_zero_init_nomemset</name>
         <load_address>0xabc1</load_address>
         <run_address>0xabc1</run_address>
         <size>0xd</size>
         <input_file_ref idref="fl-2e"/>
      </object_component>
      <object_component id="oc-130">
         <name>.text:SysCtl_setPLLSysClk</name>
         <load_address>0xabce</load_address>
         <run_address>0xabce</run_address>
         <size>0xc</size>
         <input_file_ref idref="fl-19"/>
      </object_component>
      <object_component id="oc-193">
         <name>.text</name>
         <load_address>0xabda</load_address>
         <run_address>0xabda</run_address>
         <size>0xc</size>
         <input_file_ref idref="fl-33"/>
      </object_component>
      <object_component id="oc-26f">
         <name>.text:SysCtl_isCMReset</name>
         <load_address>0xabe6</load_address>
         <run_address>0xabe6</run_address>
         <size>0xb</size>
         <input_file_ref idref="fl-19"/>
      </object_component>
      <object_component id="oc-124">
         <name>.text:SysCtl_isMCDClockFailureDetected</name>
         <load_address>0xabf1</load_address>
         <run_address>0xabf1</run_address>
         <size>0xb</size>
         <input_file_ref idref="fl-19"/>
      </object_component>
      <object_component id="oc-32b">
         <name>.text</name>
         <load_address>0xabfc</load_address>
         <run_address>0xabfc</run_address>
         <size>0xb</size>
         <input_file_ref idref="fl-2a"/>
      </object_component>
      <object_component id="oc-42f">
         <name>.text</name>
         <load_address>0xac07</load_address>
         <run_address>0xac07</run_address>
         <size>0x9</size>
         <input_file_ref idref="fl-32"/>
      </object_component>
      <object_component id="oc-22">
         <name>.text:decompress:none</name>
         <load_address>0xac10</load_address>
         <run_address>0xac10</run_address>
         <size>0x8</size>
         <input_file_ref idref="fl-2f"/>
      </object_component>
      <object_component id="oc-54">
         <name>.text</name>
         <load_address>0xac18</load_address>
         <run_address>0xac18</run_address>
         <size>0x8</size>
         <input_file_ref idref="fl-3"/>
      </object_component>
      <object_component id="oc-330">
         <name>.text</name>
         <load_address>0xac20</load_address>
         <run_address>0xac20</run_address>
         <size>0x8</size>
         <input_file_ref idref="fl-37"/>
      </object_component>
      <object_component id="oc-3f8">
         <name>.text:SysCtl_resetMCD</name>
         <load_address>0xac28</load_address>
         <run_address>0xac28</run_address>
         <size>0x7</size>
         <input_file_ref idref="fl-19"/>
      </object_component>
      <object_component id="oc-bf">
         <name>.text</name>
         <load_address>0xac2f</load_address>
         <run_address>0xac2f</run_address>
         <size>0x7</size>
         <input_file_ref idref="fl-36"/>
      </object_component>
      <object_component id="oc-15c">
         <name>.text:Interrupt_illegalOperationHandler</name>
         <load_address>0xac36</load_address>
         <run_address>0xac36</run_address>
         <size>0x2</size>
         <input_file_ref idref="fl-17"/>
      </object_component>
      <object_component id="oc-156">
         <name>.text:Interrupt_nmiHandler</name>
         <load_address>0xac38</load_address>
         <run_address>0xac38</run_address>
         <size>0x2</size>
         <input_file_ref idref="fl-17"/>
      </object_component>
      <object_component id="oc-18c">
         <name>.text</name>
         <load_address>0xac3a</load_address>
         <run_address>0xac3a</run_address>
         <size>0x2</size>
         <input_file_ref idref="fl-2c"/>
      </object_component>
      <object_component id="oc-5a">
         <name>.text</name>
         <load_address>0xc28c</load_address>
         <run_address>0xc28c</run_address>
         <size>0x3e9</size>
         <input_file_ref idref="fl-6"/>
      </object_component>
      <object_component id="oc-cf">
         <name>.text</name>
         <load_address>0xc675</load_address>
         <run_address>0xc675</run_address>
         <size>0x164</size>
         <input_file_ref idref="fl-4"/>
      </object_component>
      <object_component id="oc-1b5">
         <name>.text</name>
         <load_address>0xc7d9</load_address>
         <run_address>0xc7d9</run_address>
         <size>0x26</size>
         <input_file_ref idref="fl-a"/>
      </object_component>
      <object_component id="oc-415">
         <name>.text</name>
         <load_address>0xc7ff</load_address>
         <run_address>0xc7ff</run_address>
         <size>0x1</size>
         <input_file_ref idref="fl-39"/>
      </object_component>
      <object_component id="oc-1c7">
         <name>.text</name>
         <load_address>0xca00</load_address>
         <run_address>0xca00</run_address>
         <size>0x587</size>
         <input_file_ref idref="fl-d"/>
      </object_component>
      <object_component id="oc-12a">
         <name>.text:SysCtl_selectOscSource</name>
         <load_address>0xcf87</load_address>
         <run_address>0xcf87</run_address>
         <size>0x54</size>
         <input_file_ref idref="fl-19"/>
      </object_component>
      <object_component id="oc-239">
         <name>.text:DCC_enableSingleShotMode</name>
         <load_address>0xcfdb</load_address>
         <run_address>0xcfdb</run_address>
         <size>0x25</size>
         <input_file_ref idref="fl-14"/>
      </object_component>
      <object_component id="oc-4eb">
         <name>.cinit..data.load</name>
         <load_address>0x1b4</load_address>
         <run_address>0x1b4</run_address>
         <size>0x16b</size>
      </object_component>
      <object_component id="oc-4e8">
         <name>__TI_handler_table</name>
         <load_address>0x320</load_address>
         <run_address>0x320</run_address>
         <size>0x6</size>
      </object_component>
      <object_component id="oc-4ea">
         <name>.cinit..bss.load</name>
         <load_address>0x326</load_address>
         <run_address>0x326</run_address>
         <size>0x4</size>
      </object_component>
      <object_component id="oc-4e9">
         <name>__TI_cinit_table</name>
         <load_address>0x32c</load_address>
         <run_address>0x32c</run_address>
         <size>0x8</size>
      </object_component>
      <object_component id="oc-3a">
         <name>.stack</name>
         <uninitialized>true</uninitialized>
         <run_address>0xdb26</run_address>
         <size>0x0</size>
         <input_file_ref idref="fl-25"/>
      </object_component>
      <object_component id="oc-4ec">
         <name>.stack</name>
         <uninitialized>true</uninitialized>
         <run_address>0xdb26</run_address>
         <size>0x0</size>
      </object_component>
      <object_component id="oc-fb">
         <name>.bss</name>
         <uninitialized>true</uninitialized>
         <run_address>0x80fc</run_address>
         <size>0x4</size>
         <input_file_ref idref="fl-5"/>
      </object_component>
      <object_component id="oc-e9">
         <name>.bss</name>
         <uninitialized>true</uninitialized>
         <run_address>0x814c</run_address>
         <size>0x14</size>
         <input_file_ref idref="fl-6"/>
      </object_component>
      <object_component id="oc-db">
         <name>.bss:aPdOutputData</name>
         <uninitialized>true</uninitialized>
         <run_address>0x812a</run_address>
         <size>0x22</size>
         <input_file_ref idref="fl-6"/>
      </object_component>
      <object_component id="oc-cc">
         <name>.bss:aPdInputData</name>
         <uninitialized>true</uninitialized>
         <run_address>0x80da</run_address>
         <size>0x22</size>
         <input_file_ref idref="fl-6"/>
      </object_component>
      <object_component id="oc-3c0">
         <name>.bss</name>
         <uninitialized>true</uninitialized>
         <run_address>0x8168</run_address>
         <size>0x2</size>
         <input_file_ref idref="fl-7"/>
      </object_component>
      <object_component id="oc-ef">
         <name>.bss</name>
         <uninitialized>true</uninitialized>
         <run_address>0x8100</run_address>
         <size>0x2a</size>
         <input_file_ref idref="fl-8"/>
      </object_component>
      <object_component id="oc-1e5">
         <name>.bss</name>
         <uninitialized>true</uninitialized>
         <run_address>0x8080</run_address>
         <size>0x5a</size>
         <input_file_ref idref="fl-b"/>
      </object_component>
      <object_component id="oc-ec">
         <name>.bss</name>
         <uninitialized>true</uninitialized>
         <run_address>0x8000</run_address>
         <size>0x62</size>
         <input_file_ref idref="fl-c"/>
      </object_component>
      <object_component id="oc-1ad">
         <name>.bss</name>
         <uninitialized>true</uninitialized>
         <run_address>0x8062</run_address>
         <size>0x1e</size>
         <input_file_ref idref="fl-d"/>
      </object_component>
      <object_component id="oc-3bd">
         <name>.bss:aSdoInfoHeader</name>
         <uninitialized>true</uninitialized>
         <run_address>0x8160</run_address>
         <size>0x7</size>
         <input_file_ref idref="fl-d"/>
      </object_component>
      <object_component id="oc-3b0">
         <name>.bss</name>
         <uninitialized>true</uninitialized>
         <run_address>0x816a</run_address>
         <size>0x2</size>
         <input_file_ref idref="fl-35"/>
      </object_component>
      <object_component id="oc-37c">
         <name>.const:.string:aName0x1C32</name>
         <load_address>0xd000</load_address>
         <run_address>0xd000</run_address>
         <size>0x108</size>
         <input_file_ref idref="fl-5"/>
      </object_component>
      <object_component id="oc-37f">
         <name>.const:.string:aName0x1C33</name>
         <load_address>0xd108</load_address>
         <run_address>0xd108</run_address>
         <size>0x107</size>
         <input_file_ref idref="fl-5"/>
      </object_component>
      <object_component id="oc-387">
         <name>.const:.string:aName0x1600</name>
         <load_address>0xd20f</load_address>
         <run_address>0xd20f</run_address>
         <size>0xd9</size>
         <input_file_ref idref="fl-5"/>
      </object_component>
      <object_component id="oc-38d">
         <name>.const:.string:aName0x1A00</name>
         <load_address>0xd2e8</load_address>
         <run_address>0xd2e8</run_address>
         <size>0xca</size>
         <input_file_ref idref="fl-5"/>
      </object_component>
      <object_component id="oc-39f">
         <name>.const:.string:aName0x6000</name>
         <load_address>0xd3b2</load_address>
         <run_address>0xd3b2</run_address>
         <size>0xad</size>
         <input_file_ref idref="fl-5"/>
      </object_component>
      <object_component id="oc-170">
         <name>.const:.string</name>
         <load_address>0xd460</load_address>
         <run_address>0xd460</run_address>
         <size>0x98</size>
         <input_file_ref idref="fl-15"/>
      </object_component>
      <object_component id="oc-120">
         <name>.const:.string</name>
         <load_address>0xd4f8</load_address>
         <run_address>0xd4f8</run_address>
         <size>0x97</size>
         <input_file_ref idref="fl-16"/>
      </object_component>
      <object_component id="oc-123">
         <name>.const:.string</name>
         <load_address>0xd590</load_address>
         <run_address>0xd590</run_address>
         <size>0x97</size>
         <input_file_ref idref="fl-19"/>
      </object_component>
      <object_component id="oc-3a5">
         <name>.const:.string:aName0x7000</name>
         <load_address>0xd627</load_address>
         <run_address>0xd627</run_address>
         <size>0x94</size>
         <input_file_ref idref="fl-5"/>
      </object_component>
      <object_component id="oc-203">
         <name>.const:.string</name>
         <load_address>0xd6bc</load_address>
         <run_address>0xd6bc</run_address>
         <size>0x94</size>
         <input_file_ref idref="fl-14"/>
      </object_component>
      <object_component id="oc-10f">
         <name>.const:IPC_Instance</name>
         <load_address>0xd750</load_address>
         <run_address>0xd750</run_address>
         <size>0x88</size>
         <input_file_ref idref="fl-18"/>
      </object_component>
      <object_component id="oc-379">
         <name>.const:asEntryDesc0x1C3x</name>
         <load_address>0xd7d8</load_address>
         <run_address>0xd7d8</run_address>
         <size>0x63</size>
         <input_file_ref idref="fl-5"/>
      </object_component>
      <object_component id="oc-367">
         <name>.const:.string:aName0x1018</name>
         <load_address>0xd83b</load_address>
         <run_address>0xd83b</run_address>
         <size>0x47</size>
         <input_file_ref idref="fl-5"/>
      </object_component>
      <object_component id="oc-3ab">
         <name>.const:.string:aName0xF000</name>
         <load_address>0xd882</load_address>
         <run_address>0xd882</run_address>
         <size>0x44</size>
         <input_file_ref idref="fl-5"/>
      </object_component>
      <object_component id="oc-36d">
         <name>.const:.string:aName0x10F1</name>
         <load_address>0xd8c6</load_address>
         <run_address>0xd8c6</run_address>
         <size>0x3f</size>
         <input_file_ref idref="fl-5"/>
      </object_component>
      <object_component id="oc-3a2">
         <name>.const:asEntryDesc0x7000</name>
         <load_address>0xd905</load_address>
         <run_address>0xd905</run_address>
         <size>0x3f</size>
         <input_file_ref idref="fl-5"/>
      </object_component>
      <object_component id="oc-39c">
         <name>.const:asEntryDesc0x6000</name>
         <load_address>0xd944</load_address>
         <run_address>0xd944</run_address>
         <size>0x3c</size>
         <input_file_ref idref="fl-5"/>
      </object_component>
      <object_component id="oc-3ba">
         <name>.const:cAbortCode</name>
         <load_address>0xd980</load_address>
         <run_address>0xd980</run_address>
         <size>0x3c</size>
         <input_file_ref idref="fl-d"/>
      </object_component>
      <object_component id="oc-384">
         <name>.const:asEntryDesc0x1600</name>
         <load_address>0xd9bc</load_address>
         <run_address>0xd9bc</run_address>
         <size>0x2d</size>
         <input_file_ref idref="fl-5"/>
      </object_component>
      <object_component id="oc-38a">
         <name>.const:asEntryDesc0x1A00</name>
         <load_address>0xd9e9</load_address>
         <run_address>0xd9e9</run_address>
         <size>0x2a</size>
         <input_file_ref idref="fl-5"/>
      </object_component>
      <object_component id="oc-358">
         <name>.const:.string:aName0x1009</name>
         <load_address>0xda13</load_address>
         <run_address>0xda13</run_address>
         <size>0x1e</size>
         <input_file_ref idref="fl-5"/>
      </object_component>
      <object_component id="oc-35e">
         <name>.const:.string:aName0x100A</name>
         <load_address>0xda31</load_address>
         <run_address>0xda31</run_address>
         <size>0x1e</size>
         <input_file_ref idref="fl-5"/>
      </object_component>
      <object_component id="oc-393">
         <name>.const:.string:aName0x1C12</name>
         <load_address>0xda4f</load_address>
         <run_address>0xda4f</run_address>
         <size>0x1b</size>
         <input_file_ref idref="fl-5"/>
      </object_component>
      <object_component id="oc-399">
         <name>.const:.string:aName0x1C13</name>
         <load_address>0xda6a</load_address>
         <run_address>0xda6a</run_address>
         <size>0x1b</size>
         <input_file_ref idref="fl-5"/>
      </object_component>
      <object_component id="oc-370">
         <name>.const:.string:aName0x10F8</name>
         <load_address>0xda85</load_address>
         <run_address>0xda85</run_address>
         <size>0x13</size>
         <input_file_ref idref="fl-5"/>
      </object_component>
      <object_component id="oc-376">
         <name>.const:.string:aName0x1C00</name>
         <load_address>0xda98</load_address>
         <run_address>0xda98</run_address>
         <size>0x12</size>
         <input_file_ref idref="fl-5"/>
      </object_component>
      <object_component id="oc-349">
         <name>.const</name>
         <load_address>0xdaaa</load_address>
         <run_address>0xdaaa</run_address>
         <size>0x12</size>
         <input_file_ref idref="fl-5"/>
      </object_component>
      <object_component id="oc-328">
         <name>.const:cBitMask</name>
         <load_address>0xdabc</load_address>
         <run_address>0xdabc</run_address>
         <size>0x10</size>
         <input_file_ref idref="fl-c"/>
      </object_component>
      <object_component id="oc-34f">
         <name>.const:.string:aName0x1001</name>
         <load_address>0xdacc</load_address>
         <run_address>0xdacc</run_address>
         <size>0xf</size>
         <input_file_ref idref="fl-5"/>
      </object_component>
      <object_component id="oc-364">
         <name>.const:asEntryDesc0x1018</name>
         <load_address>0xdadb</load_address>
         <run_address>0xdadb</run_address>
         <size>0xf</size>
         <input_file_ref idref="fl-5"/>
      </object_component>
      <object_component id="oc-34c">
         <name>.const:.string:aName0x1000</name>
         <load_address>0xdaea</load_address>
         <run_address>0xdaea</run_address>
         <size>0xc</size>
         <input_file_ref idref="fl-5"/>
      </object_component>
      <object_component id="oc-352">
         <name>.const:.string:aName0x1008</name>
         <load_address>0xdaf6</load_address>
         <run_address>0xdaf6</run_address>
         <size>0xc</size>
         <input_file_ref idref="fl-5"/>
      </object_component>
      <object_component id="oc-36a">
         <name>.const:asEntryDesc0x10F1</name>
         <load_address>0xdb02</load_address>
         <run_address>0xdb02</run_address>
         <size>0x9</size>
         <input_file_ref idref="fl-5"/>
      </object_component>
      <object_component id="oc-3a8">
         <name>.const:asEntryDesc0xF000</name>
         <load_address>0xdb0b</load_address>
         <run_address>0xdb0b</run_address>
         <size>0x9</size>
         <input_file_ref idref="fl-5"/>
      </object_component>
      <object_component id="oc-373">
         <name>.const:asEntryDesc0x1C00</name>
         <load_address>0xdb14</load_address>
         <run_address>0xdb14</run_address>
         <size>0x6</size>
         <input_file_ref idref="fl-5"/>
      </object_component>
      <object_component id="oc-390">
         <name>.const:asEntryDesc0x1C12</name>
         <load_address>0xdb1a</load_address>
         <run_address>0xdb1a</run_address>
         <size>0x6</size>
         <input_file_ref idref="fl-5"/>
      </object_component>
      <object_component id="oc-396">
         <name>.const:asEntryDesc0x1C13</name>
         <load_address>0xdb20</load_address>
         <run_address>0xdb20</run_address>
         <size>0x6</size>
         <input_file_ref idref="fl-5"/>
      </object_component>
      <object_component id="oc-1a2">
         <name>.data</name>
         <load_address>0xc1c0</load_address>
         <run_address>0xc1c0</run_address>
         <size>0x7a</size>
         <input_file_ref idref="fl-4"/>
      </object_component>
      <object_component id="oc-f8">
         <name>.data</name>
         <load_address>0xc240</load_address>
         <run_address>0xc240</run_address>
         <size>0x18</size>
         <input_file_ref idref="fl-5"/>
      </object_component>
      <object_component id="oc-35b">
         <name>.data:acHardwareversion</name>
         <load_address>0xc1ab</load_address>
         <run_address>0xc1ab</run_address>
         <size>0x14</size>
         <input_file_ref idref="fl-5"/>
      </object_component>
      <object_component id="oc-361">
         <name>.data:acSoftwareversion</name>
         <load_address>0xc258</load_address>
         <run_address>0xc258</run_address>
         <size>0x14</size>
         <input_file_ref idref="fl-5"/>
      </object_component>
      <object_component id="oc-355">
         <name>.data:acDevicename</name>
         <load_address>0xc190</load_address>
         <run_address>0xc190</run_address>
         <size>0x1b</size>
         <input_file_ref idref="fl-5"/>
      </object_component>
      <object_component id="oc-1be">
         <name>.data:ApplicationObjDic</name>
         <load_address>0xc0f0</load_address>
         <run_address>0xc0f0</run_address>
         <size>0xa0</size>
         <input_file_ref idref="fl-5"/>
      </object_component>
      <object_component id="oc-1bb">
         <name>.data:GenObjDic</name>
         <load_address>0xc000</load_address>
         <run_address>0xc000</run_address>
         <size>0xf0</size>
         <input_file_ref idref="fl-5"/>
      </object_component>
      <object_component id="oc-f5">
         <name>.data</name>
         <load_address>0xc23a</load_address>
         <run_address>0xc23a</run_address>
         <size>0x6</size>
         <input_file_ref idref="fl-6"/>
      </object_component>
      <object_component id="oc-1e2">
         <name>.data</name>
         <load_address>0xc28a</load_address>
         <run_address>0xc28a</run_address>
         <size>0x2</size>
         <input_file_ref idref="fl-8"/>
      </object_component>
      <object_component id="oc-f2">
         <name>.data</name>
         <load_address>0xc27a</load_address>
         <run_address>0xc27a</run_address>
         <size>0x6</size>
         <input_file_ref idref="fl-c"/>
      </object_component>
      <object_component id="oc-336">
         <name>.data:aSubindexDesc</name>
         <load_address>0xc26c</load_address>
         <run_address>0xc26c</run_address>
         <size>0xd</size>
         <input_file_ref idref="fl-c"/>
      </object_component>
      <object_component id="oc-3c3">
         <name>.data</name>
         <load_address>0xc279</load_address>
         <run_address>0xc279</run_address>
         <size>0x1</size>
         <input_file_ref idref="fl-d"/>
      </object_component>
      <object_component id="oc-31e">
         <name>.data</name>
         <load_address>0xc280</load_address>
         <run_address>0xc280</run_address>
         <size>0x6</size>
         <input_file_ref idref="fl-31"/>
      </object_component>
      <object_component id="oc-321">
         <name>.data:_lock</name>
         <load_address>0xc286</load_address>
         <run_address>0xc286</run_address>
         <size>0x2</size>
         <input_file_ref idref="fl-32"/>
      </object_component>
      <object_component id="oc-3b3">
         <name>.data:_unlock</name>
         <load_address>0xc288</load_address>
         <run_address>0xc288</run_address>
         <size>0x2</size>
         <input_file_ref idref="fl-32"/>
      </object_component>
      <object_component id="oc-3b6">
         <name>.data</name>
         <load_address>0xc1bf</load_address>
         <run_address>0xc1bf</run_address>
         <size>0x1</size>
         <input_file_ref idref="fl-35"/>
      </object_component>
      <object_component id="oc-3b">
         <name>.sysmem</name>
         <uninitialized>true</uninitialized>
         <run_address>0xc800</run_address>
         <size>0x4</size>
         <input_file_ref idref="fl-35"/>
      </object_component>
      <object_component id="oc-4ed">
         <name>.sysmem</name>
         <uninitialized>true</uninitialized>
         <run_address>0xc800</run_address>
         <size>0x0</size>
      </object_component>
      <object_component id="oc-260">
         <name>MSGRAM_CPU1_TO_CPU2</name>
         <uninitialized>true</uninitialized>
         <run_address>0x3a000</run_address>
         <size>0x88</size>
         <input_file_ref idref="fl-18"/>
      </object_component>
      <object_component id="oc-263">
         <name>MSGRAM_CPU2_TO_CPU1</name>
         <uninitialized>true</uninitialized>
         <run_address>0x3b000</run_address>
         <size>0x88</size>
         <input_file_ref idref="fl-18"/>
      </object_component>
      <object_component id="oc-266">
         <name>MSGRAM_CPU_TO_CM</name>
         <uninitialized>true</uninitialized>
         <run_address>0x39000</run_address>
         <size>0x88</size>
         <input_file_ref idref="fl-18"/>
      </object_component>
      <object_component id="oc-269">
         <name>MSGRAM_CM_TO_CPU</name>
         <uninitialized>true</uninitialized>
         <run_address>0x38000</run_address>
         <size>0x88</size>
         <input_file_ref idref="fl-18"/>
      </object_component>
      <object_component id="oc-6e">
         <name>.TI.ramfunc</name>
         <load_address>0x1b0</load_address>
         <run_address>0x1b0</run_address>
         <size>0x4</size>
         <input_file_ref idref="fl-19"/>
      </object_component>
      <object_component id="oc-61">
         <name>.debug_types</name>
         <load_address>0x0</load_address>
         <run_address>0x0</run_address>
         <size>0x15ec</size>
         <input_file_ref idref="fl-2"/>
      </object_component>
      <object_component id="oc-1ac">
         <name>.debug_types</name>
         <load_address>0x15ec</load_address>
         <run_address>0x15ec</run_address>
         <size>0xe06</size>
         <input_file_ref idref="fl-4"/>
      </object_component>
      <object_component id="oc-1ce">
         <name>.debug_types</name>
         <load_address>0x23f2</load_address>
         <run_address>0x23f2</run_address>
         <size>0xc23</size>
         <input_file_ref idref="fl-5"/>
      </object_component>
      <object_component id="oc-ff">
         <name>.debug_types</name>
         <load_address>0x3015</load_address>
         <run_address>0x3015</run_address>
         <size>0x14a</size>
         <input_file_ref idref="fl-6"/>
      </object_component>
      <object_component id="oc-3ce">
         <name>.debug_types</name>
         <load_address>0x315f</load_address>
         <run_address>0x315f</run_address>
         <size>0x8d1</size>
         <input_file_ref idref="fl-7"/>
      </object_component>
      <object_component id="oc-1e9">
         <name>.debug_types</name>
         <load_address>0x3a30</load_address>
         <run_address>0x3a30</run_address>
         <size>0x160</size>
         <input_file_ref idref="fl-8"/>
      </object_component>
      <object_component id="oc-348">
         <name>.debug_types</name>
         <load_address>0x3b90</load_address>
         <run_address>0x3b90</run_address>
         <size>0x97</size>
         <input_file_ref idref="fl-a"/>
      </object_component>
      <object_component id="oc-3cb">
         <name>.debug_types</name>
         <load_address>0x3c27</load_address>
         <run_address>0x3c27</run_address>
         <size>0x186</size>
         <input_file_ref idref="fl-b"/>
      </object_component>
      <object_component id="oc-1ef">
         <name>.debug_types</name>
         <load_address>0x3dad</load_address>
         <run_address>0x3dad</run_address>
         <size>0x1d3</size>
         <input_file_ref idref="fl-c"/>
      </object_component>
      <object_component id="oc-33f">
         <name>.debug_types</name>
         <load_address>0x3f80</load_address>
         <run_address>0x3f80</run_address>
         <size>0x708</size>
         <input_file_ref idref="fl-d"/>
      </object_component>
      <object_component id="oc-119">
         <name>.debug_types</name>
         <load_address>0x4688</load_address>
         <run_address>0x4688</run_address>
         <size>0x1e07</size>
         <input_file_ref idref="fl-e"/>
      </object_component>
      <object_component id="oc-25e">
         <name>.debug_types</name>
         <load_address>0x648f</load_address>
         <run_address>0x648f</run_address>
         <size>0xa2</size>
         <input_file_ref idref="fl-14"/>
      </object_component>
      <object_component id="oc-172">
         <name>.debug_types</name>
         <load_address>0x6531</load_address>
         <run_address>0x6531</run_address>
         <size>0x2af</size>
         <input_file_ref idref="fl-15"/>
      </object_component>
      <object_component id="oc-122">
         <name>.debug_types</name>
         <load_address>0x67e0</load_address>
         <run_address>0x67e0</run_address>
         <size>0x416</size>
         <input_file_ref idref="fl-16"/>
      </object_component>
      <object_component id="oc-14f">
         <name>.debug_types</name>
         <load_address>0x6bf6</load_address>
         <run_address>0x6bf6</run_address>
         <size>0x70</size>
         <input_file_ref idref="fl-17"/>
      </object_component>
      <object_component id="oc-26e">
         <name>.debug_types</name>
         <load_address>0x6c66</load_address>
         <run_address>0x6c66</run_address>
         <size>0x1e3</size>
         <input_file_ref idref="fl-18"/>
      </object_component>
      <object_component id="oc-13d">
         <name>.debug_types</name>
         <load_address>0x6e49</load_address>
         <run_address>0x6e49</run_address>
         <size>0x8b4</size>
         <input_file_ref idref="fl-19"/>
      </object_component>
      <object_component id="oc-b9">
         <name>.debug_types</name>
         <load_address>0x76fd</load_address>
         <run_address>0x76fd</run_address>
         <size>0x2f</size>
         <input_file_ref idref="fl-2b"/>
      </object_component>
      <object_component id="oc-2eb">
         <name>.debug_types</name>
         <load_address>0x0</load_address>
         <run_address>0x0</run_address>
         <size>0x0</size>
         <input_file_ref idref="fl-2c"/>
      </object_component>
      <object_component id="oc-41c">
         <name>.debug_types</name>
         <load_address>0x772c</load_address>
         <run_address>0x772c</run_address>
         <size>0x470</size>
         <input_file_ref idref="fl-2d"/>
      </object_component>
      <object_component id="oc-be">
         <name>.debug_types</name>
         <load_address>0x7b9c</load_address>
         <run_address>0x7b9c</run_address>
         <size>0x10f</size>
         <input_file_ref idref="fl-2e"/>
      </object_component>
      <object_component id="oc-47">
         <name>.debug_types</name>
         <load_address>0x0</load_address>
         <run_address>0x0</run_address>
         <size>0x0</size>
         <input_file_ref idref="fl-2f"/>
      </object_component>
      <object_component id="oc-3f">
         <name>.debug_types</name>
         <load_address>0x7cab</load_address>
         <run_address>0x7cab</run_address>
         <size>0x191</size>
         <input_file_ref idref="fl-30"/>
      </object_component>
      <object_component id="oc-325">
         <name>.debug_types</name>
         <load_address>0x7e3c</load_address>
         <run_address>0x7e3c</run_address>
         <size>0xbf</size>
         <input_file_ref idref="fl-31"/>
      </object_component>
      <object_component id="oc-437">
         <name>.debug_types</name>
         <load_address>0x7efb</load_address>
         <run_address>0x7efb</run_address>
         <size>0x2f</size>
         <input_file_ref idref="fl-32"/>
      </object_component>
      <object_component id="oc-31d">
         <name>.debug_types</name>
         <load_address>0x7f2a</load_address>
         <run_address>0x7f2a</run_address>
         <size>0xe1</size>
         <input_file_ref idref="fl-33"/>
      </object_component>
      <object_component id="oc-446">
         <name>.debug_types</name>
         <load_address>0x0</load_address>
         <run_address>0x0</run_address>
         <size>0x0</size>
         <input_file_ref idref="fl-34"/>
      </object_component>
      <object_component id="oc-b4">
         <name>.debug_types</name>
         <load_address>0x800b</load_address>
         <run_address>0x800b</run_address>
         <size>0x23d</size>
         <input_file_ref idref="fl-35"/>
      </object_component>
      <object_component id="oc-18b">
         <name>.debug_types</name>
         <load_address>0x0</load_address>
         <run_address>0x0</run_address>
         <size>0x0</size>
         <input_file_ref idref="fl-36"/>
      </object_component>
      <object_component id="oc-43f">
         <name>.debug_types</name>
         <load_address>0x0</load_address>
         <run_address>0x0</run_address>
         <size>0x0</size>
         <input_file_ref idref="fl-37"/>
      </object_component>
      <object_component id="oc-4a3">
         <name>.debug_types</name>
         <load_address>0x0</load_address>
         <run_address>0x0</run_address>
         <size>0x0</size>
         <input_file_ref idref="fl-39"/>
      </object_component>
      <object_component id="oc-35">
         <name>.debug_info</name>
         <load_address>0x0</load_address>
         <run_address>0x0</run_address>
         <size>0x16dc</size>
         <input_file_ref idref="fl-2"/>
      </object_component>
      <object_component id="oc-2f">
         <name>.debug_info</name>
         <load_address>0x16dc</load_address>
         <run_address>0x16dc</run_address>
         <size>0x252</size>
         <input_file_ref idref="fl-2"/>
      </object_component>
      <object_component id="oc-2b">
         <name>.debug_info</name>
         <load_address>0x192e</load_address>
         <run_address>0x192e</run_address>
         <size>0xfc</size>
         <input_file_ref idref="fl-3"/>
      </object_component>
      <object_component id="oc-56">
         <name>.debug_info</name>
         <load_address>0x1a2a</load_address>
         <run_address>0x1a2a</run_address>
         <size>0xfd</size>
         <input_file_ref idref="fl-3"/>
      </object_component>
      <object_component id="oc-1a3">
         <name>.debug_info</name>
         <load_address>0x1b27</load_address>
         <run_address>0x1b27</run_address>
         <size>0x29e</size>
         <input_file_ref idref="fl-4"/>
      </object_component>
      <object_component id="oc-d0">
         <name>.debug_info</name>
         <load_address>0x1dc5</load_address>
         <run_address>0x1dc5</run_address>
         <size>0x8ea</size>
         <input_file_ref idref="fl-4"/>
      </object_component>
      <object_component id="oc-f9">
         <name>.debug_info</name>
         <load_address>0x26af</load_address>
         <run_address>0x26af</run_address>
         <size>0x1da</size>
         <input_file_ref idref="fl-5"/>
      </object_component>
      <object_component id="oc-fc">
         <name>.debug_info</name>
         <load_address>0x2889</load_address>
         <run_address>0x2889</run_address>
         <size>0x13e</size>
         <input_file_ref idref="fl-5"/>
      </object_component>
      <object_component id="oc-34a">
         <name>.debug_info</name>
         <load_address>0x29c7</load_address>
         <run_address>0x29c7</run_address>
         <size>0x201</size>
         <input_file_ref idref="fl-5"/>
      </object_component>
      <object_component id="oc-391">
         <name>.debug_info</name>
         <load_address>0x2bc8</load_address>
         <run_address>0x2bc8</run_address>
         <size>0xfe</size>
         <input_file_ref idref="fl-5"/>
      </object_component>
      <object_component id="oc-397">
         <name>.debug_info</name>
         <load_address>0x2cc6</load_address>
         <run_address>0x2cc6</run_address>
         <size>0xff</size>
         <input_file_ref idref="fl-5"/>
      </object_component>
      <object_component id="oc-374">
         <name>.debug_info</name>
         <load_address>0x2dc5</load_address>
         <run_address>0x2dc5</run_address>
         <size>0xff</size>
         <input_file_ref idref="fl-5"/>
      </object_component>
      <object_component id="oc-3a9">
         <name>.debug_info</name>
         <load_address>0x2ec4</load_address>
         <run_address>0x2ec4</run_address>
         <size>0xff</size>
         <input_file_ref idref="fl-5"/>
      </object_component>
      <object_component id="oc-36b">
         <name>.debug_info</name>
         <load_address>0x2fc3</load_address>
         <run_address>0x2fc3</run_address>
         <size>0xff</size>
         <input_file_ref idref="fl-5"/>
      </object_component>
      <object_component id="oc-34d">
         <name>.debug_info</name>
         <load_address>0x30c2</load_address>
         <run_address>0x30c2</run_address>
         <size>0xf2</size>
         <input_file_ref idref="fl-5"/>
      </object_component>
      <object_component id="oc-353">
         <name>.debug_info</name>
         <load_address>0x31b4</load_address>
         <run_address>0x31b4</run_address>
         <size>0xf2</size>
         <input_file_ref idref="fl-5"/>
      </object_component>
      <object_component id="oc-350">
         <name>.debug_info</name>
         <load_address>0x32a6</load_address>
         <run_address>0x32a6</run_address>
         <size>0xf2</size>
         <input_file_ref idref="fl-5"/>
      </object_component>
      <object_component id="oc-365">
         <name>.debug_info</name>
         <load_address>0x3398</load_address>
         <run_address>0x3398</run_address>
         <size>0xff</size>
         <input_file_ref idref="fl-5"/>
      </object_component>
      <object_component id="oc-377">
         <name>.debug_info</name>
         <load_address>0x3497</load_address>
         <run_address>0x3497</run_address>
         <size>0xf3</size>
         <input_file_ref idref="fl-5"/>
      </object_component>
      <object_component id="oc-371">
         <name>.debug_info</name>
         <load_address>0x358a</load_address>
         <run_address>0x358a</run_address>
         <size>0xf3</size>
         <input_file_ref idref="fl-5"/>
      </object_component>
      <object_component id="oc-35c">
         <name>.debug_info</name>
         <load_address>0x367d</load_address>
         <run_address>0x367d</run_address>
         <size>0xfe</size>
         <input_file_ref idref="fl-5"/>
      </object_component>
      <object_component id="oc-362">
         <name>.debug_info</name>
         <load_address>0x377b</load_address>
         <run_address>0x377b</run_address>
         <size>0xfe</size>
         <input_file_ref idref="fl-5"/>
      </object_component>
      <object_component id="oc-394">
         <name>.debug_info</name>
         <load_address>0x3879</load_address>
         <run_address>0x3879</run_address>
         <size>0xf2</size>
         <input_file_ref idref="fl-5"/>
      </object_component>
      <object_component id="oc-39a">
         <name>.debug_info</name>
         <load_address>0x396b</load_address>
         <run_address>0x396b</run_address>
         <size>0xf3</size>
         <input_file_ref idref="fl-5"/>
      </object_component>
      <object_component id="oc-356">
         <name>.debug_info</name>
         <load_address>0x3a5e</load_address>
         <run_address>0x3a5e</run_address>
         <size>0xf4</size>
         <input_file_ref idref="fl-5"/>
      </object_component>
      <object_component id="oc-359">
         <name>.debug_info</name>
         <load_address>0x3b52</load_address>
         <run_address>0x3b52</run_address>
         <size>0xf2</size>
         <input_file_ref idref="fl-5"/>
      </object_component>
      <object_component id="oc-35f">
         <name>.debug_info</name>
         <load_address>0x3c44</load_address>
         <run_address>0x3c44</run_address>
         <size>0xf2</size>
         <input_file_ref idref="fl-5"/>
      </object_component>
      <object_component id="oc-38b">
         <name>.debug_info</name>
         <load_address>0x3d36</load_address>
         <run_address>0x3d36</run_address>
         <size>0xfe</size>
         <input_file_ref idref="fl-5"/>
      </object_component>
      <object_component id="oc-385">
         <name>.debug_info</name>
         <load_address>0x3e34</load_address>
         <run_address>0x3e34</run_address>
         <size>0xfe</size>
         <input_file_ref idref="fl-5"/>
      </object_component>
      <object_component id="oc-39d">
         <name>.debug_info</name>
         <load_address>0x3f32</load_address>
         <run_address>0x3f32</run_address>
         <size>0xff</size>
         <input_file_ref idref="fl-5"/>
      </object_component>
      <object_component id="oc-3a3">
         <name>.debug_info</name>
         <load_address>0x4031</load_address>
         <run_address>0x4031</run_address>
         <size>0xff</size>
         <input_file_ref idref="fl-5"/>
      </object_component>
      <object_component id="oc-36e">
         <name>.debug_info</name>
         <load_address>0x4130</load_address>
         <run_address>0x4130</run_address>
         <size>0xf3</size>
         <input_file_ref idref="fl-5"/>
      </object_component>
      <object_component id="oc-3ac">
         <name>.debug_info</name>
         <load_address>0x4223</load_address>
         <run_address>0x4223</run_address>
         <size>0xf3</size>
         <input_file_ref idref="fl-5"/>
      </object_component>
      <object_component id="oc-368">
         <name>.debug_info</name>
         <load_address>0x4316</load_address>
         <run_address>0x4316</run_address>
         <size>0xf3</size>
         <input_file_ref idref="fl-5"/>
      </object_component>
      <object_component id="oc-37a">
         <name>.debug_info</name>
         <load_address>0x4409</load_address>
         <run_address>0x4409</run_address>
         <size>0xff</size>
         <input_file_ref idref="fl-5"/>
      </object_component>
      <object_component id="oc-3a6">
         <name>.debug_info</name>
         <load_address>0x4508</load_address>
         <run_address>0x4508</run_address>
         <size>0xf3</size>
         <input_file_ref idref="fl-5"/>
      </object_component>
      <object_component id="oc-1bf">
         <name>.debug_info</name>
         <load_address>0x45fb</load_address>
         <run_address>0x45fb</run_address>
         <size>0xff</size>
         <input_file_ref idref="fl-5"/>
      </object_component>
      <object_component id="oc-3a0">
         <name>.debug_info</name>
         <load_address>0x46fa</load_address>
         <run_address>0x46fa</run_address>
         <size>0xf3</size>
         <input_file_ref idref="fl-5"/>
      </object_component>
      <object_component id="oc-38e">
         <name>.debug_info</name>
         <load_address>0x47ed</load_address>
         <run_address>0x47ed</run_address>
         <size>0xf2</size>
         <input_file_ref idref="fl-5"/>
      </object_component>
      <object_component id="oc-388">
         <name>.debug_info</name>
         <load_address>0x48df</load_address>
         <run_address>0x48df</run_address>
         <size>0xf2</size>
         <input_file_ref idref="fl-5"/>
      </object_component>
      <object_component id="oc-1bc">
         <name>.debug_info</name>
         <load_address>0x49d1</load_address>
         <run_address>0x49d1</run_address>
         <size>0xef</size>
         <input_file_ref idref="fl-5"/>
      </object_component>
      <object_component id="oc-380">
         <name>.debug_info</name>
         <load_address>0x4ac0</load_address>
         <run_address>0x4ac0</run_address>
         <size>0xf3</size>
         <input_file_ref idref="fl-5"/>
      </object_component>
      <object_component id="oc-37d">
         <name>.debug_info</name>
         <load_address>0x4bb3</load_address>
         <run_address>0x4bb3</run_address>
         <size>0xf3</size>
         <input_file_ref idref="fl-5"/>
      </object_component>
      <object_component id="oc-d7">
         <name>.debug_info</name>
         <load_address>0x4ca6</load_address>
         <run_address>0x4ca6</run_address>
         <size>0x835</size>
         <input_file_ref idref="fl-5"/>
      </object_component>
      <object_component id="oc-ea">
         <name>.debug_info</name>
         <load_address>0x54db</load_address>
         <run_address>0x54db</run_address>
         <size>0x397</size>
         <input_file_ref idref="fl-6"/>
      </object_component>
      <object_component id="oc-f6">
         <name>.debug_info</name>
         <load_address>0x5872</load_address>
         <run_address>0x5872</run_address>
         <size>0xf7</size>
         <input_file_ref idref="fl-6"/>
      </object_component>
      <object_component id="oc-dc">
         <name>.debug_info</name>
         <load_address>0x5969</load_address>
         <run_address>0x5969</run_address>
         <size>0xf7</size>
         <input_file_ref idref="fl-6"/>
      </object_component>
      <object_component id="oc-cd">
         <name>.debug_info</name>
         <load_address>0x5a60</load_address>
         <run_address>0x5a60</run_address>
         <size>0xf5</size>
         <input_file_ref idref="fl-6"/>
      </object_component>
      <object_component id="oc-5d">
         <name>.debug_info</name>
         <load_address>0x5b55</load_address>
         <run_address>0x5b55</run_address>
         <size>0xb7f</size>
         <input_file_ref idref="fl-6"/>
      </object_component>
      <object_component id="oc-3c1">
         <name>.debug_info</name>
         <load_address>0x66d4</load_address>
         <run_address>0x66d4</run_address>
         <size>0xf8</size>
         <input_file_ref idref="fl-7"/>
      </object_component>
      <object_component id="oc-1e0">
         <name>.debug_info</name>
         <load_address>0x67cc</load_address>
         <run_address>0x67cc</run_address>
         <size>0x288</size>
         <input_file_ref idref="fl-7"/>
      </object_component>
      <object_component id="oc-f0">
         <name>.debug_info</name>
         <load_address>0x6a54</load_address>
         <run_address>0x6a54</run_address>
         <size>0x8b0</size>
         <input_file_ref idref="fl-8"/>
      </object_component>
      <object_component id="oc-1e3">
         <name>.debug_info</name>
         <load_address>0x7304</load_address>
         <run_address>0x7304</run_address>
         <size>0x11c</size>
         <input_file_ref idref="fl-8"/>
      </object_component>
      <object_component id="oc-e0">
         <name>.debug_info</name>
         <load_address>0x7420</load_address>
         <run_address>0x7420</run_address>
         <size>0x18ca</size>
         <input_file_ref idref="fl-8"/>
      </object_component>
      <object_component id="oc-1b6">
         <name>.debug_info</name>
         <load_address>0x8cea</load_address>
         <run_address>0x8cea</run_address>
         <size>0x3c4</size>
         <input_file_ref idref="fl-a"/>
      </object_component>
      <object_component id="oc-1e6">
         <name>.debug_info</name>
         <load_address>0x90ae</load_address>
         <run_address>0x90ae</run_address>
         <size>0x452</size>
         <input_file_ref idref="fl-b"/>
      </object_component>
      <object_component id="oc-1d5">
         <name>.debug_info</name>
         <load_address>0x9500</load_address>
         <run_address>0x9500</run_address>
         <size>0xc19</size>
         <input_file_ref idref="fl-b"/>
      </object_component>
      <object_component id="oc-ed">
         <name>.debug_info</name>
         <load_address>0xa119</load_address>
         <run_address>0xa119</run_address>
         <size>0x17d</size>
         <input_file_ref idref="fl-c"/>
      </object_component>
      <object_component id="oc-f3">
         <name>.debug_info</name>
         <load_address>0xa296</load_address>
         <run_address>0xa296</run_address>
         <size>0xf8</size>
         <input_file_ref idref="fl-c"/>
      </object_component>
      <object_component id="oc-337">
         <name>.debug_info</name>
         <load_address>0xa38e</load_address>
         <run_address>0xa38e</run_address>
         <size>0xf6</size>
         <input_file_ref idref="fl-c"/>
      </object_component>
      <object_component id="oc-329">
         <name>.debug_info</name>
         <load_address>0xa484</load_address>
         <run_address>0xa484</run_address>
         <size>0xeb</size>
         <input_file_ref idref="fl-c"/>
      </object_component>
      <object_component id="oc-1a8">
         <name>.debug_info</name>
         <load_address>0xa56f</load_address>
         <run_address>0xa56f</run_address>
         <size>0x1146</size>
         <input_file_ref idref="fl-c"/>
      </object_component>
      <object_component id="oc-1ae">
         <name>.debug_info</name>
         <load_address>0xb6b5</load_address>
         <run_address>0xb6b5</run_address>
         <size>0x4e3</size>
         <input_file_ref idref="fl-d"/>
      </object_component>
      <object_component id="oc-3c4">
         <name>.debug_info</name>
         <load_address>0xbb98</load_address>
         <run_address>0xbb98</run_address>
         <size>0xf0</size>
         <input_file_ref idref="fl-d"/>
      </object_component>
      <object_component id="oc-3be">
         <name>.debug_info</name>
         <load_address>0xbc88</load_address>
         <run_address>0xbc88</run_address>
         <size>0xf9</size>
         <input_file_ref idref="fl-d"/>
      </object_component>
      <object_component id="oc-3bb">
         <name>.debug_info</name>
         <load_address>0xbd81</load_address>
         <run_address>0xbd81</run_address>
         <size>0xf0</size>
         <input_file_ref idref="fl-d"/>
      </object_component>
      <object_component id="oc-1ca">
         <name>.debug_info</name>
         <load_address>0xbe71</load_address>
         <run_address>0xbe71</run_address>
         <size>0xb7e</size>
         <input_file_ref idref="fl-d"/>
      </object_component>
      <object_component id="oc-65">
         <name>.debug_info</name>
         <load_address>0xc9ef</load_address>
         <run_address>0xc9ef</run_address>
         <size>0x10fe</size>
         <input_file_ref idref="fl-e"/>
      </object_component>
      <object_component id="oc-201">
         <name>.debug_info</name>
         <load_address>0xdaed</load_address>
         <run_address>0xdaed</run_address>
         <size>0x1c7</size>
         <input_file_ref idref="fl-14"/>
      </object_component>
      <object_component id="oc-24f">
         <name>.debug_info</name>
         <load_address>0xdcb4</load_address>
         <run_address>0xdcb4</run_address>
         <size>0x1e5</size>
         <input_file_ref idref="fl-14"/>
      </object_component>
      <object_component id="oc-219">
         <name>.debug_info</name>
         <load_address>0xde99</load_address>
         <run_address>0xde99</run_address>
         <size>0x1e7</size>
         <input_file_ref idref="fl-14"/>
      </object_component>
      <object_component id="oc-242">
         <name>.debug_info</name>
[...]
         <object_component_ref idref="oc-328"/>
      </symbol>
      <symbol id="sm-517">
         <name>OBJ_GetObjDesc</name>
         <value>0x90c0</value>
         <object_component_ref idref="oc-1a5"/>
      </symbol>
      <symbol id="sm-518">
         <name>OBJ_GetObjectList</name>
         <value>0x8fde</value>
         <object_component_ref idref="oc-1a5"/>
      </symbol>
      <symbol id="sm-519">
         <name>OBJ_CopyNumberToString</name>
         <value>0x90f4</value>
         <object_component_ref idref="oc-1a5"/>
      </symbol>
      <symbol id="sm-51a">
         <name>OBJ_GetNoOfObjects</name>
         <value>0x90c2</value>
         <object_component_ref idref="oc-1a5"/>
      </symbol>
      <symbol id="sm-51b">
         <name>OBJ_GetEntryDesc</name>
         <value>0x8a0a</value>
         <object_component_ref idref="oc-1a5"/>
      </symbol>
      <symbol id="sm-51c">
         <name>OBJ_Read</name>
         <value>0x8dc4</value>
         <object_component_ref idref="oc-1a5"/>
      </symbol>
      <symbol id="sm-51d">
         <name>OBJ_GetObjectHandle</name>
         <value>0x90b0</value>
         <object_component_ref idref="oc-1a5"/>
      </symbol>
      <symbol id="sm-51e">
         <name>aSubindexDesc</name>
         <value>0xc26c</value>
         <object_component_ref idref="oc-336"/>
      </symbol>
      <symbol id="sm-51f">
         <name>OBJ_GetEntryOffset</name>
         <value>0x8a2a</value>
         <object_component_ref idref="oc-1a5"/>
      </symbol>
      <symbol id="sm-520">
         <name>OBJ_GetObjectLength</name>
         <value>0x9037</value>
         <object_component_ref idref="oc-1a5"/>
      </symbol>
      <symbol id="sm-521">
         <name>OBJ_GetDesc</name>
         <value>0x910c</value>
         <object_component_ref idref="oc-1a5"/>
      </symbol>
      <symbol id="sm-522">
         <name>sErrorSettings</name>
         <value>0xc27a</value>
         <object_component_ref idref="oc-f2"/>
      </symbol>
      <symbol id="sm-523">
         <name>sSyncManOutPar</name>
         <value>0x8002</value>
         <object_component_ref idref="oc-ec"/>
      </symbol>
      <symbol id="sm-524">
         <name>OBJ_Write</name>
         <value>0x8b42</value>
         <object_component_ref idref="oc-1a5"/>
      </symbol>
      <symbol id="sm-5b9">
         <name>bSdoInWork</name>
         <value>0xc279</value>
         <object_component_ref idref="oc-3c3"/>
      </symbol>
      <symbol id="sm-5ba">
         <name>SDOS_ClearPendingResponse</name>
         <value>0xcf4f</value>
         <object_component_ref idref="oc-1c7"/>
      </symbol>
      <symbol id="sm-5bb">
         <name>nSdoInfoFragmentsLeft</name>
         <value>0x8066</value>
         <object_component_ref idref="oc-1ad"/>
      </symbol>
      <symbol id="sm-5bc">
         <name>u16StoreIndex</name>
         <value>0x8065</value>
         <object_component_ref idref="oc-1ad"/>
      </symbol>
      <symbol id="sm-5bd">
         <name>nSdoSegSubindex</name>
         <value>0x806c</value>
         <object_component_ref idref="oc-1ad"/>
      </symbol>
      <symbol id="sm-5be">
         <name>bStoreCompleteAccess</name>
         <value>0x8063</value>
         <object_component_ref idref="oc-1ad"/>
      </symbol>
      <symbol id="sm-5bf">
         <name>u8StoreSubindex</name>
         <value>0x8064</value>
         <object_component_ref idref="oc-1ad"/>
      </symbol>
      <symbol id="sm-5c0">
         <name>SDOS_SdoRes</name>
         <value>0xca5c</value>
         <object_component_ref idref="oc-1c7"/>
      </symbol>
      <symbol id="sm-5c1">
         <name>nSdoSegBytesToHandle</name>
         <value>0x807a</value>
         <object_component_ref idref="oc-1ad"/>
      </symbol>
      <symbol id="sm-5c2">
         <name>pStoreData</name>
         <value>0x8070</value>
         <object_component_ref idref="oc-1ad"/>
      </symbol>
      <symbol id="sm-5c3">
         <name>bSdoSegFollows</name>
         <value>0x8069</value>
         <object_component_ref idref="oc-1ad"/>
      </symbol>
      <symbol id="sm-5c4">
         <name>bSdoSegLastToggle</name>
         <value>0x806d</value>
         <object_component_ref idref="oc-1ad"/>
      </symbol>
      <symbol id="sm-5c5">
         <name>SDOS_SdoInfoInd</name>
         <value>0xcaba</value>
         <object_component_ref idref="oc-1c7"/>
      </symbol>
      <symbol id="sm-5c6">
         <name>cAbortCode</name>
         <value>0xd980</value>
         <object_component_ref idref="oc-3ba"/>
      </symbol>
      <symbol id="sm-5c7">
         <name>pSdoResStored</name>
         <value>0x8078</value>
         <object_component_ref idref="oc-1ad"/>
      </symbol>
      <symbol id="sm-5c8">
         <name>SDOS_SdoInd</name>
         <value>0xcd88</value>
         <object_component_ref idref="oc-1c7"/>
      </symbol>
      <symbol id="sm-5c9">
         <name>bSdoSegAccess</name>
         <value>0x806a</value>
         <object_component_ref idref="oc-1ad"/>
      </symbol>
      <symbol id="sm-5ca">
         <name>nSdoInfoIndex</name>
         <value>0x8067</value>
         <object_component_ref idref="oc-1ad"/>
      </symbol>
      <symbol id="sm-5cb">
         <name>pSdoPendFunc</name>
         <value>0x8072</value>
         <object_component_ref idref="oc-1ad"/>
      </symbol>
      <symbol id="sm-5cc">
         <name>nSdoSegCompleteSize</name>
         <value>0x807c</value>
         <object_component_ref idref="oc-1ad"/>
      </symbol>
      <symbol id="sm-5cd">
         <name>pSdoSegObjEntry</name>
         <value>0x807e</value>
         <object_component_ref idref="oc-1ad"/>
      </symbol>
      <symbol id="sm-5ce">
         <name>pSdoInfoObjEntry</name>
         <value>0x8076</value>
         <object_component_ref idref="oc-1ad"/>
      </symbol>
      <symbol id="sm-5cf">
         <name>nSdoSegIndex</name>
         <value>0x806b</value>
         <object_component_ref idref="oc-1ad"/>
      </symbol>
      <symbol id="sm-5d0">
         <name>u8PendingSdo</name>
         <value>0x8062</value>
         <object_component_ref idref="oc-1ad"/>
      </symbol>
      <symbol id="sm-5d1">
         <name>SdoRes</name>
         <value>0xca00</value>
         <object_component_ref idref="oc-1c7"/>
      </symbol>
      <symbol id="sm-5d2">
         <name>nSdoSegService</name>
         <value>0x8068</value>
         <object_component_ref idref="oc-1ad"/>
      </symbol>
      <symbol id="sm-5d3">
         <name>pSdoSegData</name>
         <value>0x8074</value>
         <object_component_ref idref="oc-1ad"/>
      </symbol>
      <symbol id="sm-5d4">
         <name>u32StoreDataSize</name>
         <value>0x806e</value>
         <object_component_ref idref="oc-1ad"/>
      </symbol>
      <symbol id="sm-5d5">
         <name>aSdoInfoHeader</name>
         <value>0x8160</value>
         <object_component_ref idref="oc-3bd"/>
      </symbol>
      <symbol id="sm-5e8">
         <name>Device_enableAllPeripherals</name>
         <value>0x9a90</value>
         <object_component_ref idref="oc-62"/>
      </symbol>
      <symbol id="sm-5e9">
         <name>Device_verifyXTAL</name>
         <value>0x9a38</value>
         <object_component_ref idref="oc-62"/>
      </symbol>
      <symbol id="sm-5ea">
         <name>Device_initGPIO</name>
         <value>0x9a72</value>
         <object_component_ref idref="oc-62"/>
      </symbol>
      <symbol id="sm-5eb">
         <name>Device_bootCPU2</name>
         <value>0x9c3c</value>
         <object_component_ref idref="oc-62"/>
      </symbol>
      <symbol id="sm-5ec">
         <name>Device_init</name>
         <value>0x9bf7</value>
         <object_component_ref idref="oc-62"/>
      </symbol>
      <symbol id="sm-5ed">
         <name>Device_bootCM</name>
         <value>0x9c51</value>
         <object_component_ref idref="oc-62"/>
      </symbol>
      <symbol id="sm-5ee">
         <name>Device_enableUnbondedGPIOPullups</name>
         <value>0x9a67</value>
         <object_component_ref idref="oc-62"/>
      </symbol>
      <symbol id="sm-5ef">
         <name>__error__</name>
         <value>0x9a1c</value>
         <object_component_ref idref="oc-62"/>
      </symbol>
      <symbol id="sm-5f0">
         <name>Device_enableUnbondedGPIOPullupsFor176Pin</name>
         <value>0x9a54</value>
         <object_component_ref idref="oc-62"/>
      </symbol>
      <symbol id="sm-69a">
         <name>DCC_verifyClockFrequency</name>
         <value>0xa1ab</value>
         <object_component_ref idref="oc-103"/>
      </symbol>
      <symbol id="sm-6e5">
         <name>ESCSS_configureEEPROMSize</name>
         <value>0xa806</value>
         <object_component_ref idref="oc-9f"/>
      </symbol>
      <symbol id="sm-6e6">
         <name>ESCSS_configureSync0Connections</name>
         <value>0xa5a5</value>
         <object_component_ref idref="oc-a5"/>
      </symbol>
      <symbol id="sm-6e7">
         <name>ESCSS_configureSync1Connections</name>
         <value>0xa5dd</value>
         <object_component_ref idref="oc-ab"/>
      </symbol>
      <symbol id="sm-721">
         <name>GPIO_setQualificationMode</name>
         <value>0xa615</value>
         <object_component_ref idref="oc-81"/>
      </symbol>
      <symbol id="sm-722">
         <name>GPIO_setPadConfig</name>
         <value>0xa48c</value>
         <object_component_ref idref="oc-87"/>
      </symbol>
      <symbol id="sm-723">
         <name>GPIO_setDirectionMode</name>
         <value>0xa6b8</value>
         <object_component_ref idref="oc-68"/>
      </symbol>
      <symbol id="sm-724">
         <name>GPIO_setPinConfig</name>
         <value>0xa64d</value>
         <object_component_ref idref="oc-7b"/>
      </symbol>
      <symbol id="sm-776">
         <name>Interrupt_initModule</name>
         <value>0xa568</value>
         <object_component_ref idref="oc-8d"/>
      </symbol>
      <symbol id="sm-777">
         <name>Interrupt_enable</name>
         <value>0xa684</value>
         <object_component_ref idref="oc-99"/>
      </symbol>
      <symbol id="sm-778">
         <name>Interrupt_initVectorTable</name>
         <value>0xa8e7</value>
         <object_component_ref idref="oc-93"/>
      </symbol>
      <symbol id="sm-797">
         <name>IPC_CPU_To_CM_GetBuffer</name>
         <value>0x38000</value>
         <object_component_ref idref="oc-269"/>
      </symbol>
      <symbol id="sm-798">
         <name>IPC_CPU1_To_CPU2_GetBuffer</name>
         <value>0x3b000</value>
         <object_component_ref idref="oc-263"/>
      </symbol>
      <symbol id="sm-799">
         <name>IPC_CPU1_To_CPU2_PutBuffer</name>
         <value>0x3a000</value>
         <object_component_ref idref="oc-260"/>
      </symbol>
      <symbol id="sm-79a">
         <name>IPC_CPU_To_CM_PutBuffer</name>
         <value>0x39000</value>
         <object_component_ref idref="oc-266"/>
      </symbol>
      <symbol id="sm-79b">
         <name>IPC_Instance</name>
         <value>0xd750</value>
         <object_component_ref idref="oc-10f"/>
      </symbol>
      <symbol id="sm-8d7">
         <name>SysCtl_controlCPU2Reset</name>
         <value>0xa84a</value>
         <object_component_ref idref="oc-109"/>
      </symbol>
      <symbol id="sm-8d8">
         <name>SysCtl_isPLLValid</name>
         <value>0xa09b</value>
         <object_component_ref idref="oc-136"/>
      </symbol>
      <symbol id="sm-8d9">
         <name>SysCtl_delay</name>
         <value>0x1b0</value>
         <object_component_ref idref="oc-6e"/>
      </symbol>
      <symbol id="sm-8da">
         <name>SysCtl_selectXTALSingleEnded</name>
         <value>0xa9c9</value>
         <object_component_ref idref="oc-284"/>
      </symbol>
      <symbol id="sm-8db">
         <name>SysCtl_selectXTAL</name>
         <value>0xa7e2</value>
         <object_component_ref idref="oc-27e"/>
      </symbol>
      <symbol id="sm-8dc">
         <name>SysCtl_selectOscSource</name>
         <value>0xcf87</value>
         <object_component_ref idref="oc-12a"/>
      </symbol>
      <symbol id="sm-8dd">
         <name>SysCtl_controlCMReset</name>
         <value>0xa7bd</value>
         <object_component_ref idref="oc-112"/>
      </symbol>
      <symbol id="sm-8de">
         <name>SysCtl_setClock</name>
         <value>0x9e4c</value>
         <object_component_ref idref="oc-6f"/>
      </symbol>
      <symbol id="sm-8df">
         <name>SysCtl_selectOscSourceAuxPLL</name>
         <value>0xa4de</value>
         <object_component_ref idref="oc-13e"/>
      </symbol>
      <symbol id="sm-8e0">
         <name>SysCtl_setAuxClock</name>
         <value>0x9f84</value>
         <object_component_ref idref="oc-75"/>
      </symbol>
      <symbol id="sm-8ea">
         <name>_c_int00</name>
         <value>0xa9e3</value>
         <object_component_ref idref="oc-c6"/>
      </symbol>
      <symbol id="sm-8eb">
         <name>__stack</name>
         <value>0xdb26</value>
         <object_component_ref idref="oc-3a"/>
      </symbol>
      <symbol id="sm-8f8">
         <name>__c28xabi_divf</name>
         <value>0xa310</value>
         <object_component_ref idref="oc-204"/>
      </symbol>
      <symbol id="sm-900">
         <name>__c28xabi_orll</name>
         <value>0xaa04</value>
         <object_component_ref idref="oc-1b0"/>
      </symbol>
      <symbol id="sm-901">
         <name>__c28xabi_xorll</name>
         <value>0xaa0c</value>
         <object_component_ref idref="oc-1b0"/>
      </symbol>
      <symbol id="sm-902">
         <name>__c28xabi_andll</name>
         <value>0xa9fc</value>
         <object_component_ref idref="oc-1b0"/>
      </symbol>
      <symbol id="sm-90c">
         <name>__c28xabi_cmpll</name>
         <value>0xa905</value>
         <object_component_ref idref="oc-e4"/>
      </symbol>
      <symbol id="sm-90d">
         <name>__c28xabi_cmpull</name>
         <value>0xa917</value>
         <object_component_ref idref="oc-e4"/>
      </symbol>
      <symbol id="sm-917">
         <name>__c28xabi_modi</name>
         <value>0xa839</value>
         <object_component_ref idref="oc-1d7"/>
      </symbol>
      <symbol id="sm-918">
         <name>__c28xabi_divi</name>
         <value>0xa828</value>
         <object_component_ref idref="oc-1d7"/>
      </symbol>
      <symbol id="sm-920">
         <name>__c28xabi_modu</name>
         <value>0xac01</value>
         <object_component_ref idref="oc-32b"/>
      </symbol>
      <symbol id="sm-921">
         <name>__c28xabi_divu</name>
         <value>0xabfc</value>
         <object_component_ref idref="oc-32b"/>
      </symbol>
      <symbol id="sm-933">
         <name>memcpy</name>
         <value>0xa95d</value>
         <object_component_ref idref="oc-40"/>
      </symbol>
      <symbol id="sm-940">
         <name>_system_pre_init</name>
         <value>0xac3a</value>
         <object_component_ref idref="oc-18c"/>
      </symbol>
      <symbol id="sm-94f">
         <name>__TI_auto_init_nobinit_nopinit</name>
         <value>0xa71a</value>
         <object_component_ref idref="oc-2ec"/>
      </symbol>
      <symbol id="sm-95e">
         <name>__TI_zero_init_nomemset</name>
         <value>0xabc1</value>
         <object_component_ref idref="oc-48"/>
      </symbol>
      <symbol id="sm-96b">
         <name>__TI_decompress_none</name>
         <value>0xac10</value>
         <object_component_ref idref="oc-22"/>
      </symbol>
      <symbol id="sm-97f">
         <name>__TI_decompress_lzss</name>
         <value>0xa6e9</value>
         <object_component_ref idref="oc-1c"/>
      </symbol>
      <symbol id="sm-995">
         <name>C$$EXIT</name>
         <value>0xa76f</value>
         <object_component_ref idref="oc-199"/>
      </symbol>
      <symbol id="sm-996">
         <name>abort</name>
         <value>0xa76f</value>
         <object_component_ref idref="oc-199"/>
      </symbol>
      <symbol id="sm-997">
         <name>exit</name>
         <value>0xa771</value>
         <object_component_ref idref="oc-199"/>
      </symbol>
      <symbol id="sm-998">
         <name>__TI_dtors_ptr</name>
         <value>0xc284</value>
         <object_component_ref idref="oc-31e"/>
      </symbol>
      <symbol id="sm-999">
         <name>__TI_cleanup_ptr</name>
         <value>0xc282</value>
         <object_component_ref idref="oc-31e"/>
      </symbol>
      <symbol id="sm-99a">
         <name>__TI_enable_exit_profile_output</name>
         <value>0xc280</value>
         <object_component_ref idref="oc-31e"/>
      </symbol>
      <symbol id="sm-9b1">
         <name>_nop</name>
         <value>0xac0f</value>
         <object_component_ref idref="oc-42f"/>
      </symbol>
      <symbol id="sm-9b2">
         <name>_lock</name>
         <value>0xc286</value>
         <object_component_ref idref="oc-321"/>
      </symbol>
      <symbol id="sm-9b3">
         <name>_unlock</name>
         <value>0xc288</value>
         <object_component_ref idref="oc-3b3"/>
      </symbol>
      <symbol id="sm-9b4">
         <name>_register_lock</name>
         <value>0xac0b</value>
         <object_component_ref idref="oc-42f"/>
      </symbol>
      <symbol id="sm-9b5">
         <name>_register_unlock</name>
         <value>0xac07</value>
         <object_component_ref idref="oc-42f"/>
      </symbol>
      <symbol id="sm-9c4">
         <name>_args_main</name>
         <value>0xabda</value>
         <object_component_ref idref="oc-193"/>
      </symbol>
      <symbol id="sm-9d3">
         <name>memcmp</name>
         <value>0xab58</value>
         <object_component_ref idref="oc-341"/>
      </symbol>
      <symbol id="sm-a3a">
         <name>_sys_memory</name>
         <value>0xc800</value>
         <object_component_ref idref="oc-3b"/>
      </symbol>
      <symbol id="sm-a3b">
         <name>free</name>
         <value>0x97af</value>
         <object_component_ref idref="oc-1c1"/>
      </symbol>
      <symbol id="sm-a3c">
         <name>__TI_heap_total_available</name>
         <value>0x99dc</value>
         <object_component_ref idref="oc-1c1"/>
      </symbol>
      <symbol id="sm-a3d">
         <name>__TI_heap_largest_available</name>
         <value>0x99fb</value>
         <object_component_ref idref="oc-1c1"/>
      </symbol>
      <symbol id="sm-a3e">
         <name>realloc</name>
         <value>0x9879</value>
         <object_component_ref idref="oc-1c1"/>
      </symbol>
      <symbol id="sm-a3f">
         <name>memalign</name>
         <value>0x992e</value>
         <object_component_ref idref="oc-1c1"/>
      </symbol>
      <symbol id="sm-a40">
         <name>calloc</name>
         <value>0x9901</value>
         <object_component_ref idref="oc-1c1"/>
      </symbol>
      <symbol id="sm-a41">
         <name>malloc</name>
         <value>0x9784</value>
         <object_component_ref idref="oc-1c1"/>
      </symbol>
      <symbol id="sm-a42">
         <name>__TI_heap_check</name>
         <value>0x9a1a</value>
         <object_component_ref idref="oc-1c1"/>
      </symbol>
      <symbol id="sm-a43">
         <name>aligned_alloc</name>
         <value>0x992e</value>
         <object_component_ref idref="oc-1c1"/>
      </symbol>
      <symbol id="sm-a44">
         <name>minit</name>
         <value>0x98fd</value>
         <object_component_ref idref="oc-1c1"/>
      </symbol>
      <symbol id="sm-a53">
         <name>memset</name>
         <value>0xac2f</value>
         <object_component_ref idref="oc-bf"/>
      </symbol>
      <symbol id="sm-a61">
         <name>strlen</name>
         <value>0xac20</value>
         <object_component_ref idref="oc-330"/>
      </symbol>
      <symbol id="sm-a6f">
         <name>_system_post_cinit</name>
         <value>0xc7ff</value>
         <object_component_ref idref="oc-415"/>
      </symbol>
      <symbol id="sm-a71">
         <name>__c_args__</name>
         <value>0x0</value>
      </symbol>
   </symbol_table>
   <title>Link successful</title>
</link_info>
