******************************************************************************
             TMS320C2000 Linker PC v21.6.0                     
******************************************************************************
>> Linked Fri Feb 11 00:28:38 2022

OUTPUT FILE NAME:   <cla_ex1_asin.out>
ENTRY POINT SYMBOL: "code_start"  address: 00000000


MEMORY CONFIGURATION

         name            origin    length      used     unused   attr    fill
----------------------  --------  ---------  --------  --------  ----  --------
  BEGIN                 00000000   00000002  00000002  00000000  RWIX
  BOOT_RSVD             00000002   000001af  00000000  000001af  RWIX
  RAMM0                 000001b1   0000024f  00000004  0000024b  RWIX
  RAMM1                 00000400   000003f8  000003f8  00000000  RWIX
  ADCARESULT            00000b00   00000018  00000000  00000018  RWIX
  ADCBRESULT            00000b20   00000018  00000000  00000018  RWIX
  ADCCRESULT            00000b40   00000018  00000000  00000018  RWIX
  ADCDRESULT            00000b60   00000018  00000000  00000018  RWIX
  CPUTIMER0             00000c00   00000008  00000000  00000008  RWIX
  CPUTIMER1             00000c08   00000008  00000000  00000008  RWIX
  CPUTIMER2             00000c10   00000008  00000000  00000008  RWIX
  PIECTRL               00000ce0   0000001a  00000000  0000001a  RWIX
  PIEVECTTABLE          00000d00   00000200  00000000  00000200  RWIX
  DMA                   00001000   00000200  00000000  00000200  RWIX
  CLA1                  00001400   00000080  00000000  00000080  RWIX
  CLA1_MSGRAMLOW        00001480   00000080  00000004  0000007c  RWIX
  CLA1_MSGRAMHIGH       00001500   00000080  00000000  00000080  RWIX
  CLB1LOGICCFG          00003000   00000052  00000000  00000052  RWIX
  CLB1LOGICCTRL         00003100   00000040  00000000  00000040  RWIX
  CLB1DATAEXCH          00003180   00000080  00000000  00000080  RWIX
  CLB2LOGICCFG          00003200   00000052  00000000  00000052  RWIX
  CLB2LOGICCTRL         00003300   00000040  00000000  00000040  RWIX
  CLB2DATAEXCH          00003380   00000080  00000000  00000080  RWIX
  CLB3LOGICCFG          00003400   00000052  00000000  00000052  RWIX
  CLB3LOGICCTRL         00003500   00000040  00000000  00000040  RWIX
  CLB3DATAEXCH          00003580   00000080  00000000  00000080  RWIX
  CLB4LOGICCFG          00003600   00000052  00000000  00000052  RWIX
  CLB4LOGICCTRL         00003700   00000040  00000000  00000040  RWIX
  CLB4DATAEXCH          00003780   00000080  00000000  00000080  RWIX
  CLB5LOGICCFG          00003800   00000052  00000000  00000052  RWIX
  CLB5LOGICCTRL         00003900   00000040  00000000  00000040  RWIX
  CLB5DATAEXCH          00003980   00000080  00000000  00000080  RWIX
  CLB6LOGICCFG          00003a00   00000052  00000000  00000052  RWIX
  CLB6LOGICCTRL         00003b00   00000040  00000000  00000040  RWIX
  CLB6DATAEXCH          00003b80   00000080  00000000  00000080  RWIX
  CLB7LOGICCFG          00003c00   00000052  00000000  00000052  RWIX
  CLB7LOGICCTRL         00003d00   00000040  00000000  00000040  RWIX
  CLB7DATAEXCH          00003d80   00000080  00000000  00000080  RWIX
  CLB8LOGICCFG          00003e00   00000052  00000000  00000052  RWIX
  CLB8LOGICCTRL         00003f00   00000040  00000000  00000040  RWIX
  CLB8DATAEXCH          00003f80   00000080  00000000  00000080  RWIX
  EPWM1                 00004000   00000100  00000100  00000000  RWIX
  EPWM2                 00004100   00000100  00000000  00000100  RWIX
  EPWM3                 00004200   00000100  00000000  00000100  RWIX
  EPWM4                 00004300   00000100  00000000  00000100  RWIX
  EPWM5                 00004400   00000100  00000000  00000100  RWIX
  EPWM6                 00004500   00000100  00000000  00000100  RWIX
  EPWM7                 00004600   00000100  00000000  00000100  RWIX
  EPWM8                 00004700   00000100  00000000  00000100  RWIX
  EPWM9                 00004800   00000100  00000000  00000100  RWIX
  EPWM10                00004900   00000100  00000000  00000100  RWIX
  EPWM11                00004a00   00000100  00000000  00000100  RWIX
  EPWM12                00004b00   00000100  00000000  00000100  RWIX
  EPWM13                00004c00   00000100  00000000  00000100  RWIX
  EPWM14                00004d00   00000100  00000000  00000100  RWIX
  EPWM15                00004e00   00000100  00000000  00000100  RWIX
  EPWM16                00004f00   00000100  00000000  00000100  RWIX
  EQEP1                 00005100   00000040  00000000  00000040  RWIX
  EQEP2                 00005140   00000040  00000000  00000040  RWIX
  EQEP3                 00005180   00000040  00000000  00000040  RWIX
  ECAP1                 00005200   00000020  00000000  00000020  RWIX
  ECAP2                 00005240   00000020  00000000  00000020  RWIX
  ECAP3                 00005280   00000020  00000000  00000020  RWIX
  ECAP4                 000052c0   00000020  00000000  00000020  RWIX
  ECAP5                 00005300   00000020  00000000  00000020  RWIX
  ECAP6                 00005340   00000020  00000000  00000020  RWIX
  HRCAP6                00005360   00000020  00000000  00000020  RWIX
  ECAP7                 00005380   00000020  00000000  00000020  RWIX
  HRCAP7                000053a0   00000020  00000000  00000020  RWIX
  DACA                  00005c00   00000008  00000000  00000008  RWIX
  DACB                  00005c10   00000008  00000000  00000008  RWIX
  DACC                  00005c20   00000008  00000000  00000008  RWIX
  CMPSS1                00005c80   00000020  00000000  00000020  RWIX
  CMPSS2                00005ca0   00000020  00000000  00000020  RWIX
  CMPSS3                00005cc0   00000020  00000000  00000020  RWIX
  CMPSS4                00005ce0   00000020  00000000  00000020  RWIX
  CMPSS5                00005d00   00000020  00000000  00000020  RWIX
  CMPSS6                00005d20   00000020  00000000  00000020  RWIX
  CMPSS7                00005d40   00000020  00000000  00000020  RWIX
  CMPSS8                00005d60   00000020  00000000  00000020  RWIX
  SDFM1                 00005e00   00000080  00000000  00000080  RWIX
  SDFM2                 00005e80   00000080  00000000  00000080  RWIX
  MCBSPA                00006000   00000024  00000000  00000024  RWIX
  MCBSPB                00006040   00000024  00000000  00000024  RWIX
  SPIA                  00006100   00000010  00000000  00000010  RWIX
  SPIB                  00006110   00000010  00000000  00000010  RWIX
  SPIC                  00006120   00000010  00000000  00000010  RWIX
  SPID                  00006130   00000010  00000000  00000010  RWIX
  BGCRCCPU              00006340   00000040  00000000  00000040  RWIX
  BGCRCCLA1             00006380   00000040  00000000  00000040  RWIX
  PMBUSA                00006400   00000020  00000000  00000020  RWIX
  FSITXA                00006600   00000050  00000000  00000050  RWIX
  FSIRXA                00006680   00000050  00000000  00000050  RWIX
  FSITXB                00006700   00000050  00000000  00000050  RWIX
  FSIRXB                00006780   00000050  00000000  00000050  RWIX
  FSIRXC                00006880   00000050  00000000  00000050  RWIX
  FSIRXD                00006980   00000050  00000000  00000050  RWIX
  FSIRXE                00006a80   00000050  00000000  00000050  RWIX
  FSIRXF                00006b80   00000050  00000000  00000050  RWIX
  FSIRXG                00006c80   00000050  00000000  00000050  RWIX
  FSIRXH                00006d80   00000050  00000000  00000050  RWIX
  WD                    00007000   0000002c  00000000  0000002c  RWIX
  NMIINTRUPT            00007060   00000010  00000000  00000010  RWIX
  XINT                  00007070   0000000c  00000000  0000000c  RWIX
  SCIA                  00007200   00000010  00000000  00000010  RWIX
  SCIB                  00007210   00000010  00000000  00000010  RWIX
  SCIC                  00007220   00000010  00000000  00000010  RWIX
  SCID                  00007230   00000010  00000000  00000010  RWIX
  I2CA                  00007300   00000022  00000000  00000022  RWIX
  I2CB                  00007340   00000022  00000000  00000022  RWIX
  ADCA                  00007400   00000080  00000000  00000080  RWIX
  ADCB                  00007480   00000080  00000000  00000080  RWIX
  ADCC                  00007500   00000080  00000000  00000080  RWIX
  ADCD                  00007580   00000080  00000000  00000080  RWIX
  INPUTXBAR             00007900   00000020  00000000  00000020  RWIX
  XBAR                  00007920   00000020  00000000  00000020  RWIX
  SYNCSOC               00007940   00000006  00000000  00000006  RWIX
  CLBINPUTXBAR          00007960   00000020  00000000  00000020  RWIX
  DMACLASRCSEL          00007980   0000001a  00000000  0000001a  RWIX
  EPWMXBAR              00007a00   00000040  00000000  00000040  RWIX
  CLBXBAR               00007a40   00000040  00000000  00000040  RWIX
  OUTPUTXBAR            00007a80   00000040  00000000  00000040  RWIX
  CLBOUTPUTXBAR         00007bc0   00000040  00000000  00000040  RWIX
  GPIOCTRL              00007c00   00000200  00000000  00000200  RWIX
  GPIODATA              00007f00   00000040  00000000  00000040  RWIX
  GPIODATAREAD          00007f80   00000010  00000000  00000010  RWIX
  RAMLS0                00008000   00000800  00000036  000007ca  RWIX
  RAMLS1                00008800   00000800  00000114  000006ec  RWIX
  RAMLS2                00009000   00000800  00000000  00000800  RWIX
  RAMLS3                00009800   00000800  0000002c  000007d4  RWIX
  RAMLS4                0000a000   00000800  00000183  0000067d  RWIX
  RAMLS5                0000a800   00000800  00000156  000006aa  RWIX
  RAMLS6                0000b000   00000800  00000000  00000800  RWIX
  RAMLS7                0000b800   00000800  00000000  00000800  RWIX
  RAMD0                 0000c000   00000800  00000000  00000800  RWIX
  RAMD1                 0000c800   00000800  00000000  00000800  RWIX
  RAMGS0                0000d000   00001000  00000000  00001000  RWIX
  RAMGS1                0000e000   00001000  00000000  00001000  RWIX
  RAMGS23               0000f000   00002000  00000000  00002000  RWIX
  RAMGS4                00011000   00001000  00000000  00001000  RWIX
  RAMGS5                00012000   00001000  00000000  00001000  RWIX
  RAMGS614              00013000   00009000  0000113b  00007ec5  RWIX
  RAMGS15               0001c000   00000ff8  00000000  00000ff8  RWIX
  CMTOCPURAM            00038000   00000800  00000000  00000800  RWIX
  CPUTOCMRAM            00039000   00000800  00000000  00000800  RWIX
  CPU1TOCPU2RAM         0003a000   00000800  00000000  00000800  RWIX
  CPU2TOCPU1RAM         0003b000   00000800  00000000  00000800  RWIX
  EMIF1                 00047000   00000070  00000000  00000070  RWIX
  EMIF2                 00047800   00000070  00000000  00000070  RWIX
  CANA                  00048000   00000200  00000000  00000200  RWIX
  CANA_MSG_RAM          00049000   00000800  00000000  00000800  RWIX
  CANB                  0004a000   00000200  00000000  00000200  RWIX
  CANB_MSG_RAM          0004b000   00000800  00000000  00000800  RWIX
  ESCSS                 00057e00   00000024  00000000  00000024  RWIX
  ESCSSCONFIG           00057f00   00000016  00000000  00000016  RWIX
  MCANSS                0005c400   00000016  00000000  00000016  RWIX
  MCAN                  0005c600   00000080  00000000  00000080  RWIX
  MCANERROR             0005c800   00000108  00000000  00000108  RWIX
  CPU1TOCPU2IPC         0005ce00   00000026  00000000  00000026  RWIX
  CPU1TOCMIPC           0005ce40   00000026  00000000  00000026  RWIX
  DEVCFG                0005d000   000001a0  00000000  000001a0  RWIX
  CLKCFG                0005d200   00000100  00000000  00000100  RWIX
  CPUSYS                0005d300   000000a0  0000009c  00000004  RWIX
  SYSSTATUS             0005d400   00000100  00000000  00000100  RWIX
  SYSPERIPHAC           0005d500   00000200  00000000  00000200  RWIX
  ANALOGSUBSYS          0005d700   00000100  00000000  00000100  RWIX
  CMCONF                0005dc00   00000400  00000000  00000400  RWIX
  DCC0                  0005e700   00000038  00000000  00000038  RWIX
  DCC1                  0005e740   00000038  00000000  00000038  RWIX
  DCC2                  0005e780   00000038  00000000  00000038  RWIX
  ERADGLOBAL            0005e800   00000014  00000000  00000014  RWIX
  ERADHWBP1             0005e900   00000008  00000000  00000008  RWIX
  ERADHWBP2             0005e908   00000008  00000000  00000008  RWIX
  ERADHWBP3             0005e910   00000008  00000000  00000008  RWIX
  ERADHWBP4             0005e918   00000008  00000000  00000008  RWIX
  ERADHWBP5             0005e920   00000008  00000000  00000008  RWIX
  ERADHWBP6             0005e928   00000008  00000000  00000008  RWIX
  ERADHWBP7             0005e930   00000008  00000000  00000008  RWIX
  ERADHWBP8             0005e938   00000008  00000000  00000008  RWIX
  ERADCOUNTER1          0005e980   00000010  00000000  00000010  RWIX
  ERADCOUNTER2          0005e990   00000010  00000000  00000010  RWIX
  ERADCOUNTER3          0005e9a0   00000010  00000000  00000010  RWIX
  ERADCOUNTER4          0005e9b0   00000010  00000000  00000010  RWIX
  ERADCRCGLOBAL         0005ea00   00000010  00000000  00000010  RWIX
  ERADCRC1              0005ea10   00000010  00000000  00000010  RWIX
  ERADCRC2              0005ea20   00000010  00000000  00000010  RWIX
  ERADCRC3              0005ea30   00000010  00000000  00000010  RWIX
  ERADCRC4              0005ea40   00000010  00000000  00000010  RWIX
  ERADCRC5              0005ea50   00000010  00000000  00000010  RWIX
  ERADCRC6              0005ea60   00000010  00000000  00000010  RWIX
  ERADCRC7              0005ea70   00000010  00000000  00000010  RWIX
  ERADCRC8              0005ea80   00000010  00000000  00000010  RWIX
  DCSMZ1                0005f000   0000003e  00000000  0000003e  RWIX
  DCSMZ2                0005f080   0000003e  00000000  0000003e  RWIX
  DCSMCOMMON            0005f0c0   00000020  00000000  00000020  RWIX
  MEMCFG                0005f400   000000c0  00000000  000000c0  RWIX
  EMIF1CONFIG           0005f4c0   00000020  00000000  00000020  RWIX
  EMIF2CONFIG           0005f4e0   00000020  00000000  00000020  RWIX
  ACCESSPROTECTION      0005f500   00000040  00000000  00000040  RWIX
  MEMORYERROR           0005f540   00000040  00000000  00000040  RWIX
  ROMWAITSTATE          0005f580   00000008  00000000  00000008  RWIX
  ROMPREFETCH           0005f588   00000008  00000000  00000008  RWIX
  TESTERROR             0005f590   00000010  00000000  00000010  RWIX
  FLASH0CTRL            0005f800   00000182  00000000  00000182  RWIX
  FLASH0ECC             0005fb00   00000028  00000000  00000028  RWIX
  DCSMZ1OTP             00078000   00000020  00000000  00000020  RWIX
  DCSMZ2OTP             00078200   00000020  00000000  00000020  RWIX
  FLASH0                00080000   00002000  00000000  00002000  RWIX
  FLASH1                00082000   00002000  00000000  00002000  RWIX
  FLASH2                00084000   00002000  00000000  00002000  RWIX
  FLASH3                00086000   00002000  00000000  00002000  RWIX
  FLASH4                00088000   00008000  00000000  00008000  RWIX
  FLASH5                00090000   00008000  00000000  00008000  RWIX
  FLASH6                00098000   00008000  00000000  00008000  RWIX
  FLASH7                000a0000   00008000  00000000  00008000  RWIX
  FLASH8                000a8000   00008000  00000000  00008000  RWIX
  FLASH9                000b0000   00008000  00000000  00008000  RWIX
  FLASH10               000b8000   00002000  00000000  00002000  RWIX
  FLASH11               000ba000   00002000  00000000  00002000  RWIX
  FLASH12               000bc000   00002000  00000000  00002000  RWIX
  FLASH13               000be000   00002000  00000000  00002000  RWIX
  RESET                 003fffc0   00000002  00000000  00000002  RWIX


SECTION ALLOCATION MAP

 output                                  attributes/
section   page    origin      length       input sections
--------  ----  ----------  ----------   ----------------
codestart 
*          0    00000000    00000002     
                  00000000    00000002     f2838x_codestartbranch.obj (codestart)

.cinit     0    00009800    0000002c     
                  00009800    00000009     (.cinit..data.load) [load image, compression = lzss]
                  00009809    00000001     --HOLE-- [fill = 0]
                  0000980a    00000006     (__TI_handler_table)
                  00009810    00000004     (.cinit..bss.load) [load image, compression = zero_init]
                  00009814    00000004     (.cinit..scratchpad.load) [load image, compression = zero_init]
                  00009818    00000004     (.cinit.Cla1DataRam.load) [load image, compression = zero_init]
                  0000981c    00000010     (__TI_cinit_table)

.text      0    00013000    00001129     
                  00013000    00000167     device.obj (.text:Device_enableAllPeripherals)
                  00013167    00000139     setvalue.obj (.text:setvalues)
                  000132a0    00000138     driverlib.lib : sysctl.obj (.text:SysCtl_setClock)
                  000133d8    00000117                   : sysctl.obj (.text:SysCtl_setAuxClock)
                  000134ef    00000110                   : sysctl.obj (.text:SysCtl_isPLLValid)
                  000135ff    000000c9                   : dcc.obj (.text:DCC_verifyClockFrequency)
                  000136c8    00000093                   : memcfg.obj (.text:MemCfg_getInitStatus)
                  0001375b    00000088     rts2800_fpu64_eabi.lib : fs_div28.asm.obj (.text)
                  000137e3    0000007e     driverlib.lib : memcfg.obj (.text:MemCfg_initSections)
                  00013861    0000007d     cla_ex1_asin.obj (.text:CLA_initCpu1Cla1)
                  000138de    0000007a     driverlib.lib : dcc.obj (.text:DCC_setCounterSeeds)
                  00013958    0000007a                   : sysctl.obj (.text:DCC_setCounterSeeds)
                  000139d2    00000060     cla_ex1_asin.obj (.text:CLA_configClaMemory)
                  00013a32    00000054     driverlib.lib : sysctl.obj (.text:SysCtl_selectOscSource)
                  00013a86    00000047                   : sysctl.obj (.text:SysCtl_selectOscSourceAuxPLL)
                  00013acd    00000045     device.obj (.text:Device_init)
                  00013b12    0000003d     driverlib.lib : interrupt.obj (.text:Interrupt_initModule)
                  00013b4f    00000038                   : memcfg.obj (.text:MemCfg_setLSRAMMasterSel)
                  00013b87    00000034                   : interrupt.obj (.text:Interrupt_enable)
                  00013bbb    00000031     rts2800_fpu64_eabi.lib : copy_decompress_lzss.c.obj (.text:decompress:lzss)
                  00013bec    0000002b                            : autoinit.c.obj (.text:__TI_auto_init_nobinit_nopinit)
                  00013c17    0000002a     driverlib.lib : sysctl.obj (.text:SysCtl_pollX1Counter)
                  00013c41    00000029     rts2800_fpu64_eabi.lib : exit.c.obj (.text)
                  00013c6a    00000028     cla_ex1_asin.obj (.text:main)
                  00013c92    00000025     driverlib.lib : dcc.obj (.text:DCC_enableSingleShotMode)
                  00013cb7    00000025                   : sysctl.obj (.text:DCC_enableSingleShotMode)
                  00013cdc    00000024                   : sysctl.obj (.text:SysCtl_selectXTAL)
                  00013d00    0000001f                   : dcc.obj (.text:DCC_setCounter0ClkSource)
                  00013d1f    0000001f                   : sysctl.obj (.text:DCC_setCounter0ClkSource)
                  00013d3e    0000001f                   : dcc.obj (.text:DCC_setCounter1ClkSource)
                  00013d5d    0000001f                   : sysctl.obj (.text:DCC_setCounter1ClkSource)
                  00013d7c    0000001e     device.obj (.text:Device_initGPIO)
                  00013d9a    0000001e     driverlib.lib : interrupt.obj (.text:Interrupt_initVectorTable)
                  00013db8    0000001d                   : dcc.obj (.text:DCC_getErrorStatus)
                  00013dd5    0000001d                   : dcc.obj (.text:DCC_getSingleShotStatus)
                  00013df2    0000001d     rts2800_fpu64_eabi.lib : memcpy.c.obj (.text)
                  00013e0f    0000001c     device.obj (.text:Device_verifyXTAL)
                  00013e2b    0000001a     driverlib.lib : dcc.obj (.text:DCC_isBaseValid)
                  00013e45    0000001a                   : sysctl.obj (.text:DCC_isBaseValid)
                  00013e5f    0000001a                   : sysctl.obj (.text:SysCtl_selectXTALSingleEnded)
                  00013e79    00000019     device.obj (.text:SysCtl_enablePeripheral)
                  00013e92    00000019     rts2800_fpu64_eabi.lib : boot28.asm.obj (.text)
                  00013eab    00000017     driverlib.lib : dcc.obj (.text:DCC_disableDoneSignal)
                  00013ec2    00000017                   : sysctl.obj (.text:DCC_disableDoneSignal)
                  00013ed9    00000017                   : dcc.obj (.text:DCC_enableDoneSignal)
                  00013ef0    00000017                   : sysctl.obj (.text:SysCtl_enablePeripheral)
                  00013f07    00000016                   : dcc.obj (.text:DCC_clearDoneFlag)
                  00013f1d    00000016                   : sysctl.obj (.text:DCC_clearDoneFlag)
                  00013f33    00000016                   : dcc.obj (.text:DCC_clearErrorFlag)
                  00013f49    00000016                   : sysctl.obj (.text:DCC_clearErrorFlag)
                  00013f5f    00000016                   : dcc.obj (.text:DCC_disableErrorSignal)
                  00013f75    00000016                   : sysctl.obj (.text:DCC_disableErrorSignal)
                  00013f8b    00000016     cla_ex1_asin.obj (.text:initEPWM1)
                  00013fa1    00000014     driverlib.lib : dcc.obj (.text:DCC_disableModule)
                  00013fb5    00000014                   : sysctl.obj (.text:DCC_disableModule)
                  00013fc9    00000014                   : dcc.obj (.text:DCC_enableErrorSignal)
                  00013fdd    00000014                   : dcc.obj (.text:DCC_enableModule)
                  00013ff1    00000014                   : sysctl.obj (.text:DCC_enableModule)
                  00014005    00000013     device.obj (.text:Device_enableUnbondedGPIOPullupsFor176Pin)
                  00014018    00000011     cla_ex1_asin.obj (.text:cla1Isr1)
                  00014029    00000011     cla_ex1_asin.obj (.text:cla1Isr8)
                  0001403a    0000000f     cla_ex1_asin.obj (.text:cla1Isr2)
                  00014049    0000000f     cla_ex1_asin.obj (.text:cla1Isr3)
                  00014058    0000000f     cla_ex1_asin.obj (.text:cla1Isr4)
                  00014067    0000000f     cla_ex1_asin.obj (.text:cla1Isr5)
                  00014076    0000000f     cla_ex1_asin.obj (.text:cla1Isr6)
                  00014085    0000000f     cla_ex1_asin.obj (.text:cla1Isr7)
                  00014094    0000000e     driverlib.lib : interrupt.obj (.text:Interrupt_defaultHandler)
                  000140a2    0000000d                   : interrupt.obj (.text:Interrupt_disableMaster)
                  000140af    0000000d                   : interrupt.obj (.text:Interrupt_enableMaster)
                  000140bc    0000000d     rts2800_fpu64_eabi.lib : copy_zero_init.c.obj (.text:decompress:ZI:__TI_zero_init_nomemset)
                  000140c9    0000000c     driverlib.lib : sysctl.obj (.text:SysCtl_setPLLSysClk)
                  000140d5    0000000c     rts2800_fpu64_eabi.lib : args_main.c.obj (.text)
                  000140e1    0000000b     device.obj (.text:Device_enableUnbondedGPIOPullups)
                  000140ec    0000000b     driverlib.lib : sysctl.obj (.text:SysCtl_isMCDClockFailureDetected)
                  000140f7    00000009     rts2800_fpu64_eabi.lib : _lock.c.obj (.text)
                  00014100    00000008     cla_ex1_asin.obj (.text:CLA_runTest)
                  00014108    00000008     rts2800_fpu64_eabi.lib : copy_decompress_none.c.obj (.text:decompress:none)
                  00014110    00000008     f2838x_codestartbranch.obj (.text)
                  00014118    00000007     driverlib.lib : sysctl.obj (.text:SysCtl_resetMCD)
                  0001411f    00000003     device.obj (.text:__error__)
                  00014122    00000002     driverlib.lib : interrupt.obj (.text:Interrupt_illegalOperationHandler)
                  00014124    00000002                   : interrupt.obj (.text:Interrupt_nmiHandler)
                  00014126    00000002     rts2800_fpu64_eabi.lib : pre_init.c.obj (.text)
                  00014128    00000001                            : startup.c.obj (.text)

.reset     0    003fffc0    00000000     DSECT

.stack     0    00000400    000003f8     UNINITIALIZED
                  00000400    000003f8     --HOLE--

.bss       0    0001412a    00000012     UNINITIALIZED
                  0001412a    00000012     cla_ex1_asin.obj (.bss:correct)

.init_array 
*          0    000001b1    00000000     UNINITIALIZED

.const     0    0000a000    00000179     
                  0000a000    00000097     driverlib.lib : sysctl.obj (.const:.string)
                  0000a097    00000001     --HOLE-- [fill = 0]
                  0000a098    00000094                   : dcc.obj (.const:.string)
                  0000a12c    0000004d                   : memcfg.obj (.const:.string)

.data      0    0000a17a    0000000a     UNINITIALIZED
                  0000a17a    00000006     rts2800_fpu64_eabi.lib : exit.c.obj (.data)
                  0000a180    00000002                            : _lock.c.obj (.data:_lock)
                  0000a182    00000002                            : _lock.c.obj (.data:_unlock)

Cla1Prog   0    0000a800    00000156     
                  0000a800    0000011e     asin.obj (Cla1Prog:Cla1Task1)
                  0000a91e    00000008     asin.obj (Cla1Prog:Cla1Task2)
                  0000a926    00000008     asin.obj (Cla1Prog:Cla1Task3)
                  0000a92e    00000008     asin.obj (Cla1Prog:Cla1Task4)
                  0000a936    00000008     asin.obj (Cla1Prog:Cla1Task5)
                  0000a93e    00000008     asin.obj (Cla1Prog:Cla1Task6)
                  0000a946    00000008     asin.obj (Cla1Prog:Cla1Task7)
                  0000a94e    00000008     asin.obj (Cla1Prog:Cla1Task8)

Cla1ToCpuMsgRAM 
*          0    00001480    00000004     
                  00001480    00000002     cla_ex1_asin.obj (Cla1ToCpuMsgRAM:init)
                  00001482    00000002     cla_ex1_asin.obj (Cla1ToCpuMsgRAM:uninit) [fill = 0]

CLAscratch 
*          0    00008800    00000100     UNINITIALIZED
                  00008800    00000100     --HOLE--

.scratchpad 
*          0    00008900    00000014     UNINITIALIZED
                  00008900    00000014     asin.obj (.scratchpad:Cla1Prog:Cla1Task1)

.TI.ramfunc 
*          0    000001b1    00000004     
                  000001b1    00000004     driverlib.lib : sysctl.obj (.TI.ramfunc)

CpuSysRegsFile 
*          0    0005d300    0000009c     UNINITIALIZED
                  0005d300    0000009c     f2838x_globalvariabledefs.obj (CpuSysRegsFile)

EPwm1RegsFile 
*          0    00004000    00000100     UNINITIALIZED
                  00004000    00000100     f2838x_globalvariabledefs.obj (EPwm1RegsFile)

Cla1DataRam 
*          0    00008000    00000036     UNINITIALIZED
                  00008000    00000036     cla_ex1_asin.obj (Cla1DataRam)

MODULE SUMMARY

       Module                          code   ro data   rw data
       ------                          ----   -------   -------
    .\
       cla_ex1_asin.obj                415    0         76     
       f2838x_globalvariabledefs.obj   0      0         412    
       asin.obj                        342    0         20     
       setvalue.obj                    313    0         0      
    +--+-------------------------------+------+---------+---------+
       Total:                          1070   0         508    
                                                               
    .\device\
       device.obj                      544    0         0      
       f2838x_codestartbranch.obj      10     0         0      
    +--+-------------------------------+------+---------+---------+
       Total:                          554    0         0      
                                                               
    C:/ti/c2000/C2000Ware_4_00_00_00/driverlib/f2838x/driverlib/ccs/Debug/driverlib.lib
       sysctl.obj                      1555   151       0      
       dcc.obj                         678    148       0      
       memcfg.obj                      329    77        0      
       interrupt.obj                   187    0         0      
    +--+-------------------------------+------+---------+---------+
       Total:                          2749   376       0      
                                                               
    G:\ti\ccs1110\ccs\tools\compiler\ti-cgt-c2000_21.6.0.LTS\lib\rts2800_fpu64_eabi.lib
       fs_div28.asm.obj                136    0         0      
       copy_decompress_lzss.c.obj      49     0         0      
       exit.c.obj                      41     0         6      
       autoinit.c.obj                  43     0         0      
       memcpy.c.obj                    29     0         0      
       boot28.asm.obj                  25     0         0      
       _lock.c.obj                     9      0         4      
       copy_zero_init.c.obj            13     0         0      
       args_main.c.obj                 12     0         0      
       copy_decompress_none.c.obj      8      0         0      
       pre_init.c.obj                  2      0         0      
       startup.c.obj                   1      0         0      
    +--+-------------------------------+------+---------+---------+
       Total:                          368    0         10     
                                                               
       Stack:                          0      0         1016   
       Linker Generated:               0      43        0      
    +--+-------------------------------+------+---------+---------+
       Grand Total:                    4741   419       1534   


LINKER GENERATED COPY TABLES

__TI_cinit_table @ 0000981c records: 4, size/record: 4, table size: 16
	.data: load addr=00009800, load size=00000009 bytes, run addr=0000a17a, run size=0000000a bytes, compression=lzss
	.bss: load addr=00009810, load size=00000004 bytes, run addr=0001412a, run size=00000012 bytes, compression=zero_init
	.scratchpad: load addr=00009814, load size=00000004 bytes, run addr=00008900, run size=00000014 bytes, compression=zero_init
	Cla1DataRam: load addr=00009818, load size=00000004 bytes, run addr=00008000, run size=00000036 bytes, compression=zero_init


LINKER GENERATED HANDLER TABLE

__TI_handler_table @ 0000980a records: 3, size/record: 2, table size: 6
	index: 0, handler: __TI_zero_init
	index: 1, handler: __TI_decompress_lzss
	index: 2, handler: __TI_decompress_none


GLOBAL DATA SYMBOLS: SORTED BY DATA PAGE

address     data page           name
--------    ----------------    ----
00000400      10 (00000400)     __stack

00001480      52 (00001480)     kk
00001482      52 (00001480)     ulCycleCount

00004000     100 (00004000)     EPwm1Regs

00008000     200 (00008000)     x
00008012     200 (00008000)     y
00008024     200 (00008000)     z

0000a17a     285 (0000a140)     __TI_enable_exit_profile_output
0000a17c     285 (0000a140)     __TI_cleanup_ptr
0000a17e     285 (0000a140)     __TI_dtors_ptr

0000a180     286 (0000a180)     _lock
0000a182     286 (0000a180)     _unlock

0001412a     504 (00014100)     correct

0005d300    174c (0005d300)     CpuSysRegs


GLOBAL SYMBOLS: SORTED ALPHABETICALLY BY Name 

page  address   name                                     
----  -------   ----                                     
0     00013c41  C$$EXIT                                  
abs   00000100  CLA_SCRATCHPAD_SIZE                      
0     000139d2  CLA_configClaMemory                      
0     00013861  CLA_initCpu1Cla1                         
0     00014100  CLA_runTest                              
0     0000a800  Cla1Task1                                
0     0000a91e  Cla1Task2                                
0     0000a926  Cla1Task3                                
0     0000a92e  Cla1Task4                                
0     0000a936  Cla1Task5                                
0     0000a93e  Cla1Task6                                
0     0000a946  Cla1Task7                                
0     0000a94e  Cla1Task8                                
0     0005d300  CpuSysRegs                               
0     000135ff  DCC_verifyClockFrequency                 
0     00013000  Device_enableAllPeripherals              
0     000140e1  Device_enableUnbondedGPIOPullups         
0     00014005  Device_enableUnbondedGPIOPullupsFor176Pin
0     00013acd  Device_init                              
0     00013d7c  Device_initGPIO                          
0     00013e0f  Device_verifyXTAL                        
0     00004000  EPwm1Regs                                
0     00013b87  Interrupt_enable                         
0     00013b12  Interrupt_initModule                     
0     00013d9a  Interrupt_initVectorTable                
0     000136c8  MemCfg_getInitStatus                     
0     000137e3  MemCfg_initSections                      
0     00013b4f  MemCfg_setLSRAMMasterSel                 
0     000001b1  SysCtl_delay                             
0     000134ef  SysCtl_isPLLValid                        
0     00013a32  SysCtl_selectOscSource                   
0     00013a86  SysCtl_selectOscSourceAuxPLL             
0     00013cdc  SysCtl_selectXTAL                        
0     00013e5f  SysCtl_selectXTALSingleEnded             
0     000133d8  SysCtl_setAuxClock                       
0     000132a0  SysCtl_setClock                          
0     0000981c  __TI_CINIT_Base                          
0     0000982c  __TI_CINIT_Limit                         
0     0000982c  __TI_CINIT_Warm                          
0     0000980a  __TI_Handler_Table_Base                  
0     00009810  __TI_Handler_Table_Limit                 
0     000007f8  __TI_STACK_END                           
abs   000003f8  __TI_STACK_SIZE                          
0     00013bec  __TI_auto_init_nobinit_nopinit           
0     0000a17c  __TI_cleanup_ptr                         
0     00013bbb  __TI_decompress_lzss                     
0     00014108  __TI_decompress_none                     
0     0000a17e  __TI_dtors_ptr                           
0     0000a17a  __TI_enable_exit_profile_output          
abs   ffffffff  __TI_pprof_out_hndl                      
abs   ffffffff  __TI_prof_data_size                      
abs   ffffffff  __TI_prof_data_start                     
0     000140bc  __TI_zero_init_nomemset                  
0     0001375b  __c28xabi_divf                           
n/a   UNDEFED   __c_args__                               
0     0001411f  __error__                                
0     00000400  __stack                                  
0     000140d5  _args_main                               
0     00013e92  _c_int00                                 
0     0000a180  _lock                                    
0     000140ff  _nop                                     
0     000140fb  _register_lock                           
0     000140f7  _register_unlock                         
0     00014128  _system_post_cinit                       
0     00014126  _system_pre_init                         
0     0000a182  _unlock                                  
0     00013c41  abort                                    
0     00014018  cla1Isr1                                 
0     0001403a  cla1Isr2                                 
0     00014049  cla1Isr3                                 
0     00014058  cla1Isr4                                 
0     00014067  cla1Isr5                                 
0     00014076  cla1Isr6                                 
0     00014085  cla1Isr7                                 
0     00014029  cla1Isr8                                 
0     00000000  code_start                               
0     0001412a  correct                                  
0     00013c43  exit                                     
0     00013f8b  initEPWM1                                
0     00001480  kk                                       
0     00013c6a  main                                     
0     00013df2  memcpy                                   
0     00013167  setvalues                                
0     00001482  ulCycleCount                             
0     00008000  x                                        
0     00008012  y                                        
0     00008024  z                                        


GLOBAL SYMBOLS: SORTED BY Symbol Address 

page  address   name                                     
----  -------   ----                                     
0     00000000  code_start                               
0     000001b1  SysCtl_delay                             
0     00000400  __stack                                  
0     000007f8  __TI_STACK_END                           
0     00001480  kk                                       
0     00001482  ulCycleCount                             
0     00004000  EPwm1Regs                                
0     00008000  x                                        
0     00008012  y                                        
0     00008024  z                                        
0     0000980a  __TI_Handler_Table_Base                  
0     00009810  __TI_Handler_Table_Limit                 
0     0000981c  __TI_CINIT_Base                          
0     0000982c  __TI_CINIT_Limit                         
0     0000982c  __TI_CINIT_Warm                          
0     0000a17a  __TI_enable_exit_profile_output          
0     0000a17c  __TI_cleanup_ptr                         
0     0000a17e  __TI_dtors_ptr                           
0     0000a180  _lock                                    
0     0000a182  _unlock                                  
0     0000a800  Cla1Task1                                
0     0000a91e  Cla1Task2                                
0     0000a926  Cla1Task3                                
0     0000a92e  Cla1Task4                                
0     0000a936  Cla1Task5                                
0     0000a93e  Cla1Task6                                
0     0000a946  Cla1Task7                                
0     0000a94e  Cla1Task8                                
0     00013000  Device_enableAllPeripherals              
0     00013167  setvalues                                
0     000132a0  SysCtl_setClock                          
0     000133d8  SysCtl_setAuxClock                       
0     000134ef  SysCtl_isPLLValid                        
0     000135ff  DCC_verifyClockFrequency                 
0     000136c8  MemCfg_getInitStatus                     
0     0001375b  __c28xabi_divf                           
0     000137e3  MemCfg_initSections                      
0     00013861  CLA_initCpu1Cla1                         
0     000139d2  CLA_configClaMemory                      
0     00013a32  SysCtl_selectOscSource                   
0     00013a86  SysCtl_selectOscSourceAuxPLL             
0     00013acd  Device_init                              
0     00013b12  Interrupt_initModule                     
0     00013b4f  MemCfg_setLSRAMMasterSel                 
0     00013b87  Interrupt_enable                         
0     00013bbb  __TI_decompress_lzss                     
0     00013bec  __TI_auto_init_nobinit_nopinit           
0     00013c41  C$$EXIT                                  
0     00013c41  abort                                    
0     00013c43  exit                                     
0     00013c6a  main                                     
0     00013cdc  SysCtl_selectXTAL                        
0     00013d7c  Device_initGPIO                          
0     00013d9a  Interrupt_initVectorTable                
0     00013df2  memcpy                                   
0     00013e0f  Device_verifyXTAL                        
0     00013e5f  SysCtl_selectXTALSingleEnded             
0     00013e92  _c_int00                                 
0     00013f8b  initEPWM1                                
0     00014005  Device_enableUnbondedGPIOPullupsFor176Pin
0     00014018  cla1Isr1                                 
0     00014029  cla1Isr8                                 
0     0001403a  cla1Isr2                                 
0     00014049  cla1Isr3                                 
0     00014058  cla1Isr4                                 
0     00014067  cla1Isr5                                 
0     00014076  cla1Isr6                                 
0     00014085  cla1Isr7                                 
0     000140bc  __TI_zero_init_nomemset                  
0     000140d5  _args_main                               
0     000140e1  Device_enableUnbondedGPIOPullups         
0     000140f7  _register_unlock                         
0     000140fb  _register_lock                           
0     000140ff  _nop                                     
0     00014100  CLA_runTest                              
0     00014108  __TI_decompress_none                     
0     0001411f  __error__                                
0     00014126  _system_pre_init                         
0     00014128  _system_post_cinit                       
0     0001412a  correct                                  
0     0005d300  CpuSysRegs                               
abs   00000100  CLA_SCRATCHPAD_SIZE                      
abs   000003f8  __TI_STACK_SIZE                          
abs   ffffffff  __TI_pprof_out_hndl                      
abs   ffffffff  __TI_prof_data_size                      
abs   ffffffff  __TI_prof_data_start                     
n/a   UNDEFED   __c_args__                               

[87 symbols]
