<?xml version="1.0" encoding="ISO-8859-1" ?>
<link_info>
   <banner>TMS320C2000 Linker PC v21.6.0.LTS</banner>
   <copyright>Copyright (c) 1996-2018 Texas Instruments Incorporated</copyright>
   <link_time>0x62978437</link_time>
   <link_errors>0x0</link_errors>
   <output_file>ADIS16364_IMU_ECAT_SLAVE_F28388D_CPU.out</output_file>
   <entry_point>
      <name>code_start</name>
      <address>0x80000</address>
   </entry_point>
   <input_file_list>
      <input_file id="fl-2">
         <path>.\</path>
         <kind>object</kind>
         <file>f2838x_codestartbranch.obj</file>
         <name>f2838x_codestartbranch.obj</name>
      </input_file>
      <input_file id="fl-3">
         <path>.\CLA\</path>
         <kind>object</kind>
         <file>CLA_init.obj</file>
         <name>CLA_init.obj</name>
      </input_file>
      <input_file id="fl-4">
         <path>.\CLA\</path>
         <kind>object</kind>
         <file>spi.obj</file>
         <name>spi.obj</name>
      </input_file>
      <input_file id="fl-5">
         <path>.\EtherCAT_slave\</path>
         <kind>object</kind>
         <file>ADIS16364_F28388D_IMU_SLAVE_CPU1.obj</file>
         <name>ADIS16364_F28388D_IMU_SLAVE_CPU1.obj</name>
      </input_file>
      <input_file id="fl-6">
         <path>.\EtherCAT_slave\</path>
         <kind>object</kind>
         <file>coeappl.obj</file>
         <name>coeappl.obj</name>
      </input_file>
      <input_file id="fl-7">
         <path>.\EtherCAT_slave\</path>
         <kind>object</kind>
         <file>ecatappl.obj</file>
         <name>ecatappl.obj</name>
      </input_file>
      <input_file id="fl-8">
         <path>.\EtherCAT_slave\</path>
         <kind>object</kind>
         <file>ecatcoe.obj</file>
         <name>ecatcoe.obj</name>
      </input_file>
      <input_file id="fl-9">
         <path>.\EtherCAT_slave\</path>
         <kind>object</kind>
         <file>ecatslv.obj</file>
         <name>ecatslv.obj</name>
      </input_file>
      <input_file id="fl-a">
         <path>.\EtherCAT_slave\</path>
         <kind>object</kind>
         <file>f2838x_cpu1_hw.obj</file>
         <name>f2838x_cpu1_hw.obj</name>
      </input_file>
      <input_file id="fl-b">
         <path>.\EtherCAT_slave\</path>
         <kind>object</kind>
         <file>f2838x_cpu1_system.obj</file>
         <name>f2838x_cpu1_system.obj</name>
      </input_file>
      <input_file id="fl-c">
         <path>.\EtherCAT_slave\</path>
         <kind>object</kind>
         <file>mailbox.obj</file>
         <name>mailbox.obj</name>
      </input_file>
      <input_file id="fl-d">
         <path>.\EtherCAT_slave\</path>
         <kind>object</kind>
         <file>objdef.obj</file>
         <name>objdef.obj</name>
      </input_file>
      <input_file id="fl-e">
         <path>.\EtherCAT_slave\</path>
         <kind>object</kind>
         <file>sdoserv.obj</file>
         <name>sdoserv.obj</name>
      </input_file>
      <input_file id="fl-f">
         <path>.\SPI_ADIS16364_LIBRARY\</path>
         <kind>object</kind>
         <file>SPI_init.obj</file>
         <name>SPI_init.obj</name>
      </input_file>
      <input_file id="fl-10">
         <path>.\ethercat_f28388x_hal\</path>
         <kind>object</kind>
         <file>device.obj</file>
         <name>device.obj</name>
      </input_file>
      <input_file id="fl-11">
         <path>.\ethercat_f28388x_hal\</path>
         <kind>object</kind>
         <file>ethercat_gpio_setup.obj</file>
         <name>ethercat_gpio_setup.obj</name>
      </input_file>
      <input_file id="fl-12">
         <path>.\ethercat_f28388x_hal\</path>
         <kind>object</kind>
         <file>ethercat_slave_cpu1_hal.obj</file>
         <name>ethercat_slave_cpu1_hal.obj</name>
      </input_file>
      <input_file id="fl-1b">
         <kind>object</kind>
         <file>&lt;internal&gt;</file>
         <name>&lt;internal&gt;</name>
      </input_file>
      <input_file id="fl-1c">
         <path>C:\ti\c2000\C2000Ware_4_00_00_00\driverlib\f2838x\driverlib\ccs\Debug\</path>
         <kind>archive</kind>
         <file>driverlib.lib</file>
         <name>dcc.obj</name>
      </input_file>
      <input_file id="fl-1d">
         <path>C:\ti\c2000\C2000Ware_4_00_00_00\driverlib\f2838x\driverlib\ccs\Debug\</path>
         <kind>archive</kind>
         <file>driverlib.lib</file>
         <name>escss.obj</name>
      </input_file>
      <input_file id="fl-1e">
         <path>C:\ti\c2000\C2000Ware_4_00_00_00\driverlib\f2838x\driverlib\ccs\Debug\</path>
         <kind>archive</kind>
         <file>driverlib.lib</file>
         <name>flash.obj</name>
      </input_file>
      <input_file id="fl-1f">
         <path>C:\ti\c2000\C2000Ware_4_00_00_00\driverlib\f2838x\driverlib\ccs\Debug\</path>
         <kind>archive</kind>
         <file>driverlib.lib</file>
         <name>gpio.obj</name>
      </input_file>
      <input_file id="fl-20">
         <path>C:\ti\c2000\C2000Ware_4_00_00_00\driverlib\f2838x\driverlib\ccs\Debug\</path>
         <kind>archive</kind>
         <file>driverlib.lib</file>
         <name>interrupt.obj</name>
      </input_file>
      <input_file id="fl-21">
         <path>C:\ti\c2000\C2000Ware_4_00_00_00\driverlib\f2838x\driverlib\ccs\Debug\</path>
         <kind>archive</kind>
         <file>driverlib.lib</file>
         <name>ipc.obj</name>
      </input_file>
      <input_file id="fl-22">
         <path>C:\ti\c2000\C2000Ware_4_00_00_00\driverlib\f2838x\driverlib\ccs\Debug\</path>
         <kind>archive</kind>
         <file>driverlib.lib</file>
         <name>memcfg.obj</name>
      </input_file>
      <input_file id="fl-23">
         <path>C:\ti\c2000\C2000Ware_4_00_00_00\driverlib\f2838x\driverlib\ccs\Debug\</path>
         <kind>archive</kind>
         <file>driverlib.lib</file>
         <name>spi.obj</name>
      </input_file>
      <input_file id="fl-24">
         <path>C:\ti\c2000\C2000Ware_4_00_00_00\driverlib\f2838x\driverlib\ccs\Debug\</path>
         <kind>archive</kind>
         <file>driverlib.lib</file>
         <name>sysctl.obj</name>
      </input_file>
      <input_file id="fl-30">
         <path>C:\ti\ccs1100\ccs\tools\compiler\ti-cgt-c2000_21.6.0.LTS\lib\</path>
         <kind>archive</kind>
         <file>rts2800_fpu64_eabi.lib</file>
         <name>cla_memset.cla.obj</name>
      </input_file>
      <input_file id="fl-31">
         <path>C:\ti\ccs1100\ccs\tools\compiler\ti-cgt-c2000_21.6.0.LTS\lib\</path>
         <kind>archive</kind>
         <file>rts2800_fpu64_eabi.lib</file>
         <name>boot28.asm.obj</name>
      </input_file>
      <input_file id="fl-32">
         <path>C:\ti\ccs1100\ccs\tools\compiler\ti-cgt-c2000_21.6.0.LTS\lib\</path>
         <kind>archive</kind>
         <file>rts2800_fpu64_eabi.lib</file>
         <name>fs_div28.asm.obj</name>
      </input_file>
      <input_file id="fl-33">
         <path>C:\ti\ccs1100\ccs\tools\compiler\ti-cgt-c2000_21.6.0.LTS\lib\</path>
         <kind>archive</kind>
         <file>rts2800_fpu64_eabi.lib</file>
         <name>ll_aox28.asm.obj</name>
      </input_file>
      <input_file id="fl-34">
         <path>C:\ti\ccs1100\ccs\tools\compiler\ti-cgt-c2000_21.6.0.LTS\lib\</path>
         <kind>archive</kind>
         <file>rts2800_fpu64_eabi.lib</file>
         <name>ll_cmp28.asm.obj</name>
      </input_file>
      <input_file id="fl-35">
         <path>C:\ti\ccs1100\ccs\tools\compiler\ti-cgt-c2000_21.6.0.LTS\lib\</path>
         <kind>archive</kind>
         <file>rts2800_fpu64_eabi.lib</file>
         <name>i_div28.asm.obj</name>
      </input_file>
      <input_file id="fl-36">
         <path>C:\ti\ccs1100\ccs\tools\compiler\ti-cgt-c2000_21.6.0.LTS\lib\</path>
         <kind>archive</kind>
         <file>rts2800_fpu64_eabi.lib</file>
         <name>u_div28.asm.obj</name>
      </input_file>
      <input_file id="fl-37">
         <path>C:\ti\ccs1100\ccs\tools\compiler\ti-cgt-c2000_21.6.0.LTS\lib\</path>
         <kind>archive</kind>
         <file>rts2800_fpu64_eabi.lib</file>
         <name>memcpy.c.obj</name>
      </input_file>
      <input_file id="fl-38">
         <path>C:\ti\ccs1100\ccs\tools\compiler\ti-cgt-c2000_21.6.0.LTS\lib\</path>
         <kind>archive</kind>
         <file>rts2800_fpu64_eabi.lib</file>
         <name>pre_init.c.obj</name>
      </input_file>
      <input_file id="fl-39">
         <path>C:\ti\ccs1100\ccs\tools\compiler\ti-cgt-c2000_21.6.0.LTS\lib\</path>
         <kind>archive</kind>
         <file>rts2800_fpu64_eabi.lib</file>
         <name>autoinit.c.obj</name>
      </input_file>
      <input_file id="fl-3a">
         <path>C:\ti\ccs1100\ccs\tools\compiler\ti-cgt-c2000_21.6.0.LTS\lib\</path>
         <kind>archive</kind>
         <file>rts2800_fpu64_eabi.lib</file>
         <name>copy_zero_init.c.obj</name>
      </input_file>
      <input_file id="fl-3b">
         <path>C:\ti\ccs1100\ccs\tools\compiler\ti-cgt-c2000_21.6.0.LTS\lib\</path>
         <kind>archive</kind>
         <file>rts2800_fpu64_eabi.lib</file>
         <name>copy_decompress_none.c.obj</name>
      </input_file>
      <input_file id="fl-3c">
         <path>C:\ti\ccs1100\ccs\tools\compiler\ti-cgt-c2000_21.6.0.LTS\lib\</path>
         <kind>archive</kind>
         <file>rts2800_fpu64_eabi.lib</file>
         <name>copy_decompress_lzss.c.obj</name>
      </input_file>
      <input_file id="fl-3d">
         <path>C:\ti\ccs1100\ccs\tools\compiler\ti-cgt-c2000_21.6.0.LTS\lib\</path>
         <kind>archive</kind>
         <file>rts2800_fpu64_eabi.lib</file>
         <name>exit.c.obj</name>
      </input_file>
      <input_file id="fl-3e">
         <path>C:\ti\ccs1100\ccs\tools\compiler\ti-cgt-c2000_21.6.0.LTS\lib\</path>
         <kind>archive</kind>
         <file>rts2800_fpu64_eabi.lib</file>
         <name>_lock.c.obj</name>
      </input_file>
      <input_file id="fl-3f">
         <path>C:\ti\ccs1100\ccs\tools\compiler\ti-cgt-c2000_21.6.0.LTS\lib\</path>
         <kind>archive</kind>
         <file>rts2800_fpu64_eabi.lib</file>
         <name>args_main.c.obj</name>
      </input_file>
      <input_file id="fl-40">
         <path>C:\ti\ccs1100\ccs\tools\compiler\ti-cgt-c2000_21.6.0.LTS\lib\</path>
         <kind>archive</kind>
         <file>rts2800_fpu64_eabi.lib</file>
         <name>memcmp.c.obj</name>
      </input_file>
      <input_file id="fl-41">
         <path>C:\ti\ccs1100\ccs\tools\compiler\ti-cgt-c2000_21.6.0.LTS\lib\</path>
         <kind>archive</kind>
         <file>rts2800_fpu64_eabi.lib</file>
         <name>memory.c.obj</name>
      </input_file>
      <input_file id="fl-42">
         <path>C:\ti\ccs1100\ccs\tools\compiler\ti-cgt-c2000_21.6.0.LTS\lib\</path>
         <kind>archive</kind>
         <file>rts2800_fpu64_eabi.lib</file>
         <name>memset.c.obj</name>
      </input_file>
      <input_file id="fl-43">
         <path>C:\ti\ccs1100\ccs\tools\compiler\ti-cgt-c2000_21.6.0.LTS\lib\</path>
         <kind>archive</kind>
         <file>rts2800_fpu64_eabi.lib</file>
         <name>strlen.c.obj</name>
      </input_file>
      <input_file id="fl-44">
         <path>C:\ti\ccs1100\ccs\tools\compiler\ti-cgt-c2000_21.6.0.LTS\lib\</path>
         <kind>archive</kind>
         <file>rts2800_fpu64_eabi.lib</file>
         <name>cpy_tbl.c.obj</name>
      </input_file>
      <input_file id="fl-45">
         <path>C:\ti\ccs1100\ccs\tools\compiler\ti-cgt-c2000_21.6.0.LTS\lib\</path>
         <kind>archive</kind>
         <file>rts2800_fpu64_eabi.lib</file>
         <name>startup.c.obj</name>
      </input_file>
   </input_file_list>
   <object_component_list>
      <object_component id="oc-ef">
         <name>codestart</name>
         <load_address>0x80000</load_address>
         <run_address>0x80000</run_address>
         <size>0x2</size>
         <input_file_ref idref="fl-2"/>
      </object_component>
      <object_component id="oc-234">
         <name>.text</name>
         <load_address>0x82000</load_address>
         <run_address>0x82000</run_address>
         <size>0x89e</size>
         <input_file_ref idref="fl-9"/>
      </object_component>
      <object_component id="oc-36e">
         <name>.text</name>
         <load_address>0x8289e</load_address>
         <run_address>0x8289e</run_address>
         <size>0x76b</size>
         <input_file_ref idref="fl-d"/>
      </object_component>
      <object_component id="oc-39a">
         <name>.text</name>
         <load_address>0x83009</load_address>
         <run_address>0x83009</run_address>
         <size>0x587</size>
         <input_file_ref idref="fl-e"/>
      </object_component>
      <object_component id="oc-188">
         <name>.text</name>
         <load_address>0x83590</load_address>
         <run_address>0x83590</run_address>
         <size>0x3e9</size>
         <input_file_ref idref="fl-7"/>
      </object_component>
      <object_component id="oc-3a4">
         <name>.text</name>
         <load_address>0x83979</load_address>
         <run_address>0x83979</run_address>
         <size>0x2be</size>
         <input_file_ref idref="fl-c"/>
      </object_component>
      <object_component id="oc-394">
         <name>.text</name>
         <load_address>0x83c37</load_address>
         <run_address>0x83c37</run_address>
         <size>0x298</size>
         <input_file_ref idref="fl-41"/>
      </object_component>
      <object_component id="oc-1a0">
         <name>.text:SysCtl_setAuxClock</name>
         <load_address>0x83ecf</load_address>
         <run_address>0x83ecf</run_address>
         <size>0x117</size>
         <input_file_ref idref="fl-24"/>
      </object_component>
      <object_component id="oc-432">
         <name>.text:DCC_isBaseValid</name>
         <load_address>0x83fe6</load_address>
         <run_address>0x83fe6</run_address>
         <size>0x1a</size>
         <input_file_ref idref="fl-1c"/>
      </object_component>
      <object_component id="oc-113">
         <name>.text</name>
         <load_address>0x84030</load_address>
         <run_address>0x84030</run_address>
         <size>0x1f6</size>
         <input_file_ref idref="fl-12"/>
      </object_component>
      <object_component id="oc-22b">
         <name>.text</name>
         <load_address>0x84226</load_address>
         <run_address>0x84226</run_address>
         <size>0x1e6</size>
         <input_file_ref idref="fl-6"/>
      </object_component>
      <object_component id="oc-225">
         <name>.text</name>
         <load_address>0x8440c</load_address>
         <run_address>0x8440c</run_address>
         <size>0x1c9</size>
         <input_file_ref idref="fl-5"/>
      </object_component>
      <object_component id="oc-1a6">
         <name>.text</name>
         <load_address>0x845d5</load_address>
         <run_address>0x845d5</run_address>
         <size>0x1a7</size>
         <input_file_ref idref="fl-11"/>
      </object_component>
      <object_component id="oc-1af">
         <name>.text</name>
         <load_address>0x8477c</load_address>
         <run_address>0x8477c</run_address>
         <size>0x16a</size>
         <input_file_ref idref="fl-f"/>
      </object_component>
      <object_component id="oc-194">
         <name>.text:SysCtl_setClock</name>
         <load_address>0x848e6</load_address>
         <run_address>0x848e6</run_address>
         <size>0x138</size>
         <input_file_ref idref="fl-24"/>
      </object_component>
      <object_component id="oc-2a9">
         <name>.text:SysCtl_isPLLValid</name>
         <load_address>0x84a1e</load_address>
         <run_address>0x84a1e</run_address>
         <size>0x110</size>
         <input_file_ref idref="fl-24"/>
      </object_component>
      <object_component id="oc-10a">
         <name>.text</name>
         <load_address>0x84b2e</load_address>
         <run_address>0x84b2e</run_address>
         <size>0xf1</size>
         <input_file_ref idref="fl-3"/>
      </object_component>
      <object_component id="oc-19a">
         <name>.text</name>
         <load_address>0x84c1f</load_address>
         <run_address>0x84c1f</run_address>
         <size>0xea</size>
         <input_file_ref idref="fl-10"/>
      </object_component>
      <object_component id="oc-2b1">
         <name>.text:DCC_verifyClockFrequency</name>
         <load_address>0x84d09</load_address>
         <run_address>0x84d09</run_address>
         <size>0xc9</size>
         <input_file_ref idref="fl-1c"/>
      </object_component>
      <object_component id="oc-111">
         <name>.text:retain</name>
         <load_address>0x84dd2</load_address>
         <run_address>0x84dd2</run_address>
         <size>0x9c</size>
         <input_file_ref idref="fl-12"/>
      </object_component>
      <object_component id="oc-17b">
         <name>.text:MemCfg_getInitStatus</name>
         <load_address>0x84e6e</load_address>
         <run_address>0x84e6e</run_address>
         <size>0x93</size>
         <input_file_ref idref="fl-22"/>
      </object_component>
      <object_component id="oc-374">
         <name>.text</name>
         <load_address>0x84f01</load_address>
         <run_address>0x84f01</run_address>
         <size>0x88</size>
         <input_file_ref idref="fl-32"/>
      </object_component>
      <object_component id="oc-175">
         <name>.text:MemCfg_initSections</name>
         <load_address>0x84f89</load_address>
         <run_address>0x84f89</run_address>
         <size>0x7e</size>
         <input_file_ref idref="fl-22"/>
      </object_component>
      <object_component id="oc-105">
         <name>.text:retain</name>
         <load_address>0x85007</load_address>
         <run_address>0x85007</run_address>
         <size>0x7e</size>
         <input_file_ref idref="fl-3"/>
      </object_component>
      <object_component id="oc-463">
         <name>.text:DCC_setCounterSeeds</name>
         <load_address>0x85085</load_address>
         <run_address>0x85085</run_address>
         <size>0x7a</size>
         <input_file_ref idref="fl-1c"/>
      </object_component>
      <object_component id="oc-41c">
         <name>.text:DCC_setCounterSeeds</name>
         <load_address>0x850ff</load_address>
         <run_address>0x850ff</run_address>
         <size>0x7a</size>
         <input_file_ref idref="fl-24"/>
      </object_component>
      <object_component id="oc-2eb">
         <name>.text:SPI_setConfig</name>
         <load_address>0x85179</load_address>
         <run_address>0x85179</run_address>
         <size>0x5c</size>
         <input_file_ref idref="fl-23"/>
      </object_component>
      <object_component id="oc-29d">
         <name>.text:SysCtl_selectOscSource</name>
         <load_address>0x851d5</load_address>
         <run_address>0x851d5</run_address>
         <size>0x54</size>
         <input_file_ref idref="fl-24"/>
      </object_component>
      <object_component id="oc-2db">
         <name>.text:GPIO_setPadConfig</name>
         <load_address>0x85229</load_address>
         <run_address>0x85229</run_address>
         <size>0x52</size>
         <input_file_ref idref="fl-1f"/>
      </object_component>
      <object_component id="oc-2c8">
         <name>.text:SysCtl_selectOscSourceAuxPLL</name>
         <load_address>0x8527b</load_address>
         <run_address>0x8527b</run_address>
         <size>0x47</size>
         <input_file_ref idref="fl-24"/>
      </object_component>
      <object_component id="oc-3af">
         <name>.text</name>
         <load_address>0x852c2</load_address>
         <run_address>0x852c2</run_address>
         <size>0x43</size>
         <input_file_ref idref="fl-8"/>
      </object_component>
      <object_component id="oc-1b5">
         <name>.text:Interrupt_initModule</name>
         <load_address>0x85305</load_address>
         <run_address>0x85305</run_address>
         <size>0x3d</size>
         <input_file_ref idref="fl-20"/>
      </object_component>
      <object_component id="oc-1c7">
         <name>.text:ESCSS_configureSync0Connections</name>
         <load_address>0x85342</load_address>
         <run_address>0x85342</run_address>
         <size>0x38</size>
         <input_file_ref idref="fl-1d"/>
      </object_component>
      <object_component id="oc-1cd">
         <name>.text:ESCSS_configureSync1Connections</name>
         <load_address>0x8537a</load_address>
         <run_address>0x8537a</run_address>
         <size>0x38</size>
         <input_file_ref idref="fl-1d"/>
      </object_component>
      <object_component id="oc-2fd">
         <name>.text:GPIO_setMasterCore</name>
         <load_address>0x853b2</load_address>
         <run_address>0x853b2</run_address>
         <size>0x38</size>
         <input_file_ref idref="fl-1f"/>
      </object_component>
      <object_component id="oc-2d5">
         <name>.text:GPIO_setQualificationMode</name>
         <load_address>0x853ea</load_address>
         <run_address>0x853ea</run_address>
         <size>0x38</size>
         <input_file_ref idref="fl-1f"/>
      </object_component>
      <object_component id="oc-181">
         <name>.text:MemCfg_setLSRAMMasterSel</name>
         <load_address>0x85422</load_address>
         <run_address>0x85422</run_address>
         <size>0x38</size>
         <input_file_ref idref="fl-22"/>
      </object_component>
      <object_component id="oc-2cf">
         <name>.text:GPIO_setPinConfig</name>
         <load_address>0x8545a</load_address>
         <run_address>0x8545a</run_address>
         <size>0x37</size>
         <input_file_ref idref="fl-1f"/>
      </object_component>
      <object_component id="oc-2f1">
         <name>.text:SPI_clearInterruptStatus</name>
         <load_address>0x85491</load_address>
         <run_address>0x85491</run_address>
         <size>0x36</size>
         <input_file_ref idref="fl-23"/>
      </object_component>
      <object_component id="oc-16f">
         <name>.text:Interrupt_enable</name>
         <load_address>0x854c7</load_address>
         <run_address>0x854c7</run_address>
         <size>0x34</size>
         <input_file_ref idref="fl-20"/>
      </object_component>
      <object_component id="oc-2e1">
         <name>.text:GPIO_setDirectionMode</name>
         <load_address>0x854fb</load_address>
         <run_address>0x854fb</run_address>
         <size>0x31</size>
         <input_file_ref idref="fl-1f"/>
      </object_component>
      <object_component id="oc-e2">
         <name>.text:decompress:lzss</name>
         <load_address>0x8552c</load_address>
         <run_address>0x8552c</run_address>
         <size>0x31</size>
         <input_file_ref idref="fl-3c"/>
      </object_component>
      <object_component id="oc-2f7">
         <name>.text:SPI_enableInterrupt</name>
         <load_address>0x8555d</load_address>
         <run_address>0x8555d</run_address>
         <size>0x2f</size>
         <input_file_ref idref="fl-23"/>
      </object_component>
      <object_component id="oc-4dc">
         <name>.text:__TI_auto_init_nobinit_nopinit</name>
         <load_address>0x8558c</load_address>
         <run_address>0x8558c</run_address>
         <size>0x2b</size>
         <input_file_ref idref="fl-39"/>
      </object_component>
      <object_component id="oc-4a9">
         <name>.text:SysCtl_pollX1Counter</name>
         <load_address>0x855b7</load_address>
         <run_address>0x855b7</run_address>
         <size>0x2a</size>
         <input_file_ref idref="fl-24"/>
      </object_component>
      <object_component id="oc-34b">
         <name>.text</name>
         <load_address>0x855e1</load_address>
         <run_address>0x855e1</run_address>
         <size>0x29</size>
         <input_file_ref idref="fl-3d"/>
      </object_component>
      <object_component id="oc-388">
         <name>.text</name>
         <load_address>0x8560a</load_address>
         <run_address>0x8560a</run_address>
         <size>0x26</size>
         <input_file_ref idref="fl-b"/>
      </object_component>
      <object_component id="oc-469">
         <name>.text:DCC_enableSingleShotMode</name>
         <load_address>0x85630</load_address>
         <run_address>0x85630</run_address>
         <size>0x25</size>
         <input_file_ref idref="fl-1c"/>
      </object_component>
      <object_component id="oc-422">
         <name>.text:DCC_enableSingleShotMode</name>
         <load_address>0x85655</load_address>
         <run_address>0x85655</run_address>
         <size>0x25</size>
         <input_file_ref idref="fl-24"/>
      </object_component>
      <object_component id="oc-2c0">
         <name>.text:SysCtl_controlCMReset</name>
         <load_address>0x8567a</load_address>
         <run_address>0x8567a</run_address>
         <size>0x25</size>
         <input_file_ref idref="fl-24"/>
      </object_component>
      <object_component id="oc-3de">
         <name>.text:SysCtl_selectXTAL</name>
         <load_address>0x8569f</load_address>
         <run_address>0x8569f</run_address>
         <size>0x24</size>
         <input_file_ref idref="fl-24"/>
      </object_component>
      <object_component id="oc-1c1">
         <name>.text:ESCSS_configureEEPROMSize</name>
         <load_address>0x856c3</load_address>
         <run_address>0x856c3</run_address>
         <size>0x22</size>
         <input_file_ref idref="fl-1d"/>
      </object_component>
      <object_component id="oc-3aa">
         <name>.text</name>
         <load_address>0x856e5</load_address>
         <run_address>0x856e5</run_address>
         <size>0x22</size>
         <input_file_ref idref="fl-35"/>
      </object_component>
      <object_component id="oc-2b7">
         <name>.text:SysCtl_controlCPU2Reset</name>
         <load_address>0x85707</load_address>
         <run_address>0x85707</run_address>
         <size>0x21</size>
         <input_file_ref idref="fl-24"/>
      </object_component>
      <object_component id="oc-457">
         <name>.text:DCC_setCounter0ClkSource</name>
         <load_address>0x85728</load_address>
         <run_address>0x85728</run_address>
         <size>0x1f</size>
         <input_file_ref idref="fl-1c"/>
      </object_component>
      <object_component id="oc-410">
         <name>.text:DCC_setCounter0ClkSource</name>
         <load_address>0x85747</load_address>
         <run_address>0x85747</run_address>
         <size>0x1f</size>
         <input_file_ref idref="fl-24"/>
      </object_component>
      <object_component id="oc-45d">
         <name>.text:DCC_setCounter1ClkSource</name>
         <load_address>0x85766</load_address>
         <run_address>0x85766</run_address>
         <size>0x1f</size>
         <input_file_ref idref="fl-1c"/>
      </object_component>
      <object_component id="oc-416">
         <name>.text:DCC_setCounter1ClkSource</name>
         <load_address>0x85785</load_address>
         <run_address>0x85785</run_address>
         <size>0x1f</size>
         <input_file_ref idref="fl-24"/>
      </object_component>
      <object_component id="oc-4bf">
         <name>.text:SPI_isBaseValid</name>
         <load_address>0x857a4</load_address>
         <run_address>0x857a4</run_address>
         <size>0x1f</size>
         <input_file_ref idref="fl-23"/>
      </object_component>
      <object_component id="oc-1bb">
         <name>.text:Interrupt_initVectorTable</name>
         <load_address>0x857c3</load_address>
         <run_address>0x857c3</run_address>
         <size>0x1e</size>
         <input_file_ref idref="fl-20"/>
      </object_component>
      <object_component id="oc-23a">
         <name>.text</name>
         <load_address>0x857e1</load_address>
         <run_address>0x857e1</run_address>
         <size>0x1e</size>
         <input_file_ref idref="fl-34"/>
      </object_component>
      <object_component id="oc-487">
         <name>.text:DCC_getErrorStatus</name>
         <load_address>0x857ff</load_address>
         <run_address>0x857ff</run_address>
         <size>0x1d</size>
         <input_file_ref idref="fl-1c"/>
      </object_component>
      <object_component id="oc-481">
         <name>.text:DCC_getSingleShotStatus</name>
         <load_address>0x8581c</load_address>
         <run_address>0x8581c</run_address>
         <size>0x1d</size>
         <input_file_ref idref="fl-1c"/>
      </object_component>
      <object_component id="oc-123">
         <name>.text</name>
         <load_address>0x85839</load_address>
         <run_address>0x85839</run_address>
         <size>0x1d</size>
         <input_file_ref idref="fl-37"/>
      </object_component>
      <object_component id="oc-328">
         <name>.text:ESCSS_isConfigurationLockEnabled</name>
         <load_address>0x85856</load_address>
         <run_address>0x85856</run_address>
         <size>0x1b</size>
         <input_file_ref idref="fl-1d"/>
      </object_component>
      <object_component id="oc-5e0">
         <name>.text:DCC_isBaseValid</name>
         <load_address>0x85871</load_address>
         <run_address>0x85871</run_address>
         <size>0x1a</size>
         <input_file_ref idref="fl-24"/>
      </object_component>
      <object_component id="oc-3e4">
         <name>.text:SysCtl_selectXTALSingleEnded</name>
         <load_address>0x8588b</load_address>
         <run_address>0x8588b</run_address>
         <size>0x1a</size>
         <input_file_ref idref="fl-24"/>
      </object_component>
      <object_component id="oc-1ea">
         <name>.text</name>
         <load_address>0x858a5</load_address>
         <run_address>0x858a5</run_address>
         <size>0x19</size>
         <input_file_ref idref="fl-31"/>
      </object_component>
      <object_component id="oc-383">
         <name>.text</name>
         <load_address>0x858be</load_address>
         <run_address>0x858be</run_address>
         <size>0x18</size>
         <input_file_ref idref="fl-33"/>
      </object_component>
      <object_component id="oc-451">
         <name>.text:DCC_disableDoneSignal</name>
         <load_address>0x858d6</load_address>
         <run_address>0x858d6</run_address>
         <size>0x17</size>
         <input_file_ref idref="fl-1c"/>
      </object_component>
      <object_component id="oc-40a">
         <name>.text:DCC_disableDoneSignal</name>
         <load_address>0x858ed</load_address>
         <run_address>0x858ed</run_address>
         <size>0x17</size>
         <input_file_ref idref="fl-24"/>
      </object_component>
      <object_component id="oc-475">
         <name>.text:DCC_enableDoneSignal</name>
         <load_address>0x85904</load_address>
         <run_address>0x85904</run_address>
         <size>0x17</size>
         <input_file_ref idref="fl-1c"/>
      </object_component>
      <object_component id="oc-3ec">
         <name>.text:SysCtl_enablePeripheral</name>
         <load_address>0x8591b</load_address>
         <run_address>0x8591b</run_address>
         <size>0x17</size>
         <input_file_ref idref="fl-24"/>
      </object_component>
      <object_component id="oc-43f">
         <name>.text:DCC_clearDoneFlag</name>
         <load_address>0x85932</load_address>
         <run_address>0x85932</run_address>
         <size>0x16</size>
         <input_file_ref idref="fl-1c"/>
      </object_component>
      <object_component id="oc-3f8">
         <name>.text:DCC_clearDoneFlag</name>
         <load_address>0x85948</load_address>
         <run_address>0x85948</run_address>
         <size>0x16</size>
         <input_file_ref idref="fl-24"/>
      </object_component>
      <object_component id="oc-439">
         <name>.text:DCC_clearErrorFlag</name>
         <load_address>0x8595e</load_address>
         <run_address>0x8595e</run_address>
         <size>0x16</size>
         <input_file_ref idref="fl-1c"/>
      </object_component>
      <object_component id="oc-3f2">
         <name>.text:DCC_clearErrorFlag</name>
         <load_address>0x85974</load_address>
         <run_address>0x85974</run_address>
         <size>0x16</size>
         <input_file_ref idref="fl-24"/>
      </object_component>
      <object_component id="oc-44b">
         <name>.text:DCC_disableErrorSignal</name>
         <load_address>0x8598a</load_address>
         <run_address>0x8598a</run_address>
         <size>0x16</size>
         <input_file_ref idref="fl-1c"/>
      </object_component>
      <object_component id="oc-404">
         <name>.text:DCC_disableErrorSignal</name>
         <load_address>0x859a0</load_address>
         <run_address>0x859a0</run_address>
         <size>0x16</size>
         <input_file_ref idref="fl-24"/>
      </object_component>
      <object_component id="oc-445">
         <name>.text:DCC_disableModule</name>
         <load_address>0x859b6</load_address>
         <run_address>0x859b6</run_address>
         <size>0x14</size>
         <input_file_ref idref="fl-1c"/>
      </object_component>
      <object_component id="oc-3fe">
         <name>.text:DCC_disableModule</name>
         <load_address>0x859ca</load_address>
         <run_address>0x859ca</run_address>
         <size>0x14</size>
         <input_file_ref idref="fl-24"/>
      </object_component>
      <object_component id="oc-46f">
         <name>.text:DCC_enableErrorSignal</name>
         <load_address>0x859de</load_address>
         <run_address>0x859de</run_address>
         <size>0x14</size>
         <input_file_ref idref="fl-1c"/>
      </object_component>
      <object_component id="oc-47b">
         <name>.text:DCC_enableModule</name>
         <load_address>0x859f2</load_address>
         <run_address>0x859f2</run_address>
         <size>0x14</size>
         <input_file_ref idref="fl-1c"/>
      </object_component>
      <object_component id="oc-428">
         <name>.text:DCC_enableModule</name>
         <load_address>0x85a06</load_address>
         <run_address>0x85a06</run_address>
         <size>0x14</size>
         <input_file_ref idref="fl-24"/>
      </object_component>
      <object_component id="oc-539">
         <name>.text</name>
         <load_address>0x85a1a</load_address>
         <run_address>0x85a1a</run_address>
         <size>0x13</size>
         <input_file_ref idref="fl-40"/>
      </object_component>
      <object_component id="oc-322">
         <name>.text:ESCSS_isBaseValid</name>
         <load_address>0x85a2d</load_address>
         <run_address>0x85a2d</run_address>
         <size>0x10</size>
         <input_file_ref idref="fl-1d"/>
      </object_component>
      <object_component id="oc-319">
         <name>.text:ESCSS_isConfigBaseValid</name>
         <load_address>0x85a3d</load_address>
         <run_address>0x85a3d</run_address>
         <size>0x10</size>
         <input_file_ref idref="fl-1d"/>
      </object_component>
      <object_component id="oc-256">
         <name>.text:Flash_isCtrlBaseValid</name>
         <load_address>0x85a4d</load_address>
         <run_address>0x85a4d</run_address>
         <size>0x10</size>
         <input_file_ref idref="fl-1e"/>
      </object_component>
      <object_component id="oc-25d">
         <name>.text:Flash_isECCBaseValid</name>
         <load_address>0x85a5d</load_address>
         <run_address>0x85a5d</run_address>
         <size>0x10</size>
         <input_file_ref idref="fl-1e"/>
      </object_component>
      <object_component id="oc-4b2">
         <name>.text:GPIO_isPinValid</name>
         <load_address>0x85a6d</load_address>
         <run_address>0x85a6d</run_address>
         <size>0xe</size>
         <input_file_ref idref="fl-1f"/>
      </object_component>
      <object_component id="oc-306">
         <name>.text:Interrupt_defaultHandler</name>
         <load_address>0x85a7b</load_address>
         <run_address>0x85a7b</run_address>
         <size>0xe</size>
         <input_file_ref idref="fl-20"/>
      </object_component>
      <object_component id="oc-20f">
         <name>.text:Interrupt_disableMaster</name>
         <load_address>0x85a89</load_address>
         <run_address>0x85a89</run_address>
         <size>0xd</size>
         <input_file_ref idref="fl-20"/>
      </object_component>
      <object_component id="oc-215">
         <name>.text:Interrupt_enableMaster</name>
         <load_address>0x85a96</load_address>
         <run_address>0x85a96</run_address>
         <size>0xd</size>
         <input_file_ref idref="fl-20"/>
      </object_component>
      <object_component id="oc-12b">
         <name>.text:decompress:ZI:__TI_zero_init_nomemset</name>
         <load_address>0x85aa3</load_address>
         <run_address>0x85aa3</run_address>
         <size>0xd</size>
         <input_file_ref idref="fl-3a"/>
      </object_component>
      <object_component id="oc-2a3">
         <name>.text:SysCtl_setPLLSysClk</name>
         <load_address>0x85ab0</load_address>
         <run_address>0x85ab0</run_address>
         <size>0xc</size>
         <input_file_ref idref="fl-24"/>
      </object_component>
      <object_component id="oc-345">
         <name>.text</name>
         <load_address>0x85abc</load_address>
         <run_address>0x85abc</run_address>
         <size>0xc</size>
         <input_file_ref idref="fl-3f"/>
      </object_component>
      <object_component id="oc-49f">
         <name>.text:SysCtl_isCMReset</name>
         <load_address>0x85ac8</load_address>
         <run_address>0x85ac8</run_address>
         <size>0xb</size>
         <input_file_ref idref="fl-24"/>
      </object_component>
      <object_component id="oc-296">
         <name>.text:SysCtl_isMCDClockFailureDetected</name>
         <load_address>0x85ad3</load_address>
         <run_address>0x85ad3</run_address>
         <size>0xb</size>
         <input_file_ref idref="fl-24"/>
      </object_component>
      <object_component id="oc-521">
         <name>.text</name>
         <load_address>0x85ade</load_address>
         <run_address>0x85ade</run_address>
         <size>0xb</size>
         <input_file_ref idref="fl-36"/>
      </object_component>
      <object_component id="oc-634">
         <name>.text</name>
         <load_address>0x85ae9</load_address>
         <run_address>0x85ae9</run_address>
         <size>0x9</size>
         <input_file_ref idref="fl-3e"/>
      </object_component>
      <object_component id="oc-e8">
         <name>.text:decompress:none</name>
         <load_address>0x85af2</load_address>
         <run_address>0x85af2</run_address>
         <size>0x8</size>
         <input_file_ref idref="fl-3b"/>
      </object_component>
      <object_component id="oc-137">
         <name>.text</name>
         <load_address>0x85afa</load_address>
         <run_address>0x85afa</run_address>
         <size>0x8</size>
         <input_file_ref idref="fl-2"/>
      </object_component>
      <object_component id="oc-526">
         <name>.text</name>
         <load_address>0x85b02</load_address>
         <run_address>0x85b02</run_address>
         <size>0x8</size>
         <input_file_ref idref="fl-43"/>
      </object_component>
      <object_component id="oc-5d7">
         <name>.text:SysCtl_resetMCD</name>
         <load_address>0x85b0a</load_address>
         <run_address>0x85b0a</run_address>
         <size>0x7</size>
         <input_file_ref idref="fl-24"/>
      </object_component>
      <object_component id="oc-1e3">
         <name>.text</name>
         <load_address>0x85b11</load_address>
         <run_address>0x85b11</run_address>
         <size>0x7</size>
         <input_file_ref idref="fl-42"/>
      </object_component>
      <object_component id="oc-312">
         <name>.text:Interrupt_illegalOperationHandler</name>
         <load_address>0x85b18</load_address>
         <run_address>0x85b18</run_address>
         <size>0x2</size>
         <input_file_ref idref="fl-20"/>
      </object_component>
      <object_component id="oc-30c">
         <name>.text:Interrupt_nmiHandler</name>
         <load_address>0x85b1a</load_address>
         <run_address>0x85b1a</run_address>
         <size>0x2</size>
         <input_file_ref idref="fl-20"/>
      </object_component>
      <object_component id="oc-33e">
         <name>.text</name>
         <load_address>0x85b1c</load_address>
         <run_address>0x85b1c</run_address>
         <size>0x2</size>
         <input_file_ref idref="fl-38"/>
      </object_component>
      <object_component id="oc-61a">
         <name>.text</name>
         <load_address>0x85b1e</load_address>
         <run_address>0x85b1e</run_address>
         <size>0x1</size>
         <input_file_ref idref="fl-45"/>
      </object_component>
      <object_component id="oc-7be">
         <name>.cinit..data.load</name>
         <load_address>0x85b20</load_address>
         <run_address>0x85b20</run_address>
         <size>0x15a</size>
      </object_component>
      <object_component id="oc-7b2">
         <name>__TI_handler_table</name>
         <load_address>0x85c7a</load_address>
         <run_address>0x85c7a</run_address>
         <size>0x6</size>
      </object_component>
      <object_component id="oc-7b4">
         <name>.cinit..bss.load</name>
         <load_address>0x85c80</load_address>
         <run_address>0x85c80</run_address>
         <size>0x4</size>
      </object_component>
      <object_component id="oc-7b7">
         <name>.cinit..scratchpad.load</name>
         <load_address>0x85c84</load_address>
         <run_address>0x85c84</run_address>
         <size>0x4</size>
      </object_component>
      <object_component id="oc-7c0">
         <name>.cinit.Cla1DataRam.load</name>
         <load_address>0x85c88</load_address>
         <run_address>0x85c88</run_address>
         <size>0x4</size>
      </object_component>
      <object_component id="oc-7b3">
         <name>__TI_cinit_table</name>
         <load_address>0x85c8c</load_address>
         <run_address>0x85c8c</run_address>
         <size>0x10</size>
      </object_component>
      <object_component id="oc-11d">
         <name>.stack</name>
         <uninitialized>true</uninitialized>
         <run_address>0xd000</run_address>
         <size>0x0</size>
         <input_file_ref idref="fl-31"/>
      </object_component>
      <object_component id="oc-7b8">
         <name>.stack</name>
         <uninitialized>true</uninitialized>
         <run_address>0xd000</run_address>
         <size>0x0</size>
      </object_component>
      <object_component id="oc-379">
         <name>.bss</name>
         <uninitialized>true</uninitialized>
         <run_address>0x80fc</run_address>
         <size>0x4</size>
         <input_file_ref idref="fl-5"/>
      </object_component>
      <object_component id="oc-251">
         <name>.bss</name>
         <uninitialized>true</uninitialized>
         <run_address>0x8168</run_address>
         <size>0x4</size>
         <input_file_ref idref="fl-6"/>
      </object_component>
      <object_component id="oc-23f">
         <name>.bss</name>
         <uninitialized>true</uninitialized>
         <run_address>0x814c</run_address>
         <size>0x14</size>
         <input_file_ref idref="fl-7"/>
      </object_component>
      <object_component id="oc-231">
         <name>.bss:aPdOutputData</name>
         <uninitialized>true</uninitialized>
         <run_address>0x812a</run_address>
         <size>0x22</size>
         <input_file_ref idref="fl-7"/>
      </object_component>
      <object_component id="oc-222">
         <name>.bss:aPdInputData</name>
         <uninitialized>true</uninitialized>
         <run_address>0x80da</run_address>
         <size>0x22</size>
         <input_file_ref idref="fl-7"/>
      </object_component>
      <object_component id="oc-5be">
         <name>.bss</name>
         <uninitialized>true</uninitialized>
         <run_address>0x816c</run_address>
         <size>0x2</size>
         <input_file_ref idref="fl-8"/>
      </object_component>
      <object_component id="oc-245">
         <name>.bss</name>
         <uninitialized>true</uninitialized>
         <run_address>0x8100</run_address>
         <size>0x2a</size>
         <input_file_ref idref="fl-9"/>
      </object_component>
      <object_component id="oc-3b8">
         <name>.bss</name>
         <uninitialized>true</uninitialized>
         <run_address>0x8080</run_address>
         <size>0x5a</size>
         <input_file_ref idref="fl-c"/>
      </object_component>
      <object_component id="oc-242">
         <name>.bss</name>
         <uninitialized>true</uninitialized>
         <run_address>0x8000</run_address>
         <size>0x62</size>
         <input_file_ref idref="fl-d"/>
      </object_component>
      <object_component id="oc-380">
         <name>.bss</name>
         <uninitialized>true</uninitialized>
         <run_address>0x8062</run_address>
         <size>0x1e</size>
         <input_file_ref idref="fl-e"/>
      </object_component>
      <object_component id="oc-5bb">
         <name>.bss:aSdoInfoHeader</name>
         <uninitialized>true</uninitialized>
         <run_address>0x8160</run_address>
         <size>0x7</size>
         <input_file_ref idref="fl-e"/>
      </object_component>
      <object_component id="oc-5ae">
         <name>.bss</name>
         <uninitialized>true</uninitialized>
         <run_address>0x816e</run_address>
         <size>0x2</size>
         <input_file_ref idref="fl-41"/>
      </object_component>
      <object_component id="oc-38e">
         <name>.data:GenObjDic</name>
         <load_address>0x9000</load_address>
         <run_address>0x9000</run_address>
         <size>0xf0</size>
         <input_file_ref idref="fl-6"/>
      </object_component>
      <object_component id="oc-391">
         <name>.data:ApplicationObjDic</name>
         <load_address>0x90f0</load_address>
         <run_address>0x90f0</run_address>
         <size>0xb4</size>
         <input_file_ref idref="fl-6"/>
      </object_component>
      <object_component id="oc-24e">
         <name>.data</name>
         <load_address>0x91a4</load_address>
         <run_address>0x91a4</run_address>
         <size>0x18</size>
         <input_file_ref idref="fl-6"/>
      </object_component>
      <object_component id="oc-511">
         <name>.data:_lock</name>
         <load_address>0x91bc</load_address>
         <run_address>0x91bc</run_address>
         <size>0x2</size>
         <input_file_ref idref="fl-3e"/>
      </object_component>
      <object_component id="oc-5b1">
         <name>.data:_unlock</name>
         <load_address>0x91be</load_address>
         <run_address>0x91be</run_address>
         <size>0x2</size>
         <input_file_ref idref="fl-3e"/>
      </object_component>
      <object_component id="oc-36b">
         <name>.data</name>
         <load_address>0x91c0</load_address>
         <run_address>0x91c0</run_address>
         <size>0x5a</size>
         <input_file_ref idref="fl-5"/>
      </object_component>
      <object_component id="oc-54d">
         <name>.data:acDevicename</name>
         <load_address>0x921a</load_address>
         <run_address>0x921a</run_address>
         <size>0x21</size>
         <input_file_ref idref="fl-6"/>
      </object_component>
      <object_component id="oc-553">
         <name>.data:acHardwareversion</name>
         <load_address>0x923b</load_address>
         <run_address>0x923b</run_address>
         <size>0x14</size>
         <input_file_ref idref="fl-6"/>
      </object_component>
      <object_component id="oc-559">
         <name>.data:acSoftwareversion</name>
         <load_address>0x924f</load_address>
         <run_address>0x924f</run_address>
         <size>0x14</size>
         <input_file_ref idref="fl-6"/>
      </object_component>
      <object_component id="oc-52c">
         <name>.data:aSubindexDesc</name>
         <load_address>0x9263</load_address>
         <run_address>0x9263</run_address>
         <size>0xd</size>
         <input_file_ref idref="fl-d"/>
      </object_component>
      <object_component id="oc-24b">
         <name>.data</name>
         <load_address>0x9270</load_address>
         <run_address>0x9270</run_address>
         <size>0x6</size>
         <input_file_ref idref="fl-7"/>
      </object_component>
      <object_component id="oc-248">
         <name>.data</name>
         <load_address>0x9276</load_address>
         <run_address>0x9276</run_address>
         <size>0x6</size>
         <input_file_ref idref="fl-d"/>
      </object_component>
      <object_component id="oc-3b5">
         <name>.data</name>
         <load_address>0x927c</load_address>
         <run_address>0x927c</run_address>
         <size>0x2</size>
         <input_file_ref idref="fl-9"/>
      </object_component>
      <object_component id="oc-37c">
         <name>.data:g_biascounter</name>
         <load_address>0x927e</load_address>
         <run_address>0x927e</run_address>
         <size>0x2</size>
         <input_file_ref idref="fl-5"/>
      </object_component>
      <object_component id="oc-50e">
         <name>.data</name>
         <load_address>0x9280</load_address>
         <run_address>0x9280</run_address>
         <size>0x6</size>
         <input_file_ref idref="fl-3d"/>
      </object_component>
      <object_component id="oc-5b4">
         <name>.data</name>
         <load_address>0x9286</load_address>
         <run_address>0x9286</run_address>
         <size>0x1</size>
         <input_file_ref idref="fl-41"/>
      </object_component>
      <object_component id="oc-5c1">
         <name>.data</name>
         <load_address>0x9287</load_address>
         <run_address>0x9287</run_address>
         <size>0x1</size>
         <input_file_ref idref="fl-e"/>
      </object_component>
      <object_component id="oc-11e">
         <name>.sysmem</name>
         <uninitialized>true</uninitialized>
         <run_address>0xc800</run_address>
         <size>0x4</size>
         <input_file_ref idref="fl-41"/>
      </object_component>
      <object_component id="oc-7b9">
         <name>.sysmem</name>
         <uninitialized>true</uninitialized>
         <run_address>0xc800</run_address>
         <size>0x0</size>
      </object_component>
      <object_component id="oc-574">
         <name>.const:.string:aName0x1C32</name>
         <load_address>0x90000</load_address>
         <run_address>0x90000</run_address>
         <size>0x108</size>
         <input_file_ref idref="fl-6"/>
      </object_component>
      <object_component id="oc-577">
         <name>.const:.string:aName0x1C33</name>
         <load_address>0x90108</load_address>
         <run_address>0x90108</run_address>
         <size>0x107</size>
         <input_file_ref idref="fl-6"/>
      </object_component>
      <object_component id="oc-585">
         <name>.const:.string:aName0x1A00</name>
         <load_address>0x9020f</load_address>
         <run_address>0x9020f</run_address>
         <size>0xae</size>
         <input_file_ref idref="fl-6"/>
      </object_component>
      <object_component id="oc-31f">
         <name>.const:.string</name>
         <load_address>0x902be</load_address>
         <run_address>0x902be</run_address>
         <size>0x98</size>
         <input_file_ref idref="fl-1d"/>
      </object_component>
      <object_component id="oc-25c">
         <name>.const:.string</name>
         <load_address>0x90356</load_address>
         <run_address>0x90356</run_address>
         <size>0x98</size>
         <input_file_ref idref="fl-1e"/>
      </object_component>
      <object_component id="oc-4b8">
         <name>.const:.string</name>
         <load_address>0x903ee</load_address>
         <run_address>0x903ee</run_address>
         <size>0x97</size>
         <input_file_ref idref="fl-1f"/>
      </object_component>
      <object_component id="oc-295">
         <name>.const:.string</name>
         <load_address>0x90486</load_address>
         <run_address>0x90486</run_address>
         <size>0x97</size>
         <input_file_ref idref="fl-24"/>
      </object_component>
      <object_component id="oc-438">
         <name>.const:.string</name>
         <load_address>0x9051e</load_address>
         <run_address>0x9051e</run_address>
         <size>0x94</size>
         <input_file_ref idref="fl-1c"/>
      </object_component>
      <object_component id="oc-4c5">
         <name>.const:.string</name>
         <load_address>0x905b2</load_address>
         <run_address>0x905b2</run_address>
         <size>0x94</size>
         <input_file_ref idref="fl-23"/>
      </object_component>
      <object_component id="oc-2bd">
         <name>.const:IPC_Instance</name>
         <load_address>0x90646</load_address>
         <run_address>0x90646</run_address>
         <size>0x88</size>
         <input_file_ref idref="fl-21"/>
      </object_component>
      <object_component id="oc-571">
         <name>.const:asEntryDesc0x1C3x</name>
         <load_address>0x906ce</load_address>
         <run_address>0x906ce</run_address>
         <size>0x63</size>
         <input_file_ref idref="fl-6"/>
      </object_component>
      <object_component id="oc-21d">
         <name>.const:.string</name>
         <load_address>0x90732</load_address>
         <run_address>0x90732</run_address>
         <size>0x4d</size>
         <input_file_ref idref="fl-22"/>
      </object_component>
      <object_component id="oc-55f">
         <name>.const:.string:aName0x1018</name>
         <load_address>0x9077f</load_address>
         <run_address>0x9077f</run_address>
         <size>0x47</size>
         <input_file_ref idref="fl-6"/>
      </object_component>
      <object_component id="oc-5a9">
         <name>.const:.string:aName0xF000</name>
         <load_address>0x907c6</load_address>
         <run_address>0x907c6</run_address>
         <size>0x44</size>
         <input_file_ref idref="fl-6"/>
      </object_component>
      <object_component id="oc-565">
         <name>.const:.string:aName0x10F1</name>
         <load_address>0x9080a</load_address>
         <run_address>0x9080a</run_address>
         <size>0x3f</size>
         <input_file_ref idref="fl-6"/>
      </object_component>
      <object_component id="oc-597">
         <name>.const:.string:aName0x6000</name>
         <load_address>0x90849</load_address>
         <run_address>0x90849</run_address>
         <size>0x3f</size>
         <input_file_ref idref="fl-6"/>
      </object_component>
      <object_component id="oc-5b8">
         <name>.const:cAbortCode</name>
         <load_address>0x90888</load_address>
         <run_address>0x90888</run_address>
         <size>0x3c</size>
         <input_file_ref idref="fl-e"/>
      </object_component>
      <object_component id="oc-57f">
         <name>.const:.string:aName0x1600</name>
         <load_address>0x908c4</load_address>
         <run_address>0x908c4</run_address>
         <size>0x30</size>
         <input_file_ref idref="fl-6"/>
      </object_component>
      <object_component id="oc-582">
         <name>.const:asEntryDesc0x1A00</name>
         <load_address>0x908f4</load_address>
         <run_address>0x908f4</run_address>
         <size>0x27</size>
         <input_file_ref idref="fl-6"/>
      </object_component>
      <object_component id="oc-59d">
         <name>.const:.string:aName0x6002</name>
         <load_address>0x9091b</load_address>
         <run_address>0x9091b</run_address>
         <size>0x24</size>
         <input_file_ref idref="fl-6"/>
      </object_component>
      <object_component id="oc-550">
         <name>.const:.string:aName0x1009</name>
         <load_address>0x9093f</load_address>
         <run_address>0x9093f</run_address>
         <size>0x1e</size>
         <input_file_ref idref="fl-6"/>
      </object_component>
      <object_component id="oc-556">
         <name>.const:.string:aName0x100A</name>
         <load_address>0x9095d</load_address>
         <run_address>0x9095d</run_address>
         <size>0x1e</size>
         <input_file_ref idref="fl-6"/>
      </object_component>
      <object_component id="oc-594">
         <name>.const:asEntryDesc0x6000</name>
         <load_address>0x9097b</load_address>
         <run_address>0x9097b</run_address>
         <size>0x1e</size>
         <input_file_ref idref="fl-6"/>
      </object_component>
      <object_component id="oc-58b">
         <name>.const:.string:aName0x1C12</name>
         <load_address>0x90999</load_address>
         <run_address>0x90999</run_address>
         <size>0x1b</size>
         <input_file_ref idref="fl-6"/>
      </object_component>
      <object_component id="oc-591">
         <name>.const:.string:aName0x1C13</name>
         <load_address>0x909b4</load_address>
         <run_address>0x909b4</run_address>
         <size>0x1b</size>
         <input_file_ref idref="fl-6"/>
      </object_component>
      <object_component id="oc-5a3">
         <name>.const:.string:aName0x7000</name>
         <load_address>0x909cf</load_address>
         <run_address>0x909cf</run_address>
         <size>0x18</size>
         <input_file_ref idref="fl-6"/>
      </object_component>
      <object_component id="oc-568">
         <name>.const:.string:aName0x10F8</name>
         <load_address>0x909e7</load_address>
         <run_address>0x909e7</run_address>
         <size>0x13</size>
         <input_file_ref idref="fl-6"/>
      </object_component>
      <object_component id="oc-56e">
         <name>.const:.string:aName0x1C00</name>
         <load_address>0x909fa</load_address>
         <run_address>0x909fa</run_address>
         <size>0x12</size>
         <input_file_ref idref="fl-6"/>
      </object_component>
      <object_component id="oc-541">
         <name>.const</name>
         <load_address>0x90a0c</load_address>
         <run_address>0x90a0c</run_address>
         <size>0x12</size>
         <input_file_ref idref="fl-6"/>
      </object_component>
      <object_component id="oc-51e">
         <name>.const:cBitMask</name>
         <load_address>0x90a1e</load_address>
         <run_address>0x90a1e</run_address>
         <size>0x10</size>
         <input_file_ref idref="fl-d"/>
      </object_component>
      <object_component id="oc-547">
         <name>.const:.string:aName0x1001</name>
         <load_address>0x90a2e</load_address>
         <run_address>0x90a2e</run_address>
         <size>0xf</size>
         <input_file_ref idref="fl-6"/>
      </object_component>
      <object_component id="oc-55c">
         <name>.const:asEntryDesc0x1018</name>
         <load_address>0x90a3d</load_address>
         <run_address>0x90a3d</run_address>
         <size>0xf</size>
         <input_file_ref idref="fl-6"/>
      </object_component>
      <object_component id="oc-544">
         <name>.const:.string:aName0x1000</name>
         <load_address>0x90a4c</load_address>
         <run_address>0x90a4c</run_address>
         <size>0xc</size>
         <input_file_ref idref="fl-6"/>
      </object_component>
      <object_component id="oc-54a">
         <name>.const:.string:aName0x1008</name>
         <load_address>0x90a58</load_address>
         <run_address>0x90a58</run_address>
         <size>0xc</size>
         <input_file_ref idref="fl-6"/>
      </object_component>
      <object_component id="oc-59a">
         <name>.const:asEntryDesc0x6002</name>
         <load_address>0x90a64</load_address>
         <run_address>0x90a64</run_address>
         <size>0xc</size>
         <input_file_ref idref="fl-6"/>
      </object_component>
      <object_component id="oc-562">
         <name>.const:asEntryDesc0x10F1</name>
         <load_address>0x90a70</load_address>
         <run_address>0x90a70</run_address>
         <size>0x9</size>
         <input_file_ref idref="fl-6"/>
      </object_component>
      <object_component id="oc-5a6">
         <name>.const:asEntryDesc0xF000</name>
         <load_address>0x90a79</load_address>
         <run_address>0x90a79</run_address>
         <size>0x9</size>
         <input_file_ref idref="fl-6"/>
      </object_component>
      <object_component id="oc-57c">
         <name>.const:asEntryDesc0x1600</name>
         <load_address>0x90a82</load_address>
         <run_address>0x90a82</run_address>
         <size>0x6</size>
         <input_file_ref idref="fl-6"/>
      </object_component>
      <object_component id="oc-56b">
         <name>.const:asEntryDesc0x1C00</name>
         <load_address>0x90a88</load_address>
         <run_address>0x90a88</run_address>
         <size>0x6</size>
         <input_file_ref idref="fl-6"/>
      </object_component>
      <object_component id="oc-588">
         <name>.const:asEntryDesc0x1C12</name>
         <load_address>0x90a8e</load_address>
         <run_address>0x90a8e</run_address>
         <size>0x6</size>
         <input_file_ref idref="fl-6"/>
      </object_component>
      <object_component id="oc-58e">
         <name>.const:asEntryDesc0x1C13</name>
         <load_address>0x90a94</load_address>
         <run_address>0x90a94</run_address>
         <size>0x6</size>
         <input_file_ref idref="fl-6"/>
      </object_component>
      <object_component id="oc-5a0">
         <name>.const:asEntryDesc0x7000</name>
         <load_address>0x90a9a</load_address>
         <run_address>0x90a9a</run_address>
         <size>0x6</size>
         <input_file_ref idref="fl-6"/>
      </object_component>
      <object_component id="oc-490">
         <name>MSGRAM_CPU1_TO_CPU2</name>
         <uninitialized>true</uninitialized>
         <run_address>0x3a000</run_address>
         <size>0x88</size>
         <input_file_ref idref="fl-21"/>
      </object_component>
      <object_component id="oc-493">
         <name>MSGRAM_CPU2_TO_CPU1</name>
         <uninitialized>true</uninitialized>
         <run_address>0x3b000</run_address>
         <size>0x88</size>
         <input_file_ref idref="fl-21"/>
      </object_component>
      <object_component id="oc-496">
         <name>MSGRAM_CPU_TO_CM</name>
         <uninitialized>true</uninitialized>
         <run_address>0x39000</run_address>
         <size>0x88</size>
         <input_file_ref idref="fl-21"/>
      </object_component>
      <object_component id="oc-499">
         <name>MSGRAM_CM_TO_CPU</name>
         <uninitialized>true</uninitialized>
         <run_address>0x38000</run_address>
         <size>0x88</size>
         <input_file_ref idref="fl-21"/>
      </object_component>
      <object_component id="oc-13f">
         <name>Cla1Prog:Cla1Task1</name>
         <load_address>0x88000</load_address>
         <run_address>0xa800</run_address>
         <size>0x2fa</size>
         <input_file_ref idref="fl-4"/>
      </object_component>
      <object_component id="oc-145">
         <name>Cla1Prog:Cla1Task2</name>
         <load_address>0x882fa</load_address>
         <run_address>0xaafa</run_address>
         <size>0x3c</size>
         <input_file_ref idref="fl-4"/>
      </object_component>
      <object_component id="oc-200">
         <name>Cla1Prog:__claabi_memset</name>
         <load_address>0x88336</load_address>
         <run_address>0xab36</run_address>
         <size>0x32</size>
         <input_file_ref idref="fl-30"/>
      </object_component>
      <object_component id="oc-14b">
         <name>Cla1Prog:Cla1Task3</name>
         <load_address>0x88368</load_address>
         <run_address>0xab68</run_address>
         <size>0x8</size>
         <input_file_ref idref="fl-4"/>
      </object_component>
      <object_component id="oc-151">
         <name>Cla1Prog:Cla1Task4</name>
         <load_address>0x88370</load_address>
         <run_address>0xab70</run_address>
         <size>0x8</size>
         <input_file_ref idref="fl-4"/>
      </object_component>
      <object_component id="oc-157">
         <name>Cla1Prog:Cla1Task5</name>
         <load_address>0x88378</load_address>
         <run_address>0xab78</run_address>
         <size>0x8</size>
         <input_file_ref idref="fl-4"/>
      </object_component>
      <object_component id="oc-15d">
         <name>Cla1Prog:Cla1Task6</name>
         <load_address>0x88380</load_address>
         <run_address>0xab80</run_address>
         <size>0x8</size>
         <input_file_ref idref="fl-4"/>
      </object_component>
      <object_component id="oc-163">
         <name>Cla1Prog:Cla1Task7</name>
         <load_address>0x88388</load_address>
         <run_address>0xab88</run_address>
         <size>0x8</size>
         <input_file_ref idref="fl-4"/>
      </object_component>
      <object_component id="oc-169">
         <name>Cla1Prog:Cla1Task8</name>
         <load_address>0x88390</load_address>
         <run_address>0xab90</run_address>
         <size>0x8</size>
         <input_file_ref idref="fl-4"/>
      </object_component>
      <object_component id="oc-1fd">
         <name>Cla1ToCpuMsgRAM</name>
         <load_address>0x1480</load_address>
         <run_address>0x1480</run_address>
         <size>0x1c</size>
         <input_file_ref idref="fl-5"/>
      </object_component>
      <object_component id="oc-1ac">
         <name>Cla1DataRam</name>
         <uninitialized>true</uninitialized>
         <run_address>0x8180</run_address>
         <size>0x20</size>
         <input_file_ref idref="fl-12"/>
      </object_component>
      <object_component id="oc-1f6">
         <name>.scratchpad:Cla1Prog:Cla1Task1</name>
         <uninitialized>true</uninitialized>
         <run_address>0x8900</run_address>
         <size>0x46</size>
         <input_file_ref idref="fl-4"/>
      </object_component>
      <object_component id="oc-35b">
         <name>.scratchpad:Cla1Prog:__claabi_memset</name>
         <uninitialized>true</uninitialized>
         <run_address>0x8946</run_address>
         <size>0x2</size>
         <input_file_ref idref="fl-30"/>
      </object_component>
      <object_component id="oc-1fa">
         <name>.const_cla:$P$T2$3</name>
         <load_address>0x84000</load_address>
         <run_address>0x8948</run_address>
         <size>0x16</size>
         <input_file_ref idref="fl-4"/>
      </object_component>
      <object_component id="oc-1f3">
         <name>.const_cla:$P$T0$1</name>
         <load_address>0x84016</load_address>
         <run_address>0x895e</run_address>
         <size>0xb</size>
         <input_file_ref idref="fl-4"/>
      </object_component>
      <object_component id="oc-1f7">
         <name>.const_cla:$P$T1$2</name>
         <load_address>0x84021</load_address>
         <run_address>0x8969</run_address>
         <size>0xb</size>
         <input_file_ref idref="fl-4"/>
      </object_component>
      <object_component id="oc-18e">
         <name>.TI.ramfunc:Flash_initModule</name>
         <load_address>0x86000</load_address>
         <run_address>0x1b8</run_address>
         <size>0x3f</size>
         <input_file_ref idref="fl-1e"/>
      </object_component>
      <object_component id="oc-263">
         <name>.TI.ramfunc:Flash_setBankPowerMode</name>
         <load_address>0x8603f</load_address>
         <run_address>0x1f7</run_address>
         <size>0x2d</size>
         <input_file_ref idref="fl-1e"/>
      </object_component>
      <object_component id="oc-27b">
         <name>.TI.ramfunc:Flash_setWaitstates</name>
         <load_address>0x8606c</load_address>
         <run_address>0x224</run_address>
         <size>0x22</size>
         <input_file_ref idref="fl-1e"/>
      </object_component>
      <object_component id="oc-269">
         <name>.TI.ramfunc:Flash_setPumpPowerMode</name>
         <load_address>0x8608e</load_address>
         <run_address>0x246</run_address>
         <size>0x1e</size>
         <input_file_ref idref="fl-1e"/>
      </object_component>
      <object_component id="oc-26f">
         <name>.TI.ramfunc:Flash_disableCache</name>
         <load_address>0x860ac</load_address>
         <run_address>0x264</run_address>
         <size>0x1a</size>
         <input_file_ref idref="fl-1e"/>
      </object_component>
      <object_component id="oc-275">
         <name>.TI.ramfunc:Flash_disablePrefetch</name>
         <load_address>0x860c6</load_address>
         <run_address>0x27e</run_address>
         <size>0x1a</size>
         <input_file_ref idref="fl-1e"/>
      </object_component>
      <object_component id="oc-281">
         <name>.TI.ramfunc:Flash_enableCache</name>
         <load_address>0x860e0</load_address>
         <run_address>0x298</run_address>
         <size>0x19</size>
         <input_file_ref idref="fl-1e"/>
      </object_component>
      <object_component id="oc-287">
         <name>.TI.ramfunc:Flash_enablePrefetch</name>
         <load_address>0x860f9</load_address>
         <run_address>0x2b1</run_address>
         <size>0x19</size>
         <input_file_ref idref="fl-1e"/>
      </object_component>
      <object_component id="oc-28d">
         <name>.TI.ramfunc:Flash_enableECC</name>
         <load_address>0x86112</load_address>
         <run_address>0x2ca</run_address>
         <size>0x17</size>
         <input_file_ref idref="fl-1e"/>
      </object_component>
      <object_component id="oc-29c">
         <name>.TI.ramfunc</name>
         <load_address>0x86129</load_address>
         <run_address>0x2e1</run_address>
         <size>0x4</size>
         <input_file_ref idref="fl-24"/>
      </object_component>
      <object_component id="oc-f0">
         <name>.debug_info</name>
         <load_address>0x0</load_address>
         <run_address>0x0</run_address>
         <size>0x116</size>
         <input_file_ref idref="fl-2"/>
      </object_component>
      <object_component id="oc-138">
         <name>.debug_info</name>
         <load_address>0x116</load_address>
         <run_address>0x116</run_address>
         <size>0x117</size>
         <input_file_ref idref="fl-2"/>
      </object_component>
      <object_component id="oc-107">
         <name>.debug_info</name>
         <load_address>0x22d</load_address>
         <run_address>0x22d</run_address>
         <size>0x2ce</size>
         <input_file_ref idref="fl-3"/>
      </object_component>
      <object_component id="oc-10e">
         <name>.debug_info</name>
         <load_address>0x4fb</load_address>
         <run_address>0x4fb</run_address>
         <size>0x34a</size>
         <input_file_ref idref="fl-3"/>
      </object_component>
      <object_component id="oc-1f4">
         <name>.debug_info</name>
         <load_address>0x845</load_address>
         <run_address>0x845</run_address>
         <size>0x116</size>
         <input_file_ref idref="fl-4"/>
      </object_component>
      <object_component id="oc-1f8">
         <name>.debug_info</name>
         <load_address>0x95b</load_address>
         <run_address>0x95b</run_address>
         <size>0x116</size>
         <input_file_ref idref="fl-4"/>
      </object_component>
      <object_component id="oc-1fb">
         <name>.debug_info</name>
         <load_address>0xa71</load_address>
         <run_address>0xa71</run_address>
         <size>0x116</size>
         <input_file_ref idref="fl-4"/>
      </object_component>
      <object_component id="oc-16a">
         <name>.debug_info</name>
         <load_address>0xb87</load_address>
         <run_address>0xb87</run_address>
         <size>0x138</size>
         <input_file_ref idref="fl-4"/>
      </object_component>
      <object_component id="oc-164">
         <name>.debug_info</name>
         <load_address>0xcbf</load_address>
         <run_address>0xcbf</run_address>
         <size>0x138</size>
         <input_file_ref idref="fl-4"/>
      </object_component>
      <object_component id="oc-15f">
         <name>.debug_info</name>
         <load_address>0xdf7</load_address>
         <run_address>0xdf7</run_address>
         <size>0x138</size>
         <input_file_ref idref="fl-4"/>
      </object_component>
      <object_component id="oc-159">
         <name>.debug_info</name>
         <load_address>0xf2f</load_address>
         <run_address>0xf2f</run_address>
         <size>0x138</size>
         <input_file_ref idref="fl-4"/>
      </object_component>
      <object_component id="oc-152">
         <name>.debug_info</name>
         <load_address>0x1067</load_address>
         <run_address>0x1067</run_address>
         <size>0x138</size>
         <input_file_ref idref="fl-4"/>
      </object_component>
      <object_component id="oc-14c">
         <name>.debug_info</name>
         <load_address>0x119f</load_address>
         <run_address>0x119f</run_address>
         <size>0x138</size>
         <input_file_ref idref="fl-4"/>
      </object_component>
      <object_component id="oc-146">
         <name>.debug_info</name>
         <load_address>0x12d7</load_address>
         <run_address>0x12d7</run_address>
         <size>0x148</size>
         <input_file_ref idref="fl-4"/>
      </object_component>
      <object_component id="oc-140">
         <name>.debug_info</name>
         <load_address>0x141f</load_address>
         <run_address>0x141f</run_address>
         <size>0x226</size>
         <input_file_ref idref="fl-4"/>
      </object_component>
      <object_component id="oc-36c">
         <name>.debug_info</name>
         <load_address>0x1645</load_address>
         <run_address>0x1645</run_address>
         <size>0x2d9</size>
         <input_file_ref idref="fl-5"/>
      </object_component>
      <object_component id="oc-37d">
         <name>.debug_info</name>
         <load_address>0x191e</load_address>
         <run_address>0x191e</run_address>
         <size>0x12f</size>
         <input_file_ref idref="fl-5"/>
      </object_component>
      <object_component id="oc-37a">
         <name>.debug_info</name>
         <load_address>0x1a4d</load_address>
         <run_address>0x1a4d</run_address>
         <size>0x14d</size>
         <input_file_ref idref="fl-5"/>
      </object_component>
      <object_component id="oc-1fe">
         <name>.debug_info</name>
         <load_address>0x1b9a</load_address>
         <run_address>0x1b9a</run_address>
         <size>0x153</size>
         <input_file_ref idref="fl-5"/>
      </object_component>
      <object_component id="oc-227">
         <name>.debug_info</name>
         <load_address>0x1ced</load_address>
         <run_address>0x1ced</run_address>
         <size>0xa9f</size>
         <input_file_ref idref="fl-5"/>
      </object_component>
      <object_component id="oc-24f">
         <name>.debug_info</name>
         <load_address>0x278c</load_address>
         <run_address>0x278c</run_address>
         <size>0x1fa</size>
         <input_file_ref idref="fl-6"/>
      </object_component>
      <object_component id="oc-252">
         <name>.debug_info</name>
         <load_address>0x2986</load_address>
         <run_address>0x2986</run_address>
         <size>0x15e</size>
         <input_file_ref idref="fl-6"/>
      </object_component>
      <object_component id="oc-542">
         <name>.debug_info</name>
         <load_address>0x2ae4</load_address>
         <run_address>0x2ae4</run_address>
         <size>0x221</size>
         <input_file_ref idref="fl-6"/>
      </object_component>
      <object_component id="oc-57d">
         <name>.debug_info</name>
         <load_address>0x2d05</load_address>
         <run_address>0x2d05</run_address>
         <size>0x11e</size>
         <input_file_ref idref="fl-6"/>
      </object_component>
      <object_component id="oc-589">
         <name>.debug_info</name>
         <load_address>0x2e23</load_address>
         <run_address>0x2e23</run_address>
         <size>0x11e</size>
         <input_file_ref idref="fl-6"/>
      </object_component>
      <object_component id="oc-58f">
         <name>.debug_info</name>
         <load_address>0x2f41</load_address>
         <run_address>0x2f41</run_address>
         <size>0x11e</size>
         <input_file_ref idref="fl-6"/>
      </object_component>
      <object_component id="oc-5a1">
         <name>.debug_info</name>
         <load_address>0x305f</load_address>
         <run_address>0x305f</run_address>
         <size>0x11f</size>
         <input_file_ref idref="fl-6"/>
      </object_component>
      <object_component id="oc-56c">
         <name>.debug_info</name>
         <load_address>0x317e</load_address>
         <run_address>0x317e</run_address>
         <size>0x11f</size>
         <input_file_ref idref="fl-6"/>
      </object_component>
      <object_component id="oc-5a7">
         <name>.debug_info</name>
         <load_address>0x329d</load_address>
         <run_address>0x329d</run_address>
         <size>0x11f</size>
         <input_file_ref idref="fl-6"/>
      </object_component>
      <object_component id="oc-563">
         <name>.debug_info</name>
         <load_address>0x33bc</load_address>
         <run_address>0x33bc</run_address>
         <size>0x11f</size>
         <input_file_ref idref="fl-6"/>
      </object_component>
      <object_component id="oc-59b">
         <name>.debug_info</name>
         <load_address>0x34db</load_address>
         <run_address>0x34db</run_address>
         <size>0x11f</size>
         <input_file_ref idref="fl-6"/>
      </object_component>
      <object_component id="oc-545">
         <name>.debug_info</name>
         <load_address>0x35fa</load_address>
         <run_address>0x35fa</run_address>
         <size>0x112</size>
         <input_file_ref idref="fl-6"/>
      </object_component>
      <object_component id="oc-54b">
         <name>.debug_info</name>
         <load_address>0x370c</load_address>
         <run_address>0x370c</run_address>
         <size>0x112</size>
         <input_file_ref idref="fl-6"/>
      </object_component>
      <object_component id="oc-548">
         <name>.debug_info</name>
         <load_address>0x381e</load_address>
         <run_address>0x381e</run_address>
         <size>0x112</size>
         <input_file_ref idref="fl-6"/>
      </object_component>
      <object_component id="oc-55d">
         <name>.debug_info</name>
         <load_address>0x3930</load_address>
         <run_address>0x3930</run_address>
         <size>0x11f</size>
         <input_file_ref idref="fl-6"/>
      </object_component>
      <object_component id="oc-56f">
         <name>.debug_info</name>
         <load_address>0x3a4f</load_address>
         <run_address>0x3a4f</run_address>
         <size>0x113</size>
         <input_file_ref idref="fl-6"/>
      </object_component>
      <object_component id="oc-569">
         <name>.debug_info</name>
         <load_address>0x3b62</load_address>
         <run_address>0x3b62</run_address>
         <size>0x113</size>
         <input_file_ref idref="fl-6"/>
      </object_component>
      <object_component id="oc-554">
         <name>.debug_info</name>
         <load_address>0x3c75</load_address>
         <run_address>0x3c75</run_address>
         <size>0x11e</size>
         <input_file_ref idref="fl-6"/>
      </object_component>
      <object_component id="oc-55a">
         <name>.debug_info</name>
         <load_address>0x3d93</load_address>
         <run_address>0x3d93</run_address>
         <size>0x11e</size>
         <input_file_ref idref="fl-6"/>
      </object_component>
      <object_component id="oc-5a4">
         <name>.debug_info</name>
         <load_address>0x3eb1</load_address>
         <run_address>0x3eb1</run_address>
         <size>0x113</size>
         <input_file_ref idref="fl-6"/>
      </object_component>
      <object_component id="oc-58c">
         <name>.debug_info</name>
         <load_address>0x3fc4</load_address>
         <run_address>0x3fc4</run_address>
         <size>0x112</size>
         <input_file_ref idref="fl-6"/>
      </object_component>
      <object_component id="oc-592">
         <name>.debug_info</name>
         <load_address>0x40d6</load_address>
         <run_address>0x40d6</run_address>
         <size>0x112</size>
         <input_file_ref idref="fl-6"/>
      </object_component>
      <object_component id="oc-595">
         <name>.debug_info</name>
         <load_address>0x41e8</load_address>
         <run_address>0x41e8</run_address>
         <size>0x11f</size>
         <input_file_ref idref="fl-6"/>
      </object_component>
      <object_component id="oc-551">
         <name>.debug_info</name>
         <load_address>0x4307</load_address>
         <run_address>0x4307</run_address>
         <size>0x112</size>
[...]
      </symbol>
      <symbol id="sm-726">
         <name>aSdoInfoHeader</name>
         <value>0x8160</value>
         <object_component_ref idref="oc-5bb"/>
      </symbol>
      <symbol id="sm-73e">
         <name>SPI_init</name>
         <value>0x8477c</value>
         <object_component_ref idref="oc-1af"/>
      </symbol>
      <symbol id="sm-73f">
         <name>SPI_PinMuxOptions</name>
         <value>0x84890</value>
         <object_component_ref idref="oc-1af"/>
      </symbol>
      <symbol id="sm-740">
         <name>SPI_configure</name>
         <value>0x847ec</value>
         <object_component_ref idref="oc-1af"/>
      </symbol>
      <symbol id="sm-750">
         <name>Device_verifyXTAL</name>
         <value>0x84c22</value>
         <object_component_ref idref="oc-19a"/>
      </symbol>
      <symbol id="sm-751">
         <name>Device_initGPIO</name>
         <value>0x84c60</value>
         <object_component_ref idref="oc-19a"/>
      </symbol>
      <symbol id="sm-752">
         <name>Device_bootCPU2</name>
         <value>0x84cdf</value>
         <object_component_ref idref="oc-19a"/>
      </symbol>
      <symbol id="sm-753">
         <name>Device_init</name>
         <value>0x84ca0</value>
         <object_component_ref idref="oc-19a"/>
      </symbol>
      <symbol id="sm-754">
         <name>Device_bootCM</name>
         <value>0x84cf4</value>
         <object_component_ref idref="oc-19a"/>
      </symbol>
      <symbol id="sm-755">
         <name>Device_enablePeripherals</name>
         <value>0x84c7e</value>
         <object_component_ref idref="oc-19a"/>
      </symbol>
      <symbol id="sm-756">
         <name>Device_enableUnbondedGPIOPullups</name>
         <value>0x84c55</value>
         <object_component_ref idref="oc-19a"/>
      </symbol>
      <symbol id="sm-757">
         <name>__error__</name>
         <value>0x84c1f</value>
         <object_component_ref idref="oc-19a"/>
      </symbol>
      <symbol id="sm-758">
         <name>Device_enableUnbondedGPIOPullupsFor176Pin</name>
         <value>0x84c42</value>
         <object_component_ref idref="oc-19a"/>
      </symbol>
      <symbol id="sm-765">
         <name>ESC_initGPIO</name>
         <value>0x845d5</value>
         <object_component_ref idref="oc-1a6"/>
      </symbol>
      <symbol id="sm-78d">
         <name>ESC_releaseESCReset</name>
         <value>0x840c2</value>
         <object_component_ref idref="oc-113"/>
      </symbol>
      <symbol id="sm-78e">
         <name>ESC_holdESCInReset</name>
         <value>0x841ff</value>
         <object_component_ref idref="oc-113"/>
      </symbol>
      <symbol id="sm-78f">
         <name>ESC_readDWord</name>
         <value>0x840d9</value>
         <object_component_ref idref="oc-113"/>
      </symbol>
      <symbol id="sm-790">
         <name>ESC_writeBlockISR</name>
         <value>0x8405d</value>
         <object_component_ref idref="oc-113"/>
      </symbol>
      <symbol id="sm-791">
         <name>ESC_readDWordISR</name>
         <value>0x840d0</value>
         <object_component_ref idref="oc-113"/>
      </symbol>
      <symbol id="sm-792">
         <name>ESC_applicationSync0Handler</name>
         <value>0x84e06</value>
         <object_component_ref idref="oc-111"/>
      </symbol>
      <symbol id="sm-793">
         <name>SPI_config</name>
         <value>0x8180</value>
         <object_component_ref idref="oc-1ac"/>
      </symbol>
      <symbol id="sm-794">
         <name>ESC_getTimer</name>
         <value>0x8420a</value>
         <object_component_ref idref="oc-113"/>
      </symbol>
      <symbol id="sm-795">
         <name>ESC_applicationLayerHandler</name>
         <value>0x84e3a</value>
         <object_component_ref idref="oc-111"/>
      </symbol>
      <symbol id="sm-796">
         <name>ESC_writeDWordISR</name>
         <value>0x84042</value>
         <object_component_ref idref="oc-113"/>
      </symbol>
      <symbol id="sm-797">
         <name>ESC_applicationSync1Handler</name>
         <value>0x84dd2</value>
         <object_component_ref idref="oc-111"/>
      </symbol>
      <symbol id="sm-798">
         <name>ESC_writeWord</name>
         <value>0x8403b</value>
         <object_component_ref idref="oc-113"/>
      </symbol>
      <symbol id="sm-799">
         <name>ESC_clearTimer</name>
         <value>0x8421a</value>
         <object_component_ref idref="oc-113"/>
      </symbol>
      <symbol id="sm-79a">
         <name>ESC_initHW</name>
         <value>0x8411a</value>
         <object_component_ref idref="oc-113"/>
      </symbol>
      <symbol id="sm-79b">
         <name>ESC_writeWordISR</name>
         <value>0x84030</value>
         <object_component_ref idref="oc-113"/>
      </symbol>
      <symbol id="sm-79c">
         <name>ESC_readWordISR</name>
         <value>0x84054</value>
         <object_component_ref idref="oc-113"/>
      </symbol>
      <symbol id="sm-79d">
         <name>ESC_readBlockISR</name>
         <value>0x840e0</value>
         <object_component_ref idref="oc-113"/>
      </symbol>
      <symbol id="sm-79e">
         <name>ESC_writeBlock</name>
         <value>0x84090</value>
         <object_component_ref idref="oc-113"/>
      </symbol>
      <symbol id="sm-79f">
         <name>ESC_loadedCheckEEPROM</name>
         <value>0x84106</value>
         <object_component_ref idref="oc-113"/>
      </symbol>
      <symbol id="sm-7a0">
         <name>ESC_resetESC</name>
         <value>0x840b2</value>
         <object_component_ref idref="oc-113"/>
      </symbol>
      <symbol id="sm-7a1">
         <name>ESC_setLed</name>
         <value>0x8409b</value>
         <object_component_ref idref="oc-113"/>
      </symbol>
      <symbol id="sm-7a2">
         <name>ESC_readBlock</name>
         <value>0x840ff</value>
         <object_component_ref idref="oc-113"/>
      </symbol>
      <symbol id="sm-7a3">
         <name>ESC_releaseHW</name>
         <value>0x840c0</value>
         <object_component_ref idref="oc-113"/>
      </symbol>
      <symbol id="sm-7a4">
         <name>ESC_writeDWord</name>
         <value>0x8404d</value>
         <object_component_ref idref="oc-113"/>
      </symbol>
      <symbol id="sm-7a5">
         <name>ESC_readWord</name>
         <value>0x840c9</value>
         <object_component_ref idref="oc-113"/>
      </symbol>
      <symbol id="sm-7a6">
         <name>ESC_getTimer0</name>
         <value>0x84206</value>
         <object_component_ref idref="oc-113"/>
      </symbol>
      <symbol id="sm-7a7">
         <name>ESC_timerIncPerMilliSec</name>
         <value>0x84097</value>
         <object_component_ref idref="oc-113"/>
      </symbol>
      <symbol id="sm-7a8">
         <name>ESC_clearTimer0</name>
         <value>0x8420e</value>
         <object_component_ref idref="oc-113"/>
      </symbol>
      <symbol id="sm-852">
         <name>DCC_verifyClockFrequency</name>
         <value>0x84d09</value>
         <object_component_ref idref="oc-2b1"/>
      </symbol>
      <symbol id="sm-89d">
         <name>ESCSS_configureEEPROMSize</name>
         <value>0x856c3</value>
         <object_component_ref idref="oc-1c1"/>
      </symbol>
      <symbol id="sm-89e">
         <name>ESCSS_configureSync0Connections</name>
         <value>0x85342</value>
         <object_component_ref idref="oc-1c7"/>
      </symbol>
      <symbol id="sm-89f">
         <name>ESCSS_configureSync1Connections</name>
         <value>0x8537a</value>
         <object_component_ref idref="oc-1cd"/>
      </symbol>
      <symbol id="sm-90f">
         <name>Flash_initModule</name>
         <value>0x1b8</value>
         <object_component_ref idref="oc-18e"/>
      </symbol>
      <symbol id="sm-951">
         <name>GPIO_setQualificationMode</name>
         <value>0x853ea</value>
         <object_component_ref idref="oc-2d5"/>
      </symbol>
      <symbol id="sm-952">
         <name>GPIO_setPadConfig</name>
         <value>0x85229</value>
         <object_component_ref idref="oc-2db"/>
      </symbol>
      <symbol id="sm-953">
         <name>GPIO_setDirectionMode</name>
         <value>0x854fb</value>
         <object_component_ref idref="oc-2e1"/>
      </symbol>
      <symbol id="sm-954">
         <name>GPIO_setPinConfig</name>
         <value>0x8545a</value>
         <object_component_ref idref="oc-2cf"/>
      </symbol>
      <symbol id="sm-955">
         <name>GPIO_setMasterCore</name>
         <value>0x853b2</value>
         <object_component_ref idref="oc-2fd"/>
      </symbol>
      <symbol id="sm-9a7">
         <name>Interrupt_initModule</name>
         <value>0x85305</value>
         <object_component_ref idref="oc-1b5"/>
      </symbol>
      <symbol id="sm-9a8">
         <name>Interrupt_enable</name>
         <value>0x854c7</value>
         <object_component_ref idref="oc-16f"/>
      </symbol>
      <symbol id="sm-9a9">
         <name>Interrupt_initVectorTable</name>
         <value>0x857c3</value>
         <object_component_ref idref="oc-1bb"/>
      </symbol>
      <symbol id="sm-9c8">
         <name>IPC_CPU_To_CM_GetBuffer</name>
         <value>0x38000</value>
         <object_component_ref idref="oc-499"/>
      </symbol>
      <symbol id="sm-9c9">
         <name>IPC_CPU1_To_CPU2_GetBuffer</name>
         <value>0x3b000</value>
         <object_component_ref idref="oc-493"/>
      </symbol>
      <symbol id="sm-9ca">
         <name>IPC_CPU1_To_CPU2_PutBuffer</name>
         <value>0x3a000</value>
         <object_component_ref idref="oc-490"/>
      </symbol>
      <symbol id="sm-9cb">
         <name>IPC_CPU_To_CM_PutBuffer</name>
         <value>0x39000</value>
         <object_component_ref idref="oc-496"/>
      </symbol>
      <symbol id="sm-9cc">
         <name>IPC_Instance</name>
         <value>0x90646</value>
         <object_component_ref idref="oc-2bd"/>
      </symbol>
      <symbol id="sm-a01">
         <name>MemCfg_initSections</name>
         <value>0x84f89</value>
         <object_component_ref idref="oc-175"/>
      </symbol>
      <symbol id="sm-a02">
         <name>MemCfg_setLSRAMMasterSel</name>
         <value>0x85422</value>
         <object_component_ref idref="oc-181"/>
      </symbol>
      <symbol id="sm-a03">
         <name>MemCfg_getInitStatus</name>
         <value>0x84e6e</value>
         <object_component_ref idref="oc-17b"/>
      </symbol>
      <symbol id="sm-a3c">
         <name>SPI_setConfig</name>
         <value>0x85179</value>
         <object_component_ref idref="oc-2eb"/>
      </symbol>
      <symbol id="sm-a3d">
         <name>SPI_clearInterruptStatus</name>
         <value>0x85491</value>
         <object_component_ref idref="oc-2f1"/>
      </symbol>
      <symbol id="sm-a3e">
         <name>SPI_enableInterrupt</name>
         <value>0x8555d</value>
         <object_component_ref idref="oc-2f7"/>
      </symbol>
      <symbol id="sm-b7a">
         <name>SysCtl_controlCPU2Reset</name>
         <value>0x85707</value>
         <object_component_ref idref="oc-2b7"/>
      </symbol>
      <symbol id="sm-b7b">
         <name>SysCtl_isPLLValid</name>
         <value>0x84a1e</value>
         <object_component_ref idref="oc-2a9"/>
      </symbol>
      <symbol id="sm-b7c">
         <name>SysCtl_delay</name>
         <value>0x2e1</value>
         <object_component_ref idref="oc-29c"/>
      </symbol>
      <symbol id="sm-b7d">
         <name>SysCtl_selectXTALSingleEnded</name>
         <value>0x8588b</value>
         <object_component_ref idref="oc-3e4"/>
      </symbol>
      <symbol id="sm-b7e">
         <name>SysCtl_selectXTAL</name>
         <value>0x8569f</value>
         <object_component_ref idref="oc-3de"/>
      </symbol>
      <symbol id="sm-b7f">
         <name>SysCtl_selectOscSource</name>
         <value>0x851d5</value>
         <object_component_ref idref="oc-29d"/>
      </symbol>
      <symbol id="sm-b80">
         <name>SysCtl_controlCMReset</name>
         <value>0x8567a</value>
         <object_component_ref idref="oc-2c0"/>
      </symbol>
      <symbol id="sm-b81">
         <name>SysCtl_setClock</name>
         <value>0x848e6</value>
         <object_component_ref idref="oc-194"/>
      </symbol>
      <symbol id="sm-b82">
         <name>SysCtl_selectOscSourceAuxPLL</name>
         <value>0x8527b</value>
         <object_component_ref idref="oc-2c8"/>
      </symbol>
      <symbol id="sm-b83">
         <name>SysCtl_setAuxClock</name>
         <value>0x83ecf</value>
         <object_component_ref idref="oc-1a0"/>
      </symbol>
      <symbol id="sm-b95">
         <name>__claabi_memset</name>
         <value>0xab36</value>
         <object_component_ref idref="oc-200"/>
      </symbol>
      <symbol id="sm-b9f">
         <name>_c_int00</name>
         <value>0x858a5</value>
         <object_component_ref idref="oc-1ea"/>
      </symbol>
      <symbol id="sm-ba0">
         <name>__stack</name>
         <value>0xd000</value>
         <object_component_ref idref="oc-11d"/>
      </symbol>
      <symbol id="sm-bad">
         <name>__c28xabi_divf</name>
         <value>0x84f01</value>
         <object_component_ref idref="oc-374"/>
      </symbol>
      <symbol id="sm-bb5">
         <name>__c28xabi_orll</name>
         <value>0x858c6</value>
         <object_component_ref idref="oc-383"/>
      </symbol>
      <symbol id="sm-bb6">
         <name>__c28xabi_xorll</name>
         <value>0x858ce</value>
         <object_component_ref idref="oc-383"/>
      </symbol>
      <symbol id="sm-bb7">
         <name>__c28xabi_andll</name>
         <value>0x858be</value>
         <object_component_ref idref="oc-383"/>
      </symbol>
      <symbol id="sm-bc1">
         <name>__c28xabi_cmpll</name>
         <value>0x857e1</value>
         <object_component_ref idref="oc-23a"/>
      </symbol>
      <symbol id="sm-bc2">
         <name>__c28xabi_cmpull</name>
         <value>0x857f3</value>
         <object_component_ref idref="oc-23a"/>
      </symbol>
      <symbol id="sm-bcc">
         <name>__c28xabi_modi</name>
         <value>0x856f6</value>
         <object_component_ref idref="oc-3aa"/>
      </symbol>
      <symbol id="sm-bcd">
         <name>__c28xabi_divi</name>
         <value>0x856e5</value>
         <object_component_ref idref="oc-3aa"/>
      </symbol>
      <symbol id="sm-bd5">
         <name>__c28xabi_modu</name>
         <value>0x85ae3</value>
         <object_component_ref idref="oc-521"/>
      </symbol>
      <symbol id="sm-bd6">
         <name>__c28xabi_divu</name>
         <value>0x85ade</value>
         <object_component_ref idref="oc-521"/>
      </symbol>
      <symbol id="sm-be8">
         <name>memcpy</name>
         <value>0x85839</value>
         <object_component_ref idref="oc-123"/>
      </symbol>
      <symbol id="sm-bf5">
         <name>_system_pre_init</name>
         <value>0x85b1c</value>
         <object_component_ref idref="oc-33e"/>
      </symbol>
      <symbol id="sm-c04">
         <name>__TI_auto_init_nobinit_nopinit</name>
         <value>0x8558c</value>
         <object_component_ref idref="oc-4dc"/>
      </symbol>
      <symbol id="sm-c13">
         <name>__TI_zero_init_nomemset</name>
         <value>0x85aa3</value>
         <object_component_ref idref="oc-12b"/>
      </symbol>
      <symbol id="sm-c20">
         <name>__TI_decompress_none</name>
         <value>0x85af2</value>
         <object_component_ref idref="oc-e8"/>
      </symbol>
      <symbol id="sm-c34">
         <name>__TI_decompress_lzss</name>
         <value>0x8552c</value>
         <object_component_ref idref="oc-e2"/>
      </symbol>
      <symbol id="sm-c4a">
         <name>C$$EXIT</name>
         <value>0x855e1</value>
         <object_component_ref idref="oc-34b"/>
      </symbol>
      <symbol id="sm-c4b">
         <name>abort</name>
         <value>0x855e1</value>
         <object_component_ref idref="oc-34b"/>
      </symbol>
      <symbol id="sm-c4c">
         <name>exit</name>
         <value>0x855e3</value>
         <object_component_ref idref="oc-34b"/>
      </symbol>
      <symbol id="sm-c4d">
         <name>__TI_dtors_ptr</name>
         <value>0x9284</value>
         <object_component_ref idref="oc-50e"/>
      </symbol>
      <symbol id="sm-c4e">
         <name>__TI_cleanup_ptr</name>
         <value>0x9282</value>
         <object_component_ref idref="oc-50e"/>
      </symbol>
      <symbol id="sm-c4f">
         <name>__TI_enable_exit_profile_output</name>
         <value>0x9280</value>
         <object_component_ref idref="oc-50e"/>
      </symbol>
      <symbol id="sm-c66">
         <name>_nop</name>
         <value>0x85af1</value>
         <object_component_ref idref="oc-634"/>
      </symbol>
      <symbol id="sm-c67">
         <name>_lock</name>
         <value>0x91bc</value>
         <object_component_ref idref="oc-511"/>
      </symbol>
      <symbol id="sm-c68">
         <name>_unlock</name>
         <value>0x91be</value>
         <object_component_ref idref="oc-5b1"/>
      </symbol>
      <symbol id="sm-c69">
         <name>_register_lock</name>
         <value>0x85aed</value>
         <object_component_ref idref="oc-634"/>
      </symbol>
      <symbol id="sm-c6a">
         <name>_register_unlock</name>
         <value>0x85ae9</value>
         <object_component_ref idref="oc-634"/>
      </symbol>
      <symbol id="sm-c79">
         <name>_args_main</name>
         <value>0x85abc</value>
         <object_component_ref idref="oc-345"/>
      </symbol>
      <symbol id="sm-c88">
         <name>memcmp</name>
         <value>0x85a1a</value>
         <object_component_ref idref="oc-539"/>
      </symbol>
      <symbol id="sm-cef">
         <name>_sys_memory</name>
         <value>0xc800</value>
         <object_component_ref idref="oc-11e"/>
      </symbol>
      <symbol id="sm-cf0">
         <name>free</name>
         <value>0x83c62</value>
         <object_component_ref idref="oc-394"/>
      </symbol>
      <symbol id="sm-cf1">
         <name>__TI_heap_total_available</name>
         <value>0x83e8f</value>
         <object_component_ref idref="oc-394"/>
      </symbol>
      <symbol id="sm-cf2">
         <name>__TI_heap_largest_available</name>
         <value>0x83eae</value>
         <object_component_ref idref="oc-394"/>
      </symbol>
      <symbol id="sm-cf3">
         <name>realloc</name>
         <value>0x83d2c</value>
         <object_component_ref idref="oc-394"/>
      </symbol>
      <symbol id="sm-cf4">
         <name>memalign</name>
         <value>0x83de1</value>
         <object_component_ref idref="oc-394"/>
      </symbol>
      <symbol id="sm-cf5">
         <name>calloc</name>
         <value>0x83db4</value>
         <object_component_ref idref="oc-394"/>
      </symbol>
      <symbol id="sm-cf6">
         <name>malloc</name>
         <value>0x83c37</value>
         <object_component_ref idref="oc-394"/>
      </symbol>
      <symbol id="sm-cf7">
         <name>__TI_heap_check</name>
         <value>0x83ecd</value>
         <object_component_ref idref="oc-394"/>
      </symbol>
      <symbol id="sm-cf8">
         <name>aligned_alloc</name>
         <value>0x83de1</value>
         <object_component_ref idref="oc-394"/>
      </symbol>
      <symbol id="sm-cf9">
         <name>minit</name>
         <value>0x83db0</value>
         <object_component_ref idref="oc-394"/>
      </symbol>
      <symbol id="sm-d08">
         <name>memset</name>
         <value>0x85b11</value>
         <object_component_ref idref="oc-1e3"/>
      </symbol>
      <symbol id="sm-d16">
         <name>strlen</name>
         <value>0x85b02</value>
         <object_component_ref idref="oc-526"/>
      </symbol>
      <symbol id="sm-d24">
         <name>_system_post_cinit</name>
         <value>0x85b1e</value>
         <object_component_ref idref="oc-61a"/>
      </symbol>
      <symbol id="sm-d26">
         <name>__c_args__</name>
         <value>0x0</value>
      </symbol>
   </symbol_table>
   <title>Link successful</title>
</link_info>
