******************************************************************************
             TMS320C2000 Linker PC v21.6.0                     
******************************************************************************
>> Linked Wed Jun  1 18:22:31 2022

OUTPUT FILE NAME:   <ADIS16364_IMU_ECAT_SLAVE_F28388D_CPU.out>
ENTRY POINT SYMBOL: "code_start"  address: 00080000


MEMORY CONFIGURATION

         name            origin    length      used     unused   attr    fill
----------------------  --------  ---------  --------  --------  ----  --------
  BOOT_RSVD             00000002   000001af  00000000  000001af  RWIX
  RAMM0                 000001b1   0000024f  0000012d  00000122  RWIX
  RAMM1                 00000400   000003f8  00000000  000003f8  RWIX
  ADCARESULT            00000b00   00000018  00000000  00000018  RWIX
  ADCBRESULT            00000b20   00000018  00000000  00000018  RWIX
  ADCCRESULT            00000b40   00000018  00000000  00000018  RWIX
  ADCDRESULT            00000b60   00000018  00000000  00000018  RWIX
  CPUTIMER0             00000c00   00000008  00000000  00000008  RWIX
  CPUTIMER1             00000c08   00000008  00000000  00000008  RWIX
  CPUTIMER2             00000c10   00000008  00000000  00000008  RWIX
  PIECTRL               00000ce0   0000001a  00000000  0000001a  RWIX
  PIEVECTTABLE          00000d00   00000200  00000000  00000200  RWIX
  DMA                   00001000   00000200  00000000  00000200  RWIX
  CLA1                  00001400   00000080  00000000  00000080  RWIX
  CLA1_MSGRAMLOW        00001480   00000080  0000001c  00000064  RWIX
  CLA1_MSGRAMHIGH       00001500   00000080  00000000  00000080  RWIX
  CLB1LOGICCFG          00003000   00000052  00000000  00000052  RWIX
  CLB1LOGICCTRL         00003100   00000040  00000000  00000040  RWIX
  CLB1DATAEXCH          00003180   00000080  00000000  00000080  RWIX
  CLB2LOGICCFG          00003200   00000052  00000000  00000052  RWIX
  CLB2LOGICCTRL         00003300   00000040  00000000  00000040  RWIX
  CLB2DATAEXCH          00003380   00000080  00000000  00000080  RWIX
  CLB3LOGICCFG          00003400   00000052  00000000  00000052  RWIX
  CLB3LOGICCTRL         00003500   00000040  00000000  00000040  RWIX
  CLB3DATAEXCH          00003580   00000080  00000000  00000080  RWIX
  CLB4LOGICCFG          00003600   00000052  00000000  00000052  RWIX
  CLB4LOGICCTRL         00003700   00000040  00000000  00000040  RWIX
  CLB4DATAEXCH          00003780   00000080  00000000  00000080  RWIX
  CLB5LOGICCFG          00003800   00000052  00000000  00000052  RWIX
  CLB5LOGICCTRL         00003900   00000040  00000000  00000040  RWIX
  CLB5DATAEXCH          00003980   00000080  00000000  00000080  RWIX
  CLB6LOGICCFG          00003a00   00000052  00000000  00000052  RWIX
  CLB6LOGICCTRL         00003b00   00000040  00000000  00000040  RWIX
  CLB6DATAEXCH          00003b80   00000080  00000000  00000080  RWIX
  CLB7LOGICCFG          00003c00   00000052  00000000  00000052  RWIX
  CLB7LOGICCTRL         00003d00   00000040  00000000  00000040  RWIX
  CLB7DATAEXCH          00003d80   00000080  00000000  00000080  RWIX
  CLB8LOGICCFG          00003e00   00000052  00000000  00000052  RWIX
  CLB8LOGICCTRL         00003f00   00000040  00000000  00000040  RWIX
  CLB8DATAEXCH          00003f80   00000080  00000000  00000080  RWIX
  EPWM1                 00004000   00000100  00000000  00000100  RWIX
  EPWM2                 00004100   00000100  00000000  00000100  RWIX
  EPWM3                 00004200   00000100  00000000  00000100  RWIX
  EPWM4                 00004300   00000100  00000000  00000100  RWIX
  EPWM5                 00004400   00000100  00000000  00000100  RWIX
  EPWM6                 00004500   00000100  00000000  00000100  RWIX
  EPWM7                 00004600   00000100  00000000  00000100  RWIX
  EPWM8                 00004700   00000100  00000000  00000100  RWIX
  EPWM9                 00004800   00000100  00000000  00000100  RWIX
  EPWM10                00004900   00000100  00000000  00000100  RWIX
  EPWM11                00004a00   00000100  00000000  00000100  RWIX
  EPWM12                00004b00   00000100  00000000  00000100  RWIX
  EPWM13                00004c00   00000100  00000000  00000100  RWIX
  EPWM14                00004d00   00000100  00000000  00000100  RWIX
  EPWM15                00004e00   00000100  00000000  00000100  RWIX
  EPWM16                00004f00   00000100  00000000  00000100  RWIX
  EQEP1                 00005100   00000040  00000000  00000040  RWIX
  EQEP2                 00005140   00000040  00000000  00000040  RWIX
  EQEP3                 00005180   00000040  00000000  00000040  RWIX
  ECAP1                 00005200   00000020  00000000  00000020  RWIX
  ECAP2                 00005240   00000020  00000000  00000020  RWIX
  ECAP3                 00005280   00000020  00000000  00000020  RWIX
  ECAP4                 000052c0   00000020  00000000  00000020  RWIX
  ECAP5                 00005300   00000020  00000000  00000020  RWIX
  ECAP6                 00005340   00000020  00000000  00000020  RWIX
  HRCAP6                00005360   00000020  00000000  00000020  RWIX
  ECAP7                 00005380   00000020  00000000  00000020  RWIX
  HRCAP7                000053a0   00000020  00000000  00000020  RWIX
  DACA                  00005c00   00000008  00000000  00000008  RWIX
  DACB                  00005c10   00000008  00000000  00000008  RWIX
  DACC                  00005c20   00000008  00000000  00000008  RWIX
  CMPSS1                00005c80   00000020  00000000  00000020  RWIX
  CMPSS2                00005ca0   00000020  00000000  00000020  RWIX
  CMPSS3                00005cc0   00000020  00000000  00000020  RWIX
  CMPSS4                00005ce0   00000020  00000000  00000020  RWIX
  CMPSS5                00005d00   00000020  00000000  00000020  RWIX
  CMPSS6                00005d20   00000020  00000000  00000020  RWIX
  CMPSS7                00005d40   00000020  00000000  00000020  RWIX
  CMPSS8                00005d60   00000020  00000000  00000020  RWIX
  SDFM1                 00005e00   00000080  00000000  00000080  RWIX
  SDFM2                 00005e80   00000080  00000000  00000080  RWIX
  MCBSPA                00006000   00000024  00000000  00000024  RWIX
  MCBSPB                00006040   00000024  00000000  00000024  RWIX
  SPIA                  00006100   00000010  00000000  00000010  RWIX
  SPIB                  00006110   00000010  00000000  00000010  RWIX
  SPIC                  00006120   00000010  00000000  00000010  RWIX
  SPID                  00006130   00000010  00000000  00000010  RWIX
  BGCRCCPU              00006340   00000040  00000000  00000040  RWIX
  BGCRCCLA1             00006380   00000040  00000000  00000040  RWIX
  PMBUSA                00006400   00000020  00000000  00000020  RWIX
  FSITXA                00006600   00000050  00000000  00000050  RWIX
  FSIRXA                00006680   00000050  00000000  00000050  RWIX
  FSITXB                00006700   00000050  00000000  00000050  RWIX
  FSIRXB                00006780   00000050  00000000  00000050  RWIX
  FSIRXC                00006880   00000050  00000000  00000050  RWIX
  FSIRXD                00006980   00000050  00000000  00000050  RWIX
  FSIRXE                00006a80   00000050  00000000  00000050  RWIX
  FSIRXF                00006b80   00000050  00000000  00000050  RWIX
  FSIRXG                00006c80   00000050  00000000  00000050  RWIX
  FSIRXH                00006d80   00000050  00000000  00000050  RWIX
  WD                    00007000   0000002c  00000000  0000002c  RWIX
  NMIINTRUPT            00007060   00000010  00000000  00000010  RWIX
  XINT                  00007070   0000000c  00000000  0000000c  RWIX
  SCIA                  00007200   00000010  00000000  00000010  RWIX
  SCIB                  00007210   00000010  00000000  00000010  RWIX
  SCIC                  00007220   00000010  00000000  00000010  RWIX
  SCID                  00007230   00000010  00000000  00000010  RWIX
  I2CA                  00007300   00000022  00000000  00000022  RWIX
  I2CB                  00007340   00000022  00000000  00000022  RWIX
  ADCA                  00007400   00000080  00000000  00000080  RWIX
  ADCB                  00007480   00000080  00000000  00000080  RWIX
  ADCC                  00007500   00000080  00000000  00000080  RWIX
  ADCD                  00007580   00000080  00000000  00000080  RWIX
  INPUTXBAR             00007900   00000020  00000000  00000020  RWIX
  XBAR                  00007920   00000020  00000000  00000020  RWIX
  SYNCSOC               00007940   00000006  00000000  00000006  RWIX
  CLBINPUTXBAR          00007960   00000020  00000000  00000020  RWIX
  DMACLASRCSEL          00007980   0000001a  00000000  0000001a  RWIX
  EPWMXBAR              00007a00   00000040  00000000  00000040  RWIX
  CLBXBAR               00007a40   00000040  00000000  00000040  RWIX
  OUTPUTXBAR            00007a80   00000040  00000000  00000040  RWIX
  CLBOUTPUTXBAR         00007bc0   00000040  00000000  00000040  RWIX
  GPIOCTRL              00007c00   00000200  00000000  00000200  RWIX
  GPIODATA              00007f00   00000040  00000000  00000040  RWIX
  GPIODATAREAD          00007f80   00000010  00000000  00000010  RWIX
  RAMLS0                00008000   00000800  00000190  00000670  RWIX
  RAMLS1                00008800   00000800  00000174  0000068c  RWIX
  RAMLS2                00009000   00000800  00000288  00000578  RWIX
  RAMLS3                00009800   00000800  00000000  00000800  RWIX
  RAMLS4                0000a000   00000800  00000000  00000800  RWIX
  RAMLS5                0000a800   00000800  00000398  00000468  RWIX
  RAMLS6                0000b000   00000800  00000000  00000800  RWIX
  RAMLS7                0000b800   00000800  00000000  00000800  RWIX
  RAMD0                 0000c000   00000800  00000000  00000800  RWIX
  RAMD1                 0000c800   00000800  00000200  00000600  RWIX
  RAMGS0                0000d000   00001000  00000200  00000e00  RWIX
  RAMGS1                0000e000   00001000  00000000  00001000  RWIX
  RAMGS2                0000f000   00001000  00000000  00001000  RWIX
  RAMGS3                00010000   00001000  00000000  00001000  RWIX
  RAMGS4                00011000   00001000  00000000  00001000  RWIX
  RAMGS5                00012000   00001000  00000000  00001000  RWIX
  RAMGS6                00013000   00001000  00000000  00001000  RWIX
  RAMGS7                00014000   00001000  00000000  00001000  RWIX
  RAMGS8                00015000   00001000  00000000  00001000  RWIX
  RAMGS9                00016000   00001000  00000000  00001000  RWIX
  RAMGS10               00017000   00001000  00000000  00001000  RWIX
  RAMGS11               00018000   00001000  00000000  00001000  RWIX
  RAMGS12               00019000   00001000  00000000  00001000  RWIX
  RAMGS13               0001a000   00001000  00000000  00001000  RWIX
  RAMGS14               0001b000   00001000  00000000  00001000  RWIX
  RAMGS15               0001c000   00000ff8  00000000  00000ff8  RWIX
  CMTOCPURAM            00038000   00000800  00000088  00000778  RWIX
  CPUTOCMRAM            00039000   00000800  00000088  00000778  RWIX
  CPU1TOCPU2RAM         0003a000   00000800  00000088  00000778  RWIX
  CPU2TOCPU1RAM         0003b000   00000800  00000088  00000778  RWIX
  EMIF1                 00047000   00000070  00000000  00000070  RWIX
  EMIF2                 00047800   00000070  00000000  00000070  RWIX
  CANA                  00048000   00000200  00000000  00000200  RWIX
  CANA_MSG_RAM          00049000   00000800  00000000  00000800  RWIX
  CANB                  0004a000   00000200  00000000  00000200  RWIX
  CANB_MSG_RAM          0004b000   00000800  00000000  00000800  RWIX
  ESCSS                 00057e00   00000024  00000000  00000024  RWIX
  ESCSSCONFIG           00057f00   00000016  00000000  00000016  RWIX
  MCANSS                0005c400   00000016  00000000  00000016  RWIX
  MCAN                  0005c600   00000080  00000000  00000080  RWIX
  MCANERROR             0005c800   00000108  00000000  00000108  RWIX
  CPU1TOCPU2IPC         0005ce00   00000026  00000000  00000026  RWIX
  CPU1TOCMIPC           0005ce40   00000026  00000000  00000026  RWIX
  DEVCFG                0005d000   000001a0  00000000  000001a0  RWIX
  CLKCFG                0005d200   00000100  00000000  00000100  RWIX
  CPUSYS                0005d300   000000a0  00000000  000000a0  RWIX
  SYSSTATUS             0005d400   00000100  00000000  00000100  RWIX
  SYSPERIPHAC           0005d500   00000200  00000000  00000200  RWIX
  ANALOGSUBSYS          0005d700   00000100  00000000  00000100  RWIX
  CMCONF                0005dc00   00000400  00000000  00000400  RWIX
  DCC0                  0005e700   00000038  00000000  00000038  RWIX
  DCC1                  0005e740   00000038  00000000  00000038  RWIX
  DCC2                  0005e780   00000038  00000000  00000038  RWIX
  ERADGLOBAL            0005e800   00000014  00000000  00000014  RWIX
  ERADHWBP1             0005e900   00000008  00000000  00000008  RWIX
  ERADHWBP2             0005e908   00000008  00000000  00000008  RWIX
  ERADHWBP3             0005e910   00000008  00000000  00000008  RWIX
  ERADHWBP4             0005e918   00000008  00000000  00000008  RWIX
  ERADHWBP5             0005e920   00000008  00000000  00000008  RWIX
  ERADHWBP6             0005e928   00000008  00000000  00000008  RWIX
  ERADHWBP7             0005e930   00000008  00000000  00000008  RWIX
  ERADHWBP8             0005e938   00000008  00000000  00000008  RWIX
  ERADCOUNTER1          0005e980   00000010  00000000  00000010  RWIX
  ERADCOUNTER2          0005e990   00000010  00000000  00000010  RWIX
  ERADCOUNTER3          0005e9a0   00000010  00000000  00000010  RWIX
  ERADCOUNTER4          0005e9b0   00000010  00000000  00000010  RWIX
  ERADCRCGLOBAL         0005ea00   00000010  00000000  00000010  RWIX
  ERADCRC1              0005ea10   00000010  00000000  00000010  RWIX
  ERADCRC2              0005ea20   00000010  00000000  00000010  RWIX
  ERADCRC3              0005ea30   00000010  00000000  00000010  RWIX
  ERADCRC4              0005ea40   00000010  00000000  00000010  RWIX
  ERADCRC5              0005ea50   00000010  00000000  00000010  RWIX
  ERADCRC6              0005ea60   00000010  00000000  00000010  RWIX
  ERADCRC7              0005ea70   00000010  00000000  00000010  RWIX
  ERADCRC8              0005ea80   00000010  00000000  00000010  RWIX
  DCSMZ1                0005f000   0000003e  00000000  0000003e  RWIX
  DCSMZ2                0005f080   0000003e  00000000  0000003e  RWIX
  DCSMCOMMON            0005f0c0   00000020  00000000  00000020  RWIX
  MEMCFG                0005f400   000000c0  00000000  000000c0  RWIX
  EMIF1CONFIG           0005f4c0   00000020  00000000  00000020  RWIX
  EMIF2CONFIG           0005f4e0   00000020  00000000  00000020  RWIX
  ACCESSPROTECTION      0005f500   00000040  00000000  00000040  RWIX
  MEMORYERROR           0005f540   00000040  00000000  00000040  RWIX
  ROMWAITSTATE          0005f580   00000008  00000000  00000008  RWIX
  ROMPREFETCH           0005f588   00000008  00000000  00000008  RWIX
  TESTERROR             0005f590   00000010  00000000  00000010  RWIX
  FLASH0CTRL            0005f800   00000182  00000000  00000182  RWIX
  FLASH0ECC             0005fb00   00000028  00000000  00000028  RWIX
  DCSMZ1OTP             00078000   00000020  00000000  00000020  RWIX
  DCSMZ2OTP             00078200   00000020  00000000  00000020  RWIX
  BEGIN                 00080000   00000002  00000002  00000000  RWIX
  FLASH0                00080002   00001ffe  00000000  00001ffe  RWIX
  FLASH1                00082000   00002000  00002000  00000000  RWIX
  FLASH2                00084000   00002000  00001c97  00000369  RWIX
  FLASH3                00086000   00002000  0000012d  00001ed3  RWIX
  FLASH4                00088000   00008000  00000398  00007c68  RWIX
  FLASH5                00090000   00008000  00000aa0  00007560  RWIX
  FLASH6                00098000   00008000  00000000  00008000  RWIX
  FLASH7                000a0000   00008000  00000000  00008000  RWIX
  FLASH8                000a8000   00008000  00000000  00008000  RWIX
  FLASH9                000b0000   00008000  00000000  00008000  RWIX
  FLASH10               000b8000   00002000  00000000  00002000  RWIX
  FLASH11               000ba000   00002000  00000000  00002000  RWIX
  FLASH12               000bc000   00002000  00000000  00002000  RWIX
  FLASH13               000be000   00001ff0  00000000  00001ff0  RWIX
  RESET                 003fffc0   00000002  00000000  00000002  RWIX


SECTION ALLOCATION MAP

 output                                  attributes/
section   page    origin      length       input sections
--------  ----  ----------  ----------   ----------------
codestart 
*          0    00080000    00000002     
                  00080000    00000002     f2838x_codestartbranch.obj (codestart)

.cinit     0    00085b20    0000017c     
                  00085b20    0000015a     (.cinit..data.load) [load image, compression = lzss]
                  00085c7a    00000006     (__TI_handler_table)
                  00085c80    00000004     (.cinit..bss.load) [load image, compression = zero_init]
                  00085c84    00000004     (.cinit..scratchpad.load) [load image, compression = zero_init]
                  00085c88    00000004     (.cinit.Cla1DataRam.load) [load image, compression = zero_init]
                  00085c8c    00000010     (__TI_cinit_table)

.reset     0    003fffc0    00000000     DSECT

.stack     0    0000d000    00000200     UNINITIALIZED
                  0000d000    00000200     --HOLE--

.init_array 
*          0    00082000    00000000     UNINITIALIZED

.bss       0    00008000    00000170     UNINITIALIZED
                  00008000    00000062     objdef.obj (.bss)
                  00008062    0000001e     sdoserv.obj (.bss)
                  00008080    0000005a     mailbox.obj (.bss)
                  000080da    00000022     ecatappl.obj (.bss:aPdInputData)
                  000080fc    00000004     ADIS16364_F28388D_IMU_SLAVE_CPU1.obj (.bss)
                  00008100    0000002a     ecatslv.obj (.bss)
                  0000812a    00000022     ecatappl.obj (.bss:aPdOutputData)
                  0000814c    00000014     ecatappl.obj (.bss)
                  00008160    00000007     sdoserv.obj (.bss:aSdoInfoHeader)
                  00008167    00000001     --HOLE--
                  00008168    00000004     coeappl.obj (.bss)
                  0000816c    00000002     ecatcoe.obj (.bss)
                  0000816e    00000002     rts2800_fpu64_eabi.lib : memory.c.obj (.bss)

.sysmem    0    0000c800    00000200     UNINITIALIZED
                  0000c800    00000004     rts2800_fpu64_eabi.lib : memory.c.obj (.sysmem)
                  0000c804    000001fc     --HOLE--

.const     0    00090000    00000aa0     
                  00090000    00000108     coeappl.obj (.const:.string:aName0x1C32)
                  00090108    00000107     coeappl.obj (.const:.string:aName0x1C33)
                  0009020f    000000ae     coeappl.obj (.const:.string:aName0x1A00)
                  000902bd    00000001     --HOLE-- [fill = 0]
                  000902be    00000098     driverlib.lib : escss.obj (.const:.string)
                  00090356    00000098                   : flash.obj (.const:.string)
                  000903ee    00000097                   : gpio.obj (.const:.string)
                  00090485    00000001     --HOLE-- [fill = 0]
                  00090486    00000097                   : sysctl.obj (.const:.string)
                  0009051d    00000001     --HOLE-- [fill = 0]
                  0009051e    00000094                   : dcc.obj (.const:.string)
                  000905b2    00000094                   : spi.obj (.const:.string)
                  00090646    00000088                   : ipc.obj (.const:IPC_Instance)
                  000906ce    00000063     coeappl.obj (.const:asEntryDesc0x1C3x)
                  00090731    00000001     --HOLE-- [fill = 0]
                  00090732    0000004d     driverlib.lib : memcfg.obj (.const:.string)
                  0009077f    00000047     coeappl.obj (.const:.string:aName0x1018)
                  000907c6    00000044     coeappl.obj (.const:.string:aName0xF000)
                  0009080a    0000003f     coeappl.obj (.const:.string:aName0x10F1)
                  00090849    0000003f     coeappl.obj (.const:.string:aName0x6000)
                  00090888    0000003c     sdoserv.obj (.const:cAbortCode)
                  000908c4    00000030     coeappl.obj (.const:.string:aName0x1600)
                  000908f4    00000027     coeappl.obj (.const:asEntryDesc0x1A00)
                  0009091b    00000024     coeappl.obj (.const:.string:aName0x6002)
                  0009093f    0000001e     coeappl.obj (.const:.string:aName0x1009)
                  0009095d    0000001e     coeappl.obj (.const:.string:aName0x100A)
                  0009097b    0000001e     coeappl.obj (.const:asEntryDesc0x6000)
                  00090999    0000001b     coeappl.obj (.const:.string:aName0x1C12)
                  000909b4    0000001b     coeappl.obj (.const:.string:aName0x1C13)
                  000909cf    00000018     coeappl.obj (.const:.string:aName0x7000)
                  000909e7    00000013     coeappl.obj (.const:.string:aName0x10F8)
                  000909fa    00000012     coeappl.obj (.const:.string:aName0x1C00)
                  00090a0c    00000012     coeappl.obj (.const)
                  00090a1e    00000010     objdef.obj (.const:cBitMask)
                  00090a2e    0000000f     coeappl.obj (.const:.string:aName0x1001)
                  00090a3d    0000000f     coeappl.obj (.const:asEntryDesc0x1018)
                  00090a4c    0000000c     coeappl.obj (.const:.string:aName0x1000)
                  00090a58    0000000c     coeappl.obj (.const:.string:aName0x1008)
                  00090a64    0000000c     coeappl.obj (.const:asEntryDesc0x6002)
                  00090a70    00000009     coeappl.obj (.const:asEntryDesc0x10F1)
                  00090a79    00000009     coeappl.obj (.const:asEntryDesc0xF000)
                  00090a82    00000006     coeappl.obj (.const:asEntryDesc0x1600)
                  00090a88    00000006     coeappl.obj (.const:asEntryDesc0x1C00)
                  00090a8e    00000006     coeappl.obj (.const:asEntryDesc0x1C12)
                  00090a94    00000006     coeappl.obj (.const:asEntryDesc0x1C13)
                  00090a9a    00000006     coeappl.obj (.const:asEntryDesc0x7000)

CLA1mathTables 
*          0    0000a000    00000000     UNINITIALIZED

MSGRAM_CM_TO_CPU 
*          0    00038000    00000088     UNINITIALIZED
                  00038000    00000088     driverlib.lib : ipc.obj (MSGRAM_CM_TO_CPU)

MSGRAM_CPU_TO_CM 
*          0    00039000    00000088     UNINITIALIZED
                  00039000    00000088     driverlib.lib : ipc.obj (MSGRAM_CPU_TO_CM)

MSGRAM_CPU1_TO_CPU2 
*          0    0003a000    00000088     UNINITIALIZED
                  0003a000    00000088     driverlib.lib : ipc.obj (MSGRAM_CPU1_TO_CPU2)

MSGRAM_CPU2_TO_CPU1 
*          0    0003b000    00000088     UNINITIALIZED
                  0003b000    00000088     driverlib.lib : ipc.obj (MSGRAM_CPU2_TO_CPU1)

Cla1Prog   0    00088000    00000398     RUN ADDR = 0000a800
                  00088000    000002fa     spi.obj (Cla1Prog:Cla1Task1)
                  000882fa    0000003c     spi.obj (Cla1Prog:Cla1Task2)
                  00088336    00000032     rts2800_fpu64_eabi.lib : cla_memset.cla.obj (Cla1Prog:__claabi_memset)
                  00088368    00000008     spi.obj (Cla1Prog:Cla1Task3)
                  00088370    00000008     spi.obj (Cla1Prog:Cla1Task4)
                  00088378    00000008     spi.obj (Cla1Prog:Cla1Task5)
                  00088380    00000008     spi.obj (Cla1Prog:Cla1Task6)
                  00088388    00000008     spi.obj (Cla1Prog:Cla1Task7)
                  00088390    00000008     spi.obj (Cla1Prog:Cla1Task8)

Cla1ToCpuMsgRAM 
*          0    00001480    0000001c     
                  00001480    0000001c     ADIS16364_F28388D_IMU_SLAVE_CPU1.obj (Cla1ToCpuMsgRAM)

CLAscratch 
*          0    00008800    00000100     UNINITIALIZED
                  00008800    00000100     --HOLE--

.scratchpad 
*          0    00008900    00000048     UNINITIALIZED
                  00008900    00000046     spi.obj (.scratchpad:Cla1Prog:Cla1Task1)
                  00008946    00000002     rts2800_fpu64_eabi.lib : cla_memset.cla.obj (.scratchpad:Cla1Prog:__claabi_memset)

.const_cla 
*          0    00084000    0000002c     RUN ADDR = 00008948
                  00084000    00000016     spi.obj (.const_cla:$P$T2$3)
                  00084016    0000000b     spi.obj (.const_cla:$P$T0$1)
                  00084021    0000000b     spi.obj (.const_cla:$P$T1$2)

.TI.ramfunc 
*          0    00086000    0000012d     RUN ADDR = 000001b8
                  00086000    0000003f     driverlib.lib : flash.obj (.TI.ramfunc:Flash_initModule)
                  0008603f    0000002d                   : flash.obj (.TI.ramfunc:Flash_setBankPowerMode)
                  0008606c    00000022                   : flash.obj (.TI.ramfunc:Flash_setWaitstates)
                  0008608e    0000001e                   : flash.obj (.TI.ramfunc:Flash_setPumpPowerMode)
                  000860ac    0000001a                   : flash.obj (.TI.ramfunc:Flash_disableCache)
                  000860c6    0000001a                   : flash.obj (.TI.ramfunc:Flash_disablePrefetch)
                  000860e0    00000019                   : flash.obj (.TI.ramfunc:Flash_enableCache)
                  000860f9    00000019                   : flash.obj (.TI.ramfunc:Flash_enablePrefetch)
                  00086112    00000017                   : flash.obj (.TI.ramfunc:Flash_enableECC)
                  00086129    00000004                   : sysctl.obj (.TI.ramfunc)

Cla1DataRam 
*          0    00008180    00000020     UNINITIALIZED
                  00008180    00000020     ethercat_slave_cpu1_hal.obj (Cla1DataRam)

.data      0    00009000    00000288     UNINITIALIZED
                  00009000    000000f0     coeappl.obj (.data:GenObjDic)
                  000090f0    000000b4     coeappl.obj (.data:ApplicationObjDic)
                  000091a4    00000018     coeappl.obj (.data)
                  000091bc    00000002     rts2800_fpu64_eabi.lib : _lock.c.obj (.data:_lock)
                  000091be    00000002                            : _lock.c.obj (.data:_unlock)
                  000091c0    0000005a     ADIS16364_F28388D_IMU_SLAVE_CPU1.obj (.data)
                  0000921a    00000021     coeappl.obj (.data:acDevicename)
                  0000923b    00000014     coeappl.obj (.data:acHardwareversion)
                  0000924f    00000014     coeappl.obj (.data:acSoftwareversion)
                  00009263    0000000d     objdef.obj (.data:aSubindexDesc)
                  00009270    00000006     ecatappl.obj (.data)
                  00009276    00000006     objdef.obj (.data)
                  0000927c    00000002     ecatslv.obj (.data)
                  0000927e    00000002     ADIS16364_F28388D_IMU_SLAVE_CPU1.obj (.data:g_biascounter)
                  00009280    00000006     rts2800_fpu64_eabi.lib : exit.c.obj (.data)
                  00009286    00000001                            : memory.c.obj (.data)
                  00009287    00000001     sdoserv.obj (.data)

.text.1    0    00082000    00002000     
                  00082000    0000089e     ecatslv.obj (.text)
                  0008289e    0000076b     objdef.obj (.text)
                  00083009    00000587     sdoserv.obj (.text)
                  00083590    000003e9     ecatappl.obj (.text)
                  00083979    000002be     mailbox.obj (.text)
                  00083c37    00000298     rts2800_fpu64_eabi.lib : memory.c.obj (.text)
                  00083ecf    00000117     driverlib.lib : sysctl.obj (.text:SysCtl_setAuxClock)
                  00083fe6    0000001a                   : dcc.obj (.text:DCC_isBaseValid)

.text.2    0    00084030    00001aef     
                  00084030    000001f6     ethercat_slave_cpu1_hal.obj (.text)
                  00084226    000001e6     coeappl.obj (.text)
                  0008440c    000001c9     ADIS16364_F28388D_IMU_SLAVE_CPU1.obj (.text)
                  000845d5    000001a7     ethercat_gpio_setup.obj (.text)
                  0008477c    0000016a     SPI_init.obj (.text)
                  000848e6    00000138     driverlib.lib : sysctl.obj (.text:SysCtl_setClock)
                  00084a1e    00000110                   : sysctl.obj (.text:SysCtl_isPLLValid)
                  00084b2e    000000f1     CLA_init.obj (.text)
                  00084c1f    000000ea     device.obj (.text)
                  00084d09    000000c9     driverlib.lib : dcc.obj (.text:DCC_verifyClockFrequency)
                  00084dd2    0000009c     ethercat_slave_cpu1_hal.obj (.text:retain)
                  00084e6e    00000093     driverlib.lib : memcfg.obj (.text:MemCfg_getInitStatus)
                  00084f01    00000088     rts2800_fpu64_eabi.lib : fs_div28.asm.obj (.text)
                  00084f89    0000007e     driverlib.lib : memcfg.obj (.text:MemCfg_initSections)
                  00085007    0000007e     CLA_init.obj (.text:retain)
                  00085085    0000007a     driverlib.lib : dcc.obj (.text:DCC_setCounterSeeds)
                  000850ff    0000007a                   : sysctl.obj (.text:DCC_setCounterSeeds)
                  00085179    0000005c                   : spi.obj (.text:SPI_setConfig)
                  000851d5    00000054                   : sysctl.obj (.text:SysCtl_selectOscSource)
                  00085229    00000052                   : gpio.obj (.text:GPIO_setPadConfig)
                  0008527b    00000047                   : sysctl.obj (.text:SysCtl_selectOscSourceAuxPLL)
                  000852c2    00000043     ecatcoe.obj (.text)
                  00085305    0000003d     driverlib.lib : interrupt.obj (.text:Interrupt_initModule)
                  00085342    00000038                   : escss.obj (.text:ESCSS_configureSync0Connections)
                  0008537a    00000038                   : escss.obj (.text:ESCSS_configureSync1Connections)
                  000853b2    00000038                   : gpio.obj (.text:GPIO_setMasterCore)
                  000853ea    00000038                   : gpio.obj (.text:GPIO_setQualificationMode)
                  00085422    00000038                   : memcfg.obj (.text:MemCfg_setLSRAMMasterSel)
                  0008545a    00000037                   : gpio.obj (.text:GPIO_setPinConfig)
                  00085491    00000036                   : spi.obj (.text:SPI_clearInterruptStatus)
                  000854c7    00000034                   : interrupt.obj (.text:Interrupt_enable)
                  000854fb    00000031                   : gpio.obj (.text:GPIO_setDirectionMode)
                  0008552c    00000031     rts2800_fpu64_eabi.lib : copy_decompress_lzss.c.obj (.text:decompress:lzss)
                  0008555d    0000002f     driverlib.lib : spi.obj (.text:SPI_enableInterrupt)
                  0008558c    0000002b     rts2800_fpu64_eabi.lib : autoinit.c.obj (.text:__TI_auto_init_nobinit_nopinit)
                  000855b7    0000002a     driverlib.lib : sysctl.obj (.text:SysCtl_pollX1Counter)
                  000855e1    00000029     rts2800_fpu64_eabi.lib : exit.c.obj (.text)
                  0008560a    00000026     f2838x_cpu1_system.obj (.text)
                  00085630    00000025     driverlib.lib : dcc.obj (.text:DCC_enableSingleShotMode)
                  00085655    00000025                   : sysctl.obj (.text:DCC_enableSingleShotMode)
                  0008567a    00000025                   : sysctl.obj (.text:SysCtl_controlCMReset)
                  0008569f    00000024                   : sysctl.obj (.text:SysCtl_selectXTAL)
                  000856c3    00000022                   : escss.obj (.text:ESCSS_configureEEPROMSize)
                  000856e5    00000022     rts2800_fpu64_eabi.lib : i_div28.asm.obj (.text)
                  00085707    00000021     driverlib.lib : sysctl.obj (.text:SysCtl_controlCPU2Reset)
                  00085728    0000001f                   : dcc.obj (.text:DCC_setCounter0ClkSource)
                  00085747    0000001f                   : sysctl.obj (.text:DCC_setCounter0ClkSource)
                  00085766    0000001f                   : dcc.obj (.text:DCC_setCounter1ClkSource)
                  00085785    0000001f                   : sysctl.obj (.text:DCC_setCounter1ClkSource)
                  000857a4    0000001f                   : spi.obj (.text:SPI_isBaseValid)
                  000857c3    0000001e                   : interrupt.obj (.text:Interrupt_initVectorTable)
                  000857e1    0000001e     rts2800_fpu64_eabi.lib : ll_cmp28.asm.obj (.text)
                  000857ff    0000001d     driverlib.lib : dcc.obj (.text:DCC_getErrorStatus)
                  0008581c    0000001d                   : dcc.obj (.text:DCC_getSingleShotStatus)
                  00085839    0000001d     rts2800_fpu64_eabi.lib : memcpy.c.obj (.text)
                  00085856    0000001b     driverlib.lib : escss.obj (.text:ESCSS_isConfigurationLockEnabled)
                  00085871    0000001a                   : sysctl.obj (.text:DCC_isBaseValid)
                  0008588b    0000001a                   : sysctl.obj (.text:SysCtl_selectXTALSingleEnded)
                  000858a5    00000019     rts2800_fpu64_eabi.lib : boot28.asm.obj (.text)
                  000858be    00000018                            : ll_aox28.asm.obj (.text)
                  000858d6    00000017     driverlib.lib : dcc.obj (.text:DCC_disableDoneSignal)
                  000858ed    00000017                   : sysctl.obj (.text:DCC_disableDoneSignal)
                  00085904    00000017                   : dcc.obj (.text:DCC_enableDoneSignal)
                  0008591b    00000017                   : sysctl.obj (.text:SysCtl_enablePeripheral)
                  00085932    00000016                   : dcc.obj (.text:DCC_clearDoneFlag)
                  00085948    00000016                   : sysctl.obj (.text:DCC_clearDoneFlag)
                  0008595e    00000016                   : dcc.obj (.text:DCC_clearErrorFlag)
                  00085974    00000016                   : sysctl.obj (.text:DCC_clearErrorFlag)
                  0008598a    00000016                   : dcc.obj (.text:DCC_disableErrorSignal)
                  000859a0    00000016                   : sysctl.obj (.text:DCC_disableErrorSignal)
                  000859b6    00000014                   : dcc.obj (.text:DCC_disableModule)
                  000859ca    00000014                   : sysctl.obj (.text:DCC_disableModule)
                  000859de    00000014                   : dcc.obj (.text:DCC_enableErrorSignal)
                  000859f2    00000014                   : dcc.obj (.text:DCC_enableModule)
                  00085a06    00000014                   : sysctl.obj (.text:DCC_enableModule)
                  00085a1a    00000013     rts2800_fpu64_eabi.lib : memcmp.c.obj (.text)
                  00085a2d    00000010     driverlib.lib : escss.obj (.text:ESCSS_isBaseValid)
                  00085a3d    00000010                   : escss.obj (.text:ESCSS_isConfigBaseValid)
                  00085a4d    00000010                   : flash.obj (.text:Flash_isCtrlBaseValid)
                  00085a5d    00000010                   : flash.obj (.text:Flash_isECCBaseValid)
                  00085a6d    0000000e                   : gpio.obj (.text:GPIO_isPinValid)
                  00085a7b    0000000e                   : interrupt.obj (.text:Interrupt_defaultHandler)
                  00085a89    0000000d                   : interrupt.obj (.text:Interrupt_disableMaster)
                  00085a96    0000000d                   : interrupt.obj (.text:Interrupt_enableMaster)
                  00085aa3    0000000d     rts2800_fpu64_eabi.lib : copy_zero_init.c.obj (.text:decompress:ZI:__TI_zero_init_nomemset)
                  00085ab0    0000000c     driverlib.lib : sysctl.obj (.text:SysCtl_setPLLSysClk)
                  00085abc    0000000c     rts2800_fpu64_eabi.lib : args_main.c.obj (.text)
                  00085ac8    0000000b     driverlib.lib : sysctl.obj (.text:SysCtl_isCMReset)
                  00085ad3    0000000b                   : sysctl.obj (.text:SysCtl_isMCDClockFailureDetected)
                  00085ade    0000000b     rts2800_fpu64_eabi.lib : u_div28.asm.obj (.text)
                  00085ae9    00000009                            : _lock.c.obj (.text)
                  00085af2    00000008                            : copy_decompress_none.c.obj (.text:decompress:none)
                  00085afa    00000008     f2838x_codestartbranch.obj (.text)
                  00085b02    00000008     rts2800_fpu64_eabi.lib : strlen.c.obj (.text)
                  00085b0a    00000007     driverlib.lib : sysctl.obj (.text:SysCtl_resetMCD)
                  00085b11    00000007     rts2800_fpu64_eabi.lib : memset.c.obj (.text)
                  00085b18    00000002     driverlib.lib : interrupt.obj (.text:Interrupt_illegalOperationHandler)
                  00085b1a    00000002                   : interrupt.obj (.text:Interrupt_nmiHandler)
                  00085b1c    00000002     rts2800_fpu64_eabi.lib : pre_init.c.obj (.text)
                  00085b1e    00000001                            : startup.c.obj (.text)

MODULE SUMMARY

       Module                                 code    ro data   rw data
       ------                                 ----    -------   -------
    .\
       f2838x_codestartbranch.obj             10      0         0      
    +--+--------------------------------------+-------+---------+---------+
       Total:                                 10      0         0      
                                                                       
    .\CLA\
       spi.obj                                1740    88        70     
       CLA_init.obj                           367     0         0      
    +--+--------------------------------------+-------+---------+---------+
       Total:                                 2107    88        70     
                                                                       
    .\EtherCAT_slave\
       coeappl.obj                            486     1525      521    
       ecatslv.obj                            2206    0         44     
       objdef.obj                             1899    16        117    
       sdoserv.obj                            1415    60        38     
       ecatappl.obj                           1001    0         94     
       mailbox.obj                            702     0         90     
       ADIS16364_F28388D_IMU_SLAVE_CPU1.obj   457     0         124    
       ecatcoe.obj                            67      0         2      
       f2838x_cpu1_system.obj                 38      0         0      
    +--+--------------------------------------+-------+---------+---------+
       Total:                                 8271    1601      1030   
                                                                       
    .\SPI_ADIS16364_LIBRARY\
       SPI_init.obj                           362     0         0      
    +--+--------------------------------------+-------+---------+---------+
       Total:                                 362     0         0      
                                                                       
    .\ethercat_f28388x_hal\
       ethercat_slave_cpu1_hal.obj            658     0         32     
       ethercat_gpio_setup.obj                423     0         0      
       device.obj                             234     0         0      
    +--+--------------------------------------+-------+---------+---------+
       Total:                                 1315    0         32     
                                                                       
    C:/ti/c2000/C2000Ware_4_00_00_00/driverlib/f2838x/driverlib/ccs/Debug/driverlib.lib
       sysctl.obj                             1640    151       0      
       dcc.obj                                678     148       0      
       flash.obj                              626     152       0      
       ipc.obj                                0       136       544    
       gpio.obj                               312     151       0      
       memcfg.obj                             329     77        0      
       spi.obj                                224     148       0      
       escss.obj                              205     152       0      
       interrupt.obj                          187     0         0      
    +--+--------------------------------------+-------+---------+---------+
       Total:                                 4201    1115      544    
                                                                       
    C:\ti\ccs1100\ccs\tools\compiler\ti-cgt-c2000_21.6.0.LTS\lib\rts2800_fpu64_eabi.lib
       memory.c.obj                           664     0         3      
       fs_div28.asm.obj                       136     0         0      
       cla_memset.cla.obj                     100     0         2      
       copy_decompress_lzss.c.obj             49      0         0      
       exit.c.obj                             41      0         6      
       autoinit.c.obj                         43      0         0      
       i_div28.asm.obj                        34      0         0      
       ll_cmp28.asm.obj                       30      0         0      
       memcpy.c.obj                           29      0         0      
       boot28.asm.obj                         25      0         0      
       ll_aox28.asm.obj                       24      0         0      
       memcmp.c.obj                           19      0         0      
       _lock.c.obj                            9       0         4      
       copy_zero_init.c.obj                   13      0         0      
       args_main.c.obj                        12      0         0      
       u_div28.asm.obj                        11      0         0      
       copy_decompress_none.c.obj             8       0         0      
       strlen.c.obj                           8       0         0      
       memset.c.obj                           7       0         0      
       pre_init.c.obj                         2       0         0      
       startup.c.obj                          1       0         0      
    +--+--------------------------------------+-------+---------+---------+
       Total:                                 1265    0         15     
                                                                       
       Heap:                                  0       0         512    
       Stack:                                 0       0         512    
       Linker Generated:                      0       380       0      
    +--+--------------------------------------+-------+---------+---------+
       Grand Total:                           17531   3184      2715   


LINKER GENERATED COPY TABLES

__TI_cinit_table @ 00085c8c records: 4, size/record: 4, table size: 16
	.data: load addr=00085b20, load size=0000015a bytes, run addr=00009000, run size=00000288 bytes, compression=lzss
	.bss: load addr=00085c80, load size=00000004 bytes, run addr=00008000, run size=00000170 bytes, compression=zero_init
	.scratchpad: load addr=00085c84, load size=00000004 bytes, run addr=00008900, run size=00000048 bytes, compression=zero_init
	Cla1DataRam: load addr=00085c88, load size=00000004 bytes, run addr=00008180, run size=00000020 bytes, compression=zero_init


LINKER GENERATED HANDLER TABLE

__TI_handler_table @ 00085c7a records: 3, size/record: 2, table size: 6
	index: 0, handler: __TI_zero_init
	index: 1, handler: __TI_decompress_lzss
	index: 2, handler: __TI_decompress_none


GLOBAL DATA SYMBOLS: SORTED BY DATA PAGE

address     data page           name
--------    ----------------    ----
00001480      52 (00001480)     g_Attitude
00001486      52 (00001480)     g_SensBurst

00008000     200 (00008000)     bSyncSetByUser
00008001     200 (00008000)     sCycleDiag
00008002     200 (00008000)     sSyncManOutPar

00008040     201 (00008040)     sSyncManInPar
00008062     201 (00008040)     u8PendingSdo
00008063     201 (00008040)     bStoreCompleteAccess
00008064     201 (00008040)     u8StoreSubindex
00008065     201 (00008040)     u16StoreIndex
00008066     201 (00008040)     nSdoInfoFragmentsLeft
00008067     201 (00008040)     nSdoInfoIndex
00008068     201 (00008040)     nSdoSegService
00008069     201 (00008040)     bSdoSegFollows
0000806a     201 (00008040)     bSdoSegAccess
0000806b     201 (00008040)     nSdoSegIndex
0000806c     201 (00008040)     nSdoSegSubindex
0000806d     201 (00008040)     bSdoSegLastToggle
0000806e     201 (00008040)     u32StoreDataSize
00008070     201 (00008040)     pStoreData
00008072     201 (00008040)     pSdoPendFunc
00008074     201 (00008040)     pSdoSegData
00008076     201 (00008040)     pSdoInfoObjEntry
00008078     201 (00008040)     pSdoResStored
0000807a     201 (00008040)     nSdoSegBytesToHandle
0000807c     201 (00008040)     nSdoSegCompleteSize
0000807e     201 (00008040)     pSdoSegObjEntry

00008080     202 (00008080)     bReceiveMbxIsLocked
00008081     202 (00008080)     bSendMbxIsFull
00008082     202 (00008080)     bMbxRunning
00008083     202 (00008080)     bMbxRepeatToggle
00008084     202 (00008080)     u16SendMbxSize
00008085     202 (00008080)     u16ReceiveMbxSize
00008086     202 (00008080)     u16EscAddrReceiveMbx
00008087     202 (00008080)     u16EscAddrSendMbx
00008088     202 (00008080)     u8MbxWriteCounter
00008089     202 (00008080)     u8MbxReadCounter
0000808a     202 (00008080)     u8MailboxSendReqStored
0000808b     202 (00008080)     bNoMbxMemoryAvailable
0000808c     202 (00008080)     psWriteMbx
0000808e     202 (00008080)     psReadMbx
00008090     202 (00008080)     psRepeatMbx
00008092     202 (00008080)     psStoreMbx
00008094     202 (00008080)     sMbxSendQueue

000080c0     203 (000080c0)     sMbxReceiveQueue
000080da     203 (000080c0)     aPdInputData
000080fc     203 (000080c0)     CycleTime
000080fe     203 (000080c0)     CycleFreq

00008100     204 (00008100)     bEcatOutputUpdateRunning
00008101     204 (00008100)     bEcatInputUpdateRunning
00008102     204 (00008100)     bEcatFirstOutputsReceived
00008103     204 (00008100)     bWdTrigger
00008104     204 (00008100)     bDcSyncActive
00008105     204 (00008100)     EsmTimeoutCounter
00008106     204 (00008100)     bDcRunning
00008107     204 (00008100)     u16SmSync0Counter
00008108     204 (00008100)     u16SmSync0Value
00008109     204 (00008100)     bSmSyncSequenceValid
0000810a     204 (00008100)     i16WaitForPllRunningTimeout
0000810b     204 (00008100)     i16WaitForPllRunningCnt
0000810c     204 (00008100)     Sync0WdCounter
0000810d     204 (00008100)     Sync0WdValue
0000810e     204 (00008100)     Sync1WdCounter
0000810f     204 (00008100)     Sync1WdValue
00008110     204 (00008100)     LatchInputSync0Value
00008111     204 (00008100)     LatchInputSync0Counter
00008112     204 (00008100)     b32BitDc
00008113     204 (00008100)     bEscIntEnabled
00008114     204 (00008100)     b3BufferMode
00008115     204 (00008100)     u16LocalErrorCode
00008116     204 (00008100)     u8LocalErrorState
00008117     204 (00008100)     bApplEsmPending
00008118     204 (00008100)     bEcatWaitForAlControlRes
00008119     204 (00008100)     nEcatStateTrans
0000811a     204 (00008100)     u8EcatErrorLed
0000811b     204 (00008100)     u8EcatRunLed
0000811c     204 (00008100)     nPdInputSize
0000811d     204 (00008100)     nPdOutputSize
0000811e     204 (00008100)     nMaxSyncMan
0000811f     204 (00008100)     nMaxEscAddress
00008120     204 (00008100)     nAlStatus
00008121     204 (00008100)     EcatWdValue
00008122     204 (00008100)     nEscAddrOutputData
00008123     204 (00008100)     nEscAddrInputData
00008124     204 (00008100)     u16ALEventMask
00008125     204 (00008100)     u16dummy
00008126     204 (00008100)     SyncManInfo
0000812a     204 (00008100)     aPdOutputData

0000814c     205 (00008140)     bEcatWaitForInputUpdate
0000814d     205 (00008140)     bEtherCATRunLed
0000814e     205 (00008140)     bEtherCATErrorLed
0000814f     205 (00008140)     bRunApplication
00008150     205 (00008140)     bMinCycleTimeMeasurementStarted
00008152     205 (00008140)     pAPPL_CoeReadInd
00008154     205 (00008140)     pAPPL_CoeWriteInd
00008156     205 (00008140)     pAPPL_MainLoop
00008158     205 (00008140)     u32CycleTimeStartValue
0000815a     205 (00008140)     u32MinCycleTimeStartValue
0000815c     205 (00008140)     u32SystemTimeReadFailure
0000815e     205 (00008140)     u32MinCycleTimeValue
00008160     205 (00008140)     aSdoInfoHeader
00008168     205 (00008140)     u32LastDc32Value
0000816a     205 (00008140)     u32CheckForDcOverrunCnt
0000816c     205 (00008140)     pCoeSendStored

00008180     206 (00008180)     SPI_config

00009000     240 (00009000)     GenObjDic

000090f0     243 (000090c0)     ApplicationObjDic

000091a4     246 (00009180)     u16ErrorRegister
000091a6     246 (00009180)     u32Devicetype
000091a8     246 (00009180)     ObjDicList
000091aa     246 (00009180)     sSyncmanagertype
000091ae     246 (00009180)     u64Timestamp
000091b2     246 (00009180)     sIdentity
000091bc     246 (00009180)     _lock
000091be     246 (00009180)     _unlock

000091c0     247 (000091c0)     sRxPDOassign
000091c2     247 (000091c0)     sTxPDOassign
000091c4     247 (000091c0)     LAE_CONTROL0x7000
000091c6     247 (000091c0)     ModularDeviceProfile0xF000
000091ca     247 (000091c0)     LAE_CONTROLProcessDataMapping0x1600
000091ce     247 (000091c0)     LAE_ESTIMATE0x6002
000091d6     247 (000091c0)     LAE_SENSE0x6000

00009200     248 (00009200)     InputMapping00x1A00
0000921a     248 (00009200)     acDevicename
0000923b     248 (00009200)     acHardwareversion

0000924f     249 (00009240)     acSoftwareversion
00009263     249 (00009240)     aSubindexDesc
00009270     249 (00009240)     bInitFinished
00009276     249 (00009240)     sErrorSettings
0000927c     249 (00009240)     SMActivate
0000927d     249 (00009240)     EepromLoaded
0000927e     249 (00009240)     g_biascounter

00009280     24a (00009280)     __TI_enable_exit_profile_output
00009282     24a (00009280)     __TI_cleanup_ptr
00009284     24a (00009280)     __TI_dtors_ptr
00009287     24a (00009280)     bSdoInWork

0000c800     320 (0000c800)     _sys_memory

0000d000     340 (0000d000)     __stack

00038000     e00 (00038000)     IPC_CPU_To_CM_GetBuffer

00039000     e40 (00039000)     IPC_CPU_To_CM_PutBuffer

0003a000     e80 (0003a000)     IPC_CPU1_To_CPU2_PutBuffer

0003b000     ec0 (0003b000)     IPC_CPU1_To_CPU2_GetBuffer

00090000    2400 (00090000)     aName0x1C32

00090108    2404 (00090100)     aName0x1C33

0009020f    2408 (00090200)     aName0x1A00

00090646    2419 (00090640)     IPC_Instance

000906ce    241b (000906c0)     asEntryDesc0x1C3x

0009077f    241d (00090740)     aName0x1018

000907c6    241f (000907c0)     aName0xF000

0009080a    2420 (00090800)     aName0x10F1

00090849    2421 (00090840)     aName0x6000

00090888    2422 (00090880)     cAbortCode

000908c4    2423 (000908c0)     aName0x1600
000908f4    2423 (000908c0)     asEntryDesc0x1A00

0009091b    2424 (00090900)     aName0x6002
0009093f    2424 (00090900)     aName0x1009

0009095d    2425 (00090940)     aName0x100A
0009097b    2425 (00090940)     asEntryDesc0x6000

00090999    2426 (00090980)     aName0x1C12
000909b4    2426 (00090980)     aName0x1C13

000909cf    2427 (000909c0)     aName0x7000
000909e7    2427 (000909c0)     aName0x10F8
000909fa    2427 (000909c0)     aName0x1C00

00090a0c    2428 (00090a00)     sEntryDesc0x1000
00090a0f    2428 (00090a00)     sEntryDesc0x1001
00090a12    2428 (00090a00)     sEntryDesc0x1008
00090a15    2428 (00090a00)     sEntryDesc0x1009
00090a18    2428 (00090a00)     sEntryDesc0x100A
00090a1b    2428 (00090a00)     sEntryDesc0x10F8
00090a1e    2428 (00090a00)     cBitMask
00090a2e    2428 (00090a00)     aName0x1001
00090a3d    2428 (00090a00)     asEntryDesc0x1018

00090a4c    2429 (00090a40)     aName0x1000
00090a58    2429 (00090a40)     aName0x1008
00090a64    2429 (00090a40)     asEntryDesc0x6002
00090a70    2429 (00090a40)     asEntryDesc0x10F1
00090a79    2429 (00090a40)     asEntryDesc0xF000

00090a82    242a (00090a80)     asEntryDesc0x1600
00090a88    242a (00090a80)     asEntryDesc0x1C00
00090a8e    242a (00090a80)     asEntryDesc0x1C12
00090a94    242a (00090a80)     asEntryDesc0x1C13
00090a9a    242a (00090a80)     asEntryDesc0x7000


GLOBAL SYMBOLS: SORTED ALPHABETICALLY BY Name 

page  address   name                                     
----  -------   ----                                     
0     00082425  AL_ControlInd                            
0     000826b5  AL_ControlRes                            
0     000845d4  APPL_AckErrorInd                         
0     00084573  APPL_Application                         
0     000844fd  APPL_GenerateMapping                     
0     000844a4  APPL_InputMapping                        
0     0008449e  APPL_OutputMapping                       
0     0008449c  APPL_StartInputHandler                   
0     0008449a  APPL_StartMailboxHandler                 
0     00084498  APPL_StartOutputHandler                  
0     00084496  APPL_StopInputHandler                    
0     00084494  APPL_StopMailboxHandler                  
0     00084492  APPL_StopOutputHandler                   
0     00084307  AddObjectsToObjDictionary                
0     000090f0  ApplicationObjDic                        
0     00082421  BackToInitTransition                     
0     000855e1  C$$EXIT                                  
abs   00000000  CLA1mathTablesLoadSize                   
0     0000a000  CLA1mathTablesLoadStart                  
0     0000a000  CLA1mathTablesRunStart                   
abs   00000100  CLA_SCRATCHPAD_SIZE                      
0     00084bab  CLA_configClaMemory                      
0     00084b2e  CLA_initCpu1Cla1                         
0     000842d0  COE_AddObjectToDic                       
0     0008432c  COE_ClearObjDictionary                   
0     000852e0  COE_ContinueInd                          
0     00084408  COE_GetObjectDictionary                  
0     000852d8  COE_Init                                 
0     000843ae  COE_Main                                 
0     0008431d  COE_ObjDictionaryInit                    
0     0008433d  COE_ObjInit                              
0     000842ac  COE_RemoveDicEntry                       
0     000852c2  COE_ServiceInd                           
0     00084226  COE_SyncTimeStamp                        
0     0008428d  COE_UpdateSyncErrorStatus                
0     00082879  CheckIfEcatError                         
0     00082346  CheckSmSettings                          
0     0008296b  CheckSyncTypeValue                       
abs   0000002c  Cla1ConstLoadSize                        
0     00084000  Cla1ConstLoadStart                       
0     00008948  Cla1ConstRunStart                        
0     0000a800  Cla1Task1                                
0     0000aafa  Cla1Task2                                
0     0000ab68  Cla1Task3                                
0     0000ab70  Cla1Task4                                
0     0000ab78  Cla1Task5                                
0     0000ab80  Cla1Task6                                
0     0000ab88  Cla1Task7                                
0     0000ab90  Cla1Task8                                
0     00088398  Cla1funcsLoadEnd                         
abs   00000398  Cla1funcsLoadSize                        
0     00088000  Cla1funcsLoadStart                       
0     0000a800  Cla1funcsRunStart                        
0     000080fe  CycleFreq                                
0     000080fc  CycleTime                                
0     00084d09  DCC_verifyClockFrequency                 
0     00082842  DC_CheckWatchdog                         
0     00084cf4  Device_bootCM                            
0     00084cdf  Device_bootCPU2                          
0     00084c7e  Device_enablePeripherals                 
0     00084c55  Device_enableUnbondedGPIOPullups         
0     00084c42  Device_enableUnbondedGPIOPullupsFor176Pin
0     00084ca0  Device_init                              
0     00084c60  Device_initGPIO                          
0     00084c22  Device_verifyXTAL                        
0     00082015  DisableSyncManChannel                    
0     00083632  ECAT_Application                         
0     00083896  ECAT_CheckTimer                          
0     000827ff  ECAT_Init                                
0     00082778  ECAT_Main                                
0     0008379d  ECAT_SetLedIndication                    
0     00082627  ECAT_StateChange                         
0     000856c3  ESCSS_configureEEPROMSize                
0     00085342  ESCSS_configureSync0Connections          
0     0008537a  ESCSS_configureSync1Connections          
0     00084e3a  ESC_applicationLayerHandler              
0     00084e06  ESC_applicationSync0Handler              
0     00084dd2  ESC_applicationSync1Handler              
0     0008421a  ESC_clearTimer                           
0     0008420e  ESC_clearTimer0                          
0     0008420a  ESC_getTimer                             
0     00084206  ESC_getTimer0                            
0     000841ff  ESC_holdESCInReset                       
0     000845d5  ESC_initGPIO                             
0     0008411a  ESC_initHW                               
0     00084106  ESC_loadedCheckEEPROM                    
0     000840ff  ESC_readBlock                            
0     000840e0  ESC_readBlockISR                         
0     000840d9  ESC_readDWord                            
0     000840d0  ESC_readDWordISR                         
0     000840c9  ESC_readWord                             
0     00084054  ESC_readWordISR                          
0     000840c2  ESC_releaseESCReset                      
0     000840c0  ESC_releaseHW                            
0     000840b2  ESC_resetESC                             
0     0008409b  ESC_setLed                               
0     00084097  ESC_timerIncPerMilliSec                  
0     00084090  ESC_writeBlock                           
0     0008405d  ESC_writeBlockISR                        
0     0008404d  ESC_writeDWord                           
0     00084042  ESC_writeDWordISR                        
0     0008403b  ESC_writeWord                            
0     00084030  ESC_writeWordISR                         
0     00008121  EcatWdValue                              
0     0000927d  EepromLoaded                             
0     0008209b  EnableSyncManChannel                     
0     00008105  EsmTimeoutCounter                        
0     0008562b  F2838XCPU1_memcmp                        
0     00085626  F2838XCPU1_memcpy                        
0     00085621  F2838XCPU1_memset                        
0     0008560a  F2838XCPU1_strcpy                        
0     000001b8  Flash_initModule                         
0     000854fb  GPIO_setDirectionMode                    
0     000853b2  GPIO_setMasterCore                       
0     00085229  GPIO_setPadConfig                        
0     0008545a  GPIO_setPinConfig                        
0     000853ea  GPIO_setQualificationMode                
0     00009000  GenObjDic                                
0     0008399b  GetOutOfMbxQueue                         
0     0008208d  GetSyncMan                               
0     00083590  GetSystemTimeDelay                       
0     00083601  HandleCycleTimeMeasurement               
0     0003b000  IPC_CPU1_To_CPU2_GetBuffer               
0     0003a000  IPC_CPU1_To_CPU2_PutBuffer               
0     00038000  IPC_CPU_To_CM_GetBuffer                  
0     00039000  IPC_CPU_To_CM_PutBuffer                  
0     00090646  IPC_Instance                             
0     00009200  InputMapping00x1A00                      
0     0008445b  InputPDO_ForwardPass                     
0     00084428  InputPDO_Reset                           
0     000854c7  Interrupt_enable                         
0     00085305  Interrupt_initModule                     
0     000857c3  Interrupt_initVectorTable                
0     000091c4  LAE_CONTROL0x7000                        
0     000091ca  LAE_CONTROLProcessDataMapping0x1600      
0     000091ce  LAE_ESTIMATE0x6002                       
0     000091d6  LAE_SENSE0x6000                          
0     00008111  LatchInputSync0Counter                   
0     00008110  LatchInputSync0Value                     
0     00083b27  MBX_CheckAndCopyMailbox                  
0     00083a4e  MBX_CopyToSendMailbox                    
0     00083c05  MBX_Init                                 
0     00083bce  MBX_MailboxReadInd                       
0     00083ba8  MBX_MailboxRepeatReq                     
0     00083ac7  MBX_MailboxSendReq                       
0     00083afd  MBX_MailboxWriteInd                      
0     00083b87  MBX_Main                                 
0     00083a0a  MBX_StartMailboxHandler                  
0     000839af  MBX_StopMailboxHandler                   
0     00083991  MailboxServiceInd                        
0     0008393b  MainInit                                 
0     000838d9  MainLoop                                 
0     00084e6e  MemCfg_getInitStatus                     
0     00084f89  MemCfg_initSections                      
0     00085422  MemCfg_setLSRAMMasterSel                 
0     000091c6  ModularDeviceProfile0xF000               
0     00082f88  OBJ_CopyNumberToString                   
0     00082fa0  OBJ_GetDesc                              
0     0008289e  OBJ_GetEntryDesc                         
0     000828be  OBJ_GetEntryOffset                       
0     00082f56  OBJ_GetNoOfObjects                       
0     00082f54  OBJ_GetObjDesc                           
0     00082f44  OBJ_GetObjectHandle                      
0     00082ecb  OBJ_GetObjectLength                      
0     00082e72  OBJ_GetObjectList                        
0     00082c58  OBJ_Read                                 
0     000829d6  OBJ_Write                                
0     000091a8  ObjDicList                               
0     00083705  PDI_Isr                                  
0     000835b0  PDO_InputMapping                         
0     000836ca  PDO_OutputMapping                        
0     00083979  PutInMbxQueue                            
0     0008612d  RamfuncsLoadEnd                          
abs   0000012d  RamfuncsLoadSize                         
0     00086000  RamfuncsLoadStart                        
0     000002e5  RamfuncsRunEnd                           
abs   0000012d  RamfuncsRunSize                          
0     000001b8  RamfuncsRunStart                         
0     00084265  Read0x10F8                               
0     0008202b  ResetALEventMask                         
0     00083558  SDOS_ClearPendingResponse                
0     00083391  SDOS_SdoInd                              
0     000830c3  SDOS_SdoInfoInd                          
0     00083065  SDOS_SdoRes                              
0     0000927c  SMActivate                               
0     00084890  SPI_PinMuxOptions                        
0     00085491  SPI_clearInterruptStatus                 
0     00008180  SPI_config                               
0     000847ec  SPI_configure                            
0     0008555d  SPI_enableInterrupt                      
0     0008477c  SPI_init                                 
0     00085179  SPI_setConfig                            
0     00083009  SdoRes                                   
0     00082335  SetALEventMask                           
0     000822f8  SetALStatus                              
0     000820b0  StartInputHandler                        
0     00082070  StartOutputHandler                       
0     0008203c  StopInputHandler                         
0     00082010  StopOutputHandler                        
0     0000810c  Sync0WdCounter                           
0     0000810d  Sync0WdValue                             
0     00083643  Sync0_Isr                                
0     0000810e  Sync1WdCounter                           
0     0000810f  Sync1WdValue                             
0     000835e6  Sync1_Isr                                
0     00008126  SyncManInfo                              
0     0008567a  SysCtl_controlCMReset                    
0     00085707  SysCtl_controlCPU2Reset                  
0     000002e1  SysCtl_delay                             
0     00084a1e  SysCtl_isPLLValid                        
0     000851d5  SysCtl_selectOscSource                   
0     0008527b  SysCtl_selectOscSourceAuxPLL             
0     0008569f  SysCtl_selectXTAL                        
0     0008588b  SysCtl_selectXTALSingleEnded             
0     00083ecf  SysCtl_setAuxClock                       
0     000848e6  SysCtl_setClock                          
0     00082000  UpdateEEPROMLoadedState                  
0     00085c8c  __TI_CINIT_Base                          
0     00085c9c  __TI_CINIT_Limit                         
0     00085c9c  __TI_CINIT_Warm                          
0     00085c7a  __TI_Handler_Table_Base                  
0     00085c80  __TI_Handler_Table_Limit                 
0     0000d200  __TI_STACK_END                           
abs   00000200  __TI_STACK_SIZE                          
abs   00000200  __TI_SYSMEM_SIZE                         
0     0008558c  __TI_auto_init_nobinit_nopinit           
0     00009282  __TI_cleanup_ptr                         
0     0008552c  __TI_decompress_lzss                     
0     00085af2  __TI_decompress_none                     
0     00009284  __TI_dtors_ptr                           
0     00009280  __TI_enable_exit_profile_output          
0     00083ecd  __TI_heap_check                          
0     00083eae  __TI_heap_largest_available              
0     00083e8f  __TI_heap_total_available                
abs   ffffffff  __TI_pprof_out_hndl                      
abs   ffffffff  __TI_prof_data_size                      
abs   ffffffff  __TI_prof_data_start                     
0     00085aa3  __TI_zero_init_nomemset                  
0     000858be  __c28xabi_andll                          
0     000857e1  __c28xabi_cmpll                          
0     000857f3  __c28xabi_cmpull                         
0     00084f01  __c28xabi_divf                           
0     000856e5  __c28xabi_divi                           
0     00085ade  __c28xabi_divu                           
0     000856f6  __c28xabi_modi                           
0     00085ae3  __c28xabi_modu                           
0     000858c6  __c28xabi_orll                           
0     000858ce  __c28xabi_xorll                          
n/a   UNDEFED   __c_args__                               
0     0000ab36  __claabi_memset                          
0     00084c1f  __error__                                
0     0000d000  __stack                                  
0     00085abc  _args_main                               
0     000858a5  _c_int00                                 
0     000091bc  _lock                                    
0     00085af1  _nop                                     
0     00085aed  _register_lock                           
0     00085ae9  _register_unlock                         
0     0000c800  _sys_memory                              
0     00085b1e  _system_post_cinit                       
0     00085b1c  _system_pre_init                         
0     000091be  _unlock                                  
0     00090a4c  aName0x1000                              
0     00090a2e  aName0x1001                              
0     00090a58  aName0x1008                              
0     0009093f  aName0x1009                              
0     0009095d  aName0x100A                              
0     0009077f  aName0x1018                              
0     0009080a  aName0x10F1                              
0     000909e7  aName0x10F8                              
0     000908c4  aName0x1600                              
0     0009020f  aName0x1A00                              
0     000909fa  aName0x1C00                              
0     00090999  aName0x1C12                              
0     000909b4  aName0x1C13                              
0     00090000  aName0x1C32                              
0     00090108  aName0x1C33                              
0     00090849  aName0x6000                              
0     0009091b  aName0x6002                              
0     000909cf  aName0x7000                              
0     000907c6  aName0xF000                              
0     000080da  aPdInputData                             
0     0000812a  aPdOutputData                            
0     00008160  aSdoInfoHeader                           
0     00009263  aSubindexDesc                            
0     000855e1  abort                                    
0     0000921a  acDevicename                             
0     0000923b  acHardwareversion                        
0     0000924f  acSoftwareversion                        
0     00083de1  aligned_alloc                            
0     00090a3d  asEntryDesc0x1018                        
0     00090a70  asEntryDesc0x10F1                        
0     00090a82  asEntryDesc0x1600                        
0     000908f4  asEntryDesc0x1A00                        
0     00090a88  asEntryDesc0x1C00                        
0     00090a8e  asEntryDesc0x1C12                        
0     00090a94  asEntryDesc0x1C13                        
0     000906ce  asEntryDesc0x1C3x                        
0     0009097b  asEntryDesc0x6000                        
0     00090a64  asEntryDesc0x6002                        
0     00090a9a  asEntryDesc0x7000                        
0     00090a79  asEntryDesc0xF000                        
0     00008112  b32BitDc                                 
0     00008114  b3BufferMode                             
0     00008117  bApplEsmPending                          
0     00008106  bDcRunning                               
0     00008104  bDcSyncActive                            
0     00008102  bEcatFirstOutputsReceived                
0     00008101  bEcatInputUpdateRunning                  
0     00008100  bEcatOutputUpdateRunning                 
0     00008118  bEcatWaitForAlControlRes                 
0     0000814c  bEcatWaitForInputUpdate                  
0     00008113  bEscIntEnabled                           
0     0000814e  bEtherCATErrorLed                        
0     0000814d  bEtherCATRunLed                          
0     00009270  bInitFinished                            
0     00008083  bMbxRepeatToggle                         
0     00008082  bMbxRunning                              
0     00008150  bMinCycleTimeMeasurementStarted          
0     0000808b  bNoMbxMemoryAvailable                    
0     00008080  bReceiveMbxIsLocked                      
0     0000814f  bRunApplication                          
0     00009287  bSdoInWork                               
0     0000806a  bSdoSegAccess                            
0     00008069  bSdoSegFollows                           
0     0000806d  bSdoSegLastToggle                        
0     00008081  bSendMbxIsFull                           
0     00008109  bSmSyncSequenceValid                     
0     00008063  bStoreCompleteAccess                     
0     00008000  bSyncSetByUser                           
0     00008103  bWdTrigger                               
0     00090888  cAbortCode                               
0     00090a1e  cBitMask                                 
0     00083db4  calloc                                   
0     00085074  cla1Isr1                                 
0     00085063  cla1Isr2                                 
0     00085054  cla1Isr3                                 
0     00085045  cla1Isr4                                 
0     00085036  cla1Isr5                                 
0     00085027  cla1Isr6                                 
0     00085018  cla1Isr7                                 
0     00085007  cla1Isr8                                 
0     00080000  code_start                               
0     000855e3  exit                                     
0     00083c62  free                                     
0     00001480  g_Attitude                               
0     00001486  g_SensBurst                              
0     0000927e  g_biascounter                            
0     0000810b  i16WaitForPllRunningCnt                  
0     0000810a  i16WaitForPllRunningTimeout              
0     0008440c  main                                     
0     00083c37  malloc                                   
0     00083de1  memalign                                 
0     00085a1a  memcmp                                   
0     00085839  memcpy                                   
0     00085b11  memset                                   
0     00083db0  minit                                    
0     00008120  nAlStatus                                
0     00008119  nEcatStateTrans                          
0     00008123  nEscAddrInputData                        
0     00008122  nEscAddrOutputData                       
0     0000811f  nMaxEscAddress                           
0     0000811e  nMaxSyncMan                              
0     0000811c  nPdInputSize                             
0     0000811d  nPdOutputSize                            
0     00008066  nSdoInfoFragmentsLeft                    
0     00008067  nSdoInfoIndex                            
0     0000807a  nSdoSegBytesToHandle                     
0     0000807c  nSdoSegCompleteSize                      
0     0000806b  nSdoSegIndex                             
0     00008068  nSdoSegService                           
0     0000806c  nSdoSegSubindex                          
0     00008152  pAPPL_CoeReadInd                         
0     00008154  pAPPL_CoeWriteInd                        
0     00008156  pAPPL_MainLoop                           
0     0000816c  pCoeSendStored                           
0     00008076  pSdoInfoObjEntry                         
0     00008072  pSdoPendFunc                             
0     00008078  pSdoResStored                            
0     00008074  pSdoSegData                              
0     0000807e  pSdoSegObjEntry                          
0     00008070  pStoreData                               
0     0000808e  psReadMbx                                
0     00008090  psRepeatMbx                              
0     00008092  psStoreMbx                               
0     0000808c  psWriteMbx                               
0     00083d2c  realloc                                  
0     00008001  sCycleDiag                               
0     00090a0c  sEntryDesc0x1000                         
0     00090a0f  sEntryDesc0x1001                         
0     00090a12  sEntryDesc0x1008                         
0     00090a15  sEntryDesc0x1009                         
0     00090a18  sEntryDesc0x100A                         
0     00090a1b  sEntryDesc0x10F8                         
0     00009276  sErrorSettings                           
0     000091b2  sIdentity                                
0     000080c0  sMbxReceiveQueue                         
0     00008094  sMbxSendQueue                            
0     000091c0  sRxPDOassign                             
0     00008040  sSyncManInPar                            
0     00008002  sSyncManOutPar                           
0     000091aa  sSyncmanagertype                         
0     000091c2  sTxPDOassign                             
0     00085b02  strlen                                   
0     00008124  u16ALEventMask                           
0     000091a4  u16ErrorRegister                         
0     00008086  u16EscAddrReceiveMbx                     
0     00008087  u16EscAddrSendMbx                        
0     00008115  u16LocalErrorCode                        
0     00008085  u16ReceiveMbxSize                        
0     00008084  u16SendMbxSize                           
0     00008107  u16SmSync0Counter                        
0     00008108  u16SmSync0Value                          
0     00008065  u16StoreIndex                            
0     00008125  u16dummy                                 
0     0000816a  u32CheckForDcOverrunCnt                  
0     00008158  u32CycleTimeStartValue                   
0     000091a6  u32Devicetype                            
0     00008168  u32LastDc32Value                         
0     0000815a  u32MinCycleTimeStartValue                
0     0000815e  u32MinCycleTimeValue                     
0     0000806e  u32StoreDataSize                         
0     0000815c  u32SystemTimeReadFailure                 
0     000091ae  u64Timestamp                             
0     0000811a  u8EcatErrorLed                           
0     0000811b  u8EcatRunLed                             
0     00008116  u8LocalErrorState                        
0     0000808a  u8MailboxSendReqStored                   
0     00008089  u8MbxReadCounter                         
0     00008088  u8MbxWriteCounter                        
0     00008062  u8PendingSdo                             
0     00008064  u8StoreSubindex                          


GLOBAL SYMBOLS: SORTED BY Symbol Address 

page  address   name                                     
----  -------   ----                                     
0     000001b8  Flash_initModule                         
0     000001b8  RamfuncsRunStart                         
0     000002e1  SysCtl_delay                             
0     000002e5  RamfuncsRunEnd                           
0     00001480  g_Attitude                               
0     00001486  g_SensBurst                              
0     00008000  bSyncSetByUser                           
0     00008001  sCycleDiag                               
0     00008002  sSyncManOutPar                           
0     00008040  sSyncManInPar                            
0     00008062  u8PendingSdo                             
0     00008063  bStoreCompleteAccess                     
0     00008064  u8StoreSubindex                          
0     00008065  u16StoreIndex                            
0     00008066  nSdoInfoFragmentsLeft                    
0     00008067  nSdoInfoIndex                            
0     00008068  nSdoSegService                           
0     00008069  bSdoSegFollows                           
0     0000806a  bSdoSegAccess                            
0     0000806b  nSdoSegIndex                             
0     0000806c  nSdoSegSubindex                          
0     0000806d  bSdoSegLastToggle                        
[...]
0     00008124  u16ALEventMask                           
0     00008125  u16dummy                                 
0     00008126  SyncManInfo                              
0     0000812a  aPdOutputData                            
0     0000814c  bEcatWaitForInputUpdate                  
0     0000814d  bEtherCATRunLed                          
0     0000814e  bEtherCATErrorLed                        
0     0000814f  bRunApplication                          
0     00008150  bMinCycleTimeMeasurementStarted          
0     00008152  pAPPL_CoeReadInd                         
0     00008154  pAPPL_CoeWriteInd                        
0     00008156  pAPPL_MainLoop                           
0     00008158  u32CycleTimeStartValue                   
0     0000815a  u32MinCycleTimeStartValue                
0     0000815c  u32SystemTimeReadFailure                 
0     0000815e  u32MinCycleTimeValue                     
0     00008160  aSdoInfoHeader                           
0     00008168  u32LastDc32Value                         
0     0000816a  u32CheckForDcOverrunCnt                  
0     0000816c  pCoeSendStored                           
0     00008180  SPI_config                               
0     00008948  Cla1ConstRunStart                        
0     00009000  GenObjDic                                
0     000090f0  ApplicationObjDic                        
0     000091a4  u16ErrorRegister                         
0     000091a6  u32Devicetype                            
0     000091a8  ObjDicList                               
0     000091aa  sSyncmanagertype                         
0     000091ae  u64Timestamp                             
0     000091b2  sIdentity                                
0     000091bc  _lock                                    
0     000091be  _unlock                                  
0     000091c0  sRxPDOassign                             
0     000091c2  sTxPDOassign                             
0     000091c4  LAE_CONTROL0x7000                        
0     000091c6  ModularDeviceProfile0xF000               
0     000091ca  LAE_CONTROLProcessDataMapping0x1600      
0     000091ce  LAE_ESTIMATE0x6002                       
0     000091d6  LAE_SENSE0x6000                          
0     00009200  InputMapping00x1A00                      
0     0000921a  acDevicename                             
0     0000923b  acHardwareversion                        
0     0000924f  acSoftwareversion                        
0     00009263  aSubindexDesc                            
0     00009270  bInitFinished                            
0     00009276  sErrorSettings                           
0     0000927c  SMActivate                               
0     0000927d  EepromLoaded                             
0     0000927e  g_biascounter                            
0     00009280  __TI_enable_exit_profile_output          
0     00009282  __TI_cleanup_ptr                         
0     00009284  __TI_dtors_ptr                           
0     00009287  bSdoInWork                               
0     0000a000  CLA1mathTablesLoadStart                  
0     0000a000  CLA1mathTablesRunStart                   
0     0000a800  Cla1Task1                                
0     0000a800  Cla1funcsRunStart                        
0     0000aafa  Cla1Task2                                
0     0000ab36  __claabi_memset                          
0     0000ab68  Cla1Task3                                
0     0000ab70  Cla1Task4                                
0     0000ab78  Cla1Task5                                
0     0000ab80  Cla1Task6                                
0     0000ab88  Cla1Task7                                
0     0000ab90  Cla1Task8                                
0     0000c800  _sys_memory                              
0     0000d000  __stack                                  
0     0000d200  __TI_STACK_END                           
0     00038000  IPC_CPU_To_CM_GetBuffer                  
0     00039000  IPC_CPU_To_CM_PutBuffer                  
0     0003a000  IPC_CPU1_To_CPU2_PutBuffer               
0     0003b000  IPC_CPU1_To_CPU2_GetBuffer               
0     00080000  code_start                               
0     00082000  UpdateEEPROMLoadedState                  
0     00082010  StopOutputHandler                        
0     00082015  DisableSyncManChannel                    
0     0008202b  ResetALEventMask                         
0     0008203c  StopInputHandler                         
0     00082070  StartOutputHandler                       
0     0008208d  GetSyncMan                               
0     0008209b  EnableSyncManChannel                     
0     000820b0  StartInputHandler                        
0     000822f8  SetALStatus                              
0     00082335  SetALEventMask                           
0     00082346  CheckSmSettings                          
0     00082421  BackToInitTransition                     
0     00082425  AL_ControlInd                            
0     00082627  ECAT_StateChange                         
0     000826b5  AL_ControlRes                            
0     00082778  ECAT_Main                                
0     000827ff  ECAT_Init                                
0     00082842  DC_CheckWatchdog                         
0     00082879  CheckIfEcatError                         
0     0008289e  OBJ_GetEntryDesc                         
0     000828be  OBJ_GetEntryOffset                       
0     0008296b  CheckSyncTypeValue                       
0     000829d6  OBJ_Write                                
0     00082c58  OBJ_Read                                 
0     00082e72  OBJ_GetObjectList                        
0     00082ecb  OBJ_GetObjectLength                      
0     00082f44  OBJ_GetObjectHandle                      
0     00082f54  OBJ_GetObjDesc                           
0     00082f56  OBJ_GetNoOfObjects                       
0     00082f88  OBJ_CopyNumberToString                   
0     00082fa0  OBJ_GetDesc                              
0     00083009  SdoRes                                   
0     00083065  SDOS_SdoRes                              
0     000830c3  SDOS_SdoInfoInd                          
0     00083391  SDOS_SdoInd                              
0     00083558  SDOS_ClearPendingResponse                
0     00083590  GetSystemTimeDelay                       
0     000835b0  PDO_InputMapping                         
0     000835e6  Sync1_Isr                                
0     00083601  HandleCycleTimeMeasurement               
0     00083632  ECAT_Application                         
0     00083643  Sync0_Isr                                
0     000836ca  PDO_OutputMapping                        
0     00083705  PDI_Isr                                  
0     0008379d  ECAT_SetLedIndication                    
0     00083896  ECAT_CheckTimer                          
0     000838d9  MainLoop                                 
0     0008393b  MainInit                                 
0     00083979  PutInMbxQueue                            
0     00083991  MailboxServiceInd                        
0     0008399b  GetOutOfMbxQueue                         
0     000839af  MBX_StopMailboxHandler                   
0     00083a0a  MBX_StartMailboxHandler                  
0     00083a4e  MBX_CopyToSendMailbox                    
0     00083ac7  MBX_MailboxSendReq                       
0     00083afd  MBX_MailboxWriteInd                      
0     00083b27  MBX_CheckAndCopyMailbox                  
0     00083b87  MBX_Main                                 
0     00083ba8  MBX_MailboxRepeatReq                     
0     00083bce  MBX_MailboxReadInd                       
0     00083c05  MBX_Init                                 
0     00083c37  malloc                                   
0     00083c62  free                                     
0     00083d2c  realloc                                  
0     00083db0  minit                                    
0     00083db4  calloc                                   
0     00083de1  aligned_alloc                            
0     00083de1  memalign                                 
0     00083e8f  __TI_heap_total_available                
0     00083eae  __TI_heap_largest_available              
0     00083ecd  __TI_heap_check                          
0     00083ecf  SysCtl_setAuxClock                       
0     00084000  Cla1ConstLoadStart                       
0     00084030  ESC_writeWordISR                         
0     0008403b  ESC_writeWord                            
0     00084042  ESC_writeDWordISR                        
0     0008404d  ESC_writeDWord                           
0     00084054  ESC_readWordISR                          
0     0008405d  ESC_writeBlockISR                        
0     00084090  ESC_writeBlock                           
0     00084097  ESC_timerIncPerMilliSec                  
0     0008409b  ESC_setLed                               
0     000840b2  ESC_resetESC                             
0     000840c0  ESC_releaseHW                            
0     000840c2  ESC_releaseESCReset                      
0     000840c9  ESC_readWord                             
0     000840d0  ESC_readDWordISR                         
0     000840d9  ESC_readDWord                            
0     000840e0  ESC_readBlockISR                         
0     000840ff  ESC_readBlock                            
0     00084106  ESC_loadedCheckEEPROM                    
0     0008411a  ESC_initHW                               
0     000841ff  ESC_holdESCInReset                       
0     00084206  ESC_getTimer0                            
0     0008420a  ESC_getTimer                             
0     0008420e  ESC_clearTimer0                          
0     0008421a  ESC_clearTimer                           
0     00084226  COE_SyncTimeStamp                        
0     00084265  Read0x10F8                               
0     0008428d  COE_UpdateSyncErrorStatus                
0     000842ac  COE_RemoveDicEntry                       
0     000842d0  COE_AddObjectToDic                       
0     00084307  AddObjectsToObjDictionary                
0     0008431d  COE_ObjDictionaryInit                    
0     0008432c  COE_ClearObjDictionary                   
0     0008433d  COE_ObjInit                              
0     000843ae  COE_Main                                 
0     00084408  COE_GetObjectDictionary                  
0     0008440c  main                                     
0     00084428  InputPDO_Reset                           
0     0008445b  InputPDO_ForwardPass                     
0     00084492  APPL_StopOutputHandler                   
0     00084494  APPL_StopMailboxHandler                  
0     00084496  APPL_StopInputHandler                    
0     00084498  APPL_StartOutputHandler                  
0     0008449a  APPL_StartMailboxHandler                 
0     0008449c  APPL_StartInputHandler                   
0     0008449e  APPL_OutputMapping                       
0     000844a4  APPL_InputMapping                        
0     000844fd  APPL_GenerateMapping                     
0     00084573  APPL_Application                         
0     000845d4  APPL_AckErrorInd                         
0     000845d5  ESC_initGPIO                             
0     0008477c  SPI_init                                 
0     000847ec  SPI_configure                            
0     00084890  SPI_PinMuxOptions                        
0     000848e6  SysCtl_setClock                          
0     00084a1e  SysCtl_isPLLValid                        
0     00084b2e  CLA_initCpu1Cla1                         
0     00084bab  CLA_configClaMemory                      
0     00084c1f  __error__                                
0     00084c22  Device_verifyXTAL                        
0     00084c42  Device_enableUnbondedGPIOPullupsFor176Pin
0     00084c55  Device_enableUnbondedGPIOPullups         
0     00084c60  Device_initGPIO                          
0     00084c7e  Device_enablePeripherals                 
0     00084ca0  Device_init                              
0     00084cdf  Device_bootCPU2                          
0     00084cf4  Device_bootCM                            
0     00084d09  DCC_verifyClockFrequency                 
0     00084dd2  ESC_applicationSync1Handler              
0     00084e06  ESC_applicationSync0Handler              
0     00084e3a  ESC_applicationLayerHandler              
0     00084e6e  MemCfg_getInitStatus                     
0     00084f01  __c28xabi_divf                           
0     00084f89  MemCfg_initSections                      
0     00085007  cla1Isr8                                 
0     00085018  cla1Isr7                                 
0     00085027  cla1Isr6                                 
0     00085036  cla1Isr5                                 
0     00085045  cla1Isr4                                 
0     00085054  cla1Isr3                                 
0     00085063  cla1Isr2                                 
0     00085074  cla1Isr1                                 
0     00085179  SPI_setConfig                            
0     000851d5  SysCtl_selectOscSource                   
0     00085229  GPIO_setPadConfig                        
0     0008527b  SysCtl_selectOscSourceAuxPLL             
0     000852c2  COE_ServiceInd                           
0     000852d8  COE_Init                                 
0     000852e0  COE_ContinueInd                          
0     00085305  Interrupt_initModule                     
0     00085342  ESCSS_configureSync0Connections          
0     0008537a  ESCSS_configureSync1Connections          
0     000853b2  GPIO_setMasterCore                       
0     000853ea  GPIO_setQualificationMode                
0     00085422  MemCfg_setLSRAMMasterSel                 
0     0008545a  GPIO_setPinConfig                        
0     00085491  SPI_clearInterruptStatus                 
0     000854c7  Interrupt_enable                         
0     000854fb  GPIO_setDirectionMode                    
0     0008552c  __TI_decompress_lzss                     
0     0008555d  SPI_enableInterrupt                      
0     0008558c  __TI_auto_init_nobinit_nopinit           
0     000855e1  C$$EXIT                                  
0     000855e1  abort                                    
0     000855e3  exit                                     
0     0008560a  F2838XCPU1_strcpy                        
0     00085621  F2838XCPU1_memset                        
0     00085626  F2838XCPU1_memcpy                        
0     0008562b  F2838XCPU1_memcmp                        
0     0008567a  SysCtl_controlCMReset                    
0     0008569f  SysCtl_selectXTAL                        
0     000856c3  ESCSS_configureEEPROMSize                
0     000856e5  __c28xabi_divi                           
0     000856f6  __c28xabi_modi                           
0     00085707  SysCtl_controlCPU2Reset                  
0     000857c3  Interrupt_initVectorTable                
0     000857e1  __c28xabi_cmpll                          
0     000857f3  __c28xabi_cmpull                         
0     00085839  memcpy                                   
0     0008588b  SysCtl_selectXTALSingleEnded             
0     000858a5  _c_int00                                 
0     000858be  __c28xabi_andll                          
0     000858c6  __c28xabi_orll                           
0     000858ce  __c28xabi_xorll                          
0     00085a1a  memcmp                                   
0     00085aa3  __TI_zero_init_nomemset                  
0     00085abc  _args_main                               
0     00085ade  __c28xabi_divu                           
0     00085ae3  __c28xabi_modu                           
0     00085ae9  _register_unlock                         
0     00085aed  _register_lock                           
0     00085af1  _nop                                     
0     00085af2  __TI_decompress_none                     
0     00085b02  strlen                                   
0     00085b11  memset                                   
0     00085b1c  _system_pre_init                         
0     00085b1e  _system_post_cinit                       
0     00085c7a  __TI_Handler_Table_Base                  
0     00085c80  __TI_Handler_Table_Limit                 
0     00085c8c  __TI_CINIT_Base                          
0     00085c9c  __TI_CINIT_Limit                         
0     00085c9c  __TI_CINIT_Warm                          
0     00086000  RamfuncsLoadStart                        
0     0008612d  RamfuncsLoadEnd                          
0     00088000  Cla1funcsLoadStart                       
0     00088398  Cla1funcsLoadEnd                         
0     00090000  aName0x1C32                              
0     00090108  aName0x1C33                              
0     0009020f  aName0x1A00                              
0     00090646  IPC_Instance                             
0     000906ce  asEntryDesc0x1C3x                        
0     0009077f  aName0x1018                              
0     000907c6  aName0xF000                              
0     0009080a  aName0x10F1                              
0     00090849  aName0x6000                              
0     00090888  cAbortCode                               
0     000908c4  aName0x1600                              
0     000908f4  asEntryDesc0x1A00                        
0     0009091b  aName0x6002                              
0     0009093f  aName0x1009                              
0     0009095d  aName0x100A                              
0     0009097b  asEntryDesc0x6000                        
0     00090999  aName0x1C12                              
0     000909b4  aName0x1C13                              
0     000909cf  aName0x7000                              
0     000909e7  aName0x10F8                              
0     000909fa  aName0x1C00                              
0     00090a0c  sEntryDesc0x1000                         
0     00090a0f  sEntryDesc0x1001                         
0     00090a12  sEntryDesc0x1008                         
0     00090a15  sEntryDesc0x1009                         
0     00090a18  sEntryDesc0x100A                         
0     00090a1b  sEntryDesc0x10F8                         
0     00090a1e  cBitMask                                 
0     00090a2e  aName0x1001                              
0     00090a3d  asEntryDesc0x1018                        
0     00090a4c  aName0x1000                              
0     00090a58  aName0x1008                              
0     00090a64  asEntryDesc0x6002                        
0     00090a70  asEntryDesc0x10F1                        
0     00090a79  asEntryDesc0xF000                        
0     00090a82  asEntryDesc0x1600                        
0     00090a88  asEntryDesc0x1C00                        
0     00090a8e  asEntryDesc0x1C12                        
0     00090a94  asEntryDesc0x1C13                        
0     00090a9a  asEntryDesc0x7000                        
abs   00000000  CLA1mathTablesLoadSize                   
abs   0000002c  Cla1ConstLoadSize                        
abs   00000100  CLA_SCRATCHPAD_SIZE                      
abs   0000012d  RamfuncsLoadSize                         
abs   0000012d  RamfuncsRunSize                          
abs   00000200  __TI_STACK_SIZE                          
abs   00000200  __TI_SYSMEM_SIZE                         
abs   00000398  Cla1funcsLoadSize                        
abs   ffffffff  __TI_pprof_out_hndl                      
abs   ffffffff  __TI_prof_data_size                      
abs   ffffffff  __TI_prof_data_start                     
n/a   UNDEFED   __c_args__                               

[432 symbols]
