******************************************************************************
             TMS320C2000 Linker PC v21.6.0                     
******************************************************************************
>> Linked Mon Dec 27 04:34:18 2021

OUTPUT FILE NAME:   <f2838x_cpu1_allocate_ecat_to_cm.out>
ENTRY POINT SYMBOL: "code_start"  address: 00080000


MEMORY CONFIGURATION

         name            origin    length      used     unused   attr    fill
----------------------  --------  ---------  --------  --------  ----  --------
  BOOT_RSVD             00000002   000001ae  00000000  000001ae  RWIX
  RAMM0                 000001b0   00000250  00000000  00000250  RWIX
  RAMM1                 00000400   00000400  00000000  00000400  RWIX
  RAMLS0                00008000   00000800  0000012d  000006d3  RWIX
  RAMLS1                00008800   00000800  00000000  00000800  RWIX
  RAMLS2                00009000   00000800  00000000  00000800  RWIX
  RAMLS3                00009800   00000800  00000000  00000800  RWIX
  RAMLS4                0000a000   00000800  00000006  000007fa  RWIX
  RAMLS5                0000a800   00000800  0000000a  000007f6  RWIX
  RAMLS6                0000b000   00000800  00000000  00000800  RWIX
  RAMLS7                0000b800   00000800  00000000  00000800  RWIX
  RAMD0                 0000c000   00000800  00000000  00000800  RWIX
  RAMD1                 0000c800   00000800  00000000  00000800  RWIX
  RAMGS0                0000d000   00001000  00000200  00000e00  RWIX
  RAMGS1                0000e000   00001000  00000000  00001000  RWIX
  RAMGS2                0000f000   00001000  00000000  00001000  RWIX
  RAMGS3                00010000   00001000  00000000  00001000  RWIX
  RAMGS4                00011000   00001000  00000000  00001000  RWIX
  RAMGS5                00012000   00001000  00000000  00001000  RWIX
  RAMGS6                00013000   00001000  00000000  00001000  RWIX
  RAMGS7                00014000   00001000  00000000  00001000  RWIX
  RAMGS8                00015000   00001000  00000000  00001000  RWIX
  RAMGS9                00016000   00001000  00000000  00001000  RWIX
  RAMGS10               00017000   00001000  00000000  00001000  RWIX
  RAMGS11               00018000   00001000  00000000  00001000  RWIX
  RAMGS12               00019000   00001000  00000000  00001000  RWIX
  RAMGS13               0001a000   00001000  00000000  00001000  RWIX
  RAMGS14               0001b000   00001000  00000000  00001000  RWIX
  RAMGS15               0001c000   00001000  00000000  00001000  RWIX
  CMTOCPURAM            00038000   00000200  00000088  00000178  RWIX
  CMTOCPURAM_ECAT       00038200   00000200  00000006  000001fa  RWIX
  CPUTOCMRAM            00039000   00000200  00000088  00000178  RWIX
  CPUTOCMRAM_ECAT       00039200   00000200  00000006  000001fa  RWIX
  CPU1TOCPU2RAM         0003a000   00000800  00000088  00000778  RWIX
  CPU2TOCPU1RAM         0003b000   00000800  00000088  00000778  RWIX
  CANA_MSG_RAM          00049000   00000800  00000000  00000800  RWIX
  CANB_MSG_RAM          0004b000   00000800  00000000  00000800  RWIX
  BEGIN                 00080000   00000002  00000002  00000000  RWIX
  FLASH0                00080002   00001ffe  00000000  00001ffe  RWIX
  FLASH1                00082000   00002000  000014df  00000b21  RWIX
  FLASH2                00084000   00002000  00000000  00002000  RWIX
  FLASH3                00086000   00002000  0000012d  00001ed3  RWIX
  FLASH4                00088000   00008000  00000000  00008000  RWIX
  FLASH5                00090000   00008000  00000398  00007c68  RWIX
  FLASH6                00098000   00008000  00000000  00008000  RWIX
  FLASH7                000a0000   00008000  00000000  00008000  RWIX
  FLASH8                000a8000   00008000  00000000  00008000  RWIX
  FLASH9                000b0000   00008000  00000000  00008000  RWIX
  FLASH10               000b8000   00002000  00000000  00002000  RWIX
  FLASH11               000ba000   00002000  00000000  00002000  RWIX
  FLASH12               000bc000   00002000  00000000  00002000  RWIX
  FLASH13               000be000   00002000  00000000  00002000  RWIX
  RESET                 003fffc0   00000002  00000000  00000002  RWIX


SECTION ALLOCATION MAP

 output                                  attributes/
section   page    origin      length       input sections
--------  ----  ----------  ----------   ----------------
codestart 
*          0    00080000    00000002     
                  00080000    00000002     f2838x_codestartbranch.obj (codestart)

.cinit     0    000834c4    0000001c     
                  000834c4    00000009     (.cinit..data.load) [load image, compression = lzss]
                  000834cd    00000001     --HOLE-- [fill = 0]
                  000834ce    00000006     (__TI_handler_table)
                  000834d4    00000004     (.cinit..bss.load) [load image, compression = zero_init]
                  000834d8    00000008     (__TI_cinit_table)

.reset     0    003fffc0    00000000     DSECT

.stack     0    0000d000    00000200     UNINITIALIZED
                  0000d000    00000200     --HOLE--

.init_array 
*          0    00082000    00000000     UNINITIALIZED

.bss       0    0000a000    00000006     UNINITIALIZED
                  0000a000    00000006     f2838x_cpu1_allocate_ecat_to_cm.obj (.bss)

.data      0    0000a800    0000000a     UNINITIALIZED
                  0000a800    00000006     rts2800_fpu64_eabi.lib : exit.c.obj (.data)
                  0000a806    00000002                            : _lock.c.obj (.data:_lock)
                  0000a808    00000002                            : _lock.c.obj (.data:_unlock)

MSGRAM_CM_TO_CPU 
*          0    00038000    00000088     UNINITIALIZED
                  00038000    00000088     driverlib.lib : ipc.obj (MSGRAM_CM_TO_CPU)

MSGRAM_CM_TO_CPU_ECAT 
*          0    00038200    00000006     UNINITIALIZED
                  00038200    00000006     f2838x_cpu1_allocate_ecat_to_cm.obj (MSGRAM_CM_TO_CPU_ECAT)

MSGRAM_CPU_TO_CM 
*          0    00039000    00000088     UNINITIALIZED
                  00039000    00000088     driverlib.lib : ipc.obj (MSGRAM_CPU_TO_CM)

MSGRAM_CPU_TO_CM_ECAT 
*          0    00039200    00000006     UNINITIALIZED
                  00039200    00000006     f2838x_cpu1_allocate_ecat_to_cm.obj (MSGRAM_CPU_TO_CM_ECAT)

.const     0    00090000    00000398     
                  00090000    00000098     driverlib.lib : flash.obj (.const:.string)
                  00090098    00000097                   : gpio.obj (.const:.string)
                  0009012f    00000001     --HOLE-- [fill = 0]
                  00090130    00000097                   : sysctl.obj (.const:.string)
                  000901c7    00000001     --HOLE-- [fill = 0]
                  000901c8    00000094                   : dcc.obj (.const:.string)
                  0009025c    00000094                   : sci.obj (.const:.string)
                  000902f0    00000088                   : ipc.obj (.const:IPC_Instance)
                  00090378    00000020     f2838x_cpu1_allocate_ecat_to_cm.obj (.const:.string)

MSGRAM_CPU1_TO_CPU2 
*          0    0003a000    00000088     UNINITIALIZED
                  0003a000    00000088     driverlib.lib : ipc.obj (MSGRAM_CPU1_TO_CPU2)

MSGRAM_CPU2_TO_CPU1 
*          0    0003b000    00000088     UNINITIALIZED
                  0003b000    00000088     driverlib.lib : ipc.obj (MSGRAM_CPU2_TO_CPU1)

.TI.ramfunc 
*          0    00086000    0000012d     RUN ADDR = 00008000
                  00086000    0000003f     driverlib.lib : flash.obj (.TI.ramfunc:Flash_initModule)
                  0008603f    0000002d                   : flash.obj (.TI.ramfunc:Flash_setBankPowerMode)
                  0008606c    00000022                   : flash.obj (.TI.ramfunc:Flash_setWaitstates)
                  0008608e    0000001e                   : flash.obj (.TI.ramfunc:Flash_setPumpPowerMode)
                  000860ac    0000001a                   : flash.obj (.TI.ramfunc:Flash_disableCache)
                  000860c6    0000001a                   : flash.obj (.TI.ramfunc:Flash_disablePrefetch)
                  000860e0    00000019                   : flash.obj (.TI.ramfunc:Flash_enableCache)
                  000860f9    00000019                   : flash.obj (.TI.ramfunc:Flash_enablePrefetch)
                  00086112    00000017                   : flash.obj (.TI.ramfunc:Flash_enableECC)
                  00086129    00000004                   : sysctl.obj (.TI.ramfunc)

.text      0    00082000    000014c3     
                  00082000    0000027a     device.obj (.text)
                  0008227a    000001c8     ECAT_init.obj (.text)
                  00082442    00000138     driverlib.lib : sysctl.obj (.text:SysCtl_setClock)
                  0008257a    00000117                   : sysctl.obj (.text:SysCtl_setAuxClock)
                  00082691    00000110                   : sysctl.obj (.text:SysCtl_isPLLValid)
                  000827a1    00000105     SCI_init.obj (.text)
                  000828a6    000000c9     driverlib.lib : dcc.obj (.text:DCC_verifyClockFrequency)
                  0008296f    000000ad     f2838x_cpu1_allocate_ecat_to_cm.obj (.text)
                  00082a1c    00000088     rts2800_fpu64_eabi.lib : fs_div28.asm.obj (.text)
                  00082aa4    0000007a     driverlib.lib : dcc.obj (.text:DCC_setCounterSeeds)
                  00082b1e    0000007a                   : sysctl.obj (.text:DCC_setCounterSeeds)
                  00082b98    00000067                   : sysctl.obj (.text:SysCtl_getAuxClock)
                  00082bff    00000060                   : sysctl.obj (.text:SysCtl_getClock)
                  00082c5f    00000054                   : sysctl.obj (.text:SysCtl_selectOscSource)
                  00082cb3    00000052                   : gpio.obj (.text:GPIO_setPadConfig)
                  00082d05    00000047                   : sysctl.obj (.text:SysCtl_selectOscSourceAuxPLL)
                  00082d4c    00000046                   : sci.obj (.text:SCI_clearInterruptStatus)
                  00082d92    00000041                   : sci.obj (.text:SCI_writeCharArray)
                  00082dd3    0000003e                   : sci.obj (.text:SCI_setConfig)
                  00082e11    0000003d                   : interrupt.obj (.text:Interrupt_initModule)
                  00082e4e    00000038                   : gpio.obj (.text:GPIO_setMasterCore)
                  00082e86    00000038                   : gpio.obj (.text:GPIO_setQualificationMode)
                  00082ebe    00000037                   : gpio.obj (.text:GPIO_setPinConfig)
                  00082ef5    00000031                   : gpio.obj (.text:GPIO_setDirectionMode)
                  00082f26    00000031     rts2800_fpu64_eabi.lib : copy_decompress_lzss.c.obj (.text:decompress:lzss)
                  00082f57    0000002b                            : autoinit.c.obj (.text:__TI_auto_init_nobinit_nopinit)
                  00082f82    0000002a     driverlib.lib : sysctl.obj (.text:SysCtl_pollX1Counter)
                  00082fac    00000029     rts2800_fpu64_eabi.lib : exit.c.obj (.text)
                  00082fd5    00000025     driverlib.lib : dcc.obj (.text:DCC_enableSingleShotMode)
                  00082ffa    00000025                   : sysctl.obj (.text:DCC_enableSingleShotMode)
                  0008301f    00000025                   : sysctl.obj (.text:SysCtl_controlCMReset)
                  00083044    00000024                   : sysctl.obj (.text:SysCtl_selectXTAL)
                  00083068    00000022                   : sci.obj (.text:SCI_isFIFOEnabled)
                  0008308a    00000022     rts2800_fpu64_eabi.lib : i_div28.asm.obj (.text)
                  000830ac    00000021     driverlib.lib : sysctl.obj (.text:SysCtl_controlCPU2Reset)
                  000830cd    0000001f                   : dcc.obj (.text:DCC_setCounter0ClkSource)
                  000830ec    0000001f                   : sysctl.obj (.text:DCC_setCounter0ClkSource)
                  0008310b    0000001f                   : dcc.obj (.text:DCC_setCounter1ClkSource)
                  0008312a    0000001f                   : sysctl.obj (.text:DCC_setCounter1ClkSource)
                  00083149    0000001f                   : sci.obj (.text:SCI_isBaseValid)
                  00083168    0000001e                   : interrupt.obj (.text:Interrupt_initVectorTable)
                  00083186    0000001d                   : dcc.obj (.text:DCC_getErrorStatus)
                  000831a3    0000001d                   : dcc.obj (.text:DCC_getSingleShotStatus)
                  000831c0    0000001d     rts2800_fpu64_eabi.lib : memcpy.c.obj (.text)
                  000831dd    0000001b     driverlib.lib : sci.obj (.text:SCI_isSpaceAvailableNonFIFO)
                  000831f8    0000001a                   : dcc.obj (.text:DCC_isBaseValid)
                  00083212    0000001a                   : sysctl.obj (.text:DCC_isBaseValid)
                  0008322c    0000001a                   : sysctl.obj (.text:SysCtl_getLowSpeedClock)
                  00083246    0000001a                   : sysctl.obj (.text:SysCtl_selectXTALSingleEnded)
                  00083260    00000019                   : sci.obj (.text:SCI_disableModule)
                  00083279    00000019                   : sci.obj (.text:SCI_performSoftwareReset)
                  00083292    00000019     rts2800_fpu64_eabi.lib : boot28.asm.obj (.text)
                  000832ab    00000017     driverlib.lib : dcc.obj (.text:DCC_disableDoneSignal)
                  000832c2    00000017                   : sysctl.obj (.text:DCC_disableDoneSignal)
                  000832d9    00000017                   : dcc.obj (.text:DCC_enableDoneSignal)
                  000832f0    00000017                   : sysctl.obj (.text:SysCtl_enablePeripheral)
                  00083307    00000016                   : dcc.obj (.text:DCC_clearDoneFlag)
                  0008331d    00000016                   : sysctl.obj (.text:DCC_clearDoneFlag)
                  00083333    00000016                   : dcc.obj (.text:DCC_clearErrorFlag)
                  00083349    00000016                   : sysctl.obj (.text:DCC_clearErrorFlag)
                  0008335f    00000016                   : dcc.obj (.text:DCC_disableErrorSignal)
                  00083375    00000016                   : sysctl.obj (.text:DCC_disableErrorSignal)
                  0008338b    00000015                   : sci.obj (.text:SCI_getTxFIFOStatus)
                  000833a0    00000014                   : dcc.obj (.text:DCC_disableModule)
                  000833b4    00000014                   : sysctl.obj (.text:DCC_disableModule)
                  000833c8    00000014                   : dcc.obj (.text:DCC_enableErrorSignal)
                  000833dc    00000014                   : dcc.obj (.text:DCC_enableModule)
                  000833f0    00000014                   : sysctl.obj (.text:DCC_enableModule)
                  00083404    00000014                   : sci.obj (.text:SCI_enableModule)
                  00083418    00000010                   : flash.obj (.text:Flash_isCtrlBaseValid)
                  00083428    00000010                   : flash.obj (.text:Flash_isECCBaseValid)
                  00083438    0000000e                   : gpio.obj (.text:GPIO_isPinValid)
                  00083446    0000000e                   : interrupt.obj (.text:Interrupt_defaultHandler)
                  00083454    0000000d                   : interrupt.obj (.text:Interrupt_disableMaster)
                  00083461    0000000d     rts2800_fpu64_eabi.lib : copy_zero_init.c.obj (.text:decompress:ZI:__TI_zero_init_nomemset)
                  0008346e    0000000c     driverlib.lib : sysctl.obj (.text:SysCtl_setPLLSysClk)
                  0008347a    0000000c     rts2800_fpu64_eabi.lib : args_main.c.obj (.text)
                  00083486    0000000b     driverlib.lib : sysctl.obj (.text:SysCtl_isCMReset)
                  00083491    0000000b                   : sysctl.obj (.text:SysCtl_isMCDClockFailureDetected)
                  0008349c    00000009     rts2800_fpu64_eabi.lib : _lock.c.obj (.text)
                  000834a5    00000008                            : copy_decompress_none.c.obj (.text:decompress:none)
                  000834ad    00000008     f2838x_codestartbranch.obj (.text)
                  000834b5    00000007     driverlib.lib : sysctl.obj (.text:SysCtl_resetMCD)
                  000834bc    00000002                   : interrupt.obj (.text:Interrupt_illegalOperationHandler)
                  000834be    00000002                   : interrupt.obj (.text:Interrupt_nmiHandler)
                  000834c0    00000002     rts2800_fpu64_eabi.lib : pre_init.c.obj (.text)
                  000834c2    00000001                            : startup.c.obj (.text)

MODULE SUMMARY

       Module                                code   ro data   rw data
       ------                                ----   -------   -------
    .\
       f2838x_cpu1_allocate_ecat_to_cm.obj   173    32        18     
       f2838x_codestartbranch.obj            10     0         0      
    +--+-------------------------------------+------+---------+---------+
       Total:                                183    32        18     
                                                                     
    .\device\
       device.obj                            634    0         0      
    +--+-------------------------------------+------+---------+---------+
       Total:                                634    0         0      
                                                                     
    .\utils\
       ECAT_init.obj                         456    0         0      
       SCI_init.obj                          261    0         0      
    +--+-------------------------------------+------+---------+---------+
       Total:                                717    0         0      
                                                                     
    G:/ti/c2000/C2000Ware_4_00_00_00/driverlib/f2838x/driverlib/ccs/Debug/driverlib.lib
       sysctl.obj                            1865   151       0      
       dcc.obj                               678    148       0      
       flash.obj                             626    152       0      
       ipc.obj                               0      136       544    
       sci.obj                               380    148       0      
       gpio.obj                              312    151       0      
       interrupt.obj                         122    0         0      
    +--+-------------------------------------+------+---------+---------+
       Total:                                3983   886       544    
                                                                     
    G:\ti\ccs1100\ccs\tools\compiler\ti-cgt-c2000_21.6.0.LTS\lib\rts2800_fpu64_eabi.lib
       fs_div28.asm.obj                      136    0         0      
       copy_decompress_lzss.c.obj            49     0         0      
       exit.c.obj                            41     0         6      
       autoinit.c.obj                        43     0         0      
       i_div28.asm.obj                       34     0         0      
       memcpy.c.obj                          29     0         0      
       boot28.asm.obj                        25     0         0      
       _lock.c.obj                           9      0         4      
       copy_zero_init.c.obj                  13     0         0      
       args_main.c.obj                       12     0         0      
       copy_decompress_none.c.obj            8      0         0      
       pre_init.c.obj                        2      0         0      
       startup.c.obj                         1      0         0      
    +--+-------------------------------------+------+---------+---------+
       Total:                                402    0         10     
                                                                     
       Stack:                                0      0         512    
       Linker Generated:                     0      27        0      
    +--+-------------------------------------+------+---------+---------+
       Grand Total:                          5919   945       1084   


LINKER GENERATED COPY TABLES

__TI_cinit_table @ 000834d8 records: 2, size/record: 4, table size: 8
	.data: load addr=000834c4, load size=00000009 bytes, run addr=0000a800, run size=0000000a bytes, compression=lzss
	.bss: load addr=000834d4, load size=00000004 bytes, run addr=0000a000, run size=00000006 bytes, compression=zero_init


LINKER GENERATED HANDLER TABLE

__TI_handler_table @ 000834ce records: 3, size/record: 2, table size: 6
	index: 0, handler: __TI_zero_init
	index: 1, handler: __TI_decompress_lzss
	index: 2, handler: __TI_decompress_none


GLOBAL DATA SYMBOLS: SORTED BY DATA PAGE

address     data page           name
--------    ----------------    ----
0000a000     280 (0000a000)     msg
0000a002     280 (0000a000)     Ecat_Sw1_Return

0000a800     2a0 (0000a800)     __TI_enable_exit_profile_output
0000a802     2a0 (0000a800)     __TI_cleanup_ptr
0000a804     2a0 (0000a800)     __TI_dtors_ptr
0000a806     2a0 (0000a800)     _lock
0000a808     2a0 (0000a800)     _unlock

0000d000     340 (0000d000)     __stack

00038000     e00 (00038000)     IPC_CPU_To_CM_GetBuffer

00038200     e08 (00038200)     ipcCMToCPUDataBuffer

00039000     e40 (00039000)     IPC_CPU_To_CM_PutBuffer

00039200     e48 (00039200)     ipcCPUToCMDataBuffer

0003a000     e80 (0003a000)     IPC_CPU1_To_CPU2_PutBuffer

0003b000     ec0 (0003b000)     IPC_CPU1_To_CPU2_GetBuffer

000902f0    240b (000902c0)     IPC_Instance


GLOBAL SYMBOLS: SORTED ALPHABETICALLY BY Name 

page  address   name                                     
----  -------   ----                                     
0     00082fac  C$$EXIT                                  
0     000828a6  DCC_verifyClockFrequency                 
0     00082265  Device_bootCM                            
0     00082250  Device_bootCPU2                          
0     00082074  Device_enableAllPeripherals              
0     0008204b  Device_enableUnbondedGPIOPullups         
0     00082038  Device_enableUnbondedGPIOPullupsFor176Pin
0     000821db  Device_init                              
0     00082056  Device_initGPIO                          
0     0008201c  Device_verifyXTAL                        
0     0008296f  ECAT_exchangeDataCPUandCM                
0     0000a002  Ecat_Sw1_Return                          
0     00008000  Flash_initModule                         
0     00082ef5  GPIO_setDirectionMode                    
0     00082e4e  GPIO_setMasterCore                       
0     00082cb3  GPIO_setPadConfig                        
0     00082ebe  GPIO_setPinConfig                        
0     00082e86  GPIO_setQualificationMode                
0     0003b000  IPC_CPU1_To_CPU2_GetBuffer               
0     0003a000  IPC_CPU1_To_CPU2_PutBuffer               
0     00038000  IPC_CPU_To_CM_GetBuffer                  
0     00039000  IPC_CPU_To_CM_PutBuffer                  
0     000902f0  IPC_Instance                             
0     00082e11  Interrupt_initModule                     
0     00083168  Interrupt_initVectorTable                
0     0008612d  RamfuncsLoadEnd                          
abs   0000012d  RamfuncsLoadSize                         
0     00086000  RamfuncsLoadStart                        
0     0000812d  RamfuncsRunEnd                           
abs   0000012d  RamfuncsRunSize                          
0     00008000  RamfuncsRunStart                         
0     00082d4c  SCI_clearInterruptStatus                 
0     0008280c  SCI_init                                 
0     00082dd3  SCI_setConfig                            
0     00082d92  SCI_writeCharArray                       
0     0008301f  SysCtl_controlCMReset                    
0     000830ac  SysCtl_controlCPU2Reset                  
0     00008129  SysCtl_delay                             
0     00082b98  SysCtl_getAuxClock                       
0     00082bff  SysCtl_getClock                          
0     0008322c  SysCtl_getLowSpeedClock                  
0     00082691  SysCtl_isPLLValid                        
0     00082c5f  SysCtl_selectOscSource                   
0     00082d05  SysCtl_selectOscSourceAuxPLL             
0     00083044  SysCtl_selectXTAL                        
0     00083246  SysCtl_selectXTALSingleEnded             
0     0008257a  SysCtl_setAuxClock                       
0     00082442  SysCtl_setClock                          
0     000834d8  __TI_CINIT_Base                          
0     000834e0  __TI_CINIT_Limit                         
0     000834e0  __TI_CINIT_Warm                          
0     000834ce  __TI_Handler_Table_Base                  
0     000834d4  __TI_Handler_Table_Limit                 
0     0000d200  __TI_STACK_END                           
abs   00000200  __TI_STACK_SIZE                          
0     00082f57  __TI_auto_init_nobinit_nopinit           
0     0000a802  __TI_cleanup_ptr                         
0     00082f26  __TI_decompress_lzss                     
0     000834a5  __TI_decompress_none                     
0     0000a804  __TI_dtors_ptr                           
0     0000a800  __TI_enable_exit_profile_output          
abs   ffffffff  __TI_pprof_out_hndl                      
abs   ffffffff  __TI_prof_data_size                      
abs   ffffffff  __TI_prof_data_start                     
0     00083461  __TI_zero_init_nomemset                  
0     00082a1c  __c28xabi_divf                           
0     0008308a  __c28xabi_divi                           
0     0008309b  __c28xabi_modi                           
n/a   UNDEFED   __c_args__                               
0     00082000  __error__                                
0     0000d000  __stack                                  
0     0008347a  _args_main                               
0     00083292  _c_int00                                 
0     0000a806  _lock                                    
0     000834a4  _nop                                     
0     000834a0  _register_lock                           
0     0008349c  _register_unlock                         
0     000834c2  _system_post_cinit                       
0     000834c0  _system_pre_init                         
0     0000a808  _unlock                                  
0     00082fac  abort                                    
0     00080000  code_start                               
0     00082407  configureECAT                            
0     00082fae  exit                                     
0     00038200  ipcCMToCPUDataBuffer                     
0     00039200  ipcCPUToCMDataBuffer                     
0     000827c8  litoa                                    
0     00082989  main                                     
0     000831c0  memcpy                                   
0     0000a000  msg                                      
0     000827a7  reverse                                  
0     0008227a  setupESCGPIOs                            
0     000827a1  swap                                     


GLOBAL SYMBOLS: SORTED BY Symbol Address 

page  address   name                                     
----  -------   ----                                     
0     00008000  Flash_initModule                         
0     00008000  RamfuncsRunStart                         
0     00008129  SysCtl_delay                             
0     0000812d  RamfuncsRunEnd                           
0     0000a000  msg                                      
0     0000a002  Ecat_Sw1_Return                          
0     0000a800  __TI_enable_exit_profile_output          
0     0000a802  __TI_cleanup_ptr                         
0     0000a804  __TI_dtors_ptr                           
0     0000a806  _lock                                    
0     0000a808  _unlock                                  
0     0000d000  __stack                                  
0     0000d200  __TI_STACK_END                           
0     00038000  IPC_CPU_To_CM_GetBuffer                  
0     00038200  ipcCMToCPUDataBuffer                     
0     00039000  IPC_CPU_To_CM_PutBuffer                  
0     00039200  ipcCPUToCMDataBuffer                     
0     0003a000  IPC_CPU1_To_CPU2_PutBuffer               
0     0003b000  IPC_CPU1_To_CPU2_GetBuffer               
0     00080000  code_start                               
0     00082000  __error__                                
0     0008201c  Device_verifyXTAL                        
0     00082038  Device_enableUnbondedGPIOPullupsFor176Pin
0     0008204b  Device_enableUnbondedGPIOPullups         
0     00082056  Device_initGPIO                          
0     00082074  Device_enableAllPeripherals              
0     000821db  Device_init                              
0     00082250  Device_bootCPU2                          
0     00082265  Device_bootCM                            
0     0008227a  setupESCGPIOs                            
0     00082407  configureECAT                            
0     00082442  SysCtl_setClock                          
0     0008257a  SysCtl_setAuxClock                       
0     00082691  SysCtl_isPLLValid                        
0     000827a1  swap                                     
0     000827a7  reverse                                  
0     000827c8  litoa                                    
0     0008280c  SCI_init                                 
0     000828a6  DCC_verifyClockFrequency                 
0     0008296f  ECAT_exchangeDataCPUandCM                
0     00082989  main                                     
0     00082a1c  __c28xabi_divf                           
0     00082b98  SysCtl_getAuxClock                       
0     00082bff  SysCtl_getClock                          
0     00082c5f  SysCtl_selectOscSource                   
0     00082cb3  GPIO_setPadConfig                        
0     00082d05  SysCtl_selectOscSourceAuxPLL             
0     00082d4c  SCI_clearInterruptStatus                 
0     00082d92  SCI_writeCharArray                       
0     00082dd3  SCI_setConfig                            
0     00082e11  Interrupt_initModule                     
0     00082e4e  GPIO_setMasterCore                       
0     00082e86  GPIO_setQualificationMode                
0     00082ebe  GPIO_setPinConfig                        
0     00082ef5  GPIO_setDirectionMode                    
0     00082f26  __TI_decompress_lzss                     
0     00082f57  __TI_auto_init_nobinit_nopinit           
0     00082fac  C$$EXIT                                  
0     00082fac  abort                                    
0     00082fae  exit                                     
0     0008301f  SysCtl_controlCMReset                    
0     00083044  SysCtl_selectXTAL                        
0     0008308a  __c28xabi_divi                           
0     0008309b  __c28xabi_modi                           
0     000830ac  SysCtl_controlCPU2Reset                  
0     00083168  Interrupt_initVectorTable                
0     000831c0  memcpy                                   
0     0008322c  SysCtl_getLowSpeedClock                  
0     00083246  SysCtl_selectXTALSingleEnded             
0     00083292  _c_int00                                 
0     00083461  __TI_zero_init_nomemset                  
0     0008347a  _args_main                               
0     0008349c  _register_unlock                         
0     000834a0  _register_lock                           
0     000834a4  _nop                                     
0     000834a5  __TI_decompress_none                     
0     000834c0  _system_pre_init                         
0     000834c2  _system_post_cinit                       
0     000834ce  __TI_Handler_Table_Base                  
0     000834d4  __TI_Handler_Table_Limit                 
0     000834d8  __TI_CINIT_Base                          
0     000834e0  __TI_CINIT_Limit                         
0     000834e0  __TI_CINIT_Warm                          
0     00086000  RamfuncsLoadStart                        
0     0008612d  RamfuncsLoadEnd                          
0     000902f0  IPC_Instance                             
abs   0000012d  RamfuncsLoadSize                         
abs   0000012d  RamfuncsRunSize                          
abs   00000200  __TI_STACK_SIZE                          
abs   ffffffff  __TI_pprof_out_hndl                      
abs   ffffffff  __TI_prof_data_size                      
abs   ffffffff  __TI_prof_data_start                     
n/a   UNDEFED   __c_args__                               

[93 symbols]
