******************************************************************************
             TMS320C2000 Linker PC v21.6.0                     
******************************************************************************
>> Linked Wed Jun  1 20:25:47 2022

OUTPUT FILE NAME:   <ADIS16364_IMU_ECAT_SLAVE_F28388D_CPU.out>
ENTRY POINT SYMBOL: "code_start"  address: 00000000


MEMORY CONFIGURATION

         name            origin    length      used     unused   attr    fill
----------------------  --------  ---------  --------  --------  ----  --------
  BEGIN                 00000000   00000002  00000002  00000000  RWIX
  BOOT_RSVD             00000002   000001ae  00000000  000001ae  RWIX
  RAMM0                 000001b0   00000250  000001b0  000000a0  RWIX
  RAMM1                 00000400   00000400  00000000  00000400  RWIX
  ADCARESULT            00000b00   00000018  00000000  00000018  RWIX
  ADCBRESULT            00000b20   00000018  00000000  00000018  RWIX
  ADCCRESULT            00000b40   00000018  00000000  00000018  RWIX
  ADCDRESULT            00000b60   00000018  00000000  00000018  RWIX
  CPUTIMER0             00000c00   00000008  00000000  00000008  RWIX
  CPUTIMER1             00000c08   00000008  00000000  00000008  RWIX
  CPUTIMER2             00000c10   00000008  00000000  00000008  RWIX
  PIECTRL               00000ce0   0000001a  00000000  0000001a  RWIX
  PIEVECTTABLE          00000d00   00000200  00000000  00000200  RWIX
  DMA                   00001000   00000200  00000000  00000200  RWIX
  CLA1                  00001400   00000080  00000000  00000080  RWIX
  CLA1_MSGRAMLOW        00001480   00000080  0000001c  00000064  RWIX
  CLA1_MSGRAMHIGH       00001500   00000080  00000000  00000080  RWIX
  CLB1LOGICCFG          00003000   00000052  00000000  00000052  RWIX
  CLB1LOGICCTRL         00003100   00000040  00000000  00000040  RWIX
  CLB1DATAEXCH          00003180   00000080  00000000  00000080  RWIX
  CLB2LOGICCFG          00003200   00000052  00000000  00000052  RWIX
  CLB2LOGICCTRL         00003300   00000040  00000000  00000040  RWIX
  CLB2DATAEXCH          00003380   00000080  00000000  00000080  RWIX
  CLB3LOGICCFG          00003400   00000052  00000000  00000052  RWIX
  CLB3LOGICCTRL         00003500   00000040  00000000  00000040  RWIX
  CLB3DATAEXCH          00003580   00000080  00000000  00000080  RWIX
  CLB4LOGICCFG          00003600   00000052  00000000  00000052  RWIX
  CLB4LOGICCTRL         00003700   00000040  00000000  00000040  RWIX
  CLB4DATAEXCH          00003780   00000080  00000000  00000080  RWIX
  CLB5LOGICCFG          00003800   00000052  00000000  00000052  RWIX
  CLB5LOGICCTRL         00003900   00000040  00000000  00000040  RWIX
  CLB5DATAEXCH          00003980   00000080  00000000  00000080  RWIX
  CLB6LOGICCFG          00003a00   00000052  00000000  00000052  RWIX
  CLB6LOGICCTRL         00003b00   00000040  00000000  00000040  RWIX
  CLB6DATAEXCH          00003b80   00000080  00000000  00000080  RWIX
  CLB7LOGICCFG          00003c00   00000052  00000000  00000052  RWIX
  CLB7LOGICCTRL         00003d00   00000040  00000000  00000040  RWIX
  CLB7DATAEXCH          00003d80   00000080  00000000  00000080  RWIX
  CLB8LOGICCFG          00003e00   00000052  00000000  00000052  RWIX
  CLB8LOGICCTRL         00003f00   00000040  00000000  00000040  RWIX
  CLB8DATAEXCH          00003f80   00000080  00000000  00000080  RWIX
  EPWM1                 00004000   00000100  00000000  00000100  RWIX
  EPWM2                 00004100   00000100  00000000  00000100  RWIX
  EPWM3                 00004200   00000100  00000000  00000100  RWIX
  EPWM4                 00004300   00000100  00000000  00000100  RWIX
  EPWM5                 00004400   00000100  00000000  00000100  RWIX
  EPWM6                 00004500   00000100  00000000  00000100  RWIX
  EPWM7                 00004600   00000100  00000000  00000100  RWIX
  EPWM8                 00004700   00000100  00000000  00000100  RWIX
  EPWM9                 00004800   00000100  00000000  00000100  RWIX
  EPWM10                00004900   00000100  00000000  00000100  RWIX
  EPWM11                00004a00   00000100  00000000  00000100  RWIX
  EPWM12                00004b00   00000100  00000000  00000100  RWIX
  EPWM13                00004c00   00000100  00000000  00000100  RWIX
  EPWM14                00004d00   00000100  00000000  00000100  RWIX
  EPWM15                00004e00   00000100  00000000  00000100  RWIX
  EPWM16                00004f00   00000100  00000000  00000100  RWIX
  EQEP1                 00005100   00000040  00000000  00000040  RWIX
  EQEP2                 00005140   00000040  00000000  00000040  RWIX
  EQEP3                 00005180   00000040  00000000  00000040  RWIX
  ECAP1                 00005200   00000020  00000000  00000020  RWIX
  ECAP2                 00005240   00000020  00000000  00000020  RWIX
  ECAP3                 00005280   00000020  00000000  00000020  RWIX
  ECAP4                 000052c0   00000020  00000000  00000020  RWIX
  ECAP5                 00005300   00000020  00000000  00000020  RWIX
  ECAP6                 00005340   00000020  00000000  00000020  RWIX
  HRCAP6                00005360   00000020  00000000  00000020  RWIX
  ECAP7                 00005380   00000020  00000000  00000020  RWIX
  HRCAP7                000053a0   00000020  00000000  00000020  RWIX
  DACA                  00005c00   00000008  00000000  00000008  RWIX
  DACB                  00005c10   00000008  00000000  00000008  RWIX
  DACC                  00005c20   00000008  00000000  00000008  RWIX
  CMPSS1                00005c80   00000020  00000000  00000020  RWIX
  CMPSS2                00005ca0   00000020  00000000  00000020  RWIX
  CMPSS3                00005cc0   00000020  00000000  00000020  RWIX
  CMPSS4                00005ce0   00000020  00000000  00000020  RWIX
  CMPSS5                00005d00   00000020  00000000  00000020  RWIX
  CMPSS6                00005d20   00000020  00000000  00000020  RWIX
  CMPSS7                00005d40   00000020  00000000  00000020  RWIX
  CMPSS8                00005d60   00000020  00000000  00000020  RWIX
  SDFM1                 00005e00   00000080  00000000  00000080  RWIX
  SDFM2                 00005e80   00000080  00000000  00000080  RWIX
  MCBSPA                00006000   00000024  00000000  00000024  RWIX
  MCBSPB                00006040   00000024  00000000  00000024  RWIX
  SPIA                  00006100   00000010  00000000  00000010  RWIX
  SPIB                  00006110   00000010  00000000  00000010  RWIX
  SPIC                  00006120   00000010  00000000  00000010  RWIX
  SPID                  00006130   00000010  00000000  00000010  RWIX
  BGCRCCPU              00006340   00000040  00000000  00000040  RWIX
  BGCRCCLA1             00006380   00000040  00000000  00000040  RWIX
  PMBUSA                00006400   00000020  00000000  00000020  RWIX
  FSITXA                00006600   00000050  00000000  00000050  RWIX
  FSIRXA                00006680   00000050  00000000  00000050  RWIX
  FSITXB                00006700   00000050  00000000  00000050  RWIX
  FSIRXB                00006780   00000050  00000000  00000050  RWIX
  FSIRXC                00006880   00000050  00000000  00000050  RWIX
  FSIRXD                00006980   00000050  00000000  00000050  RWIX
  FSIRXE                00006a80   00000050  00000000  00000050  RWIX
  FSIRXF                00006b80   00000050  00000000  00000050  RWIX
  FSIRXG                00006c80   00000050  00000000  00000050  RWIX
  FSIRXH                00006d80   00000050  00000000  00000050  RWIX
  WD                    00007000   0000002c  00000000  0000002c  RWIX
  NMIINTRUPT            00007060   00000010  00000000  00000010  RWIX
  XINT                  00007070   0000000c  00000000  0000000c  RWIX
  SCIA                  00007200   00000010  00000000  00000010  RWIX
  SCIB                  00007210   00000010  00000000  00000010  RWIX
  SCIC                  00007220   00000010  00000000  00000010  RWIX
  SCID                  00007230   00000010  00000000  00000010  RWIX
  I2CA                  00007300   00000022  00000000  00000022  RWIX
  I2CB                  00007340   00000022  00000000  00000022  RWIX
  ADCA                  00007400   00000080  00000000  00000080  RWIX
  ADCB                  00007480   00000080  00000000  00000080  RWIX
  ADCC                  00007500   00000080  00000000  00000080  RWIX
  ADCD                  00007580   00000080  00000000  00000080  RWIX
  INPUTXBAR             00007900   00000020  00000000  00000020  RWIX
  XBAR                  00007920   00000020  00000000  00000020  RWIX
  SYNCSOC               00007940   00000006  00000000  00000006  RWIX
  CLBINPUTXBAR          00007960   00000020  00000000  00000020  RWIX
  DMACLASRCSEL          00007980   0000001a  00000000  0000001a  RWIX
  EPWMXBAR              00007a00   00000040  00000000  00000040  RWIX
  CLBXBAR               00007a40   00000040  00000000  00000040  RWIX
  OUTPUTXBAR            00007a80   00000040  00000000  00000040  RWIX
  CLBOUTPUTXBAR         00007bc0   00000040  00000000  00000040  RWIX
  GPIOCTRL              00007c00   00000200  00000000  00000200  RWIX
  GPIODATA              00007f00   00000040  00000000  00000040  RWIX
  GPIODATAREAD          00007f80   00000010  00000000  00000010  RWIX
  RAMLS0                00008000   00000800  00000170  00000690  RWIX
  RAMLS1                00008800   00000800  000001b8  00000648  RWIX
  RAMLS2                00009000   00000800  00000288  00000578  RWIX
  RAMLS3                00009800   00000800  000002e2  0000051e  RWIX
  RAMLS4                0000a000   00000800  00000000  00000800  RWIX
  RAMLS5                0000a800   00000800  000006b6  0000014a  RWIX
  RAMLS6                0000b000   00000800  00000000  00000800  RWIX
  RAMLS7                0000b800   00000800  00000000  00000800  RWIX
  RAMD0                 0000c000   00000800  00000800  00000000  RWIX
  RAMD1                 0000c800   00000800  00000800  00000000  RWIX
  RAMGS0                0000d000   00001000  00000200  00000e00  RWIX
  RAMGS1_5              0000e000   00005000  0000356d  00001a93  RWIX
  RAMGS6                00013000   00001000  00000a08  000005f8  RWIX
  RAMGS7                00014000   00001000  00000000  00001000  RWIX
  RAMGS8                00015000   00001000  00000000  00001000  RWIX
  RAMGS9                00016000   00001000  00000000  00001000  RWIX
  RAMGS10               00017000   00001000  00000000  00001000  RWIX
  RAMGS11               00018000   00001000  00000000  00001000  RWIX
  RAMGS12               00019000   00001000  00000000  00001000  RWIX
  RAMGS13               0001a000   00001000  00000000  00001000  RWIX
  RAMGS14               0001b000   00001000  00000000  00001000  RWIX
  RAMGS15               0001c000   00001000  00000000  00001000  RWIX
  CMTOCPURAM            00038000   00000800  00000088  00000778  RWIX
  CPUTOCMRAM            00039000   00000800  00000088  00000778  RWIX
  CPU1TOCPU2RAM         0003a000   00000800  00000088  00000778  RWIX
  CPU2TOCPU1RAM         0003b000   00000800  00000088  00000778  RWIX
  EMIF1                 00047000   00000070  00000000  00000070  RWIX
  EMIF2                 00047800   00000070  00000000  00000070  RWIX
  CANA                  00048000   00000200  00000000  00000200  RWIX
  CANA_MSG_RAM          00049000   00000800  00000000  00000800  RWIX
  CANB                  0004a000   00000200  00000000  00000200  RWIX
  CANB_MSG_RAM          0004b000   00000800  00000000  00000800  RWIX
  ESCSS                 00057e00   00000024  00000000  00000024  RWIX
  ESCSSCONFIG           00057f00   00000016  00000000  00000016  RWIX
  MCANSS                0005c400   00000016  00000000  00000016  RWIX
  MCAN                  0005c600   00000080  00000000  00000080  RWIX
  MCANERROR             0005c800   00000108  00000000  00000108  RWIX
  CPU1TOCPU2IPC         0005ce00   00000026  00000000  00000026  RWIX
  CPU1TOCMIPC           0005ce40   00000026  00000000  00000026  RWIX
  DEVCFG                0005d000   000001a0  00000000  000001a0  RWIX
  CLKCFG                0005d200   00000100  00000000  00000100  RWIX
  CPUSYS                0005d300   000000a0  00000000  000000a0  RWIX
  SYSSTATUS             0005d400   00000100  00000000  00000100  RWIX
  SYSPERIPHAC           0005d500   00000200  00000000  00000200  RWIX
  ANALOGSUBSYS          0005d700   00000100  00000000  00000100  RWIX
  CMCONF                0005dc00   00000400  00000000  00000400  RWIX
  DCC0                  0005e700   00000038  00000000  00000038  RWIX
  DCC1                  0005e740   00000038  00000000  00000038  RWIX
  DCC2                  0005e780   00000038  00000000  00000038  RWIX
  ERADGLOBAL            0005e800   00000014  00000000  00000014  RWIX
  ERADHWBP1             0005e900   00000008  00000000  00000008  RWIX
  ERADHWBP2             0005e908   00000008  00000000  00000008  RWIX
  ERADHWBP3             0005e910   00000008  00000000  00000008  RWIX
  ERADHWBP4             0005e918   00000008  00000000  00000008  RWIX
  ERADHWBP5             0005e920   00000008  00000000  00000008  RWIX
  ERADHWBP6             0005e928   00000008  00000000  00000008  RWIX
  ERADHWBP7             0005e930   00000008  00000000  00000008  RWIX
  ERADHWBP8             0005e938   00000008  00000000  00000008  RWIX
  ERADCOUNTER1          0005e980   00000010  00000000  00000010  RWIX
  ERADCOUNTER2          0005e990   00000010  00000000  00000010  RWIX
  ERADCOUNTER3          0005e9a0   00000010  00000000  00000010  RWIX
  ERADCOUNTER4          0005e9b0   00000010  00000000  00000010  RWIX
  ERADCRCGLOBAL         0005ea00   00000010  00000000  00000010  RWIX
  ERADCRC1              0005ea10   00000010  00000000  00000010  RWIX
  ERADCRC2              0005ea20   00000010  00000000  00000010  RWIX
  ERADCRC3              0005ea30   00000010  00000000  00000010  RWIX
  ERADCRC4              0005ea40   00000010  00000000  00000010  RWIX
  ERADCRC5              0005ea50   00000010  00000000  00000010  RWIX
  ERADCRC6              0005ea60   00000010  00000000  00000010  RWIX
  ERADCRC7              0005ea70   00000010  00000000  00000010  RWIX
  ERADCRC8              0005ea80   00000010  00000000  00000010  RWIX
  DCSMZ1                0005f000   0000003e  00000000  0000003e  RWIX
  DCSMZ2                0005f080   0000003e  00000000  0000003e  RWIX
  DCSMCOMMON            0005f0c0   00000020  00000000  00000020  RWIX
  MEMCFG                0005f400   000000c0  00000000  000000c0  RWIX
  EMIF1CONFIG           0005f4c0   00000020  00000000  00000020  RWIX
  EMIF2CONFIG           0005f4e0   00000020  00000000  00000020  RWIX
  ACCESSPROTECTION      0005f500   00000040  00000000  00000040  RWIX
  MEMORYERROR           0005f540   00000040  00000000  00000040  RWIX
  ROMWAITSTATE          0005f580   00000008  00000000  00000008  RWIX
  ROMPREFETCH           0005f588   00000008  00000000  00000008  RWIX
  TESTERROR             0005f590   00000010  00000000  00000010  RWIX
  FLASH0CTRL            0005f800   00000182  00000000  00000182  RWIX
  FLASH0ECC             0005fb00   00000028  00000000  00000028  RWIX
  DCSMZ1OTP             00078000   00000020  00000000  00000020  RWIX
  DCSMZ2OTP             00078200   00000020  00000000  00000020  RWIX
  FLASH0                00080000   00002000  00000000  00002000  RWIX
  FLASH1                00082000   00002000  00000000  00002000  RWIX
  FLASH2                00084000   00002000  00000000  00002000  RWIX
  FLASH3                00086000   00002000  00000000  00002000  RWIX
  FLASH4                00088000   00008000  00000000  00008000  RWIX
  FLASH5                00090000   00008000  00000000  00008000  RWIX
  FLASH6                00098000   00008000  00000000  00008000  RWIX
  FLASH7                000a0000   00008000  00000000  00008000  RWIX
  FLASH8                000a8000   00008000  00000000  00008000  RWIX
  FLASH9                000b0000   00008000  00000000  00008000  RWIX
  FLASH10               000b8000   00002000  00000000  00002000  RWIX
  FLASH11               000ba000   00002000  00000000  00002000  RWIX
  FLASH12               000bc000   00002000  00000000  00002000  RWIX
  FLASH13               000be000   00002000  00000000  00002000  RWIX
  RESET                 003fffc0   00000002  00000000  00000002  RWIX


SECTION ALLOCATION MAP

 output                                  attributes/
section   page    origin      length       input sections
--------  ----  ----------  ----------   ----------------
codestart 
*          0    00000000    00000002     
                  00000000    00000002     f2838x_codestartbranch.obj (codestart)

.switch    0    000001b0    00000030     
                  000001b0    00000018     objdef.obj (.switch:OBJ_Read)
                  000001c8    00000018     objdef.obj (.switch:OBJ_Write)

.cinit     0    000001e4    0000017c     
                  000001e4    0000015a     (.cinit..data.load) [load image, compression = lzss]
                  0000033e    00000006     (__TI_handler_table)
                  00000344    00000004     (.cinit..bss.load) [load image, compression = zero_init]
                  00000348    00000004     (.cinit..scratchpad.load) [load image, compression = zero_init]
                  0000034c    00000004     (.cinit.Cla1DataRam.load) [load image, compression = zero_init]
                  00000350    00000010     (__TI_cinit_table)

.reset     0    003fffc0    00000000     DSECT

.bss       0    00008000    00000170     UNINITIALIZED
                  00008000    00000062     objdef.obj (.bss)
                  00008062    0000001e     sdoserv.obj (.bss)
                  00008080    0000005a     mailbox.obj (.bss)
                  000080da    00000022     ecatappl.obj (.bss:aPdInputData)
                  000080fc    00000004     ADIS16364_F28388D_IMU_SLAVE_CPU1.obj (.bss)
                  00008100    0000002a     ecatslv.obj (.bss)
                  0000812a    00000022     ecatappl.obj (.bss:aPdOutputData)
                  0000814c    00000014     ecatappl.obj (.bss)
                  00008160    00000007     sdoserv.obj (.bss:aSdoInfoHeader)
                  00008167    00000001     --HOLE--
                  00008168    00000004     coeappl.obj (.bss)
                  0000816c    00000002     ecatcoe.obj (.bss)
                  0000816e    00000002     rts2800_fpu64_eabi.lib : memory.c.obj (.bss)

.sysmem    0    0000c800    00000200     UNINITIALIZED
                  0000c800    00000004     rts2800_fpu64_eabi.lib : memory.c.obj (.sysmem)
                  0000c804    000001fc     --HOLE--

.stack     0    0000d000    00000200     UNINITIALIZED
                  0000d000    00000200     --HOLE--

.init_array 
*          0    000001b0    00000000     UNINITIALIZED

.const     0    00013000    00000a08     
                  00013000    00000108     coeappl.obj (.const:.string:aName0x1C32)
                  00013108    00000107     coeappl.obj (.const:.string:aName0x1C33)
                  0001320f    000000ae     coeappl.obj (.const:.string:aName0x1A00)
                  000132bd    00000001     --HOLE-- [fill = 0]
                  000132be    00000098     driverlib.lib : escss.obj (.const:.string)
                  00013356    00000097                   : gpio.obj (.const:.string)
                  000133ed    00000001     --HOLE-- [fill = 0]
                  000133ee    00000097                   : sysctl.obj (.const:.string)
                  00013485    00000001     --HOLE-- [fill = 0]
                  00013486    00000094                   : dcc.obj (.const:.string)
                  0001351a    00000094                   : spi.obj (.const:.string)
                  000135ae    00000088                   : ipc.obj (.const:IPC_Instance)
                  00013636    00000063     coeappl.obj (.const:asEntryDesc0x1C3x)
                  00013699    00000001     --HOLE-- [fill = 0]
                  0001369a    0000004d     driverlib.lib : memcfg.obj (.const:.string)
                  000136e7    00000047     coeappl.obj (.const:.string:aName0x1018)
                  0001372e    00000044     coeappl.obj (.const:.string:aName0xF000)
                  00013772    0000003f     coeappl.obj (.const:.string:aName0x10F1)
                  000137b1    0000003f     coeappl.obj (.const:.string:aName0x6000)
                  000137f0    0000003c     sdoserv.obj (.const:cAbortCode)
                  0001382c    00000030     coeappl.obj (.const:.string:aName0x1600)
                  0001385c    00000027     coeappl.obj (.const:asEntryDesc0x1A00)
                  00013883    00000024     coeappl.obj (.const:.string:aName0x6002)
                  000138a7    0000001e     coeappl.obj (.const:.string:aName0x1009)
                  000138c5    0000001e     coeappl.obj (.const:.string:aName0x100A)
                  000138e3    0000001e     coeappl.obj (.const:asEntryDesc0x6000)
                  00013901    0000001b     coeappl.obj (.const:.string:aName0x1C12)
                  0001391c    0000001b     coeappl.obj (.const:.string:aName0x1C13)
                  00013937    00000018     coeappl.obj (.const:.string:aName0x7000)
                  0001394f    00000013     coeappl.obj (.const:.string:aName0x10F8)
                  00013962    00000012     coeappl.obj (.const:.string:aName0x1C00)
                  00013974    0000000c     coeappl.obj (.const:.string:aName0x1000)
                  00013980    00000012     coeappl.obj (.const)
                  00013992    00000010     objdef.obj (.const:cBitMask)
                  000139a2    0000000f     coeappl.obj (.const:.string:aName0x1001)
                  000139b1    0000000f     coeappl.obj (.const:asEntryDesc0x1018)
                  000139c0    0000000c     coeappl.obj (.const:.string:aName0x1008)
                  000139cc    0000000c     coeappl.obj (.const:asEntryDesc0x6002)
                  000139d8    00000009     coeappl.obj (.const:asEntryDesc0x10F1)
                  000139e1    00000009     coeappl.obj (.const:asEntryDesc0xF000)
                  000139ea    00000006     coeappl.obj (.const:asEntryDesc0x1600)
                  000139f0    00000006     coeappl.obj (.const:asEntryDesc0x1C00)
                  000139f6    00000006     coeappl.obj (.const:asEntryDesc0x1C12)
                  000139fc    00000006     coeappl.obj (.const:asEntryDesc0x1C13)
                  00013a02    00000006     coeappl.obj (.const:asEntryDesc0x7000)

CLA1mathTables 
*          0    00009800    000002e2     
                  00009800    0000018c     cla2_math_library_fpu32_eabi.lib : CLAatanTable.obj (CLA1mathTables)
                  0000998c    00000156                                      : CLAsincosTable.obj (CLA1mathTables)

Cla1Prog   0    0000a800    000006b6     
                  0000a800    000001d2     spi.obj (Cla1Prog:BurstRead_cla)
                  0000a9d2    0000016e     spi.obj (Cla1Prog:Cla1Task1)
                  0000ab40    000000e0     spi.obj (Cla1Prog:RawToReal_cla)
                  0000ac20    000000a4     spi.obj (Cla1Prog:Cla1Task2)
                  0000acc4    00000052     cla2_math_library_datarom_fpu32_eabi.lib : CLAatan.obj (Cla1Prog:_CLAatan)
                  0000ad16    00000046     spi.obj (Cla1Prog:cla_delay)
                  0000ad5c    00000038     spi.obj (Cla1Prog:SPI_writeDataBlockingNonFIFO)
                  0000ad94    00000038     cla2_math_library_datarom_fpu32_eabi.lib : CLAcos.obj (Cla1Prog:_CLAcos)
                  0000adcc    00000038                                              : CLAsin.obj (Cla1Prog:_CLAsin)
                  0000ae04    00000036     spi.obj (Cla1Prog:SPI_readDataBlockingNonFIFO)
                  0000ae3a    00000032     rts2800_fpu64_eabi.lib : cla_memset.cla.obj (Cla1Prog:__claabi_memset)
                  0000ae6c    0000001a     cla2_math_library_datarom_fpu32_eabi.lib : CLAdiv.obj (Cla1Prog:_CLAdiv)
                  0000ae86    00000008     spi.obj (Cla1Prog:Cla1Task3)
                  0000ae8e    00000008     spi.obj (Cla1Prog:Cla1Task4)
                  0000ae96    00000008     spi.obj (Cla1Prog:Cla1Task5)
                  0000ae9e    00000008     spi.obj (Cla1Prog:Cla1Task6)
                  0000aea6    00000008     spi.obj (Cla1Prog:Cla1Task7)
                  0000aeae    00000008     spi.obj (Cla1Prog:Cla1Task8)

MSGRAM_CM_TO_CPU 
*          0    00038000    00000088     UNINITIALIZED
                  00038000    00000088     driverlib.lib : ipc.obj (MSGRAM_CM_TO_CPU)

MSGRAM_CPU_TO_CM 
*          0    00039000    00000088     UNINITIALIZED
                  00039000    00000088     driverlib.lib : ipc.obj (MSGRAM_CPU_TO_CM)

MSGRAM_CPU1_TO_CPU2 
*          0    0003a000    00000088     UNINITIALIZED
                  0003a000    00000088     driverlib.lib : ipc.obj (MSGRAM_CPU1_TO_CPU2)

MSGRAM_CPU2_TO_CPU1 
*          0    0003b000    00000088     UNINITIALIZED
                  0003b000    00000088     driverlib.lib : ipc.obj (MSGRAM_CPU2_TO_CPU1)

Cla1ToCpuMsgRAM 
*          0    00001480    0000001c     
                  00001480    0000001c     ADIS16364_F28388D_IMU_SLAVE_CPU1.obj (Cla1ToCpuMsgRAM)

CLAscratch 
*          0    00008800    00000100     UNINITIALIZED
                  00008800    00000100     --HOLE--

.scratchpad 
*          0    00008900    0000006c     UNINITIALIZED
                  00008900    00000002     spi.obj (.scratchpad:Cla1Prog:Cla1Task2)
                  00008900    0000003c     spi.obj (.scratchpad:Cla1Prog:BurstRead_cla)
                  00008900    00000002     cla2_math_library_datarom_fpu32_eabi.lib : CLAsin.obj (.scratchpad:Cla1Prog:_CLAsin)
                  00008900    00000002                                              : CLAcos.obj (.scratchpad:Cla1Prog:_CLAcos)
                  00008900    00000004                                              : CLAdiv.obj (.scratchpad:Cla1Prog:_CLAdiv)
                  00008900    00000004                                              : CLAatan.obj (.scratchpad:Cla1Prog:_CLAatan)
                  0000893c    00000022     spi.obj (.scratchpad:Cla1Prog:Cla1Task1)
                  0000895e    00000009     spi.obj (.scratchpad:Cla1Prog:RawToReal_cla)
                  00008967    00000001     --HOLE--
                  00008968    00000002     rts2800_fpu64_eabi.lib : cla_memset.cla.obj (.scratchpad:Cla1Prog:__claabi_memset)
                  00008968    00000004     spi.obj (.scratchpad:Cla1Prog:SPI_writeDataBlockingNonFIFO)
                  00008968    00000002     spi.obj (.scratchpad:Cla1Prog:cla_delay)
                  00008968    00000002     spi.obj (.scratchpad:Cla1Prog:SPI_readDataBlockingNonFIFO)

.const_cla 
*          0    0000896c    0000002c     
                  0000896c    00000016     spi.obj (.const_cla:$P$T2$3)
                  00008982    0000000b     spi.obj (.const_cla:$P$T0$1)
                  0000898d    0000000b     spi.obj (.const_cla:$P$T1$2)

.TI.ramfunc 
*          0    000001e0    00000004     
                  000001e0    00000004     driverlib.lib : sysctl.obj (.TI.ramfunc)

Cla1DataRam 
*          0    00008998    00000020     UNINITIALIZED
                  00008998    00000020     ethercat_slave_cpu1_hal.obj (Cla1DataRam)

.data      0    00009000    00000288     UNINITIALIZED
                  00009000    000000f0     coeappl.obj (.data:GenObjDic)
                  000090f0    000000b4     coeappl.obj (.data:ApplicationObjDic)
                  000091a4    00000018     coeappl.obj (.data)
                  000091bc    00000002     rts2800_fpu64_eabi.lib : _lock.c.obj (.data:_lock)
                  000091be    00000002                            : _lock.c.obj (.data:_unlock)
                  000091c0    0000005a     ADIS16364_F28388D_IMU_SLAVE_CPU1.obj (.data)
                  0000921a    00000021     coeappl.obj (.data:acDevicename)
                  0000923b    00000014     coeappl.obj (.data:acHardwareversion)
                  0000924f    00000014     coeappl.obj (.data:acSoftwareversion)
                  00009263    0000000d     objdef.obj (.data:aSubindexDesc)
                  00009270    00000006     ecatappl.obj (.data)
                  00009276    00000006     objdef.obj (.data)
                  0000927c    00000002     ecatslv.obj (.data)
                  0000927e    00000002     ADIS16364_F28388D_IMU_SLAVE_CPU1.obj (.data:g_biascounter)
                  00009280    00000006     rts2800_fpu64_eabi.lib : exit.c.obj (.data)
                  00009286    00000001                            : memory.c.obj (.data)
                  00009287    00000001     sdoserv.obj (.data)

.text.1    0    0000c000    00000800     
                  0000c000    0000068e     sdoserv.obj (.text)
                  0000c68e    00000169     device.obj (.text)
                  0000c7f7    00000009     rts2800_fpu64_eabi.lib : _lock.c.obj (.text)

.text.2    0    0000ca00    00000600     
                  0000ca00    00000437     ecatappl.obj (.text)
                  0000ce37    000001a7     ethercat_gpio_setup.obj (.text)
                  0000cfde    00000022     driverlib.lib : escss.obj (.text:ESCSS_configureEEPROMSize)

.text.3    0    0000e000    0000356d     
                  0000e000    000009ec     ecatslv.obj (.text)
                  0000e9ec    000008a5     objdef.obj (.text)
                  0000f291    00000333     mailbox.obj (.text)
                  0000f5c4    00000311     ethercat_slave_cpu1_hal.obj (.text)
                  0000f8d5    00000298     rts2800_fpu64_eabi.lib : memory.c.obj (.text)
                  0000fb6d    00000264     ADIS16364_F28388D_IMU_SLAVE_CPU1.obj (.text)
                  0000fdd1    00000263     SPI_init.obj (.text)
                  00010034    0000021c     coeappl.obj (.text)
                  00010250    00000144     CLA_init.obj (.text)
                  00010394    00000138     driverlib.lib : sysctl.obj (.text:SysCtl_setClock)
                  000104cc    00000117                   : sysctl.obj (.text:SysCtl_setAuxClock)
                  000105e3    00000110                   : sysctl.obj (.text:SysCtl_isPLLValid)
                  000106f3    000000d8     CLA_init.obj (.text:retain)
                  000107cb    000000c9     driverlib.lib : dcc.obj (.text:DCC_verifyClockFrequency)
                  00010894    000000a2     ethercat_slave_cpu1_hal.obj (.text:retain)
                  00010936    00000093     driverlib.lib : memcfg.obj (.text:MemCfg_getInitStatus)
                  000109c9    00000088     rts2800_fpu64_eabi.lib : fs_div28.asm.obj (.text)
                  00010a51    0000007e     driverlib.lib : memcfg.obj (.text:MemCfg_initSections)
                  00010acf    0000007a                   : dcc.obj (.text:DCC_setCounterSeeds)
                  00010b49    0000007a                   : sysctl.obj (.text:DCC_setCounterSeeds)
                  00010bc3    0000005c                   : spi.obj (.text:SPI_setConfig)
                  00010c1f    0000005a     ecatcoe.obj (.text)
                  00010c79    00000054     driverlib.lib : sysctl.obj (.text:SysCtl_selectOscSource)
                  00010ccd    00000052                   : gpio.obj (.text:GPIO_setPadConfig)
                  00010d1f    00000047                   : sysctl.obj (.text:SysCtl_selectOscSourceAuxPLL)
                  00010d66    00000044     f2838x_cpu1_system.obj (.text)
                  00010daa    0000003d     driverlib.lib : interrupt.obj (.text:Interrupt_initModule)
                  00010de7    00000038                   : escss.obj (.text:ESCSS_configureSync0Connections)
                  00010e1f    00000038                   : escss.obj (.text:ESCSS_configureSync1Connections)
                  00010e57    00000038                   : gpio.obj (.text:GPIO_setMasterCore)
                  00010e8f    00000038                   : gpio.obj (.text:GPIO_setQualificationMode)
                  00010ec7    00000038                   : memcfg.obj (.text:MemCfg_setLSRAMMasterSel)
                  00010eff    00000037                   : gpio.obj (.text:GPIO_setPinConfig)
                  00010f36    00000036                   : spi.obj (.text:SPI_clearInterruptStatus)
                  00010f6c    00000034                   : interrupt.obj (.text:Interrupt_enable)
                  00010fa0    00000031                   : gpio.obj (.text:GPIO_setDirectionMode)
                  00010fd1    00000031     rts2800_fpu64_eabi.lib : copy_decompress_lzss.c.obj (.text:decompress:lzss)
                  00011002    0000002f     driverlib.lib : spi.obj (.text:SPI_enableInterrupt)
                  00011031    0000002b     rts2800_fpu64_eabi.lib : autoinit.c.obj (.text:__TI_auto_init_nobinit_nopinit)
                  0001105c    0000002a     driverlib.lib : sysctl.obj (.text:SysCtl_pollX1Counter)
                  00011086    00000029     rts2800_fpu64_eabi.lib : exit.c.obj (.text)
                  000110af    00000025     driverlib.lib : dcc.obj (.text:DCC_enableSingleShotMode)
                  000110d4    00000025                   : sysctl.obj (.text:DCC_enableSingleShotMode)
                  000110f9    00000025                   : sysctl.obj (.text:SysCtl_controlCMReset)
                  0001111e    00000024                   : sysctl.obj (.text:SysCtl_selectXTAL)
                  00011142    00000022     rts2800_fpu64_eabi.lib : i_div28.asm.obj (.text)
                  00011164    00000021     driverlib.lib : sysctl.obj (.text:SysCtl_controlCPU2Reset)
                  00011185    0000001f                   : dcc.obj (.text:DCC_setCounter0ClkSource)
                  000111a4    0000001f                   : sysctl.obj (.text:DCC_setCounter0ClkSource)
                  000111c3    0000001f                   : dcc.obj (.text:DCC_setCounter1ClkSource)
                  000111e2    0000001f                   : sysctl.obj (.text:DCC_setCounter1ClkSource)
                  00011201    0000001f                   : spi.obj (.text:SPI_isBaseValid)
                  00011220    0000001e                   : interrupt.obj (.text:Interrupt_initVectorTable)
                  0001123e    0000001e     rts2800_fpu64_eabi.lib : ll_cmp28.asm.obj (.text)
                  0001125c    0000001d     driverlib.lib : dcc.obj (.text:DCC_getErrorStatus)
                  00011279    0000001d                   : dcc.obj (.text:DCC_getSingleShotStatus)
                  00011296    0000001d     rts2800_fpu64_eabi.lib : memcpy.c.obj (.text)
                  000112b3    0000001b     driverlib.lib : escss.obj (.text:ESCSS_isConfigurationLockEnabled)
                  000112ce    0000001a                   : dcc.obj (.text:DCC_isBaseValid)
                  000112e8    0000001a                   : sysctl.obj (.text:DCC_isBaseValid)
                  00011302    0000001a                   : sysctl.obj (.text:SysCtl_selectXTALSingleEnded)
                  0001131c    00000019     rts2800_fpu64_eabi.lib : boot28.asm.obj (.text)
                  00011335    00000018                            : ll_aox28.asm.obj (.text)
                  0001134d    00000017     driverlib.lib : dcc.obj (.text:DCC_disableDoneSignal)
                  00011364    00000017                   : sysctl.obj (.text:DCC_disableDoneSignal)
                  0001137b    00000017                   : dcc.obj (.text:DCC_enableDoneSignal)
                  00011392    00000017                   : sysctl.obj (.text:SysCtl_enablePeripheral)
                  000113a9    00000016                   : dcc.obj (.text:DCC_clearDoneFlag)
                  000113bf    00000016                   : sysctl.obj (.text:DCC_clearDoneFlag)
                  000113d5    00000016                   : dcc.obj (.text:DCC_clearErrorFlag)
                  000113eb    00000016                   : sysctl.obj (.text:DCC_clearErrorFlag)
                  00011401    00000016                   : dcc.obj (.text:DCC_disableErrorSignal)
                  00011417    00000016                   : sysctl.obj (.text:DCC_disableErrorSignal)
                  0001142d    00000014                   : dcc.obj (.text:DCC_disableModule)
                  00011441    00000014                   : sysctl.obj (.text:DCC_disableModule)
                  00011455    00000014                   : dcc.obj (.text:DCC_enableErrorSignal)
                  00011469    00000014                   : dcc.obj (.text:DCC_enableModule)
                  0001147d    00000014                   : sysctl.obj (.text:DCC_enableModule)
                  00011491    00000013     rts2800_fpu64_eabi.lib : memcmp.c.obj (.text)
                  000114a4    00000010     driverlib.lib : escss.obj (.text:ESCSS_isBaseValid)
                  000114b4    00000010                   : escss.obj (.text:ESCSS_isConfigBaseValid)
                  000114c4    0000000e                   : gpio.obj (.text:GPIO_isPinValid)
                  000114d2    0000000e                   : interrupt.obj (.text:Interrupt_defaultHandler)
                  000114e0    0000000d                   : interrupt.obj (.text:Interrupt_disableMaster)
                  000114ed    0000000d                   : interrupt.obj (.text:Interrupt_enableMaster)
                  000114fa    0000000d     rts2800_fpu64_eabi.lib : copy_zero_init.c.obj (.text:decompress:ZI:__TI_zero_init_nomemset)
                  00011507    0000000c     driverlib.lib : sysctl.obj (.text:SysCtl_setPLLSysClk)
                  00011513    0000000c     rts2800_fpu64_eabi.lib : args_main.c.obj (.text)
                  0001151f    0000000b     driverlib.lib : sysctl.obj (.text:SysCtl_isCMReset)
                  0001152a    0000000b                   : sysctl.obj (.text:SysCtl_isMCDClockFailureDetected)
                  00011535    0000000b     rts2800_fpu64_eabi.lib : u_div28.asm.obj (.text)
                  00011540    00000008                            : copy_decompress_none.c.obj (.text:decompress:none)
                  00011548    00000008     f2838x_codestartbranch.obj (.text)
                  00011550    00000008     rts2800_fpu64_eabi.lib : strlen.c.obj (.text)
                  00011558    00000007     driverlib.lib : sysctl.obj (.text:SysCtl_resetMCD)
                  0001155f    00000007     rts2800_fpu64_eabi.lib : memset.c.obj (.text)
                  00011566    00000002     driverlib.lib : interrupt.obj (.text:Interrupt_illegalOperationHandler)
                  00011568    00000002                   : interrupt.obj (.text:Interrupt_nmiHandler)
                  0001156a    00000002     rts2800_fpu64_eabi.lib : pre_init.c.obj (.text)
                  0001156c    00000001                            : startup.c.obj (.text)

MODULE SUMMARY

       Module                                 code    ro data   rw data
       ------                                 ----    -------   -------
    .\
       f2838x_codestartbranch.obj             10      0         0      
    +--+--------------------------------------+-------+---------+---------+
       Total:                                 10      0         0      
                                                                       
    .\CLA\
       spi.obj                                1448    44        113    
       CLA_init.obj                           540     0         0      
    +--+--------------------------------------+-------+---------+---------+
       Total:                                 1988    44        113    
                                                                       
    .\EtherCAT_slave\
       coeappl.obj                            540     1525      521    
       ecatslv.obj                            2540    0         44     
       objdef.obj                             2213    64        117    
       sdoserv.obj                            1678    60        38     
       ecatappl.obj                           1079    0         94     
       mailbox.obj                            819     0         90     
       ADIS16364_F28388D_IMU_SLAVE_CPU1.obj   612     0         124    
       ecatcoe.obj                            90      0         2      
       f2838x_cpu1_system.obj                 68      0         0      
    +--+--------------------------------------+-------+---------+---------+
       Total:                                 9639    1649      1030   
                                                                       
    .\SPI_ADIS16364_LIBRARY\
       SPI_init.obj                           611     0         0      
    +--+--------------------------------------+-------+---------+---------+
       Total:                                 611     0         0      
                                                                       
    .\ethercat_f28388x_hal\
       ethercat_slave_cpu1_hal.obj            947     0         32     
       ethercat_gpio_setup.obj                423     0         0      
       device.obj                             361     0         0      
    +--+--------------------------------------+-------+---------+---------+
       Total:                                 1731    0         32     
                                                                       
    C:/ti/c2000/C2000Ware_4_00_00_00/driverlib/f2838x/driverlib/ccs/Debug/driverlib.lib
       sysctl.obj                             1636    151       0      
       dcc.obj                                678     148       0      
       ipc.obj                                0       136       544    
       gpio.obj                               312     151       0      
       memcfg.obj                             329     77        0      
       spi.obj                                224     148       0      
       escss.obj                              205     152       0      
       interrupt.obj                          187     0         0      
    +--+--------------------------------------+-------+---------+---------+
       Total:                                 3571    963       544    
                                                                       
    C:/ti/c2000/C2000Ware_4_00_00_00/libraries/math/CLAmath/c28/lib/cla2_math_library_datarom_fpu32_eabi.lib
       CLAatan.obj                            82      0         4      
       CLAcos.obj                             56      0         2      
       CLAsin.obj                             56      0         2      
       CLAdiv.obj                             26      0         4      
    +--+--------------------------------------+-------+---------+---------+
       Total:                                 220     0         12     
                                                                       
    C:/ti/c2000/C2000Ware_4_00_00_00/libraries/math/CLAmath/c28/lib/cla2_math_library_fpu32_eabi.lib
       CLAatanTable.obj                       0       396       0      
       CLAsincosTable.obj                     0       342       0      
    +--+--------------------------------------+-------+---------+---------+
       Total:                                 0       738       0      
                                                                       
    C:\ti\ccs1100\ccs\tools\compiler\ti-cgt-c2000_21.6.0.LTS\lib\rts2800_fpu64_eabi.lib
       memory.c.obj                           664     0         3      
       fs_div28.asm.obj                       136     0         0      
       cla_memset.cla.obj                     50      0         2      
       copy_decompress_lzss.c.obj             49      0         0      
       exit.c.obj                             41      0         6      
       autoinit.c.obj                         43      0         0      
       i_div28.asm.obj                        34      0         0      
       ll_cmp28.asm.obj                       30      0         0      
       memcpy.c.obj                           29      0         0      
       boot28.asm.obj                         25      0         0      
       ll_aox28.asm.obj                       24      0         0      
       memcmp.c.obj                           19      0         0      
       _lock.c.obj                            9       0         4      
       copy_zero_init.c.obj                   13      0         0      
       args_main.c.obj                        12      0         0      
       u_div28.asm.obj                        11      0         0      
       copy_decompress_none.c.obj             8       0         0      
       strlen.c.obj                           8       0         0      
       memset.c.obj                           7       0         0      
       pre_init.c.obj                         2       0         0      
       startup.c.obj                          1       0         0      
    +--+--------------------------------------+-------+---------+---------+
       Total:                                 1215    0         15     
                                                                       
       Heap:                                  0       0         512    
       Stack:                                 0       0         512    
       Linker Generated:                      0       380       0      
    +--+--------------------------------------+-------+---------+---------+
       Grand Total:                           18985   3774      2770   


LINKER GENERATED COPY TABLES

__TI_cinit_table @ 00000350 records: 4, size/record: 4, table size: 16
	.data: load addr=000001e4, load size=0000015a bytes, run addr=00009000, run size=00000288 bytes, compression=lzss
	.bss: load addr=00000344, load size=00000004 bytes, run addr=00008000, run size=00000170 bytes, compression=zero_init
	.scratchpad: load addr=00000348, load size=00000004 bytes, run addr=00008900, run size=0000006c bytes, compression=zero_init
	Cla1DataRam: load addr=0000034c, load size=00000004 bytes, run addr=00008998, run size=00000020 bytes, compression=zero_init


LINKER GENERATED HANDLER TABLE

__TI_handler_table @ 0000033e records: 3, size/record: 2, table size: 6
	index: 0, handler: __TI_zero_init
	index: 1, handler: __TI_decompress_lzss
	index: 2, handler: __TI_decompress_none


GLOBAL DATA SYMBOLS: SORTED BY DATA PAGE

address     data page           name
--------    ----------------    ----
00001480      52 (00001480)     g_Attitude
00001486      52 (00001480)     g_SensBurst

00008000     200 (00008000)     bSyncSetByUser
00008001     200 (00008000)     sCycleDiag
00008002     200 (00008000)     sSyncManOutPar

00008040     201 (00008040)     sSyncManInPar
00008062     201 (00008040)     u8PendingSdo
00008063     201 (00008040)     bStoreCompleteAccess
00008064     201 (00008040)     u8StoreSubindex
00008065     201 (00008040)     u16StoreIndex
00008066     201 (00008040)     nSdoInfoFragmentsLeft
00008067     201 (00008040)     nSdoInfoIndex
00008068     201 (00008040)     nSdoSegService
00008069     201 (00008040)     bSdoSegFollows
0000806a     201 (00008040)     bSdoSegAccess
0000806b     201 (00008040)     nSdoSegIndex
0000806c     201 (00008040)     nSdoSegSubindex
0000806d     201 (00008040)     bSdoSegLastToggle
0000806e     201 (00008040)     u32StoreDataSize
00008070     201 (00008040)     pStoreData
00008072     201 (00008040)     pSdoPendFunc
00008074     201 (00008040)     pSdoSegData
00008076     201 (00008040)     pSdoInfoObjEntry
00008078     201 (00008040)     pSdoResStored
0000807a     201 (00008040)     nSdoSegBytesToHandle
0000807c     201 (00008040)     nSdoSegCompleteSize
0000807e     201 (00008040)     pSdoSegObjEntry

00008080     202 (00008080)     bReceiveMbxIsLocked
00008081     202 (00008080)     bSendMbxIsFull
00008082     202 (00008080)     bMbxRunning
00008083     202 (00008080)     bMbxRepeatToggle
00008084     202 (00008080)     u16SendMbxSize
00008085     202 (00008080)     u16ReceiveMbxSize
00008086     202 (00008080)     u16EscAddrReceiveMbx
00008087     202 (00008080)     u16EscAddrSendMbx
00008088     202 (00008080)     u8MbxWriteCounter
00008089     202 (00008080)     u8MbxReadCounter
0000808a     202 (00008080)     u8MailboxSendReqStored
0000808b     202 (00008080)     bNoMbxMemoryAvailable
0000808c     202 (00008080)     psWriteMbx
0000808e     202 (00008080)     psReadMbx
00008090     202 (00008080)     psRepeatMbx
00008092     202 (00008080)     psStoreMbx
00008094     202 (00008080)     sMbxSendQueue

000080c0     203 (000080c0)     sMbxReceiveQueue
000080da     203 (000080c0)     aPdInputData
000080fc     203 (000080c0)     CycleTime
000080fe     203 (000080c0)     CycleFreq

00008100     204 (00008100)     bEcatOutputUpdateRunning
00008101     204 (00008100)     bEcatInputUpdateRunning
00008102     204 (00008100)     bEcatFirstOutputsReceived
00008103     204 (00008100)     bWdTrigger
00008104     204 (00008100)     bDcSyncActive
00008105     204 (00008100)     EsmTimeoutCounter
00008106     204 (00008100)     bDcRunning
00008107     204 (00008100)     u16SmSync0Counter
00008108     204 (00008100)     u16SmSync0Value
00008109     204 (00008100)     bSmSyncSequenceValid
0000810a     204 (00008100)     i16WaitForPllRunningTimeout
0000810b     204 (00008100)     i16WaitForPllRunningCnt
0000810c     204 (00008100)     Sync0WdCounter
0000810d     204 (00008100)     Sync0WdValue
0000810e     204 (00008100)     Sync1WdCounter
0000810f     204 (00008100)     Sync1WdValue
00008110     204 (00008100)     LatchInputSync0Value
00008111     204 (00008100)     LatchInputSync0Counter
00008112     204 (00008100)     b32BitDc
00008113     204 (00008100)     bEscIntEnabled
00008114     204 (00008100)     b3BufferMode
00008115     204 (00008100)     u16LocalErrorCode
00008116     204 (00008100)     u8LocalErrorState
00008117     204 (00008100)     bApplEsmPending
00008118     204 (00008100)     bEcatWaitForAlControlRes
00008119     204 (00008100)     nEcatStateTrans
0000811a     204 (00008100)     u8EcatErrorLed
0000811b     204 (00008100)     u8EcatRunLed
0000811c     204 (00008100)     nPdInputSize
0000811d     204 (00008100)     nPdOutputSize
0000811e     204 (00008100)     nMaxSyncMan
0000811f     204 (00008100)     nMaxEscAddress
00008120     204 (00008100)     nAlStatus
00008121     204 (00008100)     EcatWdValue
00008122     204 (00008100)     nEscAddrOutputData
00008123     204 (00008100)     nEscAddrInputData
00008124     204 (00008100)     u16ALEventMask
00008125     204 (00008100)     u16dummy
00008126     204 (00008100)     SyncManInfo
0000812a     204 (00008100)     aPdOutputData

0000814c     205 (00008140)     bEcatWaitForInputUpdate
0000814d     205 (00008140)     bEtherCATRunLed
0000814e     205 (00008140)     bEtherCATErrorLed
0000814f     205 (00008140)     bRunApplication
00008150     205 (00008140)     bMinCycleTimeMeasurementStarted
00008152     205 (00008140)     pAPPL_CoeReadInd
00008154     205 (00008140)     pAPPL_CoeWriteInd
00008156     205 (00008140)     pAPPL_MainLoop
00008158     205 (00008140)     u32CycleTimeStartValue
0000815a     205 (00008140)     u32MinCycleTimeStartValue
0000815c     205 (00008140)     u32SystemTimeReadFailure
0000815e     205 (00008140)     u32MinCycleTimeValue
00008160     205 (00008140)     aSdoInfoHeader
00008168     205 (00008140)     u32LastDc32Value
0000816a     205 (00008140)     u32CheckForDcOverrunCnt
0000816c     205 (00008140)     pCoeSendStored

00008900     224 (00008900)     __claCLAatan_sp
00008900     224 (00008900)     __claCLAcos_sp
00008900     224 (00008900)     __claCLAdiv_sp
00008900     224 (00008900)     __claCLAsin_sp

00008998     226 (00008980)     SPI_config

00009000     240 (00009000)     GenObjDic

000090f0     243 (000090c0)     ApplicationObjDic

000091a4     246 (00009180)     u16ErrorRegister
000091a6     246 (00009180)     u32Devicetype
000091a8     246 (00009180)     ObjDicList
000091aa     246 (00009180)     sSyncmanagertype
000091ae     246 (00009180)     u64Timestamp
000091b2     246 (00009180)     sIdentity
000091bc     246 (00009180)     _lock
000091be     246 (00009180)     _unlock

000091c0     247 (000091c0)     sRxPDOassign
000091c2     247 (000091c0)     sTxPDOassign
000091c4     247 (000091c0)     LAE_CONTROL0x7000
000091c6     247 (000091c0)     ModularDeviceProfile0xF000
000091ca     247 (000091c0)     LAE_CONTROLProcessDataMapping0x1600
000091ce     247 (000091c0)     LAE_ESTIMATE0x6002
000091d6     247 (000091c0)     LAE_SENSE0x6000

00009200     248 (00009200)     InputMapping00x1A00
0000921a     248 (00009200)     acDevicename
0000923b     248 (00009200)     acHardwareversion

0000924f     249 (00009240)     acSoftwareversion
00009263     249 (00009240)     aSubindexDesc
00009270     249 (00009240)     bInitFinished
00009276     249 (00009240)     sErrorSettings
0000927c     249 (00009240)     SMActivate
0000927d     249 (00009240)     EepromLoaded
0000927e     249 (00009240)     g_biascounter

00009280     24a (00009280)     __TI_enable_exit_profile_output
00009282     24a (00009280)     __TI_cleanup_ptr
00009284     24a (00009280)     __TI_dtors_ptr
00009287     24a (00009280)     bSdoInWork

00009800     260 (00009800)     CLAatan2HalfPITable
00009804     260 (00009800)     CLAINV2PI
00009806     260 (00009800)     CLAatan2Table

0000998c     266 (00009980)     CLAatan2TableEnd
0000998c     266 (00009980)     CLAsinTable
0000998c     266 (00009980)     CLAsincosTable
0000998c     266 (00009980)     CLAsincosTable_Sin0

000099cc     267 (000099c0)     CLAcosTable
000099cc     267 (000099c0)     CLAsincosTable_Cos0

00009a8c     26a (00009a80)     CLAsinTableEnd

00009ace     26b (00009ac0)     CLAcosTableEnd
00009ace     26b (00009ac0)     CLAsincosTable_TABLE_SIZE
00009ad0     26b (00009ac0)     CLAsincosTable_TABLE_SIZEDivTwoPi
00009ad2     26b (00009ac0)     CLAsincosTable_TwoPiDivTABLE_SIZE
00009ad4     26b (00009ac0)     CLAsincosTable_TABLE_MASK
00009ad6     26b (00009ac0)     CLAsincosTable_Coef0
00009ad8     26b (00009ac0)     CLAsincosTable_Coef1
00009ada     26b (00009ac0)     CLAsincosTable_Coef1_pos
00009adc     26b (00009ac0)     CLAsincosTable_Coef2
00009ade     26b (00009ac0)     CLAsincosTable_Coef3
00009ae0     26b (00009ac0)     CLAsincosTable_Coef3_neg
00009ae2     26b (00009ac0)     CLAsincosTableEnd

0000c800     320 (0000c800)     _sys_memory

0000d000     340 (0000d000)     __stack

00013000     4c0 (00013000)     aName0x1C32

00013108     4c4 (00013100)     aName0x1C33

0001320f     4c8 (00013200)     aName0x1A00

000135ae     4d6 (00013580)     IPC_Instance

00013636     4d8 (00013600)     asEntryDesc0x1C3x

000136e7     4db (000136c0)     aName0x1018

0001372e     4dc (00013700)     aName0xF000

00013772     4dd (00013740)     aName0x10F1

000137b1     4de (00013780)     aName0x6000

000137f0     4df (000137c0)     cAbortCode

0001382c     4e0 (00013800)     aName0x1600

0001385c     4e1 (00013840)     asEntryDesc0x1A00

00013883     4e2 (00013880)     aName0x6002
000138a7     4e2 (00013880)     aName0x1009

000138c5     4e3 (000138c0)     aName0x100A
000138e3     4e3 (000138c0)     asEntryDesc0x6000

00013901     4e4 (00013900)     aName0x1C12
0001391c     4e4 (00013900)     aName0x1C13
00013937     4e4 (00013900)     aName0x7000

0001394f     4e5 (00013940)     aName0x10F8
00013962     4e5 (00013940)     aName0x1C00
00013974     4e5 (00013940)     aName0x1000

00013980     4e6 (00013980)     sEntryDesc0x1000
00013983     4e6 (00013980)     sEntryDesc0x1001
00013986     4e6 (00013980)     sEntryDesc0x1008
00013989     4e6 (00013980)     sEntryDesc0x1009
0001398c     4e6 (00013980)     sEntryDesc0x100A
0001398f     4e6 (00013980)     sEntryDesc0x10F8
00013992     4e6 (00013980)     cBitMask
000139a2     4e6 (00013980)     aName0x1001
000139b1     4e6 (00013980)     asEntryDesc0x1018

000139c0     4e7 (000139c0)     aName0x1008
000139cc     4e7 (000139c0)     asEntryDesc0x6002
000139d8     4e7 (000139c0)     asEntryDesc0x10F1
000139e1     4e7 (000139c0)     asEntryDesc0xF000
000139ea     4e7 (000139c0)     asEntryDesc0x1600
000139f0     4e7 (000139c0)     asEntryDesc0x1C00
000139f6     4e7 (000139c0)     asEntryDesc0x1C12
000139fc     4e7 (000139c0)     asEntryDesc0x1C13

00013a02     4e8 (00013a00)     asEntryDesc0x7000

00038000     e00 (00038000)     IPC_CPU_To_CM_GetBuffer

00039000     e40 (00039000)     IPC_CPU_To_CM_PutBuffer

0003a000     e80 (0003a000)     IPC_CPU1_To_CPU2_PutBuffer

0003b000     ec0 (0003b000)     IPC_CPU1_To_CPU2_GetBuffer


GLOBAL SYMBOLS: SORTED ALPHABETICALLY BY Name 

page  address   name                                     
----  -------   ----                                     
0     0000e4ec  AL_ControlInd                            
0     0000e705  AL_ControlRes                            
0     0000fc35  APPL_AckErrorInd                         
0     0000fd3f  APPL_Application                         
0     0000fc48  APPL_GenerateMapping                     
0     0000fcce  APPL_InputMapping                        
0     0000fd34  APPL_OutputMapping                       
0     0000fc3d  APPL_StartInputHandler                   
0     0000fc39  APPL_StartMailboxHandler                 
0     0000fc44  APPL_StartOutputHandler                  
0     0000fc42  APPL_StopInputHandler                    
0     0000fc3b  APPL_StopMailboxHandler                  
0     0000fc46  APPL_StopOutputHandler                   
0     000101c6  AddObjectsToObjDictionary                
0     000090f0  ApplicationObjDic                        
0     0000e4a7  BackToInitTransition                     
0     00011086  C$$EXIT                                  
0     00009804  CLAINV2PI                                
abs   00000100  CLA_SCRATCHPAD_SIZE                      
0     0001029e  CLA_configClaMemory                      
0     000102f5  CLA_initCpu1Cla1                         
0     0000acc4  CLAatan                                  
0     00009800  CLAatan2HalfPITable                      
0     00009806  CLAatan2Table                            
0     0000998c  CLAatan2TableEnd                         
0     0000ad94  CLAcos                                   
0     000099cc  CLAcosTable                              
0     00009ace  CLAcosTableEnd                           
0     0000ae6c  CLAdiv                                   
0     0000adcc  CLAsin                                   
0     0000998c  CLAsinTable                              
0     00009a8c  CLAsinTableEnd                           
0     0000998c  CLAsincosTable                           
0     00009ae2  CLAsincosTableEnd                        
0     00009ad6  CLAsincosTable_Coef0                     
0     00009ad8  CLAsincosTable_Coef1                     
0     00009ada  CLAsincosTable_Coef1_pos                 
0     00009adc  CLAsincosTable_Coef2                     
0     00009ade  CLAsincosTable_Coef3                     
0     00009ae0  CLAsincosTable_Coef3_neg                 
0     000099cc  CLAsincosTable_Cos0                      
0     0000998c  CLAsincosTable_Sin0                      
0     00009ad4  CLAsincosTable_TABLE_MASK                
0     00009ace  CLAsincosTable_TABLE_SIZE                
0     00009ad0  CLAsincosTable_TABLE_SIZEDivTwoPi        
0     00009ad2  CLAsincosTable_TwoPiDivTABLE_SIZE        
0     00010128  COE_AddObjectToDic                       
0     000101ae  COE_ClearObjDictionary                   
0     00010c53  COE_ContinueInd                          
0     00010099  COE_GetObjectDictionary                  
0     00010c1f  COE_Init                                 
0     000101f3  COE_Main                                 
0     000101df  COE_ObjDictionaryInit                    
0     000100bc  COE_ObjInit                              
0     0001017d  COE_RemoveDicEntry                       
0     00010c27  COE_ServiceInd                           
0     00010056  COE_SyncTimeStamp                        
0     0001009d  COE_UpdateSyncErrorStatus                
0     0000e837  CheckIfEcatError                         
0     0000e075  CheckSmSettings                          
0     0000eca1  CheckSyncTypeValue                       
0     0000a9d2  Cla1Task1                                
0     0000ac20  Cla1Task2                                
0     0000ae86  Cla1Task3                                
0     0000ae8e  Cla1Task4                                
0     0000ae96  Cla1Task5                                
0     0000ae9e  Cla1Task6                                
0     0000aea6  Cla1Task7                                
0     0000aeae  Cla1Task8                                
0     000080fe  CycleFreq                                
0     000080fc  CycleTime                                
0     000107cb  DCC_verifyClockFrequency                 
0     0000e7fb  DC_CheckWatchdog                         
0     0000c758  Device_bootCM                            
0     0000c742  Device_bootCPU2                          
0     0000c76e  Device_enablePeripherals                 
0     0000c7c1  Device_enableUnbondedGPIOPullups         
0     0000c7ae  Device_enableUnbondedGPIOPullupsFor176Pin
0     0000c728  Device_init                              
0     0000c78d  Device_initGPIO                          
0     0000c7d2  Device_verifyXTAL                        
0     0000e04c  DisableSyncManChannel                    
0     0000ce22  ECAT_Application                         
0     0000ca7e  ECAT_CheckTimer                          
0     0000e917  ECAT_Init                                
0     0000e960  ECAT_Main                                
0     0000cc5f  ECAT_SetLedIndication                    
0     0000e866  ECAT_StateChange                         
0     0000cfde  ESCSS_configureEEPROMSize                
0     00010de7  ESCSS_configureSync0Connections          
0     00010e1f  ESCSS_configureSync1Connections          
0     00010894  ESC_applicationLayerHandler              
0     000108ca  ESC_applicationSync0Handler              
0     00010900  ESC_applicationSync1Handler              
0     0000f6dd  ESC_clearTimer                           
0     0000f6ed  ESC_clearTimer0                          
0     0000f6cf  ESC_getTimer                             
0     0000f6d6  ESC_getTimer0                            
0     0000f7f9  ESC_holdESCInReset                       
0     0000ce37  ESC_initGPIO                             
0     0000f807  ESC_initHW                               
0     0000f7dc  ESC_loadedCheckEEPROM                    
0     0000f728  ESC_readBlock                            
0     0000f701  ESC_readBlockISR                         
0     0000f73d  ESC_readDWord                            
0     0000f734  ESC_readDWordISR                         
0     0000f751  ESC_readWord                             
0     0000f748  ESC_readWordISR                          
0     0000f800  ESC_releaseESCReset                      
0     0000f8d3  ESC_releaseHW                            
0     0000f7f5  ESC_resetESC                             
0     0000f7cd  ESC_setLed                               
0     0000f6fd  ESC_timerIncPerMilliSec                  
0     0000f793  ESC_writeBlock                           
0     0000f75c  ESC_writeBlockISR                        
0     0000f7ab  ESC_writeDWord                           
0     0000f79f  ESC_writeDWordISR                        
0     0000f7c2  ESC_writeWord                            
0     0000f7b6  ESC_writeWordISR                         
0     00008121  EcatWdValue                              
0     0000927d  EepromLoaded                             
0     0000e061  EnableSyncManChannel                     
0     00008105  EsmTimeoutCounter                        
0     00010d9f  F2838XCPU1_memcmp                        
0     00010d89  F2838XCPU1_memcpy                        
0     00010d94  F2838XCPU1_memset                        
0     00010d66  F2838XCPU1_strcpy                        
0     00010fa0  GPIO_setDirectionMode                    
0     00010e57  GPIO_setMasterCore                       
0     00010ccd  GPIO_setPadConfig                        
0     00010eff  GPIO_setPinConfig                        
0     00010e8f  GPIO_setQualificationMode                
0     00009000  GenObjDic                                
0     0000f2b0  GetOutOfMbxQueue                         
0     0000e03d  GetSyncMan                               
0     0000cafc  GetSystemTimeDelay                       
0     0000cac5  HandleCycleTimeMeasurement               
0     0003b000  IPC_CPU1_To_CPU2_GetBuffer               
0     0003a000  IPC_CPU1_To_CPU2_PutBuffer               
0     00038000  IPC_CPU_To_CM_GetBuffer                  
0     00039000  IPC_CPU_To_CM_PutBuffer                  
0     000135ae  IPC_Instance                             
0     00009200  InputMapping00x1A00                      
0     0000fbe0  InputPDO_ForwardPass                     
0     0000fba2  InputPDO_Reset                           
0     0000fbbe  Internal_Reset                           
0     00010f6c  Interrupt_enable                         
0     00010daa  Interrupt_initModule                     
0     00011220  Interrupt_initVectorTable                
0     000091c4  LAE_CONTROL0x7000                        
0     000091ca  LAE_CONTROLProcessDataMapping0x1600      
0     000091ce  LAE_ESTIMATE0x6002                       
0     000091d6  LAE_SENSE0x6000                          
0     00008111  LatchInputSync0Counter                   
0     00008110  LatchInputSync0Value                     
0     0000f4b5  MBX_CheckAndCopyMailbox                  
0     0000f51d  MBX_CopyToSendMailbox                    
0     0000f2d1  MBX_Init                                 
0     0000f40f  MBX_MailboxReadInd                       
0     0000f44b  MBX_MailboxRepeatReq                     
0     0000f476  MBX_MailboxSendReq                       
0     0000f3c5  MBX_MailboxWriteInd                      
0     0000f594  MBX_Main                                 
0     0000f305  MBX_StartMailboxHandler                  
0     0000f354  MBX_StopMailboxHandler                   
0     0000f3b2  MailboxServiceInd                        
0     0000cd71  MainInit                                 
0     0000cdbe  MainLoop                                 
0     00010936  MemCfg_getInitStatus                     
0     00010a51  MemCfg_initSections                      
0     00010ec7  MemCfg_setLSRAMMasterSel                 
0     000091c6  ModularDeviceProfile0xF000               
0     0000ea9a  OBJ_CopyNumberToString                   
0     0000eb46  OBJ_GetDesc                              
0     0000ebb3  OBJ_GetEntryDesc                         
0     0000ebe9  OBJ_GetEntryOffset                       
0     0000eab8  OBJ_GetNoOfObjects                       
0     0000ebe2  OBJ_GetObjDesc                           
0     0000e9ec  OBJ_GetObjectHandle                      
0     0000e9ff  OBJ_GetObjectLength                      
0     0000eae9  OBJ_GetObjectList                        
0     0000ed0e  OBJ_Read                                 
0     0000efaa  OBJ_Write                                
0     000091a8  ObjDicList                               
0     0000cb26  PDI_Isr                                  
0     0000ca00  PDO_InputMapping                         
0     0000ca3d  PDO_OutputMapping                        
0     0000f291  PutInMbxQueue                            
0     00010034  Read0x10F8                               
0     0000e000  ResetALEventMask                         
0     0000c4cf  SDOS_ClearPendingResponse                
0     0000c255  SDOS_SdoInd                              
0     0000c509  SDOS_SdoInfoInd                          
0     0000c464  SDOS_SdoRes                              
0     0000927c  SMActivate                               
0     0000ffbd  SPI_PinMuxOptions                        
0     00010f36  SPI_clearInterruptStatus                 
0     00008998  SPI_config                               
0     0000fe4c  SPI_configure                            
0     00011002  SPI_enableInterrupt                      
0     0000ff5a  SPI_init                                 
0     00010bc3  SPI_setConfig                            
0     0000c1d4  SdoRes                                   
0     0000e014  SetALEventMask                           
0     0000e4ab  SetALStatus                              
0     0000e1b7  StartInputHandler                        
0     0000e43f  StartOutputHandler                       
0     0000e46b  StopInputHandler                         
0     0000e466  StopOutputHandler                        
0     0000810c  Sync0WdCounter                           
0     0000810d  Sync0WdValue                             
0     0000cbba  Sync0_Isr                                
0     0000810e  Sync1WdCounter                           
0     0000810f  Sync1WdValue                             
0     0000cc44  Sync1_Isr                                
0     00008126  SyncManInfo                              
0     000110f9  SysCtl_controlCMReset                    
0     00011164  SysCtl_controlCPU2Reset                  
0     000001e0  SysCtl_delay                             
0     000105e3  SysCtl_isPLLValid                        
0     00010c79  SysCtl_selectOscSource                   
0     00010d1f  SysCtl_selectOscSourceAuxPLL             
0     0001111e  SysCtl_selectXTAL                        
0     00011302  SysCtl_selectXTALSingleEnded             
0     000104cc  SysCtl_setAuxClock                       
0     00010394  SysCtl_setClock                          
0     0000e028  UpdateEEPROMLoadedState                  
0     00000350  __TI_CINIT_Base                          
0     00000360  __TI_CINIT_Limit                         
0     00000360  __TI_CINIT_Warm                          
0     0000033e  __TI_Handler_Table_Base                  
0     00000344  __TI_Handler_Table_Limit                 
0     0000d200  __TI_STACK_END                           
abs   00000200  __TI_STACK_SIZE                          
abs   00000200  __TI_SYSMEM_SIZE                         
0     00011031  __TI_auto_init_nobinit_nopinit           
0     00009282  __TI_cleanup_ptr                         
0     00010fd1  __TI_decompress_lzss                     
0     00011540  __TI_decompress_none                     
0     00009284  __TI_dtors_ptr                           
0     00009280  __TI_enable_exit_profile_output          
0     0000fb6b  __TI_heap_check                          
0     0000fb4c  __TI_heap_largest_available              
0     0000fb2d  __TI_heap_total_available                
abs   ffffffff  __TI_pprof_out_hndl                      
abs   ffffffff  __TI_prof_data_size                      
abs   ffffffff  __TI_prof_data_start                     
0     000114fa  __TI_zero_init_nomemset                  
0     00011335  __c28xabi_andll                          
0     0001123e  __c28xabi_cmpll                          
0     00011250  __c28xabi_cmpull                         
0     000109c9  __c28xabi_divf                           
0     00011142  __c28xabi_divi                           
0     00011535  __c28xabi_divu                           
0     00011153  __c28xabi_modi                           
0     0001153a  __c28xabi_modu                           
0     0001133d  __c28xabi_orll                           
0     00011345  __c28xabi_xorll                          
n/a   UNDEFED   __c_args__                               
0     00008900  __claCLAatan_sp                          
0     00008900  __claCLAcos_sp                           
0     00008900  __claCLAdiv_sp                           
0     00008900  __claCLAsin_sp                           
0     0000ae3a  __claabi_memset                          
0     0000c7f0  __error__                                
0     0000d000  __stack                                  
0     00011513  _args_main                               
0     0001131c  _c_int00                                 
0     000091bc  _lock                                    
0     0000c7ff  _nop                                     
0     0000c7fb  _register_lock                           
0     0000c7f7  _register_unlock                         
0     0000c800  _sys_memory                              
0     0001156c  _system_post_cinit                       
0     0001156a  _system_pre_init                         
0     000091be  _unlock                                  
0     00013974  aName0x1000                              
0     000139a2  aName0x1001                              
0     000139c0  aName0x1008                              
0     000138a7  aName0x1009                              
0     000138c5  aName0x100A                              
0     000136e7  aName0x1018                              
0     00013772  aName0x10F1                              
0     0001394f  aName0x10F8                              
0     0001382c  aName0x1600                              
0     0001320f  aName0x1A00                              
0     00013962  aName0x1C00                              
0     00013901  aName0x1C12                              
0     0001391c  aName0x1C13                              
0     00013000  aName0x1C32                              
0     00013108  aName0x1C33                              
0     000137b1  aName0x6000                              
0     00013883  aName0x6002                              
0     00013937  aName0x7000                              
0     0001372e  aName0xF000                              
0     000080da  aPdInputData                             
0     0000812a  aPdOutputData                            
0     00008160  aSdoInfoHeader                           
0     00009263  aSubindexDesc                            
0     00011086  abort                                    
0     0000921a  acDevicename                             
0     0000923b  acHardwareversion                        
0     0000924f  acSoftwareversion                        
0     0000fa7f  aligned_alloc                            
0     000139b1  asEntryDesc0x1018                        
0     000139d8  asEntryDesc0x10F1                        
0     000139ea  asEntryDesc0x1600                        
0     0001385c  asEntryDesc0x1A00                        
0     000139f0  asEntryDesc0x1C00                        
0     000139f6  asEntryDesc0x1C12                        
0     000139fc  asEntryDesc0x1C13                        
0     00013636  asEntryDesc0x1C3x                        
0     000138e3  asEntryDesc0x6000                        
0     000139cc  asEntryDesc0x6002                        
0     00013a02  asEntryDesc0x7000                        
0     000139e1  asEntryDesc0xF000                        
0     00008112  b32BitDc                                 
0     00008114  b3BufferMode                             
0     00008117  bApplEsmPending                          
0     00008106  bDcRunning                               
0     00008104  bDcSyncActive                            
0     00008102  bEcatFirstOutputsReceived                
0     00008101  bEcatInputUpdateRunning                  
0     00008100  bEcatOutputUpdateRunning                 
0     00008118  bEcatWaitForAlControlRes                 
0     0000814c  bEcatWaitForInputUpdate                  
0     00008113  bEscIntEnabled                           
0     0000814e  bEtherCATErrorLed                        
0     0000814d  bEtherCATRunLed                          
0     00009270  bInitFinished                            
0     00008083  bMbxRepeatToggle                         
0     00008082  bMbxRunning                              
0     00008150  bMinCycleTimeMeasurementStarted          
0     0000808b  bNoMbxMemoryAvailable                    
0     00008080  bReceiveMbxIsLocked                      
0     0000814f  bRunApplication                          
0     00009287  bSdoInWork                               
0     0000806a  bSdoSegAccess                            
0     00008069  bSdoSegFollows                           
0     0000806d  bSdoSegLastToggle                        
0     00008081  bSendMbxIsFull                           
0     00008109  bSmSyncSequenceValid                     
0     00008063  bStoreCompleteAccess                     
0     00008000  bSyncSetByUser                           
0     00008103  bWdTrigger                               
0     000137f0  cAbortCode                               
0     00013992  cBitMask                                 
0     0000fa52  calloc                                   
0     000106f3  cla1Isr1                                 
0     00010722  cla1Isr2                                 
0     00010751  cla1Isr3                                 
0     00010760  cla1Isr4                                 
0     0001076f  cla1Isr5                                 
0     0001077e  cla1Isr6                                 
0     0001078d  cla1Isr7                                 
0     0001079c  cla1Isr8                                 
0     00000000  code_start                               
0     00011088  exit                                     
0     0000f900  free                                     
0     00001480  g_Attitude                               
0     00001486  g_SensBurst                              
0     0000927e  g_biascounter                            
0     0000810b  i16WaitForPllRunningCnt                  
0     0000810a  i16WaitForPllRunningTimeout              
0     0000fdb0  main                                     
0     0000f8d5  malloc                                   
0     0000fa7f  memalign                                 
0     00011491  memcmp                                   
0     00011296  memcpy                                   
0     0001155f  memset                                   
0     0000fa4e  minit                                    
0     00008120  nAlStatus                                
0     00008119  nEcatStateTrans                          
0     00008123  nEscAddrInputData                        
0     00008122  nEscAddrOutputData                       
0     0000811f  nMaxEscAddress                           
0     0000811e  nMaxSyncMan                              
0     0000811c  nPdInputSize                             
0     0000811d  nPdOutputSize                            
0     00008066  nSdoInfoFragmentsLeft                    
0     00008067  nSdoInfoIndex                            
0     0000807a  nSdoSegBytesToHandle                     
0     0000807c  nSdoSegCompleteSize                      
0     0000806b  nSdoSegIndex                             
0     00008068  nSdoSegService                           
0     0000806c  nSdoSegSubindex                          
0     00008152  pAPPL_CoeReadInd                         
0     00008154  pAPPL_CoeWriteInd                        
0     00008156  pAPPL_MainLoop                           
0     0000816c  pCoeSendStored                           
0     00008076  pSdoInfoObjEntry                         
0     00008072  pSdoPendFunc                             
0     00008078  pSdoResStored                            
0     00008074  pSdoSegData                              
0     0000807e  pSdoSegObjEntry                          
0     00008070  pStoreData                               
0     0000808e  psReadMbx                                
0     00008090  psRepeatMbx                              
0     00008092  psStoreMbx                               
0     0000808c  psWriteMbx                               
[...]
0     00008156  pAPPL_MainLoop                           
0     00008158  u32CycleTimeStartValue                   
0     0000815a  u32MinCycleTimeStartValue                
0     0000815c  u32SystemTimeReadFailure                 
0     0000815e  u32MinCycleTimeValue                     
0     00008160  aSdoInfoHeader                           
0     00008168  u32LastDc32Value                         
0     0000816a  u32CheckForDcOverrunCnt                  
0     0000816c  pCoeSendStored                           
0     00008900  __claCLAatan_sp                          
0     00008900  __claCLAcos_sp                           
0     00008900  __claCLAdiv_sp                           
0     00008900  __claCLAsin_sp                           
0     00008998  SPI_config                               
0     00009000  GenObjDic                                
0     000090f0  ApplicationObjDic                        
0     000091a4  u16ErrorRegister                         
0     000091a6  u32Devicetype                            
0     000091a8  ObjDicList                               
0     000091aa  sSyncmanagertype                         
0     000091ae  u64Timestamp                             
0     000091b2  sIdentity                                
0     000091bc  _lock                                    
0     000091be  _unlock                                  
0     000091c0  sRxPDOassign                             
0     000091c2  sTxPDOassign                             
0     000091c4  LAE_CONTROL0x7000                        
0     000091c6  ModularDeviceProfile0xF000               
0     000091ca  LAE_CONTROLProcessDataMapping0x1600      
0     000091ce  LAE_ESTIMATE0x6002                       
0     000091d6  LAE_SENSE0x6000                          
0     00009200  InputMapping00x1A00                      
0     0000921a  acDevicename                             
0     0000923b  acHardwareversion                        
0     0000924f  acSoftwareversion                        
0     00009263  aSubindexDesc                            
0     00009270  bInitFinished                            
0     00009276  sErrorSettings                           
0     0000927c  SMActivate                               
0     0000927d  EepromLoaded                             
0     0000927e  g_biascounter                            
0     00009280  __TI_enable_exit_profile_output          
0     00009282  __TI_cleanup_ptr                         
0     00009284  __TI_dtors_ptr                           
0     00009287  bSdoInWork                               
0     00009800  CLAatan2HalfPITable                      
0     00009804  CLAINV2PI                                
0     00009806  CLAatan2Table                            
0     0000998c  CLAatan2TableEnd                         
0     0000998c  CLAsinTable                              
0     0000998c  CLAsincosTable                           
0     0000998c  CLAsincosTable_Sin0                      
0     000099cc  CLAcosTable                              
0     000099cc  CLAsincosTable_Cos0                      
0     00009a8c  CLAsinTableEnd                           
0     00009ace  CLAcosTableEnd                           
0     00009ace  CLAsincosTable_TABLE_SIZE                
0     00009ad0  CLAsincosTable_TABLE_SIZEDivTwoPi        
0     00009ad2  CLAsincosTable_TwoPiDivTABLE_SIZE        
0     00009ad4  CLAsincosTable_TABLE_MASK                
0     00009ad6  CLAsincosTable_Coef0                     
0     00009ad8  CLAsincosTable_Coef1                     
0     00009ada  CLAsincosTable_Coef1_pos                 
0     00009adc  CLAsincosTable_Coef2                     
0     00009ade  CLAsincosTable_Coef3                     
0     00009ae0  CLAsincosTable_Coef3_neg                 
0     00009ae2  CLAsincosTableEnd                        
0     0000a9d2  Cla1Task1                                
0     0000ac20  Cla1Task2                                
0     0000acc4  CLAatan                                  
0     0000ad94  CLAcos                                   
0     0000adcc  CLAsin                                   
0     0000ae3a  __claabi_memset                          
0     0000ae6c  CLAdiv                                   
0     0000ae86  Cla1Task3                                
0     0000ae8e  Cla1Task4                                
0     0000ae96  Cla1Task5                                
0     0000ae9e  Cla1Task6                                
0     0000aea6  Cla1Task7                                
0     0000aeae  Cla1Task8                                
0     0000c1d4  SdoRes                                   
0     0000c255  SDOS_SdoInd                              
0     0000c464  SDOS_SdoRes                              
0     0000c4cf  SDOS_ClearPendingResponse                
0     0000c509  SDOS_SdoInfoInd                          
0     0000c728  Device_init                              
0     0000c742  Device_bootCPU2                          
0     0000c758  Device_bootCM                            
0     0000c76e  Device_enablePeripherals                 
0     0000c78d  Device_initGPIO                          
0     0000c7ae  Device_enableUnbondedGPIOPullupsFor176Pin
0     0000c7c1  Device_enableUnbondedGPIOPullups         
0     0000c7d2  Device_verifyXTAL                        
0     0000c7f0  __error__                                
0     0000c7f7  _register_unlock                         
0     0000c7fb  _register_lock                           
0     0000c7ff  _nop                                     
0     0000c800  _sys_memory                              
0     0000ca00  PDO_InputMapping                         
0     0000ca3d  PDO_OutputMapping                        
0     0000ca7e  ECAT_CheckTimer                          
0     0000cac5  HandleCycleTimeMeasurement               
0     0000cafc  GetSystemTimeDelay                       
0     0000cb26  PDI_Isr                                  
0     0000cbba  Sync0_Isr                                
0     0000cc44  Sync1_Isr                                
0     0000cc5f  ECAT_SetLedIndication                    
0     0000cd71  MainInit                                 
0     0000cdbe  MainLoop                                 
0     0000ce22  ECAT_Application                         
0     0000ce37  ESC_initGPIO                             
0     0000cfde  ESCSS_configureEEPROMSize                
0     0000d000  __stack                                  
0     0000d200  __TI_STACK_END                           
0     0000e000  ResetALEventMask                         
0     0000e014  SetALEventMask                           
0     0000e028  UpdateEEPROMLoadedState                  
0     0000e03d  GetSyncMan                               
0     0000e04c  DisableSyncManChannel                    
0     0000e061  EnableSyncManChannel                     
0     0000e075  CheckSmSettings                          
0     0000e1b7  StartInputHandler                        
0     0000e43f  StartOutputHandler                       
0     0000e466  StopOutputHandler                        
0     0000e46b  StopInputHandler                         
0     0000e4a7  BackToInitTransition                     
0     0000e4ab  SetALStatus                              
0     0000e4ec  AL_ControlInd                            
0     0000e705  AL_ControlRes                            
0     0000e7fb  DC_CheckWatchdog                         
0     0000e837  CheckIfEcatError                         
0     0000e866  ECAT_StateChange                         
0     0000e917  ECAT_Init                                
0     0000e960  ECAT_Main                                
0     0000e9ec  OBJ_GetObjectHandle                      
0     0000e9ff  OBJ_GetObjectLength                      
0     0000ea9a  OBJ_CopyNumberToString                   
0     0000eab8  OBJ_GetNoOfObjects                       
0     0000eae9  OBJ_GetObjectList                        
0     0000eb46  OBJ_GetDesc                              
0     0000ebb3  OBJ_GetEntryDesc                         
0     0000ebe2  OBJ_GetObjDesc                           
0     0000ebe9  OBJ_GetEntryOffset                       
0     0000eca1  CheckSyncTypeValue                       
0     0000ed0e  OBJ_Read                                 
0     0000efaa  OBJ_Write                                
0     0000f291  PutInMbxQueue                            
0     0000f2b0  GetOutOfMbxQueue                         
0     0000f2d1  MBX_Init                                 
0     0000f305  MBX_StartMailboxHandler                  
0     0000f354  MBX_StopMailboxHandler                   
0     0000f3b2  MailboxServiceInd                        
0     0000f3c5  MBX_MailboxWriteInd                      
0     0000f40f  MBX_MailboxReadInd                       
0     0000f44b  MBX_MailboxRepeatReq                     
0     0000f476  MBX_MailboxSendReq                       
0     0000f4b5  MBX_CheckAndCopyMailbox                  
0     0000f51d  MBX_CopyToSendMailbox                    
0     0000f594  MBX_Main                                 
0     0000f6cf  ESC_getTimer                             
0     0000f6d6  ESC_getTimer0                            
0     0000f6dd  ESC_clearTimer                           
0     0000f6ed  ESC_clearTimer0                          
0     0000f6fd  ESC_timerIncPerMilliSec                  
0     0000f701  ESC_readBlockISR                         
0     0000f728  ESC_readBlock                            
0     0000f734  ESC_readDWordISR                         
0     0000f73d  ESC_readDWord                            
0     0000f748  ESC_readWordISR                          
0     0000f751  ESC_readWord                             
0     0000f75c  ESC_writeBlockISR                        
0     0000f793  ESC_writeBlock                           
0     0000f79f  ESC_writeDWordISR                        
0     0000f7ab  ESC_writeDWord                           
0     0000f7b6  ESC_writeWordISR                         
0     0000f7c2  ESC_writeWord                            
0     0000f7cd  ESC_setLed                               
0     0000f7dc  ESC_loadedCheckEEPROM                    
0     0000f7f5  ESC_resetESC                             
0     0000f7f9  ESC_holdESCInReset                       
0     0000f800  ESC_releaseESCReset                      
0     0000f807  ESC_initHW                               
0     0000f8d3  ESC_releaseHW                            
0     0000f8d5  malloc                                   
0     0000f900  free                                     
0     0000f9ca  realloc                                  
0     0000fa4e  minit                                    
0     0000fa52  calloc                                   
0     0000fa7f  aligned_alloc                            
0     0000fa7f  memalign                                 
0     0000fb2d  __TI_heap_total_available                
0     0000fb4c  __TI_heap_largest_available              
0     0000fb6b  __TI_heap_check                          
0     0000fba2  InputPDO_Reset                           
0     0000fbbe  Internal_Reset                           
0     0000fbe0  InputPDO_ForwardPass                     
0     0000fc35  APPL_AckErrorInd                         
0     0000fc39  APPL_StartMailboxHandler                 
0     0000fc3b  APPL_StopMailboxHandler                  
0     0000fc3d  APPL_StartInputHandler                   
0     0000fc42  APPL_StopInputHandler                    
0     0000fc44  APPL_StartOutputHandler                  
0     0000fc46  APPL_StopOutputHandler                   
0     0000fc48  APPL_GenerateMapping                     
0     0000fcce  APPL_InputMapping                        
0     0000fd34  APPL_OutputMapping                       
0     0000fd3f  APPL_Application                         
0     0000fdb0  main                                     
0     0000fe4c  SPI_configure                            
0     0000ff5a  SPI_init                                 
0     0000ffbd  SPI_PinMuxOptions                        
0     00010034  Read0x10F8                               
0     00010056  COE_SyncTimeStamp                        
0     00010099  COE_GetObjectDictionary                  
0     0001009d  COE_UpdateSyncErrorStatus                
0     000100bc  COE_ObjInit                              
0     00010128  COE_AddObjectToDic                       
0     0001017d  COE_RemoveDicEntry                       
0     000101ae  COE_ClearObjDictionary                   
0     000101c6  AddObjectsToObjDictionary                
0     000101df  COE_ObjDictionaryInit                    
0     000101f3  COE_Main                                 
0     0001029e  CLA_configClaMemory                      
0     000102f5  CLA_initCpu1Cla1                         
0     00010394  SysCtl_setClock                          
0     000104cc  SysCtl_setAuxClock                       
0     000105e3  SysCtl_isPLLValid                        
0     000106f3  cla1Isr1                                 
0     00010722  cla1Isr2                                 
0     00010751  cla1Isr3                                 
0     00010760  cla1Isr4                                 
0     0001076f  cla1Isr5                                 
0     0001077e  cla1Isr6                                 
0     0001078d  cla1Isr7                                 
0     0001079c  cla1Isr8                                 
0     000107cb  DCC_verifyClockFrequency                 
0     00010894  ESC_applicationLayerHandler              
0     000108ca  ESC_applicationSync0Handler              
0     00010900  ESC_applicationSync1Handler              
0     00010936  MemCfg_getInitStatus                     
0     000109c9  __c28xabi_divf                           
0     00010a51  MemCfg_initSections                      
0     00010bc3  SPI_setConfig                            
0     00010c1f  COE_Init                                 
0     00010c27  COE_ServiceInd                           
0     00010c53  COE_ContinueInd                          
0     00010c79  SysCtl_selectOscSource                   
0     00010ccd  GPIO_setPadConfig                        
0     00010d1f  SysCtl_selectOscSourceAuxPLL             
0     00010d66  F2838XCPU1_strcpy                        
0     00010d89  F2838XCPU1_memcpy                        
0     00010d94  F2838XCPU1_memset                        
0     00010d9f  F2838XCPU1_memcmp                        
0     00010daa  Interrupt_initModule                     
0     00010de7  ESCSS_configureSync0Connections          
0     00010e1f  ESCSS_configureSync1Connections          
0     00010e57  GPIO_setMasterCore                       
0     00010e8f  GPIO_setQualificationMode                
0     00010ec7  MemCfg_setLSRAMMasterSel                 
0     00010eff  GPIO_setPinConfig                        
0     00010f36  SPI_clearInterruptStatus                 
0     00010f6c  Interrupt_enable                         
0     00010fa0  GPIO_setDirectionMode                    
0     00010fd1  __TI_decompress_lzss                     
0     00011002  SPI_enableInterrupt                      
0     00011031  __TI_auto_init_nobinit_nopinit           
0     00011086  C$$EXIT                                  
0     00011086  abort                                    
0     00011088  exit                                     
0     000110f9  SysCtl_controlCMReset                    
0     0001111e  SysCtl_selectXTAL                        
0     00011142  __c28xabi_divi                           
0     00011153  __c28xabi_modi                           
0     00011164  SysCtl_controlCPU2Reset                  
0     00011220  Interrupt_initVectorTable                
0     0001123e  __c28xabi_cmpll                          
0     00011250  __c28xabi_cmpull                         
0     00011296  memcpy                                   
0     00011302  SysCtl_selectXTALSingleEnded             
0     0001131c  _c_int00                                 
0     00011335  __c28xabi_andll                          
0     0001133d  __c28xabi_orll                           
0     00011345  __c28xabi_xorll                          
0     00011491  memcmp                                   
0     000114fa  __TI_zero_init_nomemset                  
0     00011513  _args_main                               
0     00011535  __c28xabi_divu                           
0     0001153a  __c28xabi_modu                           
0     00011540  __TI_decompress_none                     
0     00011550  strlen                                   
0     0001155f  memset                                   
0     0001156a  _system_pre_init                         
0     0001156c  _system_post_cinit                       
0     00013000  aName0x1C32                              
0     00013108  aName0x1C33                              
0     0001320f  aName0x1A00                              
0     000135ae  IPC_Instance                             
0     00013636  asEntryDesc0x1C3x                        
0     000136e7  aName0x1018                              
0     0001372e  aName0xF000                              
0     00013772  aName0x10F1                              
0     000137b1  aName0x6000                              
0     000137f0  cAbortCode                               
0     0001382c  aName0x1600                              
0     0001385c  asEntryDesc0x1A00                        
0     00013883  aName0x6002                              
0     000138a7  aName0x1009                              
0     000138c5  aName0x100A                              
0     000138e3  asEntryDesc0x6000                        
0     00013901  aName0x1C12                              
0     0001391c  aName0x1C13                              
0     00013937  aName0x7000                              
0     0001394f  aName0x10F8                              
0     00013962  aName0x1C00                              
0     00013974  aName0x1000                              
0     00013980  sEntryDesc0x1000                         
0     00013983  sEntryDesc0x1001                         
0     00013986  sEntryDesc0x1008                         
0     00013989  sEntryDesc0x1009                         
0     0001398c  sEntryDesc0x100A                         
0     0001398f  sEntryDesc0x10F8                         
0     00013992  cBitMask                                 
0     000139a2  aName0x1001                              
0     000139b1  asEntryDesc0x1018                        
0     000139c0  aName0x1008                              
0     000139cc  asEntryDesc0x6002                        
0     000139d8  asEntryDesc0x10F1                        
0     000139e1  asEntryDesc0xF000                        
0     000139ea  asEntryDesc0x1600                        
0     000139f0  asEntryDesc0x1C00                        
0     000139f6  asEntryDesc0x1C12                        
0     000139fc  asEntryDesc0x1C13                        
0     00013a02  asEntryDesc0x7000                        
0     00038000  IPC_CPU_To_CM_GetBuffer                  
0     00039000  IPC_CPU_To_CM_PutBuffer                  
0     0003a000  IPC_CPU1_To_CPU2_PutBuffer               
0     0003b000  IPC_CPU1_To_CPU2_GetBuffer               
abs   00000100  CLA_SCRATCHPAD_SIZE                      
abs   00000200  __TI_STACK_SIZE                          
abs   00000200  __TI_SYSMEM_SIZE                         
abs   ffffffff  __TI_pprof_out_hndl                      
abs   ffffffff  __TI_prof_data_size                      
abs   ffffffff  __TI_prof_data_start                     
n/a   UNDEFED   __c_args__                               

[446 symbols]
