******************************************************************************
             TMS320C2000 Linker PC v21.6.0                     
******************************************************************************
>> Linked Thu Apr 14 02:11:24 2022

OUTPUT FILE NAME:   <ADIS16364_IMU_ECAT_SLAVE_F28388D_CPU.out>
ENTRY POINT SYMBOL: "code_start"  address: 00000000


MEMORY CONFIGURATION

         name            origin    length      used     unused   attr    fill
----------------------  --------  ---------  --------  --------  ----  --------
  BEGIN                 00000000   00000002  00000002  00000000  RWIX
  BOOT_RSVD             00000002   000001ae  00000000  000001ae  RWIX
  RAMM0                 000001b0   00000250  000001ac  000000a4  RWIX
  RAMM1                 00000400   00000400  00000000  00000400  RWIX
  CLA1_MSGRAMLOW        00001480   00000080  00000016  0000006a  RWIX
  CLA1_MSGRAMHIGH       00001500   00000080  00000000  00000080  RWIX
  RAMLS0                00008000   00000800  0000016c  00000694  RWIX
  RAMLS1                00008800   00000800  00000194  0000066c  RWIX
  RAMLS2                00009000   00000800  00000278  00000588  RWIX
  RAMLS3                00009800   00000800  00000000  00000800  RWIX
  RAMLS4                0000a000   00000800  00000000  00000800  RWIX
  RAMLS5                0000a800   00000800  000003e0  00000420  RWIX
  RAMLS6                0000b000   00000800  00000000  00000800  RWIX
  RAMLS7                0000b800   00000800  00000000  00000800  RWIX
  RAMD0                 0000c000   00000800  00000800  00000000  RWIX
  RAMD1                 0000c800   00000800  000007ff  00000001  RWIX
  RAMGS0                0000d000   00001000  00000200  00000e00  RWIX
  RAMGS1_5              0000e000   00005000  000035a4  00001a5c  RWIX
  RAMGS6                00013000   00001000  00000a88  00000578  RWIX
  RAMGS7                00014000   00001000  00000000  00001000  RWIX
  RAMGS8                00015000   00001000  00000000  00001000  RWIX
  RAMGS9                00016000   00001000  00000000  00001000  RWIX
  RAMGS10               00017000   00001000  00000000  00001000  RWIX
  RAMGS11               00018000   00001000  00000000  00001000  RWIX
  RAMGS12               00019000   00001000  00000000  00001000  RWIX
  RAMGS13               0001a000   00001000  00000000  00001000  RWIX
  RAMGS14               0001b000   00001000  00000000  00001000  RWIX
  RAMGS15               0001c000   00001000  00000000  00001000  RWIX
  CMTOCPURAM            00038000   00000800  00000088  00000778  RWIX
  CPUTOCMRAM            00039000   00000800  00000088  00000778  RWIX
  CPU1TOCPU2RAM         0003a000   00000800  00000088  00000778  RWIX
  CPU2TOCPU1RAM         0003b000   00000800  00000088  00000778  RWIX
  CANA_MSG_RAM          00049000   00000800  00000000  00000800  RWIX
  CANB_MSG_RAM          0004b000   00000800  00000000  00000800  RWIX
  FLASH0                00080000   00002000  00000000  00002000  RWIX
  FLASH1                00082000   00002000  00000000  00002000  RWIX
  FLASH2                00084000   00002000  00000000  00002000  RWIX
  FLASH3                00086000   00002000  00000000  00002000  RWIX
  FLASH4                00088000   00008000  00000000  00008000  RWIX
  FLASH5                00090000   00008000  00000000  00008000  RWIX
  FLASH6                00098000   00008000  00000000  00008000  RWIX
  FLASH7                000a0000   00008000  00000000  00008000  RWIX
  FLASH8                000a8000   00008000  00000000  00008000  RWIX
  FLASH9                000b0000   00008000  00000000  00008000  RWIX
  FLASH10               000b8000   00002000  00000000  00002000  RWIX
  FLASH11               000ba000   00002000  00000000  00002000  RWIX
  FLASH12               000bc000   00002000  00000000  00002000  RWIX
  FLASH13               000be000   00002000  00000000  00002000  RWIX
  RESET                 003fffc0   00000002  00000000  00000002  RWIX


SECTION ALLOCATION MAP

 output                                  attributes/
section   page    origin      length       input sections
--------  ----  ----------  ----------   ----------------
codestart 
*          0    00000000    00000002     
                  00000000    00000002     f2838x_codestartbranch.obj (codestart)

.switch    0    000001b0    00000030     
                  000001b0    00000018     objdef.obj (.switch:OBJ_Read)
                  000001c8    00000018     objdef.obj (.switch:OBJ_Write)

.cinit     0    000001e4    00000178     
                  000001e4    00000154     (.cinit..data.load) [load image, compression = lzss]
                  00000338    00000006     (__TI_handler_table)
                  0000033e    00000004     (.cinit..bss.load) [load image, compression = zero_init]
                  00000342    00000004     (.cinit..scratchpad.load) [load image, compression = zero_init]
                  00000346    00000004     (.cinit.Cla1DataRam.load) [load image, compression = zero_init]
                  0000034a    00000002     --HOLE-- [fill = 0]
                  0000034c    00000010     (__TI_cinit_table)

.reset     0    003fffc0    00000000     DSECT

.bss       0    00008000    0000016c     UNINITIALIZED
                  00008000    00000062     objdef.obj (.bss)
                  00008062    0000001e     sdoserv.obj (.bss)
                  00008080    0000005a     mailbox.obj (.bss)
                  000080da    00000022     ecatappl.obj (.bss:aPdInputData)
                  000080fc    00000004     coeappl.obj (.bss)
                  00008100    0000002a     ecatslv.obj (.bss)
                  0000812a    00000022     ecatappl.obj (.bss:aPdOutputData)
                  0000814c    00000014     ecatappl.obj (.bss)
                  00008160    00000007     sdoserv.obj (.bss:aSdoInfoHeader)
                  00008167    00000001     --HOLE--
                  00008168    00000002     ecatcoe.obj (.bss)
                  0000816a    00000002     rts2800_fpu64_eabi.lib : memory.c.obj (.bss)

.sysmem    0    0000c800    00000200     UNINITIALIZED
                  0000c800    00000004     rts2800_fpu64_eabi.lib : memory.c.obj (.sysmem)
                  0000c804    000001fc     --HOLE--

.stack     0    0000d000    00000200     UNINITIALIZED
                  0000d000    00000200     --HOLE--

.init_array 
*          0    000001b0    00000000     UNINITIALIZED

.const     0    00013000    00000a88     
                  00013000    00000108     coeappl.obj (.const:.string:aName0x1C32)
                  00013108    00000107     coeappl.obj (.const:.string:aName0x1C33)
                  0001320f    000000ca     coeappl.obj (.const:.string:aName0x1A00)
                  000132d9    000000ad     coeappl.obj (.const:.string:aName0x6000)
                  00013386    00000098     driverlib.lib : escss.obj (.const:.string)
                  0001341e    00000097                   : gpio.obj (.const:.string)
                  000134b5    00000001     --HOLE-- [fill = 0]
                  000134b6    00000097                   : sysctl.obj (.const:.string)
                  0001354d    00000001     --HOLE-- [fill = 0]
                  0001354e    00000094                   : dcc.obj (.const:.string)
                  000135e2    00000094                   : spi.obj (.const:.string)
                  00013676    00000088                   : ipc.obj (.const:IPC_Instance)
                  000136fe    00000063     coeappl.obj (.const:asEntryDesc0x1C3x)
                  00013761    00000001     --HOLE-- [fill = 0]
                  00013762    0000004d     driverlib.lib : memcfg.obj (.const:.string)
                  000137af    00000047     coeappl.obj (.const:.string:aName0x1018)
                  000137f6    00000044     coeappl.obj (.const:.string:aName0xF000)
                  0001383a    0000003f     coeappl.obj (.const:.string:aName0x10F1)
                  00013879    0000003c     coeappl.obj (.const:asEntryDesc0x6000)
                  000138b5    00000001     --HOLE-- [fill = 0]
                  000138b6    0000003c     sdoserv.obj (.const:cAbortCode)
                  000138f2    00000030     coeappl.obj (.const:.string:aName0x1600)
                  00013922    0000002a     coeappl.obj (.const:asEntryDesc0x1A00)
                  0001394c    0000001e     coeappl.obj (.const:.string:aName0x1009)
                  0001396a    0000001e     coeappl.obj (.const:.string:aName0x100A)
                  00013988    0000001b     coeappl.obj (.const:.string:aName0x1C12)
                  000139a3    0000001b     coeappl.obj (.const:.string:aName0x1C13)
                  000139be    00000018     coeappl.obj (.const:.string:aName0x7000)
                  000139d6    00000013     coeappl.obj (.const:.string:aName0x10F8)
                  000139e9    00000012     coeappl.obj (.const:.string:aName0x1C00)
                  000139fb    00000005     --HOLE-- [fill = 0]
                  00013a00    00000012     coeappl.obj (.const)
                  00013a12    00000010     objdef.obj (.const:cBitMask)
                  00013a22    0000000f     coeappl.obj (.const:.string:aName0x1001)
                  00013a31    0000000f     coeappl.obj (.const:asEntryDesc0x1018)
                  00013a40    0000000c     coeappl.obj (.const:.string:aName0x1000)
                  00013a4c    0000000c     coeappl.obj (.const:.string:aName0x1008)
                  00013a58    00000009     coeappl.obj (.const:asEntryDesc0x10F1)
                  00013a61    00000009     coeappl.obj (.const:asEntryDesc0xF000)
                  00013a6a    00000006     coeappl.obj (.const:asEntryDesc0x1600)
                  00013a70    00000006     coeappl.obj (.const:asEntryDesc0x1C00)
                  00013a76    00000006     coeappl.obj (.const:asEntryDesc0x1C12)
                  00013a7c    00000006     coeappl.obj (.const:asEntryDesc0x1C13)
                  00013a82    00000006     coeappl.obj (.const:asEntryDesc0x7000)

Cla1Prog   0    0000a800    000003e0     
                  0000a800    000001d2     spi.obj (Cla1Prog:BurstRead_cla)
                  0000a9d2    000000e0     spi.obj (Cla1Prog:RawToReal_cla)
                  0000aab2    00000046     spi.obj (Cla1Prog:cla_delay)
                  0000aaf8    00000038     spi.obj (Cla1Prog:SPI_writeDataBlockingNonFIFO)
                  0000ab30    00000036     spi.obj (Cla1Prog:SPI_readDataBlockingNonFIFO)
                  0000ab66    00000032     rts2800_fpu64_eabi.lib : cla_memset.cla.obj (Cla1Prog:__claabi_memset)
                  0000ab98    00000010     spi.obj (Cla1Prog:Cla1Task1)
                  0000aba8    00000008     spi.obj (Cla1Prog:Cla1Task2)
                  0000abb0    00000008     spi.obj (Cla1Prog:Cla1Task3)
                  0000abb8    00000008     spi.obj (Cla1Prog:Cla1Task4)
                  0000abc0    00000008     spi.obj (Cla1Prog:Cla1Task5)
                  0000abc8    00000008     spi.obj (Cla1Prog:Cla1Task6)
                  0000abd0    00000008     spi.obj (Cla1Prog:Cla1Task7)
                  0000abd8    00000008     spi.obj (Cla1Prog:Cla1Task8)

MSGRAM_CM_TO_CPU 
*          0    00038000    00000088     UNINITIALIZED
                  00038000    00000088     driverlib.lib : ipc.obj (MSGRAM_CM_TO_CPU)

MSGRAM_CPU_TO_CM 
*          0    00039000    00000088     UNINITIALIZED
                  00039000    00000088     driverlib.lib : ipc.obj (MSGRAM_CPU_TO_CM)

MSGRAM_CPU1_TO_CPU2 
*          0    0003a000    00000088     UNINITIALIZED
                  0003a000    00000088     driverlib.lib : ipc.obj (MSGRAM_CPU1_TO_CPU2)

MSGRAM_CPU2_TO_CPU1 
*          0    0003b000    00000088     UNINITIALIZED
                  0003b000    00000088     driverlib.lib : ipc.obj (MSGRAM_CPU2_TO_CPU1)

Cla1ToCpuMsgRAM 
*          0    00001480    00000016     
                  00001480    00000016     ADIS16364_F28388D_IMU_SLAVE_CPU1.obj (Cla1ToCpuMsgRAM)

CLAscratch 
*          0    00008800    00000100     UNINITIALIZED
                  00008800    00000100     --HOLE--

.scratchpad 
*          0    00008900    0000004a     UNINITIALIZED
                  00008900    0000003c     spi.obj (.scratchpad:Cla1Prog:BurstRead_cla)
                  0000893c    00000009     spi.obj (.scratchpad:Cla1Prog:RawToReal_cla)
                  00008945    00000001     --HOLE--
                  00008946    00000002     rts2800_fpu64_eabi.lib : cla_memset.cla.obj (.scratchpad:Cla1Prog:__claabi_memset)
                  00008946    00000004     spi.obj (.scratchpad:Cla1Prog:SPI_writeDataBlockingNonFIFO)
                  00008946    00000002     spi.obj (.scratchpad:Cla1Prog:cla_delay)
                  00008946    00000002     spi.obj (.scratchpad:Cla1Prog:SPI_readDataBlockingNonFIFO)

.const_cla 
*          0    0000894a    0000002c     
                  0000894a    00000016     spi.obj (.const_cla:$P$T2$3)
                  00008960    0000000b     spi.obj (.const_cla:$P$T0$1)
                  0000896b    0000000b     spi.obj (.const_cla:$P$T1$2)

.TI.ramfunc 
*          0    000001e0    00000004     
                  000001e0    00000004     driverlib.lib : sysctl.obj (.TI.ramfunc)

Cla1DataRam 
*          0    00008980    0000001e     UNINITIALIZED
                  00008980    0000001e     ethercat_slave_cpu1_hal.obj (Cla1DataRam)

.data      0    00009000    00000278     UNINITIALIZED
                  00009000    000000f0     coeappl.obj (.data:GenObjDic)
                  000090f0    000000a0     coeappl.obj (.data:ApplicationObjDic)
                  00009190    00000021     coeappl.obj (.data:acDevicename)
                  000091b1    0000000d     objdef.obj (.data:aSubindexDesc)
                  000091be    00000002     rts2800_fpu64_eabi.lib : _lock.c.obj (.data:_lock)
                  000091c0    0000005c     ADIS16364_F28388D_IMU_SLAVE_CPU1.obj (.data)
                  0000921c    00000018     coeappl.obj (.data)
                  00009234    00000014     coeappl.obj (.data:acHardwareversion)
                  00009248    00000014     coeappl.obj (.data:acSoftwareversion)
                  0000925c    0000000a     ecatappl.obj (.data)
                  00009266    00000006     objdef.obj (.data)
                  0000926c    00000006     rts2800_fpu64_eabi.lib : exit.c.obj (.data)
                  00009272    00000002                            : _lock.c.obj (.data:_unlock)
                  00009274    00000002     ecatslv.obj (.data)
                  00009276    00000001     rts2800_fpu64_eabi.lib : memory.c.obj (.data)
                  00009277    00000001     sdoserv.obj (.data)

.text.1    0    0000c000    00000800     
                  0000c000    0000068e     sdoserv.obj (.text)
                  0000c68e    00000144     CLA_init.obj (.text)
                  0000c7d2    0000002b     rts2800_fpu64_eabi.lib : autoinit.c.obj (.text:__TI_auto_init_nobinit_nopinit)
                  0000c7fd    00000002     driverlib.lib : interrupt.obj (.text:Interrupt_illegalOperationHandler)
                  0000c7ff    00000001     rts2800_fpu64_eabi.lib : startup.c.obj (.text)

.text.2    0    0000ca00    000005ff     
                  0000ca00    00000458     ecatappl.obj (.text)
                  0000ce58    000001a7     ethercat_gpio_setup.obj (.text)

.text.3    0    0000e000    000035a4     
                  0000e000    000009ec     ecatslv.obj (.text)
                  0000e9ec    000008a5     objdef.obj (.text)
                  0000f291    00000333     mailbox.obj (.text)
                  0000f5c4    00000309     ethercat_slave_cpu1_hal.obj (.text)
                  0000f8cd    00000298     rts2800_fpu64_eabi.lib : memory.c.obj (.text)
                  0000fb65    0000023b     SPI_init.obj (.text)
                  0000fda0    0000023a     ADIS16364_F28388D_IMU_SLAVE_CPU1.obj (.text)
                  0000ffda    0000021c     coeappl.obj (.text)
                  000101f6    000001f8     device.obj (.text)
                  000103ee    00000138     driverlib.lib : sysctl.obj (.text:SysCtl_setClock)
                  00010526    00000117                   : sysctl.obj (.text:SysCtl_setAuxClock)
                  0001063d    00000110                   : sysctl.obj (.text:SysCtl_isPLLValid)
                  0001074d    000000c9                   : dcc.obj (.text:DCC_verifyClockFrequency)
                  00010816    000000b8     CLA_init.obj (.text:retain)
                  000108ce    000000a2     ethercat_slave_cpu1_hal.obj (.text:retain)
                  00010970    00000093     driverlib.lib : memcfg.obj (.text:MemCfg_getInitStatus)
                  00010a03    00000088     rts2800_fpu64_eabi.lib : fs_div28.asm.obj (.text)
                  00010a8b    0000007e     driverlib.lib : memcfg.obj (.text:MemCfg_initSections)
                  00010b09    0000007a                   : dcc.obj (.text:DCC_setCounterSeeds)
                  00010b83    0000007a                   : sysctl.obj (.text:DCC_setCounterSeeds)
                  00010bfd    0000005c                   : spi.obj (.text:SPI_setConfig)
                  00010c59    0000005a     ecatcoe.obj (.text)
                  00010cb3    00000054     driverlib.lib : sysctl.obj (.text:SysCtl_selectOscSource)
                  00010d07    00000052                   : gpio.obj (.text:GPIO_setPadConfig)
                  00010d59    00000047                   : sysctl.obj (.text:SysCtl_selectOscSourceAuxPLL)
                  00010da0    00000044     f2838x_cpu1_system.obj (.text)
                  00010de4    0000003d     driverlib.lib : interrupt.obj (.text:Interrupt_initModule)
                  00010e21    00000038                   : escss.obj (.text:ESCSS_configureSync0Connections)
                  00010e59    00000038                   : escss.obj (.text:ESCSS_configureSync1Connections)
                  00010e91    00000038                   : gpio.obj (.text:GPIO_setMasterCore)
                  00010ec9    00000038                   : gpio.obj (.text:GPIO_setQualificationMode)
                  00010f01    00000038                   : memcfg.obj (.text:MemCfg_setLSRAMMasterSel)
                  00010f39    00000037                   : gpio.obj (.text:GPIO_setPinConfig)
                  00010f70    00000036                   : spi.obj (.text:SPI_clearInterruptStatus)
                  00010fa6    00000034                   : interrupt.obj (.text:Interrupt_enable)
                  00010fda    00000031                   : gpio.obj (.text:GPIO_setDirectionMode)
                  0001100b    00000031     rts2800_fpu64_eabi.lib : copy_decompress_lzss.c.obj (.text:decompress:lzss)
                  0001103c    0000002f     driverlib.lib : spi.obj (.text:SPI_enableInterrupt)
                  0001106b    0000002a                   : sysctl.obj (.text:SysCtl_pollX1Counter)
                  00011095    00000029     rts2800_fpu64_eabi.lib : exit.c.obj (.text)
                  000110be    00000025     driverlib.lib : dcc.obj (.text:DCC_enableSingleShotMode)
                  000110e3    00000025                   : sysctl.obj (.text:DCC_enableSingleShotMode)
                  00011108    00000025                   : sysctl.obj (.text:SysCtl_controlCMReset)
                  0001112d    00000024                   : sysctl.obj (.text:SysCtl_selectXTAL)
                  00011151    00000022                   : escss.obj (.text:ESCSS_configureEEPROMSize)
                  00011173    00000022     rts2800_fpu64_eabi.lib : i_div28.asm.obj (.text)
                  00011195    00000021     driverlib.lib : sysctl.obj (.text:SysCtl_controlCPU2Reset)
                  000111b6    0000001f                   : dcc.obj (.text:DCC_setCounter0ClkSource)
                  000111d5    0000001f                   : sysctl.obj (.text:DCC_setCounter0ClkSource)
                  000111f4    0000001f                   : dcc.obj (.text:DCC_setCounter1ClkSource)
                  00011213    0000001f                   : sysctl.obj (.text:DCC_setCounter1ClkSource)
                  00011232    0000001f                   : spi.obj (.text:SPI_isBaseValid)
                  00011251    0000001e                   : interrupt.obj (.text:Interrupt_initVectorTable)
                  0001126f    0000001e     rts2800_fpu64_eabi.lib : ll_cmp28.asm.obj (.text)
                  0001128d    0000001d     driverlib.lib : dcc.obj (.text:DCC_getErrorStatus)
                  000112aa    0000001d                   : dcc.obj (.text:DCC_getSingleShotStatus)
                  000112c7    0000001d     rts2800_fpu64_eabi.lib : memcpy.c.obj (.text)
                  000112e4    0000001b     driverlib.lib : escss.obj (.text:ESCSS_isConfigurationLockEnabled)
                  000112ff    0000001a                   : dcc.obj (.text:DCC_isBaseValid)
                  00011319    0000001a                   : sysctl.obj (.text:DCC_isBaseValid)
                  00011333    0000001a                   : sysctl.obj (.text:SysCtl_selectXTALSingleEnded)
                  0001134d    00000019     rts2800_fpu64_eabi.lib : boot28.asm.obj (.text)
                  00011366    00000018                            : ll_aox28.asm.obj (.text)
                  0001137e    00000017     driverlib.lib : dcc.obj (.text:DCC_disableDoneSignal)
                  00011395    00000017                   : sysctl.obj (.text:DCC_disableDoneSignal)
                  000113ac    00000017                   : dcc.obj (.text:DCC_enableDoneSignal)
                  000113c3    00000017                   : sysctl.obj (.text:SysCtl_enablePeripheral)
                  000113da    00000016                   : dcc.obj (.text:DCC_clearDoneFlag)
                  000113f0    00000016                   : sysctl.obj (.text:DCC_clearDoneFlag)
                  00011406    00000016                   : dcc.obj (.text:DCC_clearErrorFlag)
                  0001141c    00000016                   : sysctl.obj (.text:DCC_clearErrorFlag)
                  00011432    00000016                   : dcc.obj (.text:DCC_disableErrorSignal)
                  00011448    00000016                   : sysctl.obj (.text:DCC_disableErrorSignal)
                  0001145e    00000014                   : dcc.obj (.text:DCC_disableModule)
                  00011472    00000014                   : sysctl.obj (.text:DCC_disableModule)
                  00011486    00000014                   : dcc.obj (.text:DCC_enableErrorSignal)
                  0001149a    00000014                   : dcc.obj (.text:DCC_enableModule)
                  000114ae    00000014                   : sysctl.obj (.text:DCC_enableModule)
                  000114c2    00000013     rts2800_fpu64_eabi.lib : memcmp.c.obj (.text)
                  000114d5    00000010     driverlib.lib : escss.obj (.text:ESCSS_isBaseValid)
                  000114e5    00000010                   : escss.obj (.text:ESCSS_isConfigBaseValid)
                  000114f5    0000000e                   : gpio.obj (.text:GPIO_isPinValid)
                  00011503    0000000e                   : interrupt.obj (.text:Interrupt_defaultHandler)
                  00011511    0000000d                   : interrupt.obj (.text:Interrupt_disableMaster)
                  0001151e    0000000d                   : interrupt.obj (.text:Interrupt_enableMaster)
                  0001152b    0000000d     rts2800_fpu64_eabi.lib : copy_zero_init.c.obj (.text:decompress:ZI:__TI_zero_init_nomemset)
                  00011538    0000000c     driverlib.lib : sysctl.obj (.text:SysCtl_setPLLSysClk)
                  00011544    0000000c     rts2800_fpu64_eabi.lib : args_main.c.obj (.text)
                  00011550    0000000b     driverlib.lib : sysctl.obj (.text:SysCtl_isCMReset)
                  0001155b    0000000b                   : sysctl.obj (.text:SysCtl_isMCDClockFailureDetected)
                  00011566    0000000b     rts2800_fpu64_eabi.lib : u_div28.asm.obj (.text)
                  00011571    00000009                            : _lock.c.obj (.text)
                  0001157a    00000008                            : copy_decompress_none.c.obj (.text:decompress:none)
                  00011582    00000008     f2838x_codestartbranch.obj (.text)
                  0001158a    00000008     rts2800_fpu64_eabi.lib : strlen.c.obj (.text)
                  00011592    00000007     driverlib.lib : sysctl.obj (.text:SysCtl_resetMCD)
                  00011599    00000007     rts2800_fpu64_eabi.lib : memset.c.obj (.text)
                  000115a0    00000002     driverlib.lib : interrupt.obj (.text:Interrupt_nmiHandler)
                  000115a2    00000002     rts2800_fpu64_eabi.lib : pre_init.c.obj (.text)

MODULE SUMMARY

       Module                                 code    ro data   rw data
       ------                                 ----    -------   -------
    .\
       f2838x_codestartbranch.obj             10      0         0      
    +--+--------------------------------------+-------+---------+---------+
       Total:                                 10      0         0      
                                                                       
    .\CLA\
       spi.obj                                942     44        77     
       CLA_init.obj                           508     0         0      
    +--+--------------------------------------+-------+---------+---------+
       Total:                                 1450    44        77     
                                                                       
    .\EtherCAT_slave\
       coeappl.obj                            540     1648      501    
       ecatslv.obj                            2540    0         44     
       objdef.obj                             2213    64        117    
       sdoserv.obj                            1678    60        38     
       ecatappl.obj                           1112    0         98     
       mailbox.obj                            819     0         90     
       ADIS16364_F28388D_IMU_SLAVE_CPU1.obj   570     0         114    
       ecatcoe.obj                            90      0         2      
       f2838x_cpu1_system.obj                 68      0         0      
    +--+--------------------------------------+-------+---------+---------+
       Total:                                 9630    1772      1004   
                                                                       
    .\SPI_ADIS16364_LIBRARY\
       SPI_init.obj                           571     0         0      
    +--+--------------------------------------+-------+---------+---------+
       Total:                                 571     0         0      
                                                                       
    .\ethercat_f28388x_hal\
       ethercat_slave_cpu1_hal.obj            939     0         30     
       device.obj                             504     0         0      
       ethercat_gpio_setup.obj                423     0         0      
    +--+--------------------------------------+-------+---------+---------+
       Total:                                 1866    0         30     
                                                                       
    C:/ti/c2000/C2000Ware_4_00_00_00/driverlib/f2838x/driverlib/ccs/Debug/driverlib.lib
       sysctl.obj                             1636    151       0      
       dcc.obj                                678     148       0      
       ipc.obj                                0       136       544    
       gpio.obj                               312     151       0      
       memcfg.obj                             329     77        0      
       spi.obj                                224     148       0      
       escss.obj                              205     152       0      
       interrupt.obj                          187     0         0      
    +--+--------------------------------------+-------+---------+---------+
       Total:                                 3571    963       544    
                                                                       
    G:\ti\ccs1110\ccs\tools\compiler\ti-cgt-c2000_21.6.0.LTS\lib\rts2800_fpu64_eabi.lib
       memory.c.obj                           664     0         3      
       fs_div28.asm.obj                       136     0         0      
       cla_memset.cla.obj                     50      0         2      
       copy_decompress_lzss.c.obj             49      0         0      
       exit.c.obj                             41      0         6      
       autoinit.c.obj                         43      0         0      
       i_div28.asm.obj                        34      0         0      
       ll_cmp28.asm.obj                       30      0         0      
       memcpy.c.obj                           29      0         0      
       boot28.asm.obj                         25      0         0      
       ll_aox28.asm.obj                       24      0         0      
       memcmp.c.obj                           19      0         0      
       _lock.c.obj                            9       0         4      
       copy_zero_init.c.obj                   13      0         0      
       args_main.c.obj                        12      0         0      
       u_div28.asm.obj                        11      0         0      
       copy_decompress_none.c.obj             8       0         0      
       strlen.c.obj                           8       0         0      
       memset.c.obj                           7       0         0      
       pre_init.c.obj                         2       0         0      
       startup.c.obj                          1       0         0      
    +--+--------------------------------------+-------+---------+---------+
       Total:                                 1215    0         15     
                                                                       
       Heap:                                  0       0         512    
       Stack:                                 0       0         512    
       Linker Generated:                      0       374       0      
    +--+--------------------------------------+-------+---------+---------+
       Grand Total:                           18313   3153      2694   


LINKER GENERATED COPY TABLES

__TI_cinit_table @ 0000034c records: 4, size/record: 4, table size: 16
	.data: load addr=000001e4, load size=00000154 bytes, run addr=00009000, run size=00000278 bytes, compression=lzss
	.bss: load addr=0000033e, load size=00000004 bytes, run addr=00008000, run size=0000016c bytes, compression=zero_init
	.scratchpad: load addr=00000342, load size=00000004 bytes, run addr=00008900, run size=0000004a bytes, compression=zero_init
	Cla1DataRam: load addr=00000346, load size=00000004 bytes, run addr=00008980, run size=0000001e bytes, compression=zero_init


LINKER GENERATED HANDLER TABLE

__TI_handler_table @ 00000338 records: 3, size/record: 2, table size: 6
	index: 0, handler: __TI_zero_init
	index: 1, handler: __TI_decompress_lzss
	index: 2, handler: __TI_decompress_none


GLOBAL DATA SYMBOLS: SORTED BY DATA PAGE

address     data page           name
--------    ----------------    ----
00001480      52 (00001480)     g_SensBurst

00008000     200 (00008000)     bSyncSetByUser
00008001     200 (00008000)     sCycleDiag
00008002     200 (00008000)     sSyncManOutPar

00008040     201 (00008040)     sSyncManInPar
00008062     201 (00008040)     u8PendingSdo
00008063     201 (00008040)     bStoreCompleteAccess
00008064     201 (00008040)     u8StoreSubindex
00008065     201 (00008040)     u16StoreIndex
00008066     201 (00008040)     nSdoInfoFragmentsLeft
00008067     201 (00008040)     nSdoInfoIndex
00008068     201 (00008040)     nSdoSegService
00008069     201 (00008040)     bSdoSegFollows
0000806a     201 (00008040)     bSdoSegAccess
0000806b     201 (00008040)     nSdoSegIndex
0000806c     201 (00008040)     nSdoSegSubindex
0000806d     201 (00008040)     bSdoSegLastToggle
0000806e     201 (00008040)     u32StoreDataSize
00008070     201 (00008040)     pStoreData
00008072     201 (00008040)     pSdoPendFunc
00008074     201 (00008040)     pSdoSegData
00008076     201 (00008040)     pSdoInfoObjEntry
00008078     201 (00008040)     pSdoResStored
0000807a     201 (00008040)     nSdoSegBytesToHandle
0000807c     201 (00008040)     nSdoSegCompleteSize
0000807e     201 (00008040)     pSdoSegObjEntry

00008080     202 (00008080)     bReceiveMbxIsLocked
00008081     202 (00008080)     bSendMbxIsFull
00008082     202 (00008080)     bMbxRunning
00008083     202 (00008080)     bMbxRepeatToggle
00008084     202 (00008080)     u16SendMbxSize
00008085     202 (00008080)     u16ReceiveMbxSize
00008086     202 (00008080)     u16EscAddrReceiveMbx
00008087     202 (00008080)     u16EscAddrSendMbx
00008088     202 (00008080)     u8MbxWriteCounter
00008089     202 (00008080)     u8MbxReadCounter
0000808a     202 (00008080)     u8MailboxSendReqStored
0000808b     202 (00008080)     bNoMbxMemoryAvailable
0000808c     202 (00008080)     psWriteMbx
0000808e     202 (00008080)     psReadMbx
00008090     202 (00008080)     psRepeatMbx
00008092     202 (00008080)     psStoreMbx
00008094     202 (00008080)     sMbxSendQueue

000080c0     203 (000080c0)     sMbxReceiveQueue
000080da     203 (000080c0)     aPdInputData
000080fc     203 (000080c0)     u32LastDc32Value
000080fe     203 (000080c0)     u32CheckForDcOverrunCnt

00008100     204 (00008100)     bEcatOutputUpdateRunning
00008101     204 (00008100)     bEcatInputUpdateRunning
00008102     204 (00008100)     bEcatFirstOutputsReceived
00008103     204 (00008100)     bWdTrigger
00008104     204 (00008100)     bDcSyncActive
00008105     204 (00008100)     EsmTimeoutCounter
00008106     204 (00008100)     bDcRunning
00008107     204 (00008100)     u16SmSync0Counter
00008108     204 (00008100)     u16SmSync0Value
00008109     204 (00008100)     bSmSyncSequenceValid
0000810a     204 (00008100)     i16WaitForPllRunningTimeout
0000810b     204 (00008100)     i16WaitForPllRunningCnt
0000810c     204 (00008100)     Sync0WdCounter
0000810d     204 (00008100)     Sync0WdValue
0000810e     204 (00008100)     Sync1WdCounter
0000810f     204 (00008100)     Sync1WdValue
00008110     204 (00008100)     LatchInputSync0Value
00008111     204 (00008100)     LatchInputSync0Counter
00008112     204 (00008100)     b32BitDc
00008113     204 (00008100)     bEscIntEnabled
00008114     204 (00008100)     b3BufferMode
00008115     204 (00008100)     u16LocalErrorCode
00008116     204 (00008100)     u8LocalErrorState
00008117     204 (00008100)     bApplEsmPending
00008118     204 (00008100)     bEcatWaitForAlControlRes
00008119     204 (00008100)     nEcatStateTrans
0000811a     204 (00008100)     u8EcatErrorLed
0000811b     204 (00008100)     u8EcatRunLed
0000811c     204 (00008100)     nPdInputSize
0000811d     204 (00008100)     nPdOutputSize
0000811e     204 (00008100)     nMaxSyncMan
0000811f     204 (00008100)     nMaxEscAddress
00008120     204 (00008100)     nAlStatus
00008121     204 (00008100)     EcatWdValue
00008122     204 (00008100)     nEscAddrOutputData
00008123     204 (00008100)     nEscAddrInputData
00008124     204 (00008100)     u16ALEventMask
00008125     204 (00008100)     u16dummy
00008126     204 (00008100)     SyncManInfo
0000812a     204 (00008100)     aPdOutputData

0000814c     205 (00008140)     bEcatWaitForInputUpdate
0000814d     205 (00008140)     bEtherCATRunLed
0000814e     205 (00008140)     bEtherCATErrorLed
0000814f     205 (00008140)     bRunApplication
00008150     205 (00008140)     bMinCycleTimeMeasurementStarted
00008152     205 (00008140)     pAPPL_CoeReadInd
00008154     205 (00008140)     pAPPL_CoeWriteInd
00008156     205 (00008140)     pAPPL_MainLoop
00008158     205 (00008140)     u32CycleTimeStartValue
0000815a     205 (00008140)     u32MinCycleTimeStartValue
0000815c     205 (00008140)     u32SystemTimeReadFailure
0000815e     205 (00008140)     u32MinCycleTimeValue
00008160     205 (00008140)     aSdoInfoHeader
00008168     205 (00008140)     pCoeSendStored

00008980     226 (00008980)     SPI_config

00009000     240 (00009000)     GenObjDic

000090f0     243 (000090c0)     ApplicationObjDic

00009190     246 (00009180)     acDevicename
000091b1     246 (00009180)     aSubindexDesc
000091be     246 (00009180)     _lock

000091c0     247 (000091c0)     sRxPDOassign
000091c2     247 (000091c0)     sTxPDOassign
000091c4     247 (000091c0)     SUS_CONTROL0x7000
000091c6     247 (000091c0)     ModularDeviceProfile0xF000
000091ca     247 (000091c0)     SUS_CONTROLProcessDataMapping0x1600
000091ce     247 (000091c0)     SUS_SENSEProcessDataMapping0x1A00

00009200     248 (00009200)     SUS_SENSE0x6000
0000921c     248 (00009200)     u16ErrorRegister
0000921e     248 (00009200)     u32Devicetype
00009220     248 (00009200)     ObjDicList
00009222     248 (00009200)     sSyncmanagertype
00009226     248 (00009200)     u64Timestamp
0000922a     248 (00009200)     sIdentity
00009234     248 (00009200)     acHardwareversion

00009248     249 (00009240)     acSoftwareversion
0000925c     249 (00009240)     gCounter
0000925d     249 (00009240)     gcounter
0000925e     249 (00009240)     bInitFinished
00009264     249 (00009240)     gTimer
00009266     249 (00009240)     sErrorSettings
0000926c     249 (00009240)     __TI_enable_exit_profile_output
0000926e     249 (00009240)     __TI_cleanup_ptr
00009270     249 (00009240)     __TI_dtors_ptr
00009272     249 (00009240)     _unlock
00009274     249 (00009240)     SMActivate
00009275     249 (00009240)     EepromLoaded
00009277     249 (00009240)     bSdoInWork

0000c800     320 (0000c800)     _sys_memory

0000d000     340 (0000d000)     __stack

00013000     4c0 (00013000)     aName0x1C32

00013108     4c4 (00013100)     aName0x1C33

0001320f     4c8 (00013200)     aName0x1A00

000132d9     4cb (000132c0)     aName0x6000

00013676     4d9 (00013640)     IPC_Instance

000136fe     4db (000136c0)     asEntryDesc0x1C3x

000137af     4de (00013780)     aName0x1018

000137f6     4df (000137c0)     aName0xF000

0001383a     4e0 (00013800)     aName0x10F1

00013879     4e1 (00013840)     asEntryDesc0x6000

000138b6     4e2 (00013880)     cAbortCode

000138f2     4e3 (000138c0)     aName0x1600

00013922     4e4 (00013900)     asEntryDesc0x1A00

0001394c     4e5 (00013940)     aName0x1009
0001396a     4e5 (00013940)     aName0x100A

00013988     4e6 (00013980)     aName0x1C12
000139a3     4e6 (00013980)     aName0x1C13
000139be     4e6 (00013980)     aName0x7000

000139d6     4e7 (000139c0)     aName0x10F8
000139e9     4e7 (000139c0)     aName0x1C00

00013a00     4e8 (00013a00)     sEntryDesc0x1000
00013a03     4e8 (00013a00)     sEntryDesc0x1001
00013a06     4e8 (00013a00)     sEntryDesc0x1008
00013a09     4e8 (00013a00)     sEntryDesc0x1009
00013a0c     4e8 (00013a00)     sEntryDesc0x100A
00013a0f     4e8 (00013a00)     sEntryDesc0x10F8
00013a12     4e8 (00013a00)     cBitMask
00013a22     4e8 (00013a00)     aName0x1001
00013a31     4e8 (00013a00)     asEntryDesc0x1018

00013a40     4e9 (00013a40)     aName0x1000
00013a4c     4e9 (00013a40)     aName0x1008
00013a58     4e9 (00013a40)     asEntryDesc0x10F1
00013a61     4e9 (00013a40)     asEntryDesc0xF000
00013a6a     4e9 (00013a40)     asEntryDesc0x1600
00013a70     4e9 (00013a40)     asEntryDesc0x1C00
00013a76     4e9 (00013a40)     asEntryDesc0x1C12
00013a7c     4e9 (00013a40)     asEntryDesc0x1C13

00013a82     4ea (00013a80)     asEntryDesc0x7000

00038000     e00 (00038000)     IPC_CPU_To_CM_GetBuffer

00039000     e40 (00039000)     IPC_CPU_To_CM_PutBuffer

0003a000     e80 (0003a000)     IPC_CPU1_To_CPU2_PutBuffer

0003b000     ec0 (0003b000)     IPC_CPU1_To_CPU2_GetBuffer


GLOBAL SYMBOLS: SORTED ALPHABETICALLY BY Name 

page  address   name                                     
----  -------   ----                                     
0     0000e4ec  AL_ControlInd                            
0     0000e705  AL_ControlRes                            
0     0000fdc8  APPL_AckErrorInd                         
0     0000ff81  APPL_Application2                        
0     0000ff48  APPL_Application_BiasCalibration         
0     0000fed7  APPL_Application_OnlineMode              
0     0000fddb  APPL_GenerateMapping                     
0     0000fe61  APPL_InputMapping                        
0     0000fecc  APPL_OutputMapping                       
0     0000fdd0  APPL_StartInputHandler                   
0     0000fdcc  APPL_StartMailboxHandler                 
0     0000fdd7  APPL_StartOutputHandler                  
0     0000fdd5  APPL_StopInputHandler                    
0     0000fdce  APPL_StopMailboxHandler                  
0     0000fdd9  APPL_StopOutputHandler                   
0     0001016c  AddObjectsToObjDictionary                
0     000090f0  ApplicationObjDic                        
0     0000e4a7  BackToInitTransition                     
0     00011095  C$$EXIT                                  
abs   00000100  CLA_SCRATCHPAD_SIZE                      
0     0000c6dc  CLA_configClaMemory                      
0     0000c733  CLA_initCpu1Cla1                         
0     000100ce  COE_AddObjectToDic                       
0     00010154  COE_ClearObjDictionary                   
0     00010c8d  COE_ContinueInd                          
0     0001003f  COE_GetObjectDictionary                  
0     00010c59  COE_Init                                 
0     00010199  COE_Main                                 
0     00010185  COE_ObjDictionaryInit                    
0     00010062  COE_ObjInit                              
0     00010123  COE_RemoveDicEntry                       
0     00010c61  COE_ServiceInd                           
0     0000fffc  COE_SyncTimeStamp                        
0     00010043  COE_UpdateSyncErrorStatus                
0     0000e837  CheckIfEcatError                         
0     0000e075  CheckSmSettings                          
0     0000eca1  CheckSyncTypeValue                       
0     0000ab98  Cla1Task1                                
0     0000aba8  Cla1Task2                                
0     0000abb0  Cla1Task3                                
0     0000abb8  Cla1Task4                                
0     0000abc0  Cla1Task5                                
0     0000abc8  Cla1Task6                                
0     0000abd0  Cla1Task7                                
0     0000abd8  Cla1Task8                                
0     0001074d  DCC_verifyClockFrequency                 
0     0000e7fb  DC_CheckWatchdog                         
0     000102c0  Device_bootCM                            
0     000102aa  Device_bootCPU2                          
0     000102d6  Device_enableNeededPeripherals           
0     000103b8  Device_enableUnbondedGPIOPullups         
0     000103a5  Device_enableUnbondedGPIOPullupsFor176Pin
0     00010290  Device_init                              
0     00010384  Device_initGPIO                          
0     000103c9  Device_verifyXTAL                        
0     0000e04c  DisableSyncManChannel                    
0     0000ce28  ECAT_Application                         
0     0000ca7e  ECAT_CheckTimer                          
0     0000e917  ECAT_Init                                
0     0000e960  ECAT_Main                                
0     0000cc65  ECAT_SetLedIndication                    
0     0000e866  ECAT_StateChange                         
0     00011151  ESCSS_configureEEPROMSize                
0     00010e21  ESCSS_configureSync0Connections          
0     00010e59  ESCSS_configureSync1Connections          
0     000108ce  ESC_applicationLayerHandler              
0     00010904  ESC_applicationSync0Handler              
0     0001093a  ESC_applicationSync1Handler              
0     0000f6dd  ESC_clearTimer                           
0     0000f6ed  ESC_clearTimer0                          
0     0000f6cf  ESC_getTimer                             
0     0000f6d6  ESC_getTimer0                            
0     0000f7f9  ESC_holdESCInReset                       
0     0000ce58  ESC_initGPIO                             
0     0000f807  ESC_initHW                               
0     0000f7dc  ESC_loadedCheckEEPROM                    
0     0000f728  ESC_readBlock                            
0     0000f701  ESC_readBlockISR                         
0     0000f73d  ESC_readDWord                            
0     0000f734  ESC_readDWordISR                         
0     0000f751  ESC_readWord                             
0     0000f748  ESC_readWordISR                          
0     0000f800  ESC_releaseESCReset                      
0     0000f8cb  ESC_releaseHW                            
0     0000f7f5  ESC_resetESC                             
0     0000f7cd  ESC_setLed                               
0     0000f6fd  ESC_timerIncPerMilliSec                  
0     0000f793  ESC_writeBlock                           
0     0000f75c  ESC_writeBlockISR                        
0     0000f7ab  ESC_writeDWord                           
0     0000f79f  ESC_writeDWordISR                        
0     0000f7c2  ESC_writeWord                            
0     0000f7b6  ESC_writeWordISR                         
0     00008121  EcatWdValue                              
0     00009275  EepromLoaded                             
0     0000e061  EnableSyncManChannel                     
0     00008105  EsmTimeoutCounter                        
0     00010dd9  F2838XCPU1_memcmp                        
0     00010dc3  F2838XCPU1_memcpy                        
0     00010dce  F2838XCPU1_memset                        
0     00010da0  F2838XCPU1_strcpy                        
0     00010fda  GPIO_setDirectionMode                    
0     00010e91  GPIO_setMasterCore                       
0     00010d07  GPIO_setPadConfig                        
0     00010f39  GPIO_setPinConfig                        
0     00010ec9  GPIO_setQualificationMode                
0     00009000  GenObjDic                                
0     0000f2b0  GetOutOfMbxQueue                         
0     0000e03d  GetSyncMan                               
0     0000cafc  GetSystemTimeDelay                       
0     0000cac5  HandleCycleTimeMeasurement               
0     0003b000  IPC_CPU1_To_CPU2_GetBuffer               
0     0003a000  IPC_CPU1_To_CPU2_PutBuffer               
0     00038000  IPC_CPU_To_CM_GetBuffer                  
0     00039000  IPC_CPU_To_CM_PutBuffer                  
0     00013676  IPC_Instance                             
0     00010fa6  Interrupt_enable                         
0     00010de4  Interrupt_initModule                     
0     00011251  Interrupt_initVectorTable                
0     00008111  LatchInputSync0Counter                   
0     00008110  LatchInputSync0Value                     
0     0000f4b5  MBX_CheckAndCopyMailbox                  
0     0000f51d  MBX_CopyToSendMailbox                    
0     0000f2d1  MBX_Init                                 
0     0000f40f  MBX_MailboxReadInd                       
0     0000f44b  MBX_MailboxRepeatReq                     
0     0000f476  MBX_MailboxSendReq                       
0     0000f3c5  MBX_MailboxWriteInd                      
0     0000f594  MBX_Main                                 
0     0000f305  MBX_StartMailboxHandler                  
0     0000f354  MBX_StopMailboxHandler                   
0     0000f3b2  MailboxServiceInd                        
0     0000cd77  MainInit                                 
0     0000cdc4  MainLoop                                 
0     00010970  MemCfg_getInitStatus                     
0     00010a8b  MemCfg_initSections                      
0     00010f01  MemCfg_setLSRAMMasterSel                 
0     000091c6  ModularDeviceProfile0xF000               
0     0000ea9a  OBJ_CopyNumberToString                   
0     0000eb46  OBJ_GetDesc                              
0     0000ebb3  OBJ_GetEntryDesc                         
0     0000ebe9  OBJ_GetEntryOffset                       
0     0000eab8  OBJ_GetNoOfObjects                       
0     0000ebe2  OBJ_GetObjDesc                           
0     0000e9ec  OBJ_GetObjectHandle                      
0     0000e9ff  OBJ_GetObjectLength                      
0     0000eae9  OBJ_GetObjectList                        
0     0000ed0e  OBJ_Read                                 
0     0000efaa  OBJ_Write                                
0     00009220  ObjDicList                               
0     0000cb26  PDI_Isr                                  
0     0000ca00  PDO_InputMapping                         
0     0000ca3d  PDO_OutputMapping                        
0     0000f291  PutInMbxQueue                            
0     0000ffda  Read0x10F8                               
0     0000e000  ResetALEventMask                         
0     0000c4cf  SDOS_ClearPendingResponse                
0     0000c255  SDOS_SdoInd                              
0     0000c509  SDOS_SdoInfoInd                          
0     0000c464  SDOS_SdoRes                              
0     00009274  SMActivate                               
0     0000fd29  SPI_PinMuxOptions                        
0     00010f70  SPI_clearInterruptStatus                 
0     00008980  SPI_config                               
0     0000fbc9  SPI_configure                            
0     0001103c  SPI_enableInterrupt                      
0     0000fccc  SPI_init                                 
0     00010bfd  SPI_setConfig                            
0     000091c4  SUS_CONTROL0x7000                        
0     000091ca  SUS_CONTROLProcessDataMapping0x1600      
0     00009200  SUS_SENSE0x6000                          
0     000091ce  SUS_SENSEProcessDataMapping0x1A00        
0     0000c1d4  SdoRes                                   
0     0000e014  SetALEventMask                           
0     0000e4ab  SetALStatus                              
0     0000e1b7  StartInputHandler                        
0     0000e43f  StartOutputHandler                       
0     0000e46b  StopInputHandler                         
0     0000e466  StopOutputHandler                        
0     0000810c  Sync0WdCounter                           
0     0000810d  Sync0WdValue                             
0     0000cbba  Sync0_Isr                                
0     0000810e  Sync1WdCounter                           
0     0000810f  Sync1WdValue                             
0     0000cc44  Sync1_Isr                                
0     00008126  SyncManInfo                              
0     00011108  SysCtl_controlCMReset                    
0     00011195  SysCtl_controlCPU2Reset                  
0     000001e0  SysCtl_delay                             
0     0001063d  SysCtl_isPLLValid                        
0     00010cb3  SysCtl_selectOscSource                   
0     00010d59  SysCtl_selectOscSourceAuxPLL             
0     0001112d  SysCtl_selectXTAL                        
0     00011333  SysCtl_selectXTALSingleEnded             
0     00010526  SysCtl_setAuxClock                       
0     000103ee  SysCtl_setClock                          
0     0000e028  UpdateEEPROMLoadedState                  
0     0000034c  __TI_CINIT_Base                          
0     0000035c  __TI_CINIT_Limit                         
0     0000035c  __TI_CINIT_Warm                          
0     00000338  __TI_Handler_Table_Base                  
0     0000033e  __TI_Handler_Table_Limit                 
0     0000d200  __TI_STACK_END                           
abs   00000200  __TI_STACK_SIZE                          
abs   00000200  __TI_SYSMEM_SIZE                         
0     0000c7d2  __TI_auto_init_nobinit_nopinit           
0     0000926e  __TI_cleanup_ptr                         
0     0001100b  __TI_decompress_lzss                     
0     0001157a  __TI_decompress_none                     
0     00009270  __TI_dtors_ptr                           
0     0000926c  __TI_enable_exit_profile_output          
0     0000fb63  __TI_heap_check                          
0     0000fb44  __TI_heap_largest_available              
0     0000fb25  __TI_heap_total_available                
abs   ffffffff  __TI_pprof_out_hndl                      
abs   ffffffff  __TI_prof_data_size                      
abs   ffffffff  __TI_prof_data_start                     
0     0001152b  __TI_zero_init_nomemset                  
0     00011366  __c28xabi_andll                          
0     0001126f  __c28xabi_cmpll                          
0     00011281  __c28xabi_cmpull                         
0     00010a03  __c28xabi_divf                           
0     00011173  __c28xabi_divi                           
0     00011566  __c28xabi_divu                           
0     00011184  __c28xabi_modi                           
0     0001156b  __c28xabi_modu                           
0     0001136e  __c28xabi_orll                           
0     00011376  __c28xabi_xorll                          
n/a   UNDEFED   __c_args__                               
0     0000ab66  __claabi_memset                          
0     000103e7  __error__                                
0     0000d000  __stack                                  
0     00011544  _args_main                               
0     0001134d  _c_int00                                 
0     000091be  _lock                                    
0     00011579  _nop                                     
0     00011575  _register_lock                           
0     00011571  _register_unlock                         
0     0000c800  _sys_memory                              
0     0000c7ff  _system_post_cinit                       
0     000115a2  _system_pre_init                         
0     00009272  _unlock                                  
0     00013a40  aName0x1000                              
0     00013a22  aName0x1001                              
0     00013a4c  aName0x1008                              
0     0001394c  aName0x1009                              
0     0001396a  aName0x100A                              
0     000137af  aName0x1018                              
0     0001383a  aName0x10F1                              
0     000139d6  aName0x10F8                              
0     000138f2  aName0x1600                              
0     0001320f  aName0x1A00                              
0     000139e9  aName0x1C00                              
0     00013988  aName0x1C12                              
0     000139a3  aName0x1C13                              
0     00013000  aName0x1C32                              
0     00013108  aName0x1C33                              
0     000132d9  aName0x6000                              
0     000139be  aName0x7000                              
0     000137f6  aName0xF000                              
0     000080da  aPdInputData                             
0     0000812a  aPdOutputData                            
0     00008160  aSdoInfoHeader                           
0     000091b1  aSubindexDesc                            
0     00011095  abort                                    
0     00009190  acDevicename                             
0     00009234  acHardwareversion                        
0     00009248  acSoftwareversion                        
0     0000fa77  aligned_alloc                            
0     00013a31  asEntryDesc0x1018                        
0     00013a58  asEntryDesc0x10F1                        
0     00013a6a  asEntryDesc0x1600                        
0     00013922  asEntryDesc0x1A00                        
0     00013a70  asEntryDesc0x1C00                        
0     00013a76  asEntryDesc0x1C12                        
0     00013a7c  asEntryDesc0x1C13                        
0     000136fe  asEntryDesc0x1C3x                        
0     00013879  asEntryDesc0x6000                        
0     00013a82  asEntryDesc0x7000                        
0     00013a61  asEntryDesc0xF000                        
0     00008112  b32BitDc                                 
0     00008114  b3BufferMode                             
0     00008117  bApplEsmPending                          
0     00008106  bDcRunning                               
0     00008104  bDcSyncActive                            
0     00008102  bEcatFirstOutputsReceived                
0     00008101  bEcatInputUpdateRunning                  
0     00008100  bEcatOutputUpdateRunning                 
0     00008118  bEcatWaitForAlControlRes                 
0     0000814c  bEcatWaitForInputUpdate                  
0     00008113  bEscIntEnabled                           
0     0000814e  bEtherCATErrorLed                        
0     0000814d  bEtherCATRunLed                          
0     0000925e  bInitFinished                            
0     00008083  bMbxRepeatToggle                         
0     00008082  bMbxRunning                              
0     00008150  bMinCycleTimeMeasurementStarted          
0     0000808b  bNoMbxMemoryAvailable                    
0     00008080  bReceiveMbxIsLocked                      
0     0000814f  bRunApplication                          
0     00009277  bSdoInWork                               
0     0000806a  bSdoSegAccess                            
0     00008069  bSdoSegFollows                           
0     0000806d  bSdoSegLastToggle                        
0     00008081  bSendMbxIsFull                           
0     00008109  bSmSyncSequenceValid                     
0     00008063  bStoreCompleteAccess                     
0     00008000  bSyncSetByUser                           
0     00008103  bWdTrigger                               
0     000138b6  cAbortCode                               
0     00013a12  cBitMask                                 
0     0000fa4a  calloc                                   
0     00010816  cla1Isr1                                 
0     00010845  cla1Isr2                                 
0     00010854  cla1Isr3                                 
0     00010863  cla1Isr4                                 
0     00010872  cla1Isr5                                 
0     00010881  cla1Isr6                                 
0     00010890  cla1Isr7                                 
0     0001089f  cla1Isr8                                 
0     00000000  code_start                               
0     00011097  exit                                     
0     0000f8f8  free                                     
0     0000925c  gCounter                                 
0     00009264  gTimer                                   
0     00001480  g_SensBurst                              
0     0000925d  gcounter                                 
0     0000810b  i16WaitForPllRunningCnt                  
0     0000810a  i16WaitForPllRunningTimeout              
0     0000ffb9  main                                     
0     0000f8cd  malloc                                   
0     0000fa77  memalign                                 
0     000114c2  memcmp                                   
0     000112c7  memcpy                                   
0     00011599  memset                                   
0     0000fa46  minit                                    
0     00008120  nAlStatus                                
0     00008119  nEcatStateTrans                          
0     00008123  nEscAddrInputData                        
0     00008122  nEscAddrOutputData                       
0     0000811f  nMaxEscAddress                           
0     0000811e  nMaxSyncMan                              
0     0000811c  nPdInputSize                             
0     0000811d  nPdOutputSize                            
0     00008066  nSdoInfoFragmentsLeft                    
0     00008067  nSdoInfoIndex                            
0     0000807a  nSdoSegBytesToHandle                     
0     0000807c  nSdoSegCompleteSize                      
0     0000806b  nSdoSegIndex                             
0     00008068  nSdoSegService                           
0     0000806c  nSdoSegSubindex                          
0     00008152  pAPPL_CoeReadInd                         
0     00008154  pAPPL_CoeWriteInd                        
0     00008156  pAPPL_MainLoop                           
0     00008168  pCoeSendStored                           
0     00008076  pSdoInfoObjEntry                         
0     00008072  pSdoPendFunc                             
0     00008078  pSdoResStored                            
0     00008074  pSdoSegData                              
0     0000807e  pSdoSegObjEntry                          
0     00008070  pStoreData                               
0     0000808e  psReadMbx                                
0     00008090  psRepeatMbx                              
0     00008092  psStoreMbx                               
0     0000808c  psWriteMbx                               
0     0000f9c2  realloc                                  
0     00008001  sCycleDiag                               
0     00013a00  sEntryDesc0x1000                         
0     00013a03  sEntryDesc0x1001                         
0     00013a06  sEntryDesc0x1008                         
0     00013a09  sEntryDesc0x1009                         
0     00013a0c  sEntryDesc0x100A                         
0     00013a0f  sEntryDesc0x10F8                         
0     00009266  sErrorSettings                           
0     0000922a  sIdentity                                
0     000080c0  sMbxReceiveQueue                         
0     00008094  sMbxSendQueue                            
0     000091c0  sRxPDOassign                             
0     00008040  sSyncManInPar                            
0     00008002  sSyncManOutPar                           
0     00009222  sSyncmanagertype                         
0     000091c2  sTxPDOassign                             
0     0001158a  strlen                                   
0     00008124  u16ALEventMask                           
0     0000921c  u16ErrorRegister                         
0     00008086  u16EscAddrReceiveMbx                     
0     00008087  u16EscAddrSendMbx                        
0     00008115  u16LocalErrorCode                        
0     00008085  u16ReceiveMbxSize                        
0     00008084  u16SendMbxSize                           
0     00008107  u16SmSync0Counter                        
0     00008108  u16SmSync0Value                          
0     00008065  u16StoreIndex                            
0     00008125  u16dummy                                 
0     000080fe  u32CheckForDcOverrunCnt                  
0     00008158  u32CycleTimeStartValue                   
0     0000921e  u32Devicetype                            
0     000080fc  u32LastDc32Value                         
0     0000815a  u32MinCycleTimeStartValue                
0     0000815e  u32MinCycleTimeValue                     
0     0000806e  u32StoreDataSize                         
0     0000815c  u32SystemTimeReadFailure                 
0     00009226  u64Timestamp                             
0     0000811a  u8EcatErrorLed                           
0     0000811b  u8EcatRunLed                             
0     00008116  u8LocalErrorState                        
0     0000808a  u8MailboxSendReqStored                   
0     00008089  u8MbxReadCounter                         
0     00008088  u8MbxWriteCounter                        
0     00008062  u8PendingSdo                             
0     00008064  u8StoreSubindex                          


GLOBAL SYMBOLS: SORTED BY Symbol Address 

page  address   name                                     
----  -------   ----                                     
0     00000000  code_start                               
0     000001e0  SysCtl_delay                             
0     00000338  __TI_Handler_Table_Base                  
0     0000033e  __TI_Handler_Table_Limit                 
0     0000034c  __TI_CINIT_Base                          
0     0000035c  __TI_CINIT_Limit                         
0     0000035c  __TI_CINIT_Warm                          
0     00001480  g_SensBurst                              
0     00008000  bSyncSetByUser                           
0     00008001  sCycleDiag                               
0     00008002  sSyncManOutPar                           
0     00008040  sSyncManInPar                            
0     00008062  u8PendingSdo                             
0     00008063  bStoreCompleteAccess                     
0     00008064  u8StoreSubindex                          
0     00008065  u16StoreIndex                            
0     00008066  nSdoInfoFragmentsLeft                    
0     00008067  nSdoInfoIndex                            
0     00008068  nSdoSegService                           
0     00008069  bSdoSegFollows                           
0     0000806a  bSdoSegAccess                            
0     0000806b  nSdoSegIndex                             
0     0000806c  nSdoSegSubindex                          
0     0000806d  bSdoSegLastToggle                        
0     0000806e  u32StoreDataSize                         
0     00008070  pStoreData                               
0     00008072  pSdoPendFunc                             
0     00008074  pSdoSegData                              
0     00008076  pSdoInfoObjEntry                         
0     00008078  pSdoResStored                            
0     0000807a  nSdoSegBytesToHandle                     
0     0000807c  nSdoSegCompleteSize                      
0     0000807e  pSdoSegObjEntry                          
0     00008080  bReceiveMbxIsLocked                      
0     00008081  bSendMbxIsFull                           
0     00008082  bMbxRunning                              
0     00008083  bMbxRepeatToggle                         
0     00008084  u16SendMbxSize                           
0     00008085  u16ReceiveMbxSize                        
0     00008086  u16EscAddrReceiveMbx                     
0     00008087  u16EscAddrSendMbx                        
0     00008088  u8MbxWriteCounter                        
0     00008089  u8MbxReadCounter                         
0     0000808a  u8MailboxSendReqStored                   
0     0000808b  bNoMbxMemoryAvailable                    
0     0000808c  psWriteMbx                               
0     0000808e  psReadMbx                                
0     00008090  psRepeatMbx                              
0     00008092  psStoreMbx                               
0     00008094  sMbxSendQueue                            
0     000080c0  sMbxReceiveQueue                         
0     000080da  aPdInputData                             
0     000080fc  u32LastDc32Value                         
0     000080fe  u32CheckForDcOverrunCnt                  
0     00008100  bEcatOutputUpdateRunning                 
0     00008101  bEcatInputUpdateRunning                  
0     00008102  bEcatFirstOutputsReceived                
0     00008103  bWdTrigger                               
0     00008104  bDcSyncActive                            
0     00008105  EsmTimeoutCounter                        
0     00008106  bDcRunning                               
0     00008107  u16SmSync0Counter                        
0     00008108  u16SmSync0Value                          
0     00008109  bSmSyncSequenceValid                     
0     0000810a  i16WaitForPllRunningTimeout              
0     0000810b  i16WaitForPllRunningCnt                  
0     0000810c  Sync0WdCounter                           
0     0000810d  Sync0WdValue                             
0     0000810e  Sync1WdCounter                           
0     0000810f  Sync1WdValue                             
0     00008110  LatchInputSync0Value                     
0     00008111  LatchInputSync0Counter                   
0     00008112  b32BitDc                                 
0     00008113  bEscIntEnabled                           
0     00008114  b3BufferMode                             
0     00008115  u16LocalErrorCode                        
0     00008116  u8LocalErrorState                        
0     00008117  bApplEsmPending                          
0     00008118  bEcatWaitForAlControlRes                 
0     00008119  nEcatStateTrans                          
0     0000811a  u8EcatErrorLed                           
0     0000811b  u8EcatRunLed                             
0     0000811c  nPdInputSize                             
0     0000811d  nPdOutputSize                            
0     0000811e  nMaxSyncMan                              
0     0000811f  nMaxEscAddress                           
0     00008120  nAlStatus                                
0     00008121  EcatWdValue                              
0     00008122  nEscAddrOutputData                       
0     00008123  nEscAddrInputData                        
0     00008124  u16ALEventMask                           
0     00008125  u16dummy                                 
0     00008126  SyncManInfo                              
0     0000812a  aPdOutputData                            
0     0000814c  bEcatWaitForInputUpdate                  
0     0000814d  bEtherCATRunLed                          
0     0000814e  bEtherCATErrorLed                        
0     0000814f  bRunApplication                          
0     00008150  bMinCycleTimeMeasurementStarted          
0     00008152  pAPPL_CoeReadInd                         
0     00008154  pAPPL_CoeWriteInd                        
0     00008156  pAPPL_MainLoop                           
0     00008158  u32CycleTimeStartValue                   
0     0000815a  u32MinCycleTimeStartValue                
0     0000815c  u32SystemTimeReadFailure                 
0     0000815e  u32MinCycleTimeValue                     
0     00008160  aSdoInfoHeader                           
0     00008168  pCoeSendStored                           
0     00008980  SPI_config                               
0     00009000  GenObjDic                                
0     000090f0  ApplicationObjDic                        
0     00009190  acDevicename                             
0     000091b1  aSubindexDesc                            
0     000091be  _lock                                    
0     000091c0  sRxPDOassign                             
0     000091c2  sTxPDOassign                             
0     000091c4  SUS_CONTROL0x7000                        
0     000091c6  ModularDeviceProfile0xF000               
0     000091ca  SUS_CONTROLProcessDataMapping0x1600      
0     000091ce  SUS_SENSEProcessDataMapping0x1A00        
0     00009200  SUS_SENSE0x6000                          
0     0000921c  u16ErrorRegister                         
0     0000921e  u32Devicetype                            
0     00009220  ObjDicList                               
0     00009222  sSyncmanagertype                         
0     00009226  u64Timestamp                             
0     0000922a  sIdentity                                
0     00009234  acHardwareversion                        
0     00009248  acSoftwareversion                        
0     0000925c  gCounter                                 
0     0000925d  gcounter                                 
0     0000925e  bInitFinished                            
0     00009264  gTimer                                   
0     00009266  sErrorSettings                           
0     0000926c  __TI_enable_exit_profile_output          
0     0000926e  __TI_cleanup_ptr                         
0     00009270  __TI_dtors_ptr                           
0     00009272  _unlock                                  
0     00009274  SMActivate                               
0     00009275  EepromLoaded                             
0     00009277  bSdoInWork                               
0     0000ab66  __claabi_memset                          
0     0000ab98  Cla1Task1                                
0     0000aba8  Cla1Task2                                
0     0000abb0  Cla1Task3                                
0     0000abb8  Cla1Task4                                
0     0000abc0  Cla1Task5                                
0     0000abc8  Cla1Task6                                
0     0000abd0  Cla1Task7                                
0     0000abd8  Cla1Task8                                
0     0000c1d4  SdoRes                                   
0     0000c255  SDOS_SdoInd                              
0     0000c464  SDOS_SdoRes                              
0     0000c4cf  SDOS_ClearPendingResponse                
0     0000c509  SDOS_SdoInfoInd                          
0     0000c6dc  CLA_configClaMemory                      
0     0000c733  CLA_initCpu1Cla1                         
0     0000c7d2  __TI_auto_init_nobinit_nopinit           
0     0000c7ff  _system_post_cinit                       
0     0000c800  _sys_memory                              
0     0000ca00  PDO_InputMapping                         
0     0000ca3d  PDO_OutputMapping                        
0     0000ca7e  ECAT_CheckTimer                          
0     0000cac5  HandleCycleTimeMeasurement               
0     0000cafc  GetSystemTimeDelay                       
0     0000cb26  PDI_Isr                                  
0     0000cbba  Sync0_Isr                                
0     0000cc44  Sync1_Isr                                
0     0000cc65  ECAT_SetLedIndication                    
0     0000cd77  MainInit                                 
0     0000cdc4  MainLoop                                 
0     0000ce28  ECAT_Application                         
0     0000ce58  ESC_initGPIO                             
0     0000d000  __stack                                  
0     0000d200  __TI_STACK_END                           
0     0000e000  ResetALEventMask                         
0     0000e014  SetALEventMask                           
0     0000e028  UpdateEEPROMLoadedState                  
0     0000e03d  GetSyncMan                               
0     0000e04c  DisableSyncManChannel                    
0     0000e061  EnableSyncManChannel                     
0     0000e075  CheckSmSettings                          
0     0000e1b7  StartInputHandler                        
0     0000e43f  StartOutputHandler                       
0     0000e466  StopOutputHandler                        
0     0000e46b  StopInputHandler                         
0     0000e4a7  BackToInitTransition                     
0     0000e4ab  SetALStatus                              
0     0000e4ec  AL_ControlInd                            
0     0000e705  AL_ControlRes                            
0     0000e7fb  DC_CheckWatchdog                         
0     0000e837  CheckIfEcatError                         
0     0000e866  ECAT_StateChange                         
0     0000e917  ECAT_Init                                
0     0000e960  ECAT_Main                                
0     0000e9ec  OBJ_GetObjectHandle                      
0     0000e9ff  OBJ_GetObjectLength                      
0     0000ea9a  OBJ_CopyNumberToString                   
0     0000eab8  OBJ_GetNoOfObjects                       
0     0000eae9  OBJ_GetObjectList                        
0     0000eb46  OBJ_GetDesc                              
0     0000ebb3  OBJ_GetEntryDesc                         
0     0000ebe2  OBJ_GetObjDesc                           
0     0000ebe9  OBJ_GetEntryOffset                       
0     0000eca1  CheckSyncTypeValue                       
0     0000ed0e  OBJ_Read                                 
0     0000efaa  OBJ_Write                                
0     0000f291  PutInMbxQueue                            
0     0000f2b0  GetOutOfMbxQueue                         
0     0000f2d1  MBX_Init                                 
0     0000f305  MBX_StartMailboxHandler                  
0     0000f354  MBX_StopMailboxHandler                   
0     0000f3b2  MailboxServiceInd                        
0     0000f3c5  MBX_MailboxWriteInd                      
0     0000f40f  MBX_MailboxReadInd                       
0     0000f44b  MBX_MailboxRepeatReq                     
0     0000f476  MBX_MailboxSendReq                       
0     0000f4b5  MBX_CheckAndCopyMailbox                  
0     0000f51d  MBX_CopyToSendMailbox                    
0     0000f594  MBX_Main                                 
0     0000f6cf  ESC_getTimer                             
0     0000f6d6  ESC_getTimer0                            
0     0000f6dd  ESC_clearTimer                           
0     0000f6ed  ESC_clearTimer0                          
0     0000f6fd  ESC_timerIncPerMilliSec                  
0     0000f701  ESC_readBlockISR                         
0     0000f728  ESC_readBlock                            
0     0000f734  ESC_readDWordISR                         
0     0000f73d  ESC_readDWord                            
0     0000f748  ESC_readWordISR                          
0     0000f751  ESC_readWord                             
0     0000f75c  ESC_writeBlockISR                        
0     0000f793  ESC_writeBlock                           
0     0000f79f  ESC_writeDWordISR                        
0     0000f7ab  ESC_writeDWord                           
0     0000f7b6  ESC_writeWordISR                         
0     0000f7c2  ESC_writeWord                            
0     0000f7cd  ESC_setLed                               
0     0000f7dc  ESC_loadedCheckEEPROM                    
0     0000f7f5  ESC_resetESC                             
0     0000f7f9  ESC_holdESCInReset                       
0     0000f800  ESC_releaseESCReset                      
0     0000f807  ESC_initHW                               
0     0000f8cb  ESC_releaseHW                            
0     0000f8cd  malloc                                   
0     0000f8f8  free                                     
0     0000f9c2  realloc                                  
0     0000fa46  minit                                    
0     0000fa4a  calloc                                   
0     0000fa77  aligned_alloc                            
0     0000fa77  memalign                                 
0     0000fb25  __TI_heap_total_available                
0     0000fb44  __TI_heap_largest_available              
0     0000fb63  __TI_heap_check                          
0     0000fbc9  SPI_configure                            
0     0000fccc  SPI_init                                 
0     0000fd29  SPI_PinMuxOptions                        
0     0000fdc8  APPL_AckErrorInd                         
0     0000fdcc  APPL_StartMailboxHandler                 
0     0000fdce  APPL_StopMailboxHandler                  
0     0000fdd0  APPL_StartInputHandler                   
0     0000fdd5  APPL_StopInputHandler                    
0     0000fdd7  APPL_StartOutputHandler                  
0     0000fdd9  APPL_StopOutputHandler                   
0     0000fddb  APPL_GenerateMapping                     
0     0000fe61  APPL_InputMapping                        
0     0000fecc  APPL_OutputMapping                       
0     0000fed7  APPL_Application_OnlineMode              
0     0000ff48  APPL_Application_BiasCalibration         
0     0000ff81  APPL_Application2                        
0     0000ffb9  main                                     
0     0000ffda  Read0x10F8                               
0     0000fffc  COE_SyncTimeStamp                        
0     0001003f  COE_GetObjectDictionary                  
0     00010043  COE_UpdateSyncErrorStatus                
0     00010062  COE_ObjInit                              
0     000100ce  COE_AddObjectToDic                       
0     00010123  COE_RemoveDicEntry                       
0     00010154  COE_ClearObjDictionary                   
0     0001016c  AddObjectsToObjDictionary                
0     00010185  COE_ObjDictionaryInit                    
0     00010199  COE_Main                                 
0     00010290  Device_init                              
0     000102aa  Device_bootCPU2                          
0     000102c0  Device_bootCM                            
0     000102d6  Device_enableNeededPeripherals           
0     00010384  Device_initGPIO                          
0     000103a5  Device_enableUnbondedGPIOPullupsFor176Pin
0     000103b8  Device_enableUnbondedGPIOPullups         
0     000103c9  Device_verifyXTAL                        
0     000103e7  __error__                                
0     000103ee  SysCtl_setClock                          
0     00010526  SysCtl_setAuxClock                       
0     0001063d  SysCtl_isPLLValid                        
0     0001074d  DCC_verifyClockFrequency                 
0     00010816  cla1Isr1                                 
0     00010845  cla1Isr2                                 
0     00010854  cla1Isr3                                 
0     00010863  cla1Isr4                                 
0     00010872  cla1Isr5                                 
0     00010881  cla1Isr6                                 
0     00010890  cla1Isr7                                 
0     0001089f  cla1Isr8                                 
0     000108ce  ESC_applicationLayerHandler              
0     00010904  ESC_applicationSync0Handler              
0     0001093a  ESC_applicationSync1Handler              
0     00010970  MemCfg_getInitStatus                     
0     00010a03  __c28xabi_divf                           
0     00010a8b  MemCfg_initSections                      
0     00010bfd  SPI_setConfig                            
0     00010c59  COE_Init                                 
0     00010c61  COE_ServiceInd                           
0     00010c8d  COE_ContinueInd                          
0     00010cb3  SysCtl_selectOscSource                   
0     00010d07  GPIO_setPadConfig                        
0     00010d59  SysCtl_selectOscSourceAuxPLL             
0     00010da0  F2838XCPU1_strcpy                        
0     00010dc3  F2838XCPU1_memcpy                        
0     00010dce  F2838XCPU1_memset                        
0     00010dd9  F2838XCPU1_memcmp                        
0     00010de4  Interrupt_initModule                     
0     00010e21  ESCSS_configureSync0Connections          
0     00010e59  ESCSS_configureSync1Connections          
0     00010e91  GPIO_setMasterCore                       
0     00010ec9  GPIO_setQualificationMode                
0     00010f01  MemCfg_setLSRAMMasterSel                 
0     00010f39  GPIO_setPinConfig                        
0     00010f70  SPI_clearInterruptStatus                 
0     00010fa6  Interrupt_enable                         
0     00010fda  GPIO_setDirectionMode                    
0     0001100b  __TI_decompress_lzss                     
0     0001103c  SPI_enableInterrupt                      
0     00011095  C$$EXIT                                  
0     00011095  abort                                    
0     00011097  exit                                     
0     00011108  SysCtl_controlCMReset                    
0     0001112d  SysCtl_selectXTAL                        
0     00011151  ESCSS_configureEEPROMSize                
0     00011173  __c28xabi_divi                           
0     00011184  __c28xabi_modi                           
0     00011195  SysCtl_controlCPU2Reset                  
0     00011251  Interrupt_initVectorTable                
0     0001126f  __c28xabi_cmpll                          
0     00011281  __c28xabi_cmpull                         
0     000112c7  memcpy                                   
0     00011333  SysCtl_selectXTALSingleEnded             
0     0001134d  _c_int00                                 
0     00011366  __c28xabi_andll                          
0     0001136e  __c28xabi_orll                           
0     00011376  __c28xabi_xorll                          
0     000114c2  memcmp                                   
0     0001152b  __TI_zero_init_nomemset                  
0     00011544  _args_main                               
0     00011566  __c28xabi_divu                           
0     0001156b  __c28xabi_modu                           
0     00011571  _register_unlock                         
0     00011575  _register_lock                           
0     00011579  _nop                                     
0     0001157a  __TI_decompress_none                     
0     0001158a  strlen                                   
0     00011599  memset                                   
0     000115a2  _system_pre_init                         
0     00013000  aName0x1C32                              
0     00013108  aName0x1C33                              
0     0001320f  aName0x1A00                              
0     000132d9  aName0x6000                              
0     00013676  IPC_Instance                             
0     000136fe  asEntryDesc0x1C3x                        
0     000137af  aName0x1018                              
0     000137f6  aName0xF000                              
0     0001383a  aName0x10F1                              
0     00013879  asEntryDesc0x6000                        
0     000138b6  cAbortCode                               
0     000138f2  aName0x1600                              
0     00013922  asEntryDesc0x1A00                        
0     0001394c  aName0x1009                              
0     0001396a  aName0x100A                              
0     00013988  aName0x1C12                              
0     000139a3  aName0x1C13                              
0     000139be  aName0x7000                              
0     000139d6  aName0x10F8                              
0     000139e9  aName0x1C00                              
0     00013a00  sEntryDesc0x1000                         
0     00013a03  sEntryDesc0x1001                         
0     00013a06  sEntryDesc0x1008                         
0     00013a09  sEntryDesc0x1009                         
0     00013a0c  sEntryDesc0x100A                         
0     00013a0f  sEntryDesc0x10F8                         
0     00013a12  cBitMask                                 
0     00013a22  aName0x1001                              
0     00013a31  asEntryDesc0x1018                        
0     00013a40  aName0x1000                              
0     00013a4c  aName0x1008                              
0     00013a58  asEntryDesc0x10F1                        
0     00013a61  asEntryDesc0xF000                        
0     00013a6a  asEntryDesc0x1600                        
0     00013a70  asEntryDesc0x1C00                        
0     00013a76  asEntryDesc0x1C12                        
0     00013a7c  asEntryDesc0x1C13                        
0     00013a82  asEntryDesc0x7000                        
0     00038000  IPC_CPU_To_CM_GetBuffer                  
0     00039000  IPC_CPU_To_CM_PutBuffer                  
0     0003a000  IPC_CPU1_To_CPU2_PutBuffer               
0     0003b000  IPC_CPU1_To_CPU2_GetBuffer               
abs   00000100  CLA_SCRATCHPAD_SIZE                      
abs   00000200  __TI_STACK_SIZE                          
abs   00000200  __TI_SYSMEM_SIZE                         
abs   ffffffff  __TI_pprof_out_hndl                      
abs   ffffffff  __TI_prof_data_size                      
abs   ffffffff  __TI_prof_data_start                     
n/a   UNDEFED   __c_args__                               

[411 symbols]
